Component: ARM Compiler 6.16 Tool: armlink [5dfeaa00]

==============================================================================

Section Cross References

    main.o(.text.main) refers to app.o(.text.App_Config) for App_Config
    main.o(.text.main) refers to wdt.o(.text.WDT_Init) for WDT_Init
    main.o(.text.main) refers to wdt.o(.text.WDT_Reload) for WDT_Reload
    main.o(.text.main) refers to app.o(.text.App_Mainloop) for App_Mainloop
    main.o(.ARM.exidx.text.main) refers to main.o(.text.main) for [Anonymous Symbol]
    app.o(.ARM.exidx.text.App_Config) refers to app.o(.text.App_Config) for [Anonymous Symbol]
    app.o(.ARM.exidx.text.App_Mainloop) refers to app.o(.text.App_Mainloop) for [Anonymous Symbol]
    wdt.o(.ARM.exidx.text.WDT_Init) refers to wdt.o(.text.WDT_Init) for [Anonymous Symbol]
    wdt.o(.ARM.exidx.text.WDT_Reload) refers to wdt.o(.text.WDT_Reload) for [Anonymous Symbol]
    dispcom.o(.text.DispCom_Struct_Init) refers to dispcom.o(.bss.DispCom) for [Anonymous Symbol]
    dispcom.o(.ARM.exidx.text.DispCom_Struct_Init) refers to dispcom.o(.text.DispCom_Struct_Init) for [Anonymous Symbol]
    dispcom.o(.text.DispCom_RX_Packet_Struct_Init) refers to dispcom.o(.bss.DispCom) for [Anonymous Symbol]
    dispcom.o(.ARM.exidx.text.DispCom_RX_Packet_Struct_Init) refers to dispcom.o(.text.DispCom_RX_Packet_Struct_Init) for [Anonymous Symbol]
    dispcom.o(.ARM.exidx.text.DispCom_Config_GPIO) refers to dispcom.o(.text.DispCom_Config_GPIO) for [Anonymous Symbol]
    dispcom.o(.ARM.exidx.text.DispCom_Config_Clock) refers to dispcom.o(.text.DispCom_Config_Clock) for [Anonymous Symbol]
    dispcom.o(.text.DispCom_Config_BAUD_Rate) refers to aeabi_sdivfast.o(.text_divfast) for __aeabi_uidiv
    dispcom.o(.ARM.exidx.text.DispCom_Config_BAUD_Rate) refers to dispcom.o(.text.DispCom_Config_BAUD_Rate) for [Anonymous Symbol]
    dispcom.o(.ARM.exidx.text.DispCom_Config_Tx) refers to dispcom.o(.text.DispCom_Config_Tx) for [Anonymous Symbol]
    dispcom.o(.ARM.exidx.text.DispCom_Config_Rx) refers to dispcom.o(.text.DispCom_Config_Rx) for [Anonymous Symbol]
    dispcom.o(.text.DispCom_Config_Rx_Interrupt) refers to dispcom.o(.text.__NVIC_EnableIRQ) for __NVIC_EnableIRQ
    dispcom.o(.text.DispCom_Config_Rx_Interrupt) refers to dispcom.o(.text.__NVIC_SetPriority) for __NVIC_SetPriority
    dispcom.o(.ARM.exidx.text.DispCom_Config_Rx_Interrupt) refers to dispcom.o(.text.DispCom_Config_Rx_Interrupt) for [Anonymous Symbol]
    dispcom.o(.ARM.exidx.text.__NVIC_EnableIRQ) refers to dispcom.o(.text.__NVIC_EnableIRQ) for [Anonymous Symbol]
    dispcom.o(.ARM.exidx.text.__NVIC_SetPriority) refers to dispcom.o(.text.__NVIC_SetPriority) for [Anonymous Symbol]
    dispcom.o(.ARM.exidx.text.DispCom_Clear_Interrupt_Flag) refers to dispcom.o(.text.DispCom_Clear_Interrupt_Flag) for [Anonymous Symbol]
    dispcom.o(.ARM.exidx.text.DispCom_Tx_Byte) refers to dispcom.o(.text.DispCom_Tx_Byte) for [Anonymous Symbol]
    dispcom.o(.ARM.exidx.text.DispCom_Rx_Byte) refers to dispcom.o(.text.DispCom_Rx_Byte) for [Anonymous Symbol]
    dispcom.o(.text.USART1_IRQHandler) refers to dispcom.o(.text.DispCom_ISR_Handler) for DispCom_ISR_Handler
    dispcom.o(.ARM.exidx.text.USART1_IRQHandler) refers to dispcom.o(.text.USART1_IRQHandler) for [Anonymous Symbol]
    dispcom.o(.text.DispCom_ISR_Handler) refers to dispcom.o(.text.DispCom_Rx_Byte) for DispCom_Rx_Byte
    dispcom.o(.text.DispCom_ISR_Handler) refers to dispcom.o(.text.DispCom_Timer_Value_Reset) for DispCom_Timer_Value_Reset
    dispcom.o(.text.DispCom_ISR_Handler) refers to dispcom.o(.text.DispCom_Timer_Enable) for DispCom_Timer_Enable
    dispcom.o(.text.DispCom_ISR_Handler) refers to dispcom.o(.bss.DispCom) for [Anonymous Symbol]
    dispcom.o(.ARM.exidx.text.DispCom_ISR_Handler) refers to dispcom.o(.text.DispCom_ISR_Handler) for [Anonymous Symbol]
    dispcom.o(.text.DispCom_Timer_Struct_Init) refers to dispcom.o(.bss.DispCom) for [Anonymous Symbol]
    dispcom.o(.ARM.exidx.text.DispCom_Timer_Struct_Init) refers to dispcom.o(.text.DispCom_Timer_Struct_Init) for [Anonymous Symbol]
    dispcom.o(.text.DispCom_Timer_Init) refers to dispcom.o(.text.__NVIC_EnableIRQ) for __NVIC_EnableIRQ
    dispcom.o(.text.DispCom_Timer_Init) refers to dispcom.o(.text.__NVIC_SetPriority) for __NVIC_SetPriority
    dispcom.o(.ARM.exidx.text.DispCom_Timer_Init) refers to dispcom.o(.text.DispCom_Timer_Init) for [Anonymous Symbol]
    dispcom.o(.ARM.exidx.text.DispCom_Timer_Enable) refers to dispcom.o(.text.DispCom_Timer_Enable) for [Anonymous Symbol]
    dispcom.o(.ARM.exidx.text.DispCom_Timer_Disable) refers to dispcom.o(.text.DispCom_Timer_Disable) for [Anonymous Symbol]
    dispcom.o(.text.DispCom_Timer_Get_Status) refers to dispcom.o(.bss.DispCom) for [Anonymous Symbol]
    dispcom.o(.ARM.exidx.text.DispCom_Timer_Get_Status) refers to dispcom.o(.text.DispCom_Timer_Get_Status) for [Anonymous Symbol]
    dispcom.o(.ARM.exidx.text.DispCom_Timer_Get_Val) refers to dispcom.o(.text.DispCom_Timer_Get_Val) for [Anonymous Symbol]
    dispcom.o(.ARM.exidx.text.DispCom_Timer_Value_Reset) refers to dispcom.o(.text.DispCom_Timer_Value_Reset) for [Anonymous Symbol]
    dispcom.o(.ARM.exidx.text.DispCom_Timer_Clear_Interrupt_Flag) refers to dispcom.o(.text.DispCom_Timer_Clear_Interrupt_Flag) for [Anonymous Symbol]
    dispcom.o(.text.TIM16_IRQHandler) refers to dispcom.o(.text.DispCom_Timer_ISR_Handler) for DispCom_Timer_ISR_Handler
    dispcom.o(.ARM.exidx.text.TIM16_IRQHandler) refers to dispcom.o(.text.TIM16_IRQHandler) for [Anonymous Symbol]
    dispcom.o(.text.DispCom_Timer_ISR_Handler) refers to dispcom.o(.text.DispCom_Timer_Clear_Interrupt_Flag) for DispCom_Timer_Clear_Interrupt_Flag
    dispcom.o(.text.DispCom_Timer_ISR_Handler) refers to dispcom.o(.text.DispCom_Timer_Disable) for DispCom_Timer_Disable
    dispcom.o(.text.DispCom_Timer_ISR_Handler) refers to dispcom.o(.text.DispCom_Buf_Get_Index) for DispCom_Buf_Get_Index
    dispcom.o(.text.DispCom_Timer_ISR_Handler) refers to dispcom.o(.text.DispCom_RX_Packet_CRC_Check) for DispCom_RX_Packet_CRC_Check
    dispcom.o(.text.DispCom_Timer_ISR_Handler) refers to dispcom.o(.text.DispCom_Buf_Flush) for DispCom_Buf_Flush
    dispcom.o(.text.DispCom_Timer_ISR_Handler) refers to dispcom.o(.bss.DispCom) for [Anonymous Symbol]
    dispcom.o(.ARM.exidx.text.DispCom_Timer_ISR_Handler) refers to dispcom.o(.text.DispCom_Timer_ISR_Handler) for [Anonymous Symbol]
    dispcom.o(.text.DispCom_Tx_Buf) refers to dispcom.o(.text.DispCom_Tx_Byte) for DispCom_Tx_Byte
    dispcom.o(.ARM.exidx.text.DispCom_Tx_Buf) refers to dispcom.o(.text.DispCom_Tx_Buf) for [Anonymous Symbol]
    dispcom.o(.text.DispCom_Tx_NL) refers to dispcom.o(.text.DispCom_Tx_Byte) for DispCom_Tx_Byte
    dispcom.o(.ARM.exidx.text.DispCom_Tx_NL) refers to dispcom.o(.text.DispCom_Tx_NL) for [Anonymous Symbol]
    dispcom.o(.text.DispCom_Tx_SP) refers to dispcom.o(.text.DispCom_Tx_Byte) for DispCom_Tx_Byte
    dispcom.o(.ARM.exidx.text.DispCom_Tx_SP) refers to dispcom.o(.text.DispCom_Tx_SP) for [Anonymous Symbol]
    dispcom.o(.text.DispCom_Tx_CM) refers to dispcom.o(.text.DispCom_Tx_Byte) for DispCom_Tx_Byte
    dispcom.o(.ARM.exidx.text.DispCom_Tx_CM) refers to dispcom.o(.text.DispCom_Tx_CM) for [Anonymous Symbol]
    dispcom.o(.text.DispCom_Tx_Text) refers to dispcom.o(.text.DispCom_Tx_Byte) for DispCom_Tx_Byte
    dispcom.o(.ARM.exidx.text.DispCom_Tx_Text) refers to dispcom.o(.text.DispCom_Tx_Text) for [Anonymous Symbol]
    dispcom.o(.text.DispCom_Tx_Text_NL) refers to dispcom.o(.text.DispCom_Tx_Text) for DispCom_Tx_Text
    dispcom.o(.text.DispCom_Tx_Text_NL) refers to dispcom.o(.text.DispCom_Tx_NL) for DispCom_Tx_NL
    dispcom.o(.ARM.exidx.text.DispCom_Tx_Text_NL) refers to dispcom.o(.text.DispCom_Tx_Text_NL) for [Anonymous Symbol]
    dispcom.o(.text.DispCom_Tx_Text_SP) refers to dispcom.o(.text.DispCom_Tx_Text) for DispCom_Tx_Text
    dispcom.o(.text.DispCom_Tx_Text_SP) refers to dispcom.o(.text.DispCom_Tx_SP) for DispCom_Tx_SP
    dispcom.o(.ARM.exidx.text.DispCom_Tx_Text_SP) refers to dispcom.o(.text.DispCom_Tx_Text_SP) for [Anonymous Symbol]
    dispcom.o(.text.DispCom_Tx_Text_CM) refers to dispcom.o(.text.DispCom_Tx_Text) for DispCom_Tx_Text
    dispcom.o(.text.DispCom_Tx_Text_CM) refers to dispcom.o(.text.DispCom_Tx_CM) for DispCom_Tx_CM
    dispcom.o(.ARM.exidx.text.DispCom_Tx_Text_CM) refers to dispcom.o(.text.DispCom_Tx_Text_CM) for [Anonymous Symbol]
    dispcom.o(.text.DispCom_Determine_Digit_Numbers) refers to aeabi_sdivfast.o(.text_divfast) for __aeabi_uidiv
    dispcom.o(.text.DispCom_Determine_Digit_Numbers) refers to dispcom.o(.bss.DispCom) for [Anonymous Symbol]
    dispcom.o(.ARM.exidx.text.DispCom_Determine_Digit_Numbers) refers to dispcom.o(.text.DispCom_Determine_Digit_Numbers) for [Anonymous Symbol]
    dispcom.o(.text.DispCom_Tx_Number_Digits) refers to dispcom.o(.text.DispCom_Tx_Byte) for DispCom_Tx_Byte
    dispcom.o(.text.DispCom_Tx_Number_Digits) refers to dispcom.o(.bss.DispCom) for [Anonymous Symbol]
    dispcom.o(.ARM.exidx.text.DispCom_Tx_Number_Digits) refers to dispcom.o(.text.DispCom_Tx_Number_Digits) for [Anonymous Symbol]
    dispcom.o(.text.DispCom_Tx_Number) refers to dispcom.o(.text.DispCom_Tx_Byte) for DispCom_Tx_Byte
    dispcom.o(.text.DispCom_Tx_Number) refers to dispcom.o(.text.DispCom_Determine_Digit_Numbers) for DispCom_Determine_Digit_Numbers
    dispcom.o(.text.DispCom_Tx_Number) refers to dispcom.o(.text.DispCom_Tx_Number_Digits) for DispCom_Tx_Number_Digits
    dispcom.o(.ARM.exidx.text.DispCom_Tx_Number) refers to dispcom.o(.text.DispCom_Tx_Number) for [Anonymous Symbol]
    dispcom.o(.text.DispCom_Tx_Number_Hex) refers to dispcom.o(.text.DispCom_Tx_Byte) for DispCom_Tx_Byte
    dispcom.o(.ARM.exidx.text.DispCom_Tx_Number_Hex) refers to dispcom.o(.text.DispCom_Tx_Number_Hex) for [Anonymous Symbol]
    dispcom.o(.text.DispCom_Tx_Number_Bin) refers to dispcom.o(.text.DispCom_Tx_Byte) for DispCom_Tx_Byte
    dispcom.o(.ARM.exidx.text.DispCom_Tx_Number_Bin) refers to dispcom.o(.text.DispCom_Tx_Number_Bin) for [Anonymous Symbol]
    dispcom.o(.text.DispCom_Tx_Number_NL) refers to dispcom.o(.text.DispCom_Tx_Number) for DispCom_Tx_Number
    dispcom.o(.text.DispCom_Tx_Number_NL) refers to dispcom.o(.text.DispCom_Tx_NL) for DispCom_Tx_NL
    dispcom.o(.ARM.exidx.text.DispCom_Tx_Number_NL) refers to dispcom.o(.text.DispCom_Tx_Number_NL) for [Anonymous Symbol]
    dispcom.o(.text.DispCom_Tx_Number_SP) refers to dispcom.o(.text.DispCom_Tx_Number) for DispCom_Tx_Number
    dispcom.o(.text.DispCom_Tx_Number_SP) refers to dispcom.o(.text.DispCom_Tx_SP) for DispCom_Tx_SP
    dispcom.o(.ARM.exidx.text.DispCom_Tx_Number_SP) refers to dispcom.o(.text.DispCom_Tx_Number_SP) for [Anonymous Symbol]
    dispcom.o(.text.DispCom_Tx_Number_CM) refers to dispcom.o(.text.DispCom_Tx_Number) for DispCom_Tx_Number
    dispcom.o(.text.DispCom_Tx_Number_CM) refers to dispcom.o(.text.DispCom_Tx_CM) for DispCom_Tx_CM
    dispcom.o(.ARM.exidx.text.DispCom_Tx_Number_CM) refers to dispcom.o(.text.DispCom_Tx_Number_CM) for [Anonymous Symbol]
    dispcom.o(.text.DispCom_Tx_Number_Hex_NL) refers to dispcom.o(.text.DispCom_Tx_Number_Hex) for DispCom_Tx_Number_Hex
    dispcom.o(.text.DispCom_Tx_Number_Hex_NL) refers to dispcom.o(.text.DispCom_Tx_NL) for DispCom_Tx_NL
    dispcom.o(.ARM.exidx.text.DispCom_Tx_Number_Hex_NL) refers to dispcom.o(.text.DispCom_Tx_Number_Hex_NL) for [Anonymous Symbol]
    dispcom.o(.text.DispCom_Tx_Number_Hex_SP) refers to dispcom.o(.text.DispCom_Tx_Number_Hex) for DispCom_Tx_Number_Hex
    dispcom.o(.text.DispCom_Tx_Number_Hex_SP) refers to dispcom.o(.text.DispCom_Tx_SP) for DispCom_Tx_SP
    dispcom.o(.ARM.exidx.text.DispCom_Tx_Number_Hex_SP) refers to dispcom.o(.text.DispCom_Tx_Number_Hex_SP) for [Anonymous Symbol]
    dispcom.o(.text.DispCom_Tx_Number_Hex_CM) refers to dispcom.o(.text.DispCom_Tx_Number_Hex) for DispCom_Tx_Number_Hex
    dispcom.o(.text.DispCom_Tx_Number_Hex_CM) refers to dispcom.o(.text.DispCom_Tx_CM) for DispCom_Tx_CM
    dispcom.o(.ARM.exidx.text.DispCom_Tx_Number_Hex_CM) refers to dispcom.o(.text.DispCom_Tx_Number_Hex_CM) for [Anonymous Symbol]
    dispcom.o(.text.DispCom_Tx_Number_Bin_NL) refers to dispcom.o(.text.DispCom_Tx_Number_Bin) for DispCom_Tx_Number_Bin
    dispcom.o(.text.DispCom_Tx_Number_Bin_NL) refers to dispcom.o(.text.DispCom_Tx_NL) for DispCom_Tx_NL
    dispcom.o(.ARM.exidx.text.DispCom_Tx_Number_Bin_NL) refers to dispcom.o(.text.DispCom_Tx_Number_Bin_NL) for [Anonymous Symbol]
    dispcom.o(.text.DispCom_Tx_Number_Bin_SP) refers to dispcom.o(.text.DispCom_Tx_Number_Bin) for DispCom_Tx_Number_Bin
    dispcom.o(.text.DispCom_Tx_Number_Bin_SP) refers to dispcom.o(.text.DispCom_Tx_SP) for DispCom_Tx_SP
    dispcom.o(.ARM.exidx.text.DispCom_Tx_Number_Bin_SP) refers to dispcom.o(.text.DispCom_Tx_Number_Bin_SP) for [Anonymous Symbol]
    dispcom.o(.text.DispCom_Tx_Number_Bin_CM) refers to dispcom.o(.text.DispCom_Tx_Number_Bin) for DispCom_Tx_Number_Bin
    dispcom.o(.text.DispCom_Tx_Number_Bin_CM) refers to dispcom.o(.text.DispCom_Tx_CM) for DispCom_Tx_CM
    dispcom.o(.ARM.exidx.text.DispCom_Tx_Number_Bin_CM) refers to dispcom.o(.text.DispCom_Tx_Number_Bin_CM) for [Anonymous Symbol]
    dispcom.o(.text.DispCom_Tx_Parameter_NL) refers to dispcom.o(.text.DispCom_Tx_Text) for DispCom_Tx_Text
    dispcom.o(.text.DispCom_Tx_Parameter_NL) refers to dispcom.o(.text.DispCom_Tx_SP) for DispCom_Tx_SP
    dispcom.o(.text.DispCom_Tx_Parameter_NL) refers to dispcom.o(.text.DispCom_Tx_Number_NL) for DispCom_Tx_Number_NL
    dispcom.o(.ARM.exidx.text.DispCom_Tx_Parameter_NL) refers to dispcom.o(.text.DispCom_Tx_Parameter_NL) for [Anonymous Symbol]
    dispcom.o(.text.DispCom_Tx_Parameter_SP) refers to dispcom.o(.text.DispCom_Tx_Text) for DispCom_Tx_Text
    dispcom.o(.text.DispCom_Tx_Parameter_SP) refers to dispcom.o(.text.DispCom_Tx_SP) for DispCom_Tx_SP
    dispcom.o(.text.DispCom_Tx_Parameter_SP) refers to dispcom.o(.text.DispCom_Tx_Number_SP) for DispCom_Tx_Number_SP
    dispcom.o(.ARM.exidx.text.DispCom_Tx_Parameter_SP) refers to dispcom.o(.text.DispCom_Tx_Parameter_SP) for [Anonymous Symbol]
    dispcom.o(.text.DispCom_Tx_Parameter_CM) refers to dispcom.o(.text.DispCom_Tx_Text) for DispCom_Tx_Text
    dispcom.o(.text.DispCom_Tx_Parameter_CM) refers to dispcom.o(.text.DispCom_Tx_SP) for DispCom_Tx_SP
    dispcom.o(.text.DispCom_Tx_Parameter_CM) refers to dispcom.o(.text.DispCom_Tx_Number_CM) for DispCom_Tx_Number_CM
    dispcom.o(.ARM.exidx.text.DispCom_Tx_Parameter_CM) refers to dispcom.o(.text.DispCom_Tx_Parameter_CM) for [Anonymous Symbol]
    dispcom.o(.text.DispCom_Tx_Parameter_Hex_NL) refers to dispcom.o(.text.DispCom_Tx_Text) for DispCom_Tx_Text
    dispcom.o(.text.DispCom_Tx_Parameter_Hex_NL) refers to dispcom.o(.text.DispCom_Tx_SP) for DispCom_Tx_SP
    dispcom.o(.text.DispCom_Tx_Parameter_Hex_NL) refers to dispcom.o(.text.DispCom_Tx_Number_Hex_NL) for DispCom_Tx_Number_Hex_NL
    dispcom.o(.ARM.exidx.text.DispCom_Tx_Parameter_Hex_NL) refers to dispcom.o(.text.DispCom_Tx_Parameter_Hex_NL) for [Anonymous Symbol]
    dispcom.o(.text.DispCom_Tx_Parameter_Hex_SP) refers to dispcom.o(.text.DispCom_Tx_Text) for DispCom_Tx_Text
    dispcom.o(.text.DispCom_Tx_Parameter_Hex_SP) refers to dispcom.o(.text.DispCom_Tx_SP) for DispCom_Tx_SP
    dispcom.o(.text.DispCom_Tx_Parameter_Hex_SP) refers to dispcom.o(.text.DispCom_Tx_Number_Hex_SP) for DispCom_Tx_Number_Hex_SP
    dispcom.o(.ARM.exidx.text.DispCom_Tx_Parameter_Hex_SP) refers to dispcom.o(.text.DispCom_Tx_Parameter_Hex_SP) for [Anonymous Symbol]
    dispcom.o(.text.DispCom_Tx_Parameter_Hex_CM) refers to dispcom.o(.text.DispCom_Tx_Text) for DispCom_Tx_Text
    dispcom.o(.text.DispCom_Tx_Parameter_Hex_CM) refers to dispcom.o(.text.DispCom_Tx_SP) for DispCom_Tx_SP
    dispcom.o(.text.DispCom_Tx_Parameter_Hex_CM) refers to dispcom.o(.text.DispCom_Tx_Number_Hex_CM) for DispCom_Tx_Number_Hex_CM
    dispcom.o(.ARM.exidx.text.DispCom_Tx_Parameter_Hex_CM) refers to dispcom.o(.text.DispCom_Tx_Parameter_Hex_CM) for [Anonymous Symbol]
    dispcom.o(.text.DispCom_Tx_Parameter_Bin_NL) refers to dispcom.o(.text.DispCom_Tx_Text) for DispCom_Tx_Text
    dispcom.o(.text.DispCom_Tx_Parameter_Bin_NL) refers to dispcom.o(.text.DispCom_Tx_SP) for DispCom_Tx_SP
    dispcom.o(.text.DispCom_Tx_Parameter_Bin_NL) refers to dispcom.o(.text.DispCom_Tx_Number_Bin_NL) for DispCom_Tx_Number_Bin_NL
    dispcom.o(.ARM.exidx.text.DispCom_Tx_Parameter_Bin_NL) refers to dispcom.o(.text.DispCom_Tx_Parameter_Bin_NL) for [Anonymous Symbol]
    dispcom.o(.text.DispCom_Tx_Parameter_Bin_SP) refers to dispcom.o(.text.DispCom_Tx_Text) for DispCom_Tx_Text
    dispcom.o(.text.DispCom_Tx_Parameter_Bin_SP) refers to dispcom.o(.text.DispCom_Tx_SP) for DispCom_Tx_SP
    dispcom.o(.text.DispCom_Tx_Parameter_Bin_SP) refers to dispcom.o(.text.DispCom_Tx_Number_Bin_SP) for DispCom_Tx_Number_Bin_SP
    dispcom.o(.ARM.exidx.text.DispCom_Tx_Parameter_Bin_SP) refers to dispcom.o(.text.DispCom_Tx_Parameter_Bin_SP) for [Anonymous Symbol]
    dispcom.o(.text.DispCom_Tx_Parameter_Bin_CM) refers to dispcom.o(.text.DispCom_Tx_Text) for DispCom_Tx_Text
    dispcom.o(.text.DispCom_Tx_Parameter_Bin_CM) refers to dispcom.o(.text.DispCom_Tx_SP) for DispCom_Tx_SP
    dispcom.o(.text.DispCom_Tx_Parameter_Bin_CM) refers to dispcom.o(.text.DispCom_Tx_Number_Bin_CM) for DispCom_Tx_Number_Bin_CM
    dispcom.o(.ARM.exidx.text.DispCom_Tx_Parameter_Bin_CM) refers to dispcom.o(.text.DispCom_Tx_Parameter_Bin_CM) for [Anonymous Symbol]
    dispcom.o(.text.DispCom_Buf_Flush) refers to dispcom.o(.bss.DispCom) for [Anonymous Symbol]
    dispcom.o(.ARM.exidx.text.DispCom_Buf_Flush) refers to dispcom.o(.text.DispCom_Buf_Flush) for [Anonymous Symbol]
    dispcom.o(.text.DispCom_Buf_Set) refers to dispcom.o(.bss.DispCom) for [Anonymous Symbol]
    dispcom.o(.ARM.exidx.text.DispCom_Buf_Set) refers to dispcom.o(.text.DispCom_Buf_Set) for [Anonymous Symbol]
    dispcom.o(.text.DispCom_Buf_Get) refers to dispcom.o(.bss.DispCom) for [Anonymous Symbol]
    dispcom.o(.ARM.exidx.text.DispCom_Buf_Get) refers to dispcom.o(.text.DispCom_Buf_Get) for [Anonymous Symbol]
    dispcom.o(.text.DispCom_Buf_Get_Index) refers to dispcom.o(.bss.DispCom) for [Anonymous Symbol]
    dispcom.o(.ARM.exidx.text.DispCom_Buf_Get_Index) refers to dispcom.o(.text.DispCom_Buf_Get_Index) for [Anonymous Symbol]
    dispcom.o(.text.DispCom_Data_Available) refers to dispcom.o(.bss.DispCom) for [Anonymous Symbol]
    dispcom.o(.ARM.exidx.text.DispCom_Data_Available) refers to dispcom.o(.text.DispCom_Data_Available) for [Anonymous Symbol]
    dispcom.o(.text.DispCom_Data_Len_Get) refers to dispcom.o(.text.DispCom_Buf_Get_Index) for DispCom_Buf_Get_Index
    dispcom.o(.ARM.exidx.text.DispCom_Data_Len_Get) refers to dispcom.o(.text.DispCom_Data_Len_Get) for [Anonymous Symbol]
    dispcom.o(.text.DispCom_Data_Calculated_CRC_Get) refers to dispcom.o(.bss.DispCom) for [Anonymous Symbol]
    dispcom.o(.ARM.exidx.text.DispCom_Data_Calculated_CRC_Get) refers to dispcom.o(.text.DispCom_Data_Calculated_CRC_Get) for [Anonymous Symbol]
    dispcom.o(.text.DispCom_Data_Received_CRC_Get) refers to dispcom.o(.bss.DispCom) for [Anonymous Symbol]
    dispcom.o(.ARM.exidx.text.DispCom_Data_Received_CRC_Get) refers to dispcom.o(.text.DispCom_Data_Received_CRC_Get) for [Anonymous Symbol]
    dispcom.o(.text.DispCom_Data_CRC_Status_Get) refers to dispcom.o(.bss.DispCom) for [Anonymous Symbol]
    dispcom.o(.ARM.exidx.text.DispCom_Data_CRC_Status_Get) refers to dispcom.o(.text.DispCom_Data_CRC_Status_Get) for [Anonymous Symbol]
    dispcom.o(.text.DispCom_Data_Read_Complete_Status) refers to dispcom.o(.bss.DispCom) for [Anonymous Symbol]
    dispcom.o(.ARM.exidx.text.DispCom_Data_Read_Complete_Status) refers to dispcom.o(.text.DispCom_Data_Read_Complete_Status) for [Anonymous Symbol]
    dispcom.o(.text.DispCom_Data_Clear_Available_Flag) refers to dispcom.o(.bss.DispCom) for [Anonymous Symbol]
    dispcom.o(.ARM.exidx.text.DispCom_Data_Clear_Available_Flag) refers to dispcom.o(.text.DispCom_Data_Clear_Available_Flag) for [Anonymous Symbol]
    dispcom.o(.text.DispCom_Data_Clear_Read_Complete_Flag) refers to dispcom.o(.text.DispCom_Buf_Flush) for DispCom_Buf_Flush
    dispcom.o(.text.DispCom_Data_Clear_Read_Complete_Flag) refers to dispcom.o(.bss.DispCom) for [Anonymous Symbol]
    dispcom.o(.ARM.exidx.text.DispCom_Data_Clear_Read_Complete_Flag) refers to dispcom.o(.text.DispCom_Data_Clear_Read_Complete_Flag) for [Anonymous Symbol]
    dispcom.o(.text.DispCom_Data_Copy_Buf) refers to dispcom.o(.text.DispCom_Data_Len_Get) for DispCom_Data_Len_Get
    dispcom.o(.text.DispCom_Data_Copy_Buf) refers to dispcom.o(.text.DispCom_Buf_Get) for DispCom_Buf_Get
    dispcom.o(.ARM.exidx.text.DispCom_Data_Copy_Buf) refers to dispcom.o(.text.DispCom_Data_Copy_Buf) for [Anonymous Symbol]
    dispcom.o(.text.DispCom_Data_Print_Buf) refers to dispcom.o(.text.DispCom_Data_Len_Get) for DispCom_Data_Len_Get
    dispcom.o(.ARM.exidx.text.DispCom_Data_Print_Buf) refers to dispcom.o(.text.DispCom_Data_Print_Buf) for [Anonymous Symbol]
    dispcom.o(.text.DispCom_Error_Code_Get) refers to dispcom.o(.bss.DispCom) for [Anonymous Symbol]
    dispcom.o(.ARM.exidx.text.DispCom_Error_Code_Get) refers to dispcom.o(.text.DispCom_Error_Code_Get) for [Anonymous Symbol]
    dispcom.o(.text.DispCom_Error_Code_Clear) refers to dispcom.o(.bss.DispCom) for [Anonymous Symbol]
    dispcom.o(.ARM.exidx.text.DispCom_Error_Code_Clear) refers to dispcom.o(.text.DispCom_Error_Code_Clear) for [Anonymous Symbol]
    dispcom.o(.text.DispCom_RX_Packet_CRC_Check) refers to dispcom.o(.text.DispCom_Data_Len_Get) for DispCom_Data_Len_Get
    dispcom.o(.text.DispCom_RX_Packet_CRC_Check) refers to dispcom.o(.text.DispCom_CRC_Calculate_Block) for DispCom_CRC_Calculate_Block
    dispcom.o(.text.DispCom_RX_Packet_CRC_Check) refers to dispcom.o(.text.DispCom_Buf_Get) for DispCom_Buf_Get
    dispcom.o(.text.DispCom_RX_Packet_CRC_Check) refers to dispcom.o(.bss.DispCom) for [Anonymous Symbol]
    dispcom.o(.ARM.exidx.text.DispCom_RX_Packet_CRC_Check) refers to dispcom.o(.text.DispCom_RX_Packet_CRC_Check) for [Anonymous Symbol]
    dispcom.o(.ARM.exidx.text.DispCom_RX_Packet_Rough_Check_Disassemble) refers to dispcom.o(.text.DispCom_RX_Packet_Rough_Check_Disassemble) for [Anonymous Symbol]
    dispcom.o(.ARM.exidx.text.DispCom_CRC_Calculate_Byte) refers to dispcom.o(.text.DispCom_CRC_Calculate_Byte) for [Anonymous Symbol]
    dispcom.o(.text.DispCom_CRC_Calculate_Block) refers to dispcom.o(.text.DispCom_CRC_Calculate_Byte) for DispCom_CRC_Calculate_Byte
    dispcom.o(.ARM.exidx.text.DispCom_CRC_Calculate_Block) refers to dispcom.o(.text.DispCom_CRC_Calculate_Block) for [Anonymous Symbol]
    dispcom.o(.text.DispCom_RX_Packet_Read_Complete) refers to dispcom.o(.text.DispCom_Buf_Flush) for DispCom_Buf_Flush
    dispcom.o(.text.DispCom_RX_Packet_Read_Complete) refers to dispcom.o(.text.DispCom_Data_Clear_Available_Flag) for DispCom_Data_Clear_Available_Flag
    dispcom.o(.text.DispCom_RX_Packet_Read_Complete) refers to dispcom.o(.text.DispCom_Data_Clear_Read_Complete_Flag) for DispCom_Data_Clear_Read_Complete_Flag
    dispcom.o(.text.DispCom_RX_Packet_Read_Complete) refers to dispcom.o(.text.DispCom_Error_Code_Clear) for DispCom_Error_Code_Clear
    dispcom.o(.ARM.exidx.text.DispCom_RX_Packet_Read_Complete) refers to dispcom.o(.text.DispCom_RX_Packet_Read_Complete) for [Anonymous Symbol]
    dispcom.o(.text.DispCom_Init) refers to dispcom.o(.text.DispCom_Struct_Init) for DispCom_Struct_Init
    dispcom.o(.text.DispCom_Init) refers to dispcom.o(.text.DispCom_RX_Packet_Struct_Init) for DispCom_RX_Packet_Struct_Init
    dispcom.o(.text.DispCom_Init) refers to dispcom.o(.text.DispCom_Timer_Struct_Init) for DispCom_Timer_Struct_Init
    dispcom.o(.text.DispCom_Init) refers to dispcom.o(.text.DispCom_Config_GPIO) for DispCom_Config_GPIO
    dispcom.o(.text.DispCom_Init) refers to dispcom.o(.text.DispCom_Config_Clock) for DispCom_Config_Clock
    dispcom.o(.text.DispCom_Init) refers to dispcom.o(.text.DispCom_Config_BAUD_Rate) for DispCom_Config_BAUD_Rate
    dispcom.o(.text.DispCom_Init) refers to dispcom.o(.text.DispCom_Config_Tx) for DispCom_Config_Tx
    dispcom.o(.text.DispCom_Init) refers to dispcom.o(.text.DispCom_Config_Rx) for DispCom_Config_Rx
    dispcom.o(.text.DispCom_Init) refers to dispcom.o(.text.DispCom_Config_Rx_Interrupt) for DispCom_Config_Rx_Interrupt
    dispcom.o(.text.DispCom_Init) refers to dispcom.o(.text.DispCom_Timer_Init) for DispCom_Timer_Init
    dispcom.o(.text.DispCom_Init) refers to dispcom.o(.text.DispCom_Buf_Flush) for DispCom_Buf_Flush
    dispcom.o(.ARM.exidx.text.DispCom_Init) refers to dispcom.o(.text.DispCom_Init) for [Anonymous Symbol]
    startup_stm32g030xx.o(STACK) refers (Special) to heapauxi.o(.text) for __use_two_region_memory
    startup_stm32g030xx.o(HEAP) refers (Special) to heapauxi.o(.text) for __use_two_region_memory
    startup_stm32g030xx.o(RESET) refers (Special) to heapauxi.o(.text) for __use_two_region_memory
    startup_stm32g030xx.o(RESET) refers to startup_stm32g030xx.o(STACK) for __initial_sp
    startup_stm32g030xx.o(RESET) refers to startup_stm32g030xx.o(.text) for Reset_Handler
    startup_stm32g030xx.o(RESET) refers to dispcom.o(.text.TIM16_IRQHandler) for TIM16_IRQHandler
    startup_stm32g030xx.o(RESET) refers to dispcom.o(.text.USART1_IRQHandler) for USART1_IRQHandler
    startup_stm32g030xx.o(.text) refers (Special) to heapauxi.o(.text) for __use_two_region_memory
    startup_stm32g030xx.o(.text) refers to system_stm32g0xx.o(.text.SystemInit) for SystemInit
    startup_stm32g030xx.o(.text) refers to __main.o(!!!main) for __main
    startup_stm32g030xx.o(.text) refers to startup_stm32g030xx.o(HEAP) for Heap_Mem
    startup_stm32g030xx.o(.text) refers to startup_stm32g030xx.o(STACK) for Stack_Mem
    system_stm32g0xx.o(.ARM.exidx.text.SystemInit) refers to system_stm32g0xx.o(.text.SystemInit) for [Anonymous Symbol]
    system_stm32g0xx.o(.text.SystemCoreClockUpdate) refers to aeabi_sdivfast.o(.text_divfast) for __aeabi_uidiv
    system_stm32g0xx.o(.text.SystemCoreClockUpdate) refers to system_stm32g0xx.o(.data.SystemCoreClock) for SystemCoreClock
    system_stm32g0xx.o(.text.SystemCoreClockUpdate) refers to system_stm32g0xx.o(.rodata.AHBPrescTable) for AHBPrescTable
    system_stm32g0xx.o(.ARM.exidx.text.SystemCoreClockUpdate) refers to system_stm32g0xx.o(.text.SystemCoreClockUpdate) for [Anonymous Symbol]
    __main.o(!!!main) refers to __rtentry.o(.ARM.Collect$$rtentry$$00000000) for __rt_entry
    __rtentry.o(.ARM.Collect$$rtentry$$00000000) refers (Special) to __rtentry2.o(.ARM.Collect$$rtentry$$0000000A) for __rt_entry_li
    __rtentry.o(.ARM.Collect$$rtentry$$00000000) refers (Special) to __rtentry2.o(.ARM.Collect$$rtentry$$0000000D) for __rt_entry_main
    __rtentry.o(.ARM.Collect$$rtentry$$00000000) refers (Special) to __rtentry2.o(.ARM.Collect$$rtentry$$0000000C) for __rt_entry_postli_1
    __rtentry.o(.ARM.Collect$$rtentry$$00000000) refers (Special) to __rtentry2.o(.ARM.Collect$$rtentry$$00000009) for __rt_entry_postsh_1
    __rtentry.o(.ARM.Collect$$rtentry$$00000000) refers (Special) to __rtentry2.o(.ARM.Collect$$rtentry$$00000002) for __rt_entry_presh_1
    __rtentry.o(.ARM.Collect$$rtentry$$00000000) refers (Special) to __rtentry4.o(.ARM.Collect$$rtentry$$00000004) for __rt_entry_sh
    aeabi_idiv0_sigfpe.o(.text) refers to rt_div0.o(.text) for __rt_div0
    __rtentry2.o(.ARM.Collect$$rtentry$$00000008) refers to boardinit2.o(.text) for _platform_post_stackheap_init
    __rtentry2.o(.ARM.Collect$$rtentry$$0000000A) refers to libinit.o(.ARM.Collect$$libinit$$00000000) for __rt_lib_init
    __rtentry2.o(.ARM.Collect$$rtentry$$0000000B) refers to boardinit3.o(.text) for _platform_post_lib_init
    __rtentry2.o(.ARM.Collect$$rtentry$$0000000D) refers to main.o(.text.main) for main
    __rtentry2.o(.ARM.Collect$$rtentry$$0000000D) refers to exit.o(.text) for exit
    __rtentry2.o(.ARM.exidx) refers to __rtentry2.o(.ARM.Collect$$rtentry$$00000001) for .ARM.Collect$$rtentry$$00000001
    __rtentry2.o(.ARM.exidx) refers to __rtentry2.o(.ARM.Collect$$rtentry$$00000008) for .ARM.Collect$$rtentry$$00000008
    __rtentry2.o(.ARM.exidx) refers to __rtentry2.o(.ARM.Collect$$rtentry$$0000000A) for .ARM.Collect$$rtentry$$0000000A
    __rtentry2.o(.ARM.exidx) refers to __rtentry2.o(.ARM.Collect$$rtentry$$0000000B) for .ARM.Collect$$rtentry$$0000000B
    __rtentry2.o(.ARM.exidx) refers to __rtentry2.o(.ARM.Collect$$rtentry$$0000000D) for .ARM.Collect$$rtentry$$0000000D
    __rtentry4.o(.ARM.Collect$$rtentry$$00000004) refers to sys_stackheap_outer.o(.text) for __user_setup_stackheap
    __rtentry4.o(.ARM.exidx) refers to __rtentry4.o(.ARM.Collect$$rtentry$$00000004) for .ARM.Collect$$rtentry$$00000004
    rt_div0.o(.text) refers to defsig_fpe_outer.o(.text) for __rt_SIGFPE
    sys_stackheap_outer.o(.text) refers to libspace.o(.text) for __user_perproc_libspace
    sys_stackheap_outer.o(.text) refers to startup_stm32g030xx.o(.text) for __user_initial_stackheap
    sys_stackheap_outer.o(__vectab_stack_and_reset_area) refers to tempstk.o(.text) for __temporary_stack_top
    sys_stackheap_outer.o(__vectab_stack_and_reset_area) refers to __main.o(!!!main) for __main
    exit.o(.text) refers to rtexit.o(.ARM.Collect$$rtexit$$00000000) for __rt_exit
    defsig_fpe_outer.o(.text) refers to defsig_fpe_inner.o(.text) for __rt_SIGFPE_inner
    defsig_fpe_outer.o(.text) refers to defsig_exit.o(.text) for __sig_exit
    defsig_fpe_formal.o(.text) refers to rt_raise.o(.text) for __rt_raise
    libinit.o(.ARM.Collect$$libinit$$00000000) refers (Special) to libinit2.o(.ARM.Collect$$libinit$$0000002E) for __rt_lib_init_alloca_1
    libinit.o(.ARM.Collect$$libinit$$00000000) refers (Special) to libinit2.o(.ARM.Collect$$libinit$$0000002C) for __rt_lib_init_argv_1
    libinit.o(.ARM.Collect$$libinit$$00000000) refers (Special) to libinit2.o(.ARM.Collect$$libinit$$0000001B) for __rt_lib_init_atexit_1
    libinit.o(.ARM.Collect$$libinit$$00000000) refers (Special) to libinit2.o(.ARM.Collect$$libinit$$00000021) for __rt_lib_init_clock_1
    libinit.o(.ARM.Collect$$libinit$$00000000) refers (Special) to libinit2.o(.ARM.Collect$$libinit$$00000032) for __rt_lib_init_cpp_1
    libinit.o(.ARM.Collect$$libinit$$00000000) refers (Special) to libinit2.o(.ARM.Collect$$libinit$$00000030) for __rt_lib_init_exceptions_1
    libinit.o(.ARM.Collect$$libinit$$00000000) refers (Special) to libinit2.o(.ARM.Collect$$libinit$$00000002) for __rt_lib_init_fp_1
    libinit.o(.ARM.Collect$$libinit$$00000000) refers (Special) to libinit2.o(.ARM.Collect$$libinit$$0000001F) for __rt_lib_init_fp_trap_1
    libinit.o(.ARM.Collect$$libinit$$00000000) refers (Special) to libinit2.o(.ARM.Collect$$libinit$$00000023) for __rt_lib_init_getenv_1
    libinit.o(.ARM.Collect$$libinit$$00000000) refers (Special) to libinit2.o(.ARM.Collect$$libinit$$0000000A) for __rt_lib_init_heap_1
    libinit.o(.ARM.Collect$$libinit$$00000000) refers (Special) to libinit2.o(.ARM.Collect$$libinit$$00000011) for __rt_lib_init_lc_collate_1
    libinit.o(.ARM.Collect$$libinit$$00000000) refers (Special) to libinit2.o(.ARM.Collect$$libinit$$00000013) for __rt_lib_init_lc_ctype_1
    libinit.o(.ARM.Collect$$libinit$$00000000) refers (Special) to libinit2.o(.ARM.Collect$$libinit$$00000015) for __rt_lib_init_lc_monetary_1
    libinit.o(.ARM.Collect$$libinit$$00000000) refers (Special) to libinit2.o(.ARM.Collect$$libinit$$00000017) for __rt_lib_init_lc_numeric_1
    libinit.o(.ARM.Collect$$libinit$$00000000) refers (Special) to libinit2.o(.ARM.Collect$$libinit$$00000019) for __rt_lib_init_lc_time_1
    libinit.o(.ARM.Collect$$libinit$$00000000) refers (Special) to libinit2.o(.ARM.Collect$$libinit$$00000004) for __rt_lib_init_preinit_1
    libinit.o(.ARM.Collect$$libinit$$00000000) refers (Special) to libinit2.o(.ARM.Collect$$libinit$$0000000E) for __rt_lib_init_rand_1
    libinit.o(.ARM.Collect$$libinit$$00000000) refers (Special) to libinit2.o(.ARM.Collect$$libinit$$00000033) for __rt_lib_init_return
    libinit.o(.ARM.Collect$$libinit$$00000000) refers (Special) to libinit2.o(.ARM.Collect$$libinit$$0000001D) for __rt_lib_init_signal_1
    libinit.o(.ARM.Collect$$libinit$$00000000) refers (Special) to libinit2.o(.ARM.Collect$$libinit$$00000025) for __rt_lib_init_stdio_1
    libinit.o(.ARM.Collect$$libinit$$00000000) refers (Special) to libinit2.o(.ARM.Collect$$libinit$$0000000C) for __rt_lib_init_user_alloc_1
    libspace.o(.text) refers to libspace.o(.bss) for __libspace_start
    rtexit.o(.ARM.Collect$$rtexit$$00000000) refers (Special) to rtexit2.o(.ARM.Collect$$rtexit$$00000004) for __rt_exit_exit
    rtexit.o(.ARM.Collect$$rtexit$$00000000) refers (Special) to rtexit2.o(.ARM.Collect$$rtexit$$00000003) for __rt_exit_ls
    rtexit.o(.ARM.Collect$$rtexit$$00000000) refers (Special) to rtexit2.o(.ARM.Collect$$rtexit$$00000002) for __rt_exit_prels_1
    rtexit.o(.ARM.exidx) refers (Special) to rtexit2.o(.ARM.Collect$$rtexit$$00000004) for __rt_exit_exit
    rtexit.o(.ARM.exidx) refers (Special) to rtexit2.o(.ARM.Collect$$rtexit$$00000003) for __rt_exit_ls
    rtexit.o(.ARM.exidx) refers (Special) to rtexit2.o(.ARM.Collect$$rtexit$$00000002) for __rt_exit_prels_1
    rtexit.o(.ARM.exidx) refers to rtexit.o(.ARM.Collect$$rtexit$$00000000) for .ARM.Collect$$rtexit$$00000000
    rt_raise.o(.text) refers to __raise.o(.text) for __raise
    rt_raise.o(.text) refers to sys_exit.o(.text) for _sys_exit
    defsig_exit.o(.text) refers to sys_exit.o(.text) for _sys_exit
    defsig_fpe_inner.o(.text) refers to defsig_general.o(.text) for __default_signal_display
    libinit2.o(.ARM.Collect$$libinit$$00000010) refers to libinit2.o(.ARM.Collect$$libinit$$0000000F) for .ARM.Collect$$libinit$$0000000F
    libinit2.o(.ARM.Collect$$libinit$$00000012) refers to libinit2.o(.ARM.Collect$$libinit$$0000000F) for .ARM.Collect$$libinit$$0000000F
    libinit2.o(.ARM.Collect$$libinit$$00000014) refers to libinit2.o(.ARM.Collect$$libinit$$0000000F) for .ARM.Collect$$libinit$$0000000F
    libinit2.o(.ARM.Collect$$libinit$$00000016) refers to libinit2.o(.ARM.Collect$$libinit$$0000000F) for .ARM.Collect$$libinit$$0000000F
    libinit2.o(.ARM.Collect$$libinit$$00000018) refers to libinit2.o(.ARM.Collect$$libinit$$0000000F) for .ARM.Collect$$libinit$$0000000F
    libinit2.o(.ARM.Collect$$libinit$$00000026) refers to argv_veneer.o(.text) for __ARM_argv_veneer
    libinit2.o(.ARM.Collect$$libinit$$00000027) refers to argv_veneer.o(.text) for __ARM_argv_veneer
    sys_exit.o(.text) refers (Special) to use_no_semi.o(.text) for __I$use$semihosting
    sys_exit.o(.text) refers (Special) to indicate_semi.o(.text) for __semihosting_library_function
    sys_exit_hlt.o(.text) refers (Special) to use_no_semi.o(.text) for __I$use$semihosting
    sys_exit_hlt.o(.text) refers (Special) to indicate_semi.o(.text) for __semihosting_library_function
    rtexit2.o(.ARM.Collect$$rtexit$$00000003) refers to libshutdown.o(.ARM.Collect$$libshutdown$$00000000) for __rt_lib_shutdown
    rtexit2.o(.ARM.Collect$$rtexit$$00000004) refers to sys_exit.o(.text) for _sys_exit
    rtexit2.o(.ARM.exidx) refers to rtexit2.o(.ARM.Collect$$rtexit$$00000001) for .ARM.Collect$$rtexit$$00000001
    rtexit2.o(.ARM.exidx) refers to rtexit2.o(.ARM.Collect$$rtexit$$00000003) for .ARM.Collect$$rtexit$$00000003
    rtexit2.o(.ARM.exidx) refers to rtexit2.o(.ARM.Collect$$rtexit$$00000004) for .ARM.Collect$$rtexit$$00000004
    __raise.o(.text) refers to defsig.o(CL$$defsig) for __default_signal_handler
    defsig_general.o(.text) refers to sys_wrch.o(.text) for _ttywrch
    sys_wrch.o(.text) refers (Special) to use_no_semi.o(.text) for __I$use$semihosting
    sys_wrch.o(.text) refers (Special) to indicate_semi.o(.text) for __semihosting_library_function
    sys_wrch_hlt.o(.text) refers (Special) to use_no_semi.o(.text) for __I$use$semihosting
    sys_wrch_hlt.o(.text) refers (Special) to indicate_semi.o(.text) for __semihosting_library_function
    defsig.o(CL$$defsig) refers to defsig_fpe_inner.o(.text) for __rt_SIGFPE_inner
    defsig.o(CL$$defsig) refers to defsig_rtmem_inner.o(.text) for __rt_SIGRTMEM_inner
    _get_argv_nomalloc.o(.text) refers (Special) to hrguard.o(.text) for __heap_region$guard
    _get_argv_nomalloc.o(.text) refers to defsig_rtmem_outer.o(.text) for __rt_SIGRTMEM
    _get_argv_nomalloc.o(.text) refers to sys_command.o(.text) for _sys_command_string
    libshutdown.o(.ARM.Collect$$libshutdown$$00000000) refers (Special) to libshutdown2.o(.ARM.Collect$$libshutdown$$00000002) for __rt_lib_shutdown_cpp_1
    libshutdown.o(.ARM.Collect$$libshutdown$$00000000) refers (Special) to libshutdown2.o(.ARM.Collect$$libshutdown$$00000007) for __rt_lib_shutdown_fp_trap_1
    libshutdown.o(.ARM.Collect$$libshutdown$$00000000) refers (Special) to libshutdown2.o(.ARM.Collect$$libshutdown$$0000000F) for __rt_lib_shutdown_heap_1
    libshutdown.o(.ARM.Collect$$libshutdown$$00000000) refers (Special) to libshutdown2.o(.ARM.Collect$$libshutdown$$00000010) for __rt_lib_shutdown_return
    libshutdown.o(.ARM.Collect$$libshutdown$$00000000) refers (Special) to libshutdown2.o(.ARM.Collect$$libshutdown$$0000000A) for __rt_lib_shutdown_signal_1
    libshutdown.o(.ARM.Collect$$libshutdown$$00000000) refers (Special) to libshutdown2.o(.ARM.Collect$$libshutdown$$00000004) for __rt_lib_shutdown_stdio_1
    libshutdown.o(.ARM.Collect$$libshutdown$$00000000) refers (Special) to libshutdown2.o(.ARM.Collect$$libshutdown$$0000000C) for __rt_lib_shutdown_user_alloc_1
    sys_command.o(.text) refers (Special) to use_no_semi.o(.text) for __I$use$semihosting
    sys_command.o(.text) refers (Special) to indicate_semi.o(.text) for __semihosting_library_function
    sys_command_hlt.o(.text) refers (Special) to use_no_semi.o(.text) for __I$use$semihosting
    sys_command_hlt.o(.text) refers (Special) to indicate_semi.o(.text) for __semihosting_library_function
    defsig_abrt_inner.o(.text) refers to defsig_general.o(.text) for __default_signal_display
    defsig_rtred_inner.o(.text) refers to defsig_general.o(.text) for __default_signal_display
    defsig_rtmem_inner.o(.text) refers to defsig_general.o(.text) for __default_signal_display
    defsig_rtmem_outer.o(.text) refers to defsig_rtmem_inner.o(.text) for __rt_SIGRTMEM_inner
    defsig_rtmem_outer.o(.text) refers to defsig_exit.o(.text) for __sig_exit
    defsig_rtmem_formal.o(.text) refers to rt_raise.o(.text) for __rt_raise
    defsig_stak_inner.o(.text) refers to defsig_general.o(.text) for __default_signal_display
    defsig_pvfn_inner.o(.text) refers to defsig_general.o(.text) for __default_signal_display
    defsig_cppl_inner.o(.text) refers to defsig_general.o(.text) for __default_signal_display
    defsig_segv_inner.o(.text) refers to defsig_general.o(.text) for __default_signal_display
    defsig_other.o(.text) refers to defsig_general.o(.text) for __default_signal_display


==============================================================================

Removing Unused input sections from the image.

    Removing main.o(.text), (0 bytes).
    Removing main.o(.ARM.exidx.text.main), (8 bytes).
    Removing main.o(.ARM.use_no_argv), (4 bytes).
    Removing app.o(.text), (0 bytes).
    Removing app.o(.ARM.exidx.text.App_Config), (8 bytes).
    Removing app.o(.ARM.exidx.text.App_Mainloop), (8 bytes).
    Removing wdt.o(.text), (0 bytes).
    Removing wdt.o(.ARM.exidx.text.WDT_Init), (8 bytes).
    Removing wdt.o(.ARM.exidx.text.WDT_Reload), (8 bytes).
    Removing dispcom.o(.text), (0 bytes).
    Removing dispcom.o(.text.DispCom_Struct_Init), (68 bytes).
    Removing dispcom.o(.ARM.exidx.text.DispCom_Struct_Init), (8 bytes).
    Removing dispcom.o(.text.DispCom_RX_Packet_Struct_Init), (28 bytes).
    Removing dispcom.o(.ARM.exidx.text.DispCom_RX_Packet_Struct_Init), (8 bytes).
    Removing dispcom.o(.text.DispCom_Config_GPIO), (68 bytes).
    Removing dispcom.o(.ARM.exidx.text.DispCom_Config_GPIO), (8 bytes).
    Removing dispcom.o(.text.DispCom_Config_Clock), (20 bytes).
    Removing dispcom.o(.ARM.exidx.text.DispCom_Config_Clock), (8 bytes).
    Removing dispcom.o(.text.DispCom_Config_BAUD_Rate), (40 bytes).
    Removing dispcom.o(.ARM.exidx.text.DispCom_Config_BAUD_Rate), (8 bytes).
    Removing dispcom.o(.text.DispCom_Config_Tx), (32 bytes).
    Removing dispcom.o(.ARM.exidx.text.DispCom_Config_Tx), (8 bytes).
    Removing dispcom.o(.text.DispCom_Config_Rx), (32 bytes).
    Removing dispcom.o(.ARM.exidx.text.DispCom_Config_Rx), (8 bytes).
    Removing dispcom.o(.text.DispCom_Config_Rx_Interrupt), (36 bytes).
    Removing dispcom.o(.ARM.exidx.text.DispCom_Config_Rx_Interrupt), (8 bytes).
    Removing dispcom.o(.text.__NVIC_EnableIRQ), (20 bytes).
    Removing dispcom.o(.ARM.exidx.text.__NVIC_EnableIRQ), (8 bytes).
    Removing dispcom.o(.text.__NVIC_SetPriority), (40 bytes).
    Removing dispcom.o(.ARM.exidx.text.__NVIC_SetPriority), (8 bytes).
    Removing dispcom.o(.text.DispCom_Clear_Interrupt_Flag), (2 bytes).
    Removing dispcom.o(.ARM.exidx.text.DispCom_Clear_Interrupt_Flag), (8 bytes).
    Removing dispcom.o(.text.DispCom_Tx_Byte), (28 bytes).
    Removing dispcom.o(.ARM.exidx.text.DispCom_Tx_Byte), (8 bytes).
    Removing dispcom.o(.ARM.exidx.text.DispCom_Rx_Byte), (8 bytes).
    Removing dispcom.o(.ARM.exidx.text.USART1_IRQHandler), (8 bytes).
    Removing dispcom.o(.ARM.exidx.text.DispCom_ISR_Handler), (8 bytes).
    Removing dispcom.o(.text.DispCom_Timer_Struct_Init), (20 bytes).
    Removing dispcom.o(.ARM.exidx.text.DispCom_Timer_Struct_Init), (8 bytes).
    Removing dispcom.o(.text.DispCom_Timer_Init), (60 bytes).
    Removing dispcom.o(.ARM.exidx.text.DispCom_Timer_Init), (8 bytes).
    Removing dispcom.o(.ARM.exidx.text.DispCom_Timer_Enable), (8 bytes).
    Removing dispcom.o(.ARM.exidx.text.DispCom_Timer_Disable), (8 bytes).
    Removing dispcom.o(.text.DispCom_Timer_Get_Status), (12 bytes).
    Removing dispcom.o(.ARM.exidx.text.DispCom_Timer_Get_Status), (8 bytes).
    Removing dispcom.o(.text.DispCom_Timer_Get_Val), (12 bytes).
    Removing dispcom.o(.ARM.exidx.text.DispCom_Timer_Get_Val), (8 bytes).
    Removing dispcom.o(.ARM.exidx.text.DispCom_Timer_Value_Reset), (8 bytes).
    Removing dispcom.o(.ARM.exidx.text.DispCom_Timer_Clear_Interrupt_Flag), (8 bytes).
    Removing dispcom.o(.ARM.exidx.text.TIM16_IRQHandler), (8 bytes).
    Removing dispcom.o(.ARM.exidx.text.DispCom_Timer_ISR_Handler), (8 bytes).
    Removing dispcom.o(.text.DispCom_Tx_Buf), (26 bytes).
    Removing dispcom.o(.ARM.exidx.text.DispCom_Tx_Buf), (8 bytes).
    Removing dispcom.o(.text.DispCom_Tx_NL), (16 bytes).
    Removing dispcom.o(.ARM.exidx.text.DispCom_Tx_NL), (8 bytes).
    Removing dispcom.o(.text.DispCom_Tx_SP), (10 bytes).
    Removing dispcom.o(.ARM.exidx.text.DispCom_Tx_SP), (8 bytes).
    Removing dispcom.o(.text.DispCom_Tx_CM), (10 bytes).
    Removing dispcom.o(.ARM.exidx.text.DispCom_Tx_CM), (8 bytes).
    Removing dispcom.o(.text.DispCom_Tx_Text), (30 bytes).
    Removing dispcom.o(.ARM.exidx.text.DispCom_Tx_Text), (8 bytes).
    Removing dispcom.o(.text.DispCom_Tx_Text_NL), (12 bytes).
    Removing dispcom.o(.ARM.exidx.text.DispCom_Tx_Text_NL), (8 bytes).
    Removing dispcom.o(.text.DispCom_Tx_Text_SP), (12 bytes).
    Removing dispcom.o(.ARM.exidx.text.DispCom_Tx_Text_SP), (8 bytes).
    Removing dispcom.o(.text.DispCom_Tx_Text_CM), (12 bytes).
    Removing dispcom.o(.ARM.exidx.text.DispCom_Tx_Text_CM), (8 bytes).
    Removing dispcom.o(.text.DispCom_Determine_Digit_Numbers), (64 bytes).
    Removing dispcom.o(.ARM.exidx.text.DispCom_Determine_Digit_Numbers), (8 bytes).
    Removing dispcom.o(.text.DispCom_Tx_Number_Digits), (32 bytes).
    Removing dispcom.o(.ARM.exidx.text.DispCom_Tx_Number_Digits), (8 bytes).
    Removing dispcom.o(.text.DispCom_Tx_Number), (28 bytes).
    Removing dispcom.o(.ARM.exidx.text.DispCom_Tx_Number), (8 bytes).
    Removing dispcom.o(.text.DispCom_Tx_Number_Hex), (104 bytes).
    Removing dispcom.o(.ARM.exidx.text.DispCom_Tx_Number_Hex), (8 bytes).
    Removing dispcom.o(.text.DispCom_Tx_Number_Bin), (68 bytes).
    Removing dispcom.o(.ARM.exidx.text.DispCom_Tx_Number_Bin), (8 bytes).
    Removing dispcom.o(.text.DispCom_Tx_Number_NL), (12 bytes).
    Removing dispcom.o(.ARM.exidx.text.DispCom_Tx_Number_NL), (8 bytes).
    Removing dispcom.o(.text.DispCom_Tx_Number_SP), (12 bytes).
    Removing dispcom.o(.ARM.exidx.text.DispCom_Tx_Number_SP), (8 bytes).
    Removing dispcom.o(.text.DispCom_Tx_Number_CM), (12 bytes).
    Removing dispcom.o(.ARM.exidx.text.DispCom_Tx_Number_CM), (8 bytes).
    Removing dispcom.o(.text.DispCom_Tx_Number_Hex_NL), (12 bytes).
    Removing dispcom.o(.ARM.exidx.text.DispCom_Tx_Number_Hex_NL), (8 bytes).
    Removing dispcom.o(.text.DispCom_Tx_Number_Hex_SP), (12 bytes).
    Removing dispcom.o(.ARM.exidx.text.DispCom_Tx_Number_Hex_SP), (8 bytes).
    Removing dispcom.o(.text.DispCom_Tx_Number_Hex_CM), (12 bytes).
    Removing dispcom.o(.ARM.exidx.text.DispCom_Tx_Number_Hex_CM), (8 bytes).
    Removing dispcom.o(.text.DispCom_Tx_Number_Bin_NL), (12 bytes).
    Removing dispcom.o(.ARM.exidx.text.DispCom_Tx_Number_Bin_NL), (8 bytes).
    Removing dispcom.o(.text.DispCom_Tx_Number_Bin_SP), (12 bytes).
    Removing dispcom.o(.ARM.exidx.text.DispCom_Tx_Number_Bin_SP), (8 bytes).
    Removing dispcom.o(.text.DispCom_Tx_Number_Bin_CM), (12 bytes).
    Removing dispcom.o(.ARM.exidx.text.DispCom_Tx_Number_Bin_CM), (8 bytes).
    Removing dispcom.o(.text.DispCom_Tx_Parameter_NL), (20 bytes).
    Removing dispcom.o(.ARM.exidx.text.DispCom_Tx_Parameter_NL), (8 bytes).
    Removing dispcom.o(.text.DispCom_Tx_Parameter_SP), (20 bytes).
    Removing dispcom.o(.ARM.exidx.text.DispCom_Tx_Parameter_SP), (8 bytes).
    Removing dispcom.o(.text.DispCom_Tx_Parameter_CM), (20 bytes).
    Removing dispcom.o(.ARM.exidx.text.DispCom_Tx_Parameter_CM), (8 bytes).
    Removing dispcom.o(.text.DispCom_Tx_Parameter_Hex_NL), (20 bytes).
    Removing dispcom.o(.ARM.exidx.text.DispCom_Tx_Parameter_Hex_NL), (8 bytes).
    Removing dispcom.o(.text.DispCom_Tx_Parameter_Hex_SP), (20 bytes).
    Removing dispcom.o(.ARM.exidx.text.DispCom_Tx_Parameter_Hex_SP), (8 bytes).
    Removing dispcom.o(.text.DispCom_Tx_Parameter_Hex_CM), (20 bytes).
    Removing dispcom.o(.ARM.exidx.text.DispCom_Tx_Parameter_Hex_CM), (8 bytes).
    Removing dispcom.o(.text.DispCom_Tx_Parameter_Bin_NL), (20 bytes).
    Removing dispcom.o(.ARM.exidx.text.DispCom_Tx_Parameter_Bin_NL), (8 bytes).
    Removing dispcom.o(.text.DispCom_Tx_Parameter_Bin_SP), (20 bytes).
    Removing dispcom.o(.ARM.exidx.text.DispCom_Tx_Parameter_Bin_SP), (8 bytes).
    Removing dispcom.o(.text.DispCom_Tx_Parameter_Bin_CM), (20 bytes).
    Removing dispcom.o(.ARM.exidx.text.DispCom_Tx_Parameter_Bin_CM), (8 bytes).
    Removing dispcom.o(.ARM.exidx.text.DispCom_Buf_Flush), (8 bytes).
    Removing dispcom.o(.text.DispCom_Buf_Set), (12 bytes).
    Removing dispcom.o(.ARM.exidx.text.DispCom_Buf_Set), (8 bytes).
    Removing dispcom.o(.ARM.exidx.text.DispCom_Buf_Get), (8 bytes).
    Removing dispcom.o(.ARM.exidx.text.DispCom_Buf_Get_Index), (8 bytes).
    Removing dispcom.o(.text.DispCom_Data_Available), (12 bytes).
    Removing dispcom.o(.ARM.exidx.text.DispCom_Data_Available), (8 bytes).
    Removing dispcom.o(.ARM.exidx.text.DispCom_Data_Len_Get), (8 bytes).
    Removing dispcom.o(.text.DispCom_Data_Calculated_CRC_Get), (12 bytes).
    Removing dispcom.o(.ARM.exidx.text.DispCom_Data_Calculated_CRC_Get), (8 bytes).
    Removing dispcom.o(.text.DispCom_Data_Received_CRC_Get), (12 bytes).
    Removing dispcom.o(.ARM.exidx.text.DispCom_Data_Received_CRC_Get), (8 bytes).
    Removing dispcom.o(.text.DispCom_Data_CRC_Status_Get), (12 bytes).
    Removing dispcom.o(.ARM.exidx.text.DispCom_Data_CRC_Status_Get), (8 bytes).
    Removing dispcom.o(.text.DispCom_Data_Read_Complete_Status), (12 bytes).
    Removing dispcom.o(.ARM.exidx.text.DispCom_Data_Read_Complete_Status), (8 bytes).
    Removing dispcom.o(.text.DispCom_Data_Clear_Available_Flag), (16 bytes).
    Removing dispcom.o(.ARM.exidx.text.DispCom_Data_Clear_Available_Flag), (8 bytes).
    Removing dispcom.o(.text.DispCom_Data_Clear_Read_Complete_Flag), (20 bytes).
    Removing dispcom.o(.ARM.exidx.text.DispCom_Data_Clear_Read_Complete_Flag), (8 bytes).
    Removing dispcom.o(.text.DispCom_Data_Copy_Buf), (34 bytes).
    Removing dispcom.o(.ARM.exidx.text.DispCom_Data_Copy_Buf), (8 bytes).
    Removing dispcom.o(.text.DispCom_Data_Print_Buf), (20 bytes).
    Removing dispcom.o(.ARM.exidx.text.DispCom_Data_Print_Buf), (8 bytes).
    Removing dispcom.o(.text.DispCom_Error_Code_Get), (12 bytes).
    Removing dispcom.o(.ARM.exidx.text.DispCom_Error_Code_Get), (8 bytes).
    Removing dispcom.o(.text.DispCom_Error_Code_Clear), (12 bytes).
    Removing dispcom.o(.ARM.exidx.text.DispCom_Error_Code_Clear), (8 bytes).
    Removing dispcom.o(.ARM.exidx.text.DispCom_RX_Packet_CRC_Check), (8 bytes).
    Removing dispcom.o(.text.DispCom_RX_Packet_Rough_Check_Disassemble), (2 bytes).
    Removing dispcom.o(.ARM.exidx.text.DispCom_RX_Packet_Rough_Check_Disassemble), (8 bytes).
    Removing dispcom.o(.ARM.exidx.text.DispCom_CRC_Calculate_Byte), (8 bytes).
    Removing dispcom.o(.ARM.exidx.text.DispCom_CRC_Calculate_Block), (8 bytes).
    Removing dispcom.o(.text.DispCom_RX_Packet_Read_Complete), (20 bytes).
    Removing dispcom.o(.ARM.exidx.text.DispCom_RX_Packet_Read_Complete), (8 bytes).
    Removing dispcom.o(.text.DispCom_Init), (52 bytes).
    Removing dispcom.o(.ARM.exidx.text.DispCom_Init), (8 bytes).
    Removing system_stm32g0xx.o(.text), (0 bytes).
    Removing system_stm32g0xx.o(.ARM.exidx.text.SystemInit), (8 bytes).
    Removing system_stm32g0xx.o(.text.SystemCoreClockUpdate), (144 bytes).
    Removing system_stm32g0xx.o(.ARM.exidx.text.SystemCoreClockUpdate), (8 bytes).
    Removing system_stm32g0xx.o(.data.SystemCoreClock), (4 bytes).
    Removing system_stm32g0xx.o(.rodata.AHBPrescTable), (64 bytes).
    Removing system_stm32g0xx.o(.rodata.APBPrescTable), (32 bytes).

157 unused section(s) (total 2418 bytes) removed from the image.

==============================================================================

Image Symbol Table

    Local Symbols

    Symbol Name                              Value     Ov Type        Size  Object(Section)

    ../clib/angel/boardlib.s                 0x00000000   Number         0  boardinit1.o ABSOLUTE
    ../clib/angel/boardlib.s                 0x00000000   Number         0  boardinit2.o ABSOLUTE
    ../clib/angel/boardlib.s                 0x00000000   Number         0  boardinit3.o ABSOLUTE
    ../clib/angel/boardlib.s                 0x00000000   Number         0  boardshut.o ABSOLUTE
    ../clib/angel/handlers.s                 0x00000000   Number         0  __scatter_zi.o ABSOLUTE
    ../clib/angel/kernel.s                   0x00000000   Number         0  __rtentry.o ABSOLUTE
    ../clib/angel/kernel.s                   0x00000000   Number         0  __rtentry2.o ABSOLUTE
    ../clib/angel/kernel.s                   0x00000000   Number         0  __rtentry4.o ABSOLUTE
    ../clib/angel/kernel.s                   0x00000000   Number         0  rtexit.o ABSOLUTE
    ../clib/angel/kernel.s                   0x00000000   Number         0  rtexit2.o ABSOLUTE
    ../clib/angel/rt.s                       0x00000000   Number         0  aeabi_idiv0.o ABSOLUTE
    ../clib/angel/rt.s                       0x00000000   Number         0  aeabi_idiv0_sigfpe.o ABSOLUTE
    ../clib/angel/rt.s                       0x00000000   Number         0  rt_div0.o ABSOLUTE
    ../clib/angel/rt.s                       0x00000000   Number         0  rt_raise.o ABSOLUTE
    ../clib/angel/scatterp.s                 0x00000000   Number         0  __scatter.o ABSOLUTE
    ../clib/angel/startup.s                  0x00000000   Number         0  __main.o ABSOLUTE
    ../clib/angel/sys.s                      0x00000000   Number         0  sys_stackheap_outer.o ABSOLUTE
    ../clib/angel/sys.s                      0x00000000   Number         0  libspace.o ABSOLUTE
    ../clib/angel/sys.s                      0x00000000   Number         0  tempstk.o ABSOLUTE
    ../clib/angel/sys.s                      0x00000000   Number         0  use_no_semi.o ABSOLUTE
    ../clib/angel/sys.s                      0x00000000   Number         0  indicate_semi.o ABSOLUTE
    ../clib/angel/sysapp.c                   0x00000000   Number         0  sys_exit.o ABSOLUTE
    ../clib/angel/sysapp.c                   0x00000000   Number         0  sys_exit_hlt.o ABSOLUTE
    ../clib/angel/sysapp.c                   0x00000000   Number         0  sys_wrch.o ABSOLUTE
    ../clib/angel/sysapp.c                   0x00000000   Number         0  sys_wrch_hlt.o ABSOLUTE
    ../clib/angel/sysapp.c                   0x00000000   Number         0  sys_command.o ABSOLUTE
    ../clib/angel/sysapp.c                   0x00000000   Number         0  sys_command_hlt.o ABSOLUTE
    ../clib/armsys.c                         0x00000000   Number         0  argv_veneer.o ABSOLUTE
    ../clib/armsys.c                         0x00000000   Number         0  _get_argv_nomalloc.o ABSOLUTE
    ../clib/armsys.c                         0x00000000   Number         0  no_argv.o ABSOLUTE
    ../clib/division.s                       0x00000000   Number         0  aeabi_sdivfast.o ABSOLUTE
    ../clib/division.s                       0x00000000   Number         0  aeabi_sdivfast_div0.o ABSOLUTE
    ../clib/heapalloc.c                      0x00000000   Number         0  hrguard.o ABSOLUTE
    ../clib/heapaux.c                        0x00000000   Number         0  heapauxi.o ABSOLUTE
    ../clib/libinit.s                        0x00000000   Number         0  libinit.o ABSOLUTE
    ../clib/libinit.s                        0x00000000   Number         0  libinit2.o ABSOLUTE
    ../clib/libinit.s                        0x00000000   Number         0  libshutdown.o ABSOLUTE
    ../clib/libinit.s                        0x00000000   Number         0  libshutdown2.o ABSOLUTE
    ../clib/signal.c                         0x00000000   Number         0  defsig_fpe_outer.o ABSOLUTE
    ../clib/signal.c                         0x00000000   Number         0  defsig_fpe_formal.o ABSOLUTE
    ../clib/signal.c                         0x00000000   Number         0  defsig_exit.o ABSOLUTE
    ../clib/signal.c                         0x00000000   Number         0  defsig_fpe_inner.o ABSOLUTE
    ../clib/signal.c                         0x00000000   Number         0  __raise.o ABSOLUTE
    ../clib/signal.c                         0x00000000   Number         0  defsig_general.o ABSOLUTE
    ../clib/signal.c                         0x00000000   Number         0  defsig_abrt_inner.o ABSOLUTE
    ../clib/signal.c                         0x00000000   Number         0  defsig_rtred_inner.o ABSOLUTE
    ../clib/signal.c                         0x00000000   Number         0  defsig_rtmem_inner.o ABSOLUTE
    ../clib/signal.c                         0x00000000   Number         0  defsig_rtmem_outer.o ABSOLUTE
    ../clib/signal.c                         0x00000000   Number         0  defsig_rtmem_formal.o ABSOLUTE
    ../clib/signal.c                         0x00000000   Number         0  defsig_stak_inner.o ABSOLUTE
    ../clib/signal.c                         0x00000000   Number         0  defsig_pvfn_inner.o ABSOLUTE
    ../clib/signal.c                         0x00000000   Number         0  defsig_cppl_inner.o ABSOLUTE
    ../clib/signal.c                         0x00000000   Number         0  defsig_segv_inner.o ABSOLUTE
    ../clib/signal.c                         0x00000000   Number         0  defsig_other.o ABSOLUTE
    ../clib/signal.s                         0x00000000   Number         0  defsig.o ABSOLUTE
    ../clib/stdlib.c                         0x00000000   Number         0  exit.o ABSOLUTE
    ../fplib/cfplib/fpinit.c                 0x00000000   Number         0  fpinit.o ABSOLUTE
    RTE/Device/STM32G030F6Px/startup_stm32g030xx.s 0x00000000   Number         0  startup_stm32g030xx.o ABSOLUTE
    app.c                                    0x00000000   Number         0  app.o ABSOLUTE
    dc.s                                     0x00000000   Number         0  dc.o ABSOLUTE
    dispcom.c                                0x00000000   Number         0  dispcom.o ABSOLUTE
    main.c                                   0x00000000   Number         0  main.o ABSOLUTE
    system_stm32g0xx.c                       0x00000000   Number         0  system_stm32g0xx.o ABSOLUTE
    wdt.c                                    0x00000000   Number         0  wdt.o ABSOLUTE
    RESET                                    0x08000000   Section      192  startup_stm32g030xx.o(RESET)
    !!!main                                  0x080000c0   Section        8  __main.o(!!!main)
    !!!scatter                               0x080000c8   Section       60  __scatter.o(!!!scatter)
    !!handler_zi                             0x08000104   Section       28  __scatter_zi.o(!!handler_zi)
    .ARM.Collect$$libinit$$00000000          0x08000120   Section        2  libinit.o(.ARM.Collect$$libinit$$00000000)
    .ARM.Collect$$libinit$$00000002          0x08000122   Section        0  libinit2.o(.ARM.Collect$$libinit$$00000002)
    .ARM.Collect$$libinit$$00000004          0x08000122   Section        0  libinit2.o(.ARM.Collect$$libinit$$00000004)
    .ARM.Collect$$libinit$$0000000A          0x08000122   Section        0  libinit2.o(.ARM.Collect$$libinit$$0000000A)
    .ARM.Collect$$libinit$$0000000C          0x08000122   Section        0  libinit2.o(.ARM.Collect$$libinit$$0000000C)
    .ARM.Collect$$libinit$$0000000E          0x08000122   Section        0  libinit2.o(.ARM.Collect$$libinit$$0000000E)
    .ARM.Collect$$libinit$$00000011          0x08000122   Section        0  libinit2.o(.ARM.Collect$$libinit$$00000011)
    .ARM.Collect$$libinit$$00000013          0x08000122   Section        0  libinit2.o(.ARM.Collect$$libinit$$00000013)
    .ARM.Collect$$libinit$$00000015          0x08000122   Section        0  libinit2.o(.ARM.Collect$$libinit$$00000015)
    .ARM.Collect$$libinit$$00000017          0x08000122   Section        0  libinit2.o(.ARM.Collect$$libinit$$00000017)
    .ARM.Collect$$libinit$$00000019          0x08000122   Section        0  libinit2.o(.ARM.Collect$$libinit$$00000019)
    .ARM.Collect$$libinit$$0000001B          0x08000122   Section        0  libinit2.o(.ARM.Collect$$libinit$$0000001B)
    .ARM.Collect$$libinit$$0000001D          0x08000122   Section        0  libinit2.o(.ARM.Collect$$libinit$$0000001D)
    .ARM.Collect$$libinit$$0000001F          0x08000122   Section        0  libinit2.o(.ARM.Collect$$libinit$$0000001F)
    .ARM.Collect$$libinit$$00000021          0x08000122   Section        0  libinit2.o(.ARM.Collect$$libinit$$00000021)
    .ARM.Collect$$libinit$$00000023          0x08000122   Section        0  libinit2.o(.ARM.Collect$$libinit$$00000023)
    .ARM.Collect$$libinit$$00000025          0x08000122   Section        0  libinit2.o(.ARM.Collect$$libinit$$00000025)
    .ARM.Collect$$libinit$$0000002C          0x08000122   Section        0  libinit2.o(.ARM.Collect$$libinit$$0000002C)
    .ARM.Collect$$libinit$$0000002E          0x08000122   Section        0  libinit2.o(.ARM.Collect$$libinit$$0000002E)
    .ARM.Collect$$libinit$$00000030          0x08000122   Section        0  libinit2.o(.ARM.Collect$$libinit$$00000030)
    .ARM.Collect$$libinit$$00000032          0x08000122   Section        0  libinit2.o(.ARM.Collect$$libinit$$00000032)
    .ARM.Collect$$libinit$$00000033          0x08000122   Section        2  libinit2.o(.ARM.Collect$$libinit$$00000033)
    .ARM.Collect$$libshutdown$$00000000      0x08000124   Section        2  libshutdown.o(.ARM.Collect$$libshutdown$$00000000)
    .ARM.Collect$$libshutdown$$00000002      0x08000126   Section        0  libshutdown2.o(.ARM.Collect$$libshutdown$$00000002)
    .ARM.Collect$$libshutdown$$00000004      0x08000126   Section        0  libshutdown2.o(.ARM.Collect$$libshutdown$$00000004)
    .ARM.Collect$$libshutdown$$00000007      0x08000126   Section        0  libshutdown2.o(.ARM.Collect$$libshutdown$$00000007)
    .ARM.Collect$$libshutdown$$0000000A      0x08000126   Section        0  libshutdown2.o(.ARM.Collect$$libshutdown$$0000000A)
    .ARM.Collect$$libshutdown$$0000000C      0x08000126   Section        0  libshutdown2.o(.ARM.Collect$$libshutdown$$0000000C)
    .ARM.Collect$$libshutdown$$0000000F      0x08000126   Section        0  libshutdown2.o(.ARM.Collect$$libshutdown$$0000000F)
    .ARM.Collect$$libshutdown$$00000010      0x08000126   Section        2  libshutdown2.o(.ARM.Collect$$libshutdown$$00000010)
    .ARM.Collect$$rtentry$$00000000          0x08000128   Section        0  __rtentry.o(.ARM.Collect$$rtentry$$00000000)
    .ARM.Collect$$rtentry$$00000002          0x08000128   Section        0  __rtentry2.o(.ARM.Collect$$rtentry$$00000002)
    .ARM.Collect$$rtentry$$00000004          0x08000128   Section        6  __rtentry4.o(.ARM.Collect$$rtentry$$00000004)
    .ARM.Collect$$rtentry$$00000009          0x0800012e   Section        0  __rtentry2.o(.ARM.Collect$$rtentry$$00000009)
    .ARM.Collect$$rtentry$$0000000A          0x0800012e   Section        4  __rtentry2.o(.ARM.Collect$$rtentry$$0000000A)
    .ARM.Collect$$rtentry$$0000000C          0x08000132   Section        0  __rtentry2.o(.ARM.Collect$$rtentry$$0000000C)
    .ARM.Collect$$rtentry$$0000000D          0x08000132   Section        8  __rtentry2.o(.ARM.Collect$$rtentry$$0000000D)
    .ARM.Collect$$rtexit$$00000000           0x0800013a   Section        2  rtexit.o(.ARM.Collect$$rtexit$$00000000)
    .ARM.Collect$$rtexit$$00000002           0x0800013c   Section        0  rtexit2.o(.ARM.Collect$$rtexit$$00000002)
    .ARM.Collect$$rtexit$$00000003           0x0800013c   Section        4  rtexit2.o(.ARM.Collect$$rtexit$$00000003)
    .ARM.Collect$$rtexit$$00000004           0x08000140   Section        6  rtexit2.o(.ARM.Collect$$rtexit$$00000004)
    .text                                    0x08000148   Section       56  startup_stm32g030xx.o(.text)
    .text                                    0x08000180   Section        0  heapauxi.o(.text)
    .text                                    0x08000186   Section       62  sys_stackheap_outer.o(.text)
    .text                                    0x080001c4   Section        0  exit.o(.text)
    .text                                    0x080001d4   Section        8  libspace.o(.text)
    .text                                    0x080001dc   Section        0  sys_exit.o(.text)
    .text                                    0x080001e8   Section        2  use_no_semi.o(.text)
    [Anonymous Symbol]                       0x080001ea   Section        0  app.o(.text.App_Config)
    .text                                    0x080001ea   Section        0  indicate_semi.o(.text)
    [Anonymous Symbol]                       0x080001ec   Section        0  app.o(.text.App_Mainloop)
    [Anonymous Symbol]                       0x080001f0   Section        0  dispcom.o(.text.DispCom_Buf_Flush)
    [Anonymous Symbol]                       0x08000208   Section        0  dispcom.o(.text.DispCom_Buf_Get)
    [Anonymous Symbol]                       0x08000210   Section        0  dispcom.o(.text.DispCom_Buf_Get_Index)
    [Anonymous Symbol]                       0x08000218   Section        0  dispcom.o(.text.DispCom_CRC_Calculate_Block)
    [Anonymous Symbol]                       0x0800023c   Section        0  dispcom.o(.text.DispCom_CRC_Calculate_Byte)
    __arm_cp.74_0                            0x08000260   Number         4  dispcom.o(.text.DispCom_CRC_Calculate_Byte)
    [Anonymous Symbol]                       0x08000264   Section        0  dispcom.o(.text.DispCom_Data_Len_Get)
    [Anonymous Symbol]                       0x0800026c   Section        0  dispcom.o(.text.DispCom_ISR_Handler)
    [Anonymous Symbol]                       0x080002b8   Section        0  dispcom.o(.text.DispCom_RX_Packet_CRC_Check)
    [Anonymous Symbol]                       0x08000314   Section        0  dispcom.o(.text.DispCom_Rx_Byte)
    __arm_cp.12_0                            0x08000328   Number         4  dispcom.o(.text.DispCom_Rx_Byte)
    [Anonymous Symbol]                       0x0800032c   Section        0  dispcom.o(.text.DispCom_Timer_Clear_Interrupt_Flag)
    __arm_cp.22_0                            0x08000340   Number         4  dispcom.o(.text.DispCom_Timer_Clear_Interrupt_Flag)
    [Anonymous Symbol]                       0x08000344   Section        0  dispcom.o(.text.DispCom_Timer_Disable)
    [Anonymous Symbol]                       0x08000350   Section        0  dispcom.o(.text.DispCom_Timer_Enable)
    __arm_cp.17_0                            0x0800035c   Number         4  dispcom.o(.text.DispCom_Timer_Enable)
    [Anonymous Symbol]                       0x08000360   Section        0  dispcom.o(.text.DispCom_Timer_ISR_Handler)
    __arm_cp.24_0                            0x080003ac   Number         4  dispcom.o(.text.DispCom_Timer_ISR_Handler)
    [Anonymous Symbol]                       0x080003b0   Section        0  dispcom.o(.text.DispCom_Timer_Value_Reset)
    __arm_cp.21_0                            0x080003b8   Number         4  dispcom.o(.text.DispCom_Timer_Value_Reset)
    [Anonymous Symbol]                       0x080003bc   Section        0  system_stm32g0xx.o(.text.SystemInit)
    [Anonymous Symbol]                       0x080003be   Section        0  dispcom.o(.text.TIM16_IRQHandler)
    [Anonymous Symbol]                       0x080003c6   Section        0  dispcom.o(.text.USART1_IRQHandler)
    [Anonymous Symbol]                       0x080003d0   Section        0  wdt.o(.text.WDT_Init)
    __arm_cp.0_0                             0x08000410   Number         4  wdt.o(.text.WDT_Init)
    __arm_cp.0_2                             0x08000414   Number         4  wdt.o(.text.WDT_Init)
    __arm_cp.0_3                             0x08000418   Number         4  wdt.o(.text.WDT_Init)
    [Anonymous Symbol]                       0x0800041c   Section        0  wdt.o(.text.WDT_Reload)
    __arm_cp.1_0                             0x0800042c   Number         4  wdt.o(.text.WDT_Reload)
    __arm_cp.1_1                             0x08000430   Number         4  wdt.o(.text.WDT_Reload)
    [Anonymous Symbol]                       0x08000434   Section        0  main.o(.text.main)
    __arm_cp.0_0                             0x08000448   Number         4  main.o(.text.main)
    .bss                                     0x20000000   Section       96  libspace.o(.bss)
    DispCom                                  0x20000060   Data         156  dispcom.o(.bss.DispCom)
    [Anonymous Symbol]                       0x20000060   Section        0  dispcom.o(.bss.DispCom)
    Heap_Mem                                 0x20000100   Data         512  startup_stm32g030xx.o(HEAP)
    HEAP                                     0x20000100   Section      512  startup_stm32g030xx.o(HEAP)
    Stack_Mem                                0x20000300   Data        1024  startup_stm32g030xx.o(STACK)
    STACK                                    0x20000300   Section     1024  startup_stm32g030xx.o(STACK)
    __initial_sp                             0x20000700   Data           0  startup_stm32g030xx.o(STACK)

    Global Symbols

    Symbol Name                              Value     Ov Type        Size  Object(Section)

    BuildAttributes$$THM_ISAv3M$S$PE$A:L22$X:L11$S22$IEEE1$IW$~IW$USESV6$~STKCKD$USESV7$~SHL$OTIME$ROPI$EBA8$UX$STANDARDLIB$REQ8$PRES8$EABIv2 0x00000000   Number         0  anon$$obj.o ABSOLUTE
    __ARM_exceptions_init                     - Undefined Weak Reference
    __alloca_initialize                       - Undefined Weak Reference
    __arm_preinit_                            - Undefined Weak Reference
    __cpp_initialize__aeabi_                  - Undefined Weak Reference
    __cxa_finalize                            - Undefined Weak Reference
    __rt_locale                               - Undefined Weak Reference
    __sigvec_lookup                           - Undefined Weak Reference
    _atexit_init                              - Undefined Weak Reference
    _call_atexit_fns                          - Undefined Weak Reference
    _clock_init                               - Undefined Weak Reference
    _fp_trap_init                             - Undefined Weak Reference
    _fp_trap_shutdown                         - Undefined Weak Reference
    _get_lc_collate                           - Undefined Weak Reference
    _get_lc_ctype                             - Undefined Weak Reference
    _get_lc_monetary                          - Undefined Weak Reference
    _get_lc_numeric                           - Undefined Weak Reference
    _get_lc_time                              - Undefined Weak Reference
    _getenv_init                              - Undefined Weak Reference
    _handle_redirection                       - Undefined Weak Reference
    _init_alloc                               - Undefined Weak Reference
    _init_user_alloc                          - Undefined Weak Reference
    _initio                                   - Undefined Weak Reference
    _rand_init                                - Undefined Weak Reference
    _signal_finish                            - Undefined Weak Reference
    _signal_init                              - Undefined Weak Reference
    _terminate_alloc                          - Undefined Weak Reference
    _terminate_user_alloc                     - Undefined Weak Reference
    _terminateio                              - Undefined Weak Reference
    __Vectors_Size                           0x000000c0   Number         0  startup_stm32g030xx.o ABSOLUTE
    __Vectors                                0x08000000   Data           4  startup_stm32g030xx.o(RESET)
    __Vectors_End                            0x080000c0   Data           0  startup_stm32g030xx.o(RESET)
    __main                                   0x080000c1   Thumb Code     8  __main.o(!!!main)
    __scatterload                            0x080000c9   Thumb Code     0  __scatter.o(!!!scatter)
    __scatterload_rt2                        0x080000c9   Thumb Code    52  __scatter.o(!!!scatter)
    __scatterload_rt2_thumb_only             0x080000c9   Thumb Code     0  __scatter.o(!!!scatter)
    __scatterload_null                       0x080000d9   Thumb Code     0  __scatter.o(!!!scatter)
    __scatterload_zeroinit                   0x08000105   Thumb Code    28  __scatter_zi.o(!!handler_zi)
    __rt_lib_init                            0x08000121   Thumb Code     0  libinit.o(.ARM.Collect$$libinit$$00000000)
    __rt_lib_init_alloca_1                   0x08000123   Thumb Code     0  libinit2.o(.ARM.Collect$$libinit$$0000002E)
    __rt_lib_init_argv_1                     0x08000123   Thumb Code     0  libinit2.o(.ARM.Collect$$libinit$$0000002C)
    __rt_lib_init_atexit_1                   0x08000123   Thumb Code     0  libinit2.o(.ARM.Collect$$libinit$$0000001B)
    __rt_lib_init_clock_1                    0x08000123   Thumb Code     0  libinit2.o(.ARM.Collect$$libinit$$00000021)
    __rt_lib_init_cpp_1                      0x08000123   Thumb Code     0  libinit2.o(.ARM.Collect$$libinit$$00000032)
    __rt_lib_init_exceptions_1               0x08000123   Thumb Code     0  libinit2.o(.ARM.Collect$$libinit$$00000030)
    __rt_lib_init_fp_1                       0x08000123   Thumb Code     0  libinit2.o(.ARM.Collect$$libinit$$00000002)
    __rt_lib_init_fp_trap_1                  0x08000123   Thumb Code     0  libinit2.o(.ARM.Collect$$libinit$$0000001F)
    __rt_lib_init_getenv_1                   0x08000123   Thumb Code     0  libinit2.o(.ARM.Collect$$libinit$$00000023)
    __rt_lib_init_heap_1                     0x08000123   Thumb Code     0  libinit2.o(.ARM.Collect$$libinit$$0000000A)
    __rt_lib_init_lc_collate_1               0x08000123   Thumb Code     0  libinit2.o(.ARM.Collect$$libinit$$00000011)
    __rt_lib_init_lc_ctype_1                 0x08000123   Thumb Code     0  libinit2.o(.ARM.Collect$$libinit$$00000013)
    __rt_lib_init_lc_monetary_1              0x08000123   Thumb Code     0  libinit2.o(.ARM.Collect$$libinit$$00000015)
    __rt_lib_init_lc_numeric_1               0x08000123   Thumb Code     0  libinit2.o(.ARM.Collect$$libinit$$00000017)
    __rt_lib_init_lc_time_1                  0x08000123   Thumb Code     0  libinit2.o(.ARM.Collect$$libinit$$00000019)
    __rt_lib_init_preinit_1                  0x08000123   Thumb Code     0  libinit2.o(.ARM.Collect$$libinit$$00000004)
    __rt_lib_init_rand_1                     0x08000123   Thumb Code     0  libinit2.o(.ARM.Collect$$libinit$$0000000E)
    __rt_lib_init_return                     0x08000123   Thumb Code     0  libinit2.o(.ARM.Collect$$libinit$$00000033)
    __rt_lib_init_signal_1                   0x08000123   Thumb Code     0  libinit2.o(.ARM.Collect$$libinit$$0000001D)
    __rt_lib_init_stdio_1                    0x08000123   Thumb Code     0  libinit2.o(.ARM.Collect$$libinit$$00000025)
    __rt_lib_init_user_alloc_1               0x08000123   Thumb Code     0  libinit2.o(.ARM.Collect$$libinit$$0000000C)
    __rt_lib_shutdown                        0x08000125   Thumb Code     0  libshutdown.o(.ARM.Collect$$libshutdown$$00000000)
    __rt_lib_shutdown_cpp_1                  0x08000127   Thumb Code     0  libshutdown2.o(.ARM.Collect$$libshutdown$$00000002)
    __rt_lib_shutdown_fp_trap_1              0x08000127   Thumb Code     0  libshutdown2.o(.ARM.Collect$$libshutdown$$00000007)
    __rt_lib_shutdown_heap_1                 0x08000127   Thumb Code     0  libshutdown2.o(.ARM.Collect$$libshutdown$$0000000F)
    __rt_lib_shutdown_return                 0x08000127   Thumb Code     0  libshutdown2.o(.ARM.Collect$$libshutdown$$00000010)
    __rt_lib_shutdown_signal_1               0x08000127   Thumb Code     0  libshutdown2.o(.ARM.Collect$$libshutdown$$0000000A)
    __rt_lib_shutdown_stdio_1                0x08000127   Thumb Code     0  libshutdown2.o(.ARM.Collect$$libshutdown$$00000004)
    __rt_lib_shutdown_user_alloc_1           0x08000127   Thumb Code     0  libshutdown2.o(.ARM.Collect$$libshutdown$$0000000C)
    __rt_entry                               0x08000129   Thumb Code     0  __rtentry.o(.ARM.Collect$$rtentry$$00000000)
    __rt_entry_presh_1                       0x08000129   Thumb Code     0  __rtentry2.o(.ARM.Collect$$rtentry$$00000002)
    __rt_entry_sh                            0x08000129   Thumb Code     0  __rtentry4.o(.ARM.Collect$$rtentry$$00000004)
    __rt_entry_li                            0x0800012f   Thumb Code     0  __rtentry2.o(.ARM.Collect$$rtentry$$0000000A)
    __rt_entry_postsh_1                      0x0800012f   Thumb Code     0  __rtentry2.o(.ARM.Collect$$rtentry$$00000009)
    __rt_entry_main                          0x08000133   Thumb Code     0  __rtentry2.o(.ARM.Collect$$rtentry$$0000000D)
    __rt_entry_postli_1                      0x08000133   Thumb Code     0  __rtentry2.o(.ARM.Collect$$rtentry$$0000000C)
    __rt_exit                                0x0800013b   Thumb Code     0  rtexit.o(.ARM.Collect$$rtexit$$00000000)
    __rt_exit_ls                             0x0800013d   Thumb Code     0  rtexit2.o(.ARM.Collect$$rtexit$$00000003)
    __rt_exit_prels_1                        0x0800013d   Thumb Code     0  rtexit2.o(.ARM.Collect$$rtexit$$00000002)
    __rt_exit_exit                           0x08000141   Thumb Code     0  rtexit2.o(.ARM.Collect$$rtexit$$00000004)
    Reset_Handler                            0x08000149   Thumb Code     8  startup_stm32g030xx.o(.text)
    NMI_Handler                              0x08000151   Thumb Code     2  startup_stm32g030xx.o(.text)
    HardFault_Handler                        0x08000153   Thumb Code     2  startup_stm32g030xx.o(.text)
    SVC_Handler                              0x08000155   Thumb Code     2  startup_stm32g030xx.o(.text)
    PendSV_Handler                           0x08000157   Thumb Code     2  startup_stm32g030xx.o(.text)
    SysTick_Handler                          0x08000159   Thumb Code     2  startup_stm32g030xx.o(.text)
    ADC1_IRQHandler                          0x0800015b   Thumb Code     0  startup_stm32g030xx.o(.text)
    DMA1_Ch4_5_DMAMUX1_OVR_IRQHandler        0x0800015b   Thumb Code     0  startup_stm32g030xx.o(.text)
    DMA1_Channel1_IRQHandler                 0x0800015b   Thumb Code     0  startup_stm32g030xx.o(.text)
    DMA1_Channel2_3_IRQHandler               0x0800015b   Thumb Code     0  startup_stm32g030xx.o(.text)
    EXTI0_1_IRQHandler                       0x0800015b   Thumb Code     0  startup_stm32g030xx.o(.text)
    EXTI2_3_IRQHandler                       0x0800015b   Thumb Code     0  startup_stm32g030xx.o(.text)
    EXTI4_15_IRQHandler                      0x0800015b   Thumb Code     0  startup_stm32g030xx.o(.text)
    FLASH_IRQHandler                         0x0800015b   Thumb Code     0  startup_stm32g030xx.o(.text)
    I2C1_IRQHandler                          0x0800015b   Thumb Code     0  startup_stm32g030xx.o(.text)
    I2C2_IRQHandler                          0x0800015b   Thumb Code     0  startup_stm32g030xx.o(.text)
    RCC_IRQHandler                           0x0800015b   Thumb Code     0  startup_stm32g030xx.o(.text)
    RTC_TAMP_IRQHandler                      0x0800015b   Thumb Code     0  startup_stm32g030xx.o(.text)
    SPI1_IRQHandler                          0x0800015b   Thumb Code     0  startup_stm32g030xx.o(.text)
    SPI2_IRQHandler                          0x0800015b   Thumb Code     0  startup_stm32g030xx.o(.text)
    TIM14_IRQHandler                         0x0800015b   Thumb Code     0  startup_stm32g030xx.o(.text)
    TIM17_IRQHandler                         0x0800015b   Thumb Code     0  startup_stm32g030xx.o(.text)
    TIM1_BRK_UP_TRG_COM_IRQHandler           0x0800015b   Thumb Code     0  startup_stm32g030xx.o(.text)
    TIM1_CC_IRQHandler                       0x0800015b   Thumb Code     0  startup_stm32g030xx.o(.text)
    TIM3_IRQHandler                          0x0800015b   Thumb Code     0  startup_stm32g030xx.o(.text)
    USART2_IRQHandler                        0x0800015b   Thumb Code     0  startup_stm32g030xx.o(.text)
    WWDG_IRQHandler                          0x0800015b   Thumb Code     0  startup_stm32g030xx.o(.text)
    __user_initial_stackheap                 0x0800015d   Thumb Code     0  startup_stm32g030xx.o(.text)
    __use_two_region_memory                  0x08000181   Thumb Code     2  heapauxi.o(.text)
    __rt_heap_escrow$2region                 0x08000183   Thumb Code     2  heapauxi.o(.text)
    __rt_heap_expand$2region                 0x08000185   Thumb Code     2  heapauxi.o(.text)
    __user_setup_stackheap                   0x08000187   Thumb Code    62  sys_stackheap_outer.o(.text)
    exit                                     0x080001c5   Thumb Code    16  exit.o(.text)
    __user_libspace                          0x080001d5   Thumb Code     8  libspace.o(.text)
    __user_perproc_libspace                  0x080001d5   Thumb Code     0  libspace.o(.text)
    __user_perthread_libspace                0x080001d5   Thumb Code     0  libspace.o(.text)
    _sys_exit                                0x080001dd   Thumb Code     8  sys_exit.o(.text)
    __I$use$semihosting                      0x080001e9   Thumb Code     0  use_no_semi.o(.text)
    __use_no_semihosting_swi                 0x080001e9   Thumb Code     2  use_no_semi.o(.text)
    App_Config                               0x080001eb   Thumb Code     2  app.o(.text.App_Config)
    __semihosting_library_function           0x080001eb   Thumb Code     0  indicate_semi.o(.text)
    App_Mainloop                             0x080001ed   Thumb Code     2  app.o(.text.App_Mainloop)
    DispCom_Buf_Flush                        0x080001f1   Thumb Code    24  dispcom.o(.text.DispCom_Buf_Flush)
    DispCom_Buf_Get                          0x08000209   Thumb Code     8  dispcom.o(.text.DispCom_Buf_Get)
    DispCom_Buf_Get_Index                    0x08000211   Thumb Code     8  dispcom.o(.text.DispCom_Buf_Get_Index)
    DispCom_CRC_Calculate_Block              0x08000219   Thumb Code    34  dispcom.o(.text.DispCom_CRC_Calculate_Block)
    DispCom_CRC_Calculate_Byte               0x0800023d   Thumb Code    36  dispcom.o(.text.DispCom_CRC_Calculate_Byte)
    DispCom_Data_Len_Get                     0x08000265   Thumb Code     8  dispcom.o(.text.DispCom_Data_Len_Get)
    DispCom_ISR_Handler                      0x0800026d   Thumb Code    76  dispcom.o(.text.DispCom_ISR_Handler)
    DispCom_RX_Packet_CRC_Check              0x080002b9   Thumb Code    92  dispcom.o(.text.DispCom_RX_Packet_CRC_Check)
    DispCom_Rx_Byte                          0x08000315   Thumb Code    20  dispcom.o(.text.DispCom_Rx_Byte)
    DispCom_Timer_Clear_Interrupt_Flag       0x0800032d   Thumb Code    20  dispcom.o(.text.DispCom_Timer_Clear_Interrupt_Flag)
    DispCom_Timer_Disable                    0x08000345   Thumb Code    12  dispcom.o(.text.DispCom_Timer_Disable)
    DispCom_Timer_Enable                     0x08000351   Thumb Code    12  dispcom.o(.text.DispCom_Timer_Enable)
    DispCom_Timer_ISR_Handler                0x08000361   Thumb Code    76  dispcom.o(.text.DispCom_Timer_ISR_Handler)
    DispCom_Timer_Value_Reset                0x080003b1   Thumb Code     8  dispcom.o(.text.DispCom_Timer_Value_Reset)
    SystemInit                               0x080003bd   Thumb Code     2  system_stm32g0xx.o(.text.SystemInit)
    TIM16_IRQHandler                         0x080003bf   Thumb Code     8  dispcom.o(.text.TIM16_IRQHandler)
    USART1_IRQHandler                        0x080003c7   Thumb Code     8  dispcom.o(.text.USART1_IRQHandler)
    WDT_Init                                 0x080003d1   Thumb Code    64  wdt.o(.text.WDT_Init)
    WDT_Reload                               0x0800041d   Thumb Code    16  wdt.o(.text.WDT_Reload)
    main                                     0x08000435   Thumb Code    20  main.o(.text.main)
    Region$$Table$$Base                      0x0800044c   Number         0  anon$$obj.o(Region$$Table)
    Region$$Table$$Limit                     0x0800045c   Number         0  anon$$obj.o(Region$$Table)
    __libspace_start                         0x20000000   Data          96  libspace.o(.bss)
    __temporary_stack_top$libspace           0x20000060   Data           0  libspace.o(.bss)



==============================================================================

Memory Map of the image

  Image Entry point : 0x08000149

  Load Region LR_1 (Base: 0x08000000, Size: 0x0000045c, Max: 0xffffffff, ABSOLUTE)

    Execution Region ER_RO (Exec base: 0x08000000, Load base: 0x08000000, Size: 0x0000045c, Max: 0xffffffff, ABSOLUTE)

    Exec Addr    Load Addr    Size         Type   Attr      Idx    E Section Name        Object

    0x08000000   0x08000000   0x000000c0   Data   RO          200    RESET               startup_stm32g030xx.o
    0x080000c0   0x080000c0   0x00000008   Code   RO          234  * !!!main             c_p.l(__main.o)
    0x080000c8   0x080000c8   0x0000003c   Code   RO          409    !!!scatter          c_p.l(__scatter.o)
    0x08000104   0x08000104   0x0000001c   Code   RO          411    !!handler_zi        c_p.l(__scatter_zi.o)
    0x08000120   0x08000120   0x00000002   Code   RO          272    .ARM.Collect$$libinit$$00000000  c_p.l(libinit.o)
    0x08000122   0x08000122   0x00000000   Code   RO          286    .ARM.Collect$$libinit$$00000002  c_p.l(libinit2.o)
    0x08000122   0x08000122   0x00000000   Code   RO          288    .ARM.Collect$$libinit$$00000004  c_p.l(libinit2.o)
    0x08000122   0x08000122   0x00000000   Code   RO          291    .ARM.Collect$$libinit$$0000000A  c_p.l(libinit2.o)
    0x08000122   0x08000122   0x00000000   Code   RO          293    .ARM.Collect$$libinit$$0000000C  c_p.l(libinit2.o)
    0x08000122   0x08000122   0x00000000   Code   RO          295    .ARM.Collect$$libinit$$0000000E  c_p.l(libinit2.o)
    0x08000122   0x08000122   0x00000000   Code   RO          298    .ARM.Collect$$libinit$$00000011  c_p.l(libinit2.o)
    0x08000122   0x08000122   0x00000000   Code   RO          300    .ARM.Collect$$libinit$$00000013  c_p.l(libinit2.o)
    0x08000122   0x08000122   0x00000000   Code   RO          302    .ARM.Collect$$libinit$$00000015  c_p.l(libinit2.o)
    0x08000122   0x08000122   0x00000000   Code   RO          304    .ARM.Collect$$libinit$$00000017  c_p.l(libinit2.o)
    0x08000122   0x08000122   0x00000000   Code   RO          306    .ARM.Collect$$libinit$$00000019  c_p.l(libinit2.o)
    0x08000122   0x08000122   0x00000000   Code   RO          308    .ARM.Collect$$libinit$$0000001B  c_p.l(libinit2.o)
    0x08000122   0x08000122   0x00000000   Code   RO          310    .ARM.Collect$$libinit$$0000001D  c_p.l(libinit2.o)
    0x08000122   0x08000122   0x00000000   Code   RO          312    .ARM.Collect$$libinit$$0000001F  c_p.l(libinit2.o)
    0x08000122   0x08000122   0x00000000   Code   RO          314    .ARM.Collect$$libinit$$00000021  c_p.l(libinit2.o)
    0x08000122   0x08000122   0x00000000   Code   RO          316    .ARM.Collect$$libinit$$00000023  c_p.l(libinit2.o)
    0x08000122   0x08000122   0x00000000   Code   RO          318    .ARM.Collect$$libinit$$00000025  c_p.l(libinit2.o)
    0x08000122   0x08000122   0x00000000   Code   RO          322    .ARM.Collect$$libinit$$0000002C  c_p.l(libinit2.o)
    0x08000122   0x08000122   0x00000000   Code   RO          324    .ARM.Collect$$libinit$$0000002E  c_p.l(libinit2.o)
    0x08000122   0x08000122   0x00000000   Code   RO          326    .ARM.Collect$$libinit$$00000030  c_p.l(libinit2.o)
    0x08000122   0x08000122   0x00000000   Code   RO          328    .ARM.Collect$$libinit$$00000032  c_p.l(libinit2.o)
    0x08000122   0x08000122   0x00000002   Code   RO          329    .ARM.Collect$$libinit$$00000033  c_p.l(libinit2.o)
    0x08000124   0x08000124   0x00000002   Code   RO          364    .ARM.Collect$$libshutdown$$00000000  c_p.l(libshutdown.o)
    0x08000126   0x08000126   0x00000000   Code   RO          392    .ARM.Collect$$libshutdown$$00000002  c_p.l(libshutdown2.o)
    0x08000126   0x08000126   0x00000000   Code   RO          394    .ARM.Collect$$libshutdown$$00000004  c_p.l(libshutdown2.o)
    0x08000126   0x08000126   0x00000000   Code   RO          397    .ARM.Collect$$libshutdown$$00000007  c_p.l(libshutdown2.o)
    0x08000126   0x08000126   0x00000000   Code   RO          400    .ARM.Collect$$libshutdown$$0000000A  c_p.l(libshutdown2.o)
    0x08000126   0x08000126   0x00000000   Code   RO          402    .ARM.Collect$$libshutdown$$0000000C  c_p.l(libshutdown2.o)
    0x08000126   0x08000126   0x00000000   Code   RO          405    .ARM.Collect$$libshutdown$$0000000F  c_p.l(libshutdown2.o)
    0x08000126   0x08000126   0x00000002   Code   RO          406    .ARM.Collect$$libshutdown$$00000010  c_p.l(libshutdown2.o)
    0x08000128   0x08000128   0x00000000   Code   RO          236    .ARM.Collect$$rtentry$$00000000  c_p.l(__rtentry.o)
    0x08000128   0x08000128   0x00000000   Code   RO          242    .ARM.Collect$$rtentry$$00000002  c_p.l(__rtentry2.o)
    0x08000128   0x08000128   0x00000006   Code   RO          254    .ARM.Collect$$rtentry$$00000004  c_p.l(__rtentry4.o)
    0x0800012e   0x0800012e   0x00000000   Code   RO          244    .ARM.Collect$$rtentry$$00000009  c_p.l(__rtentry2.o)
    0x0800012e   0x0800012e   0x00000004   Code   RO          245    .ARM.Collect$$rtentry$$0000000A  c_p.l(__rtentry2.o)
    0x08000132   0x08000132   0x00000000   Code   RO          247    .ARM.Collect$$rtentry$$0000000C  c_p.l(__rtentry2.o)
    0x08000132   0x08000132   0x00000008   Code   RO          248    .ARM.Collect$$rtentry$$0000000D  c_p.l(__rtentry2.o)
    0x0800013a   0x0800013a   0x00000002   Code   RO          277    .ARM.Collect$$rtexit$$00000000  c_p.l(rtexit.o)
    0x0800013c   0x0800013c   0x00000000   Code   RO          335    .ARM.Collect$$rtexit$$00000002  c_p.l(rtexit2.o)
    0x0800013c   0x0800013c   0x00000004   Code   RO          336    .ARM.Collect$$rtexit$$00000003  c_p.l(rtexit2.o)
    0x08000140   0x08000140   0x00000006   Code   RO          337    .ARM.Collect$$rtexit$$00000004  c_p.l(rtexit2.o)
    0x08000146   0x08000146   0x00000002   PAD
    0x08000148   0x08000148   0x00000038   Code   RO          201  * .text               startup_stm32g030xx.o
    0x08000180   0x08000180   0x00000006   Code   RO          232    .text               c_p.l(heapauxi.o)
    0x08000186   0x08000186   0x0000003e   Code   RO          258    .text               c_p.l(sys_stackheap_outer.o)
    0x080001c4   0x080001c4   0x00000010   Code   RO          261    .text               c_p.l(exit.o)
    0x080001d4   0x080001d4   0x00000008   Code   RO          273    .text               c_p.l(libspace.o)
    0x080001dc   0x080001dc   0x0000000c   Code   RO          330    .text               c_p.l(sys_exit.o)
    0x080001e8   0x080001e8   0x00000002   Code   RO          353    .text               c_p.l(use_no_semi.o)
    0x080001ea   0x080001ea   0x00000000   Code   RO          355    .text               c_p.l(indicate_semi.o)
    0x080001ea   0x080001ea   0x00000002   Code   RO           11    .text.App_Config    app.o
    0x080001ec   0x080001ec   0x00000002   Code   RO           13    .text.App_Mainloop  app.o
    0x080001ee   0x080001ee   0x00000002   PAD
    0x080001f0   0x080001f0   0x00000018   Code   RO          146    .text.DispCom_Buf_Flush  dispcom.o
    0x08000208   0x08000208   0x00000008   Code   RO          150    .text.DispCom_Buf_Get  dispcom.o
    0x08000210   0x08000210   0x00000008   Code   RO          152    .text.DispCom_Buf_Get_Index  dispcom.o
    0x08000218   0x08000218   0x00000022   Code   RO          184    .text.DispCom_CRC_Calculate_Block  dispcom.o
    0x0800023a   0x0800023a   0x00000002   PAD
    0x0800023c   0x0800023c   0x00000028   Code   RO          182    .text.DispCom_CRC_Calculate_Byte  dispcom.o
    0x08000264   0x08000264   0x00000008   Code   RO          156    .text.DispCom_Data_Len_Get  dispcom.o
    0x0800026c   0x0800026c   0x0000004c   Code   RO           62    .text.DispCom_ISR_Handler  dispcom.o
    0x080002b8   0x080002b8   0x0000005c   Code   RO          178    .text.DispCom_RX_Packet_CRC_Check  dispcom.o
    0x08000314   0x08000314   0x00000018   Code   RO           58    .text.DispCom_Rx_Byte  dispcom.o
    0x0800032c   0x0800032c   0x00000018   Code   RO           78    .text.DispCom_Timer_Clear_Interrupt_Flag  dispcom.o
    0x08000344   0x08000344   0x0000000c   Code   RO           70    .text.DispCom_Timer_Disable  dispcom.o
    0x08000350   0x08000350   0x00000010   Code   RO           68    .text.DispCom_Timer_Enable  dispcom.o
    0x08000360   0x08000360   0x00000050   Code   RO           82    .text.DispCom_Timer_ISR_Handler  dispcom.o
    0x080003b0   0x080003b0   0x0000000c   Code   RO           76    .text.DispCom_Timer_Value_Reset  dispcom.o
    0x080003bc   0x080003bc   0x00000002   Code   RO          208    .text.SystemInit    system_stm32g0xx.o
    0x080003be   0x080003be   0x00000008   Code   RO           80    .text.TIM16_IRQHandler  dispcom.o
    0x080003c6   0x080003c6   0x00000008   Code   RO           60    .text.USART1_IRQHandler  dispcom.o
    0x080003ce   0x080003ce   0x00000002   PAD
    0x080003d0   0x080003d0   0x0000004c   Code   RO           22    .text.WDT_Init      wdt.o
    0x0800041c   0x0800041c   0x00000018   Code   RO           24    .text.WDT_Reload    wdt.o
    0x08000434   0x08000434   0x00000018   Code   RO            2    .text.main          main.o
    0x0800044c   0x0800044c   0x00000010   Data   RO          408    Region$$Table       anon$$obj.o


    Execution Region ER_RW (Exec base: 0x20000000, Load base: 0x0800045c, Size: 0x00000000, Max: 0xffffffff, ABSOLUTE)

    **** No section assigned to this execution region ****


    Execution Region ER_ZI (Exec base: 0x20000000, Load base: 0x0800045c, Size: 0x00000700, Max: 0xffffffff, ABSOLUTE)

    Exec Addr    Load Addr    Size         Type   Attr      Idx    E Section Name        Object

    0x20000000        -       0x00000060   Zero   RW          274    .bss                c_p.l(libspace.o)
    0x20000060        -       0x0000009c   Zero   RW          190    .bss.DispCom        dispcom.o
    0x200000fc   0x0800045c   0x00000004   PAD
    0x20000100        -       0x00000200   Zero   RW          199    HEAP                startup_stm32g030xx.o
    0x20000300        -       0x00000400   Zero   RW          198    STACK               startup_stm32g030xx.o


==============================================================================

Image component sizes


      Code (inc. data)   RO Data    RW Data    ZI Data      Debug   Object Name

         4          0          0          0          0        423   app.o
       474         24          0          0        156      17790   dispcom.o
        24          4          0          0          0        377   main.o
        56         26        192          0       1536        676   startup_stm32g030xx.o
         2          0          0          0          0       2027   system_stm32g0xx.o
       100         20          0          0          0       1584   wdt.o

    ----------------------------------------------------------------------
       666         74        208          0       1696      22877   Object Totals
         0          0         16          0          0          0   (incl. Generated)
         6          0          0          0          4          0   (incl. Padding)

    ----------------------------------------------------------------------

      Code (inc. data)   RO Data    RW Data    ZI Data      Debug   Library Member Name

         8          0          0          0          0         68   __main.o
         0          0          0          0          0          0   __rtentry.o
        12          0          0          0          0          0   __rtentry2.o
         6          0          0          0          0          0   __rtentry4.o
        60          8          0          0          0          0   __scatter.o
        28          0          0          0          0          0   __scatter_zi.o
        16          0          0          0          0         68   exit.o
         6          0          0          0          0        136   heapauxi.o
         0          0          0          0          0          0   indicate_semi.o
         2          0          0          0          0          0   libinit.o
         2          0          0          0          0          0   libinit2.o
         2          0          0          0          0          0   libshutdown.o
         2          0          0          0          0          0   libshutdown2.o
         8          4          0          0         96         68   libspace.o
         2          0          0          0          0          0   rtexit.o
        10          0          0          0          0          0   rtexit2.o
        12          4          0          0          0         60   sys_exit.o
        62          0          0          0          0         80   sys_stackheap_outer.o
         2          0          0          0          0         68   use_no_semi.o

    ----------------------------------------------------------------------
       242         16          0          0         96        548   Library Totals
         2          0          0          0          0          0   (incl. Padding)

    ----------------------------------------------------------------------

      Code (inc. data)   RO Data    RW Data    ZI Data      Debug   Library Name

       240         16          0          0         96        548   c_p.l

    ----------------------------------------------------------------------
       242         16          0          0         96        548   Library Totals

    ----------------------------------------------------------------------

==============================================================================


      Code (inc. data)   RO Data    RW Data    ZI Data      Debug   

       908         90        208          0       1792      23185   Grand Totals
       908         90        208          0       1792      23185   ELF Image Totals
       908         90        208          0          0          0   ROM Totals

==============================================================================

    Total RO  Size (Code + RO Data)                 1116 (   1.09kB)
    Total RW  Size (RW Data + ZI Data)              1792 (   1.75kB)
    Total ROM Size (Code + RO Data + RW Data)       1116 (   1.09kB)

==============================================================================

