Component: Arm Compiler for Embedded 6.22 Tool: armlink [5ee90200]

==============================================================================

Section Cross References

    main.o(.text.main) refers to app.o(.text.App_Config) for App_Config
    main.o(.text.main) refers to wdt.o(.text.WDT_Init) for WDT_Init
    main.o(.text.main) refers to wdt.o(.text.WDT_Reload) for WDT_Reload
    main.o(.text.main) refers to app.o(.text.App_Mainloop) for App_Mainloop
    main.o(.ARM.exidx.text.main) refers to main.o(.text.main) for [Anonymous Symbol]
    app.o(.text.App_Config) refers to ldr.o(.text.LDR_Init) for LDR_Init
    app.o(.text.App_Config) refers to sevensegment.o(.text.SevenSegment_Init) for SevenSegment_Init
    app.o(.text.App_Config) refers to dispcom.o(.text.DispCom_Init) for DispCom_Init
    app.o(.text.App_Config) refers to sevensegment.o(.text.SevenSegment_Set_Value) for SevenSegment_Set_Value
    app.o(.text.App_Config) refers to sevensegment.o(.text.SevenSegment_Set_Dp) for SevenSegment_Set_Dp
    app.o(.ARM.exidx.text.App_Config) refers to app.o(.text.App_Config) for [Anonymous Symbol]
    app.o(.text.App_Mainloop) refers to ldr.o(.text.LDR_Control_Brightness) for LDR_Control_Brightness
    app.o(.text.App_Mainloop) refers to ldr.o(.text.LDR_Get_Calculated_Brightness) for LDR_Get_Calculated_Brightness
    app.o(.text.App_Mainloop) refers to dispcom.o(.text.DispCom_Tx_Number_CM) for DispCom_Tx_Number_CM
    app.o(.text.App_Mainloop) refers to ldr.o(.text.LDR_Get_Current_Brightness) for LDR_Get_Current_Brightness
    app.o(.text.App_Mainloop) refers to dispcom.o(.text.DispCom_Tx_Number_NL) for DispCom_Tx_Number_NL
    app.o(.ARM.exidx.text.App_Mainloop) refers to app.o(.text.App_Mainloop) for [Anonymous Symbol]
    wdt.o(.ARM.exidx.text.WDT_Init) refers to wdt.o(.text.WDT_Init) for [Anonymous Symbol]
    wdt.o(.ARM.exidx.text.WDT_Reload) refers to wdt.o(.text.WDT_Reload) for [Anonymous Symbol]
    dispcom.o(.text.DispCom_Struct_Init) refers to dispcom.o(.bss.DispCom) for [Anonymous Symbol]
    dispcom.o(.ARM.exidx.text.DispCom_Struct_Init) refers to dispcom.o(.text.DispCom_Struct_Init) for [Anonymous Symbol]
    dispcom.o(.text.DispCom_RX_Packet_Struct_Init) refers to dispcom.o(.bss.DispCom) for [Anonymous Symbol]
    dispcom.o(.ARM.exidx.text.DispCom_RX_Packet_Struct_Init) refers to dispcom.o(.text.DispCom_RX_Packet_Struct_Init) for [Anonymous Symbol]
    dispcom.o(.ARM.exidx.text.DispCom_Config_GPIO) refers to dispcom.o(.text.DispCom_Config_GPIO) for [Anonymous Symbol]
    dispcom.o(.ARM.exidx.text.DispCom_Config_Clock) refers to dispcom.o(.text.DispCom_Config_Clock) for [Anonymous Symbol]
    dispcom.o(.text.DispCom_Config_BAUD_Rate) refers to aeabi_sdivfast.o(.text_divfast) for __aeabi_uidiv
    dispcom.o(.ARM.exidx.text.DispCom_Config_BAUD_Rate) refers to dispcom.o(.text.DispCom_Config_BAUD_Rate) for [Anonymous Symbol]
    dispcom.o(.ARM.exidx.text.DispCom_Config_Tx) refers to dispcom.o(.text.DispCom_Config_Tx) for [Anonymous Symbol]
    dispcom.o(.ARM.exidx.text.DispCom_Config_Rx) refers to dispcom.o(.text.DispCom_Config_Rx) for [Anonymous Symbol]
    dispcom.o(.ARM.exidx.text.DispCom_Config_Rx_Interrupt) refers to dispcom.o(.text.DispCom_Config_Rx_Interrupt) for [Anonymous Symbol]
    dispcom.o(.ARM.exidx.text.DispCom_Clear_Interrupt_Flag) refers to dispcom.o(.text.DispCom_Clear_Interrupt_Flag) for [Anonymous Symbol]
    dispcom.o(.ARM.exidx.text.DispCom_Tx_Byte) refers to dispcom.o(.text.DispCom_Tx_Byte) for [Anonymous Symbol]
    dispcom.o(.ARM.exidx.text.DispCom_Rx_Byte) refers to dispcom.o(.text.DispCom_Rx_Byte) for [Anonymous Symbol]
    dispcom.o(.text.USART1_IRQHandler) refers to dispcom.o(.bss.DispCom) for [Anonymous Symbol]
    dispcom.o(.ARM.exidx.text.USART1_IRQHandler) refers to dispcom.o(.text.USART1_IRQHandler) for [Anonymous Symbol]
    dispcom.o(.text.DispCom_ISR_Handler) refers to dispcom.o(.bss.DispCom) for [Anonymous Symbol]
    dispcom.o(.ARM.exidx.text.DispCom_ISR_Handler) refers to dispcom.o(.text.DispCom_ISR_Handler) for [Anonymous Symbol]
    dispcom.o(.text.DispCom_Timer_Struct_Init) refers to dispcom.o(.bss.DispCom) for [Anonymous Symbol]
    dispcom.o(.ARM.exidx.text.DispCom_Timer_Struct_Init) refers to dispcom.o(.text.DispCom_Timer_Struct_Init) for [Anonymous Symbol]
    dispcom.o(.ARM.exidx.text.DispCom_Timer_Init) refers to dispcom.o(.text.DispCom_Timer_Init) for [Anonymous Symbol]
    dispcom.o(.ARM.exidx.text.DispCom_Timer_Enable) refers to dispcom.o(.text.DispCom_Timer_Enable) for [Anonymous Symbol]
    dispcom.o(.ARM.exidx.text.DispCom_Timer_Disable) refers to dispcom.o(.text.DispCom_Timer_Disable) for [Anonymous Symbol]
    dispcom.o(.text.DispCom_Timer_Get_Status) refers to dispcom.o(.bss.DispCom) for [Anonymous Symbol]
    dispcom.o(.ARM.exidx.text.DispCom_Timer_Get_Status) refers to dispcom.o(.text.DispCom_Timer_Get_Status) for [Anonymous Symbol]
[...]
    dispcom.o(.ARM.exidx.text.DispCom_Error_Code_Clear) refers to dispcom.o(.text.DispCom_Error_Code_Clear) for [Anonymous Symbol]
    dispcom.o(.text.DispCom_RX_Packet_CRC_Check) refers to dispcom.o(.bss.DispCom) for [Anonymous Symbol]
    dispcom.o(.ARM.exidx.text.DispCom_RX_Packet_CRC_Check) refers to dispcom.o(.text.DispCom_RX_Packet_CRC_Check) for [Anonymous Symbol]
    dispcom.o(.ARM.exidx.text.DispCom_RX_Packet_Rough_Check_Disassemble) refers to dispcom.o(.text.DispCom_RX_Packet_Rough_Check_Disassemble) for [Anonymous Symbol]
    dispcom.o(.ARM.exidx.text.DispCom_CRC_Calculate_Byte) refers to dispcom.o(.text.DispCom_CRC_Calculate_Byte) for [Anonymous Symbol]
    dispcom.o(.ARM.exidx.text.DispCom_CRC_Calculate_Block) refers to dispcom.o(.text.DispCom_CRC_Calculate_Block) for [Anonymous Symbol]
    dispcom.o(.text.DispCom_RX_Packet_Read_Complete) refers to dispcom.o(.bss.DispCom) for [Anonymous Symbol]
    dispcom.o(.ARM.exidx.text.DispCom_RX_Packet_Read_Complete) refers to dispcom.o(.text.DispCom_RX_Packet_Read_Complete) for [Anonymous Symbol]
    dispcom.o(.text.DispCom_Init) refers to aeabi_sdivfast.o(.text_divfast) for __aeabi_uidiv
    dispcom.o(.text.DispCom_Init) refers to dispcom.o(.bss.DispCom) for [Anonymous Symbol]
    dispcom.o(.ARM.exidx.text.DispCom_Init) refers to dispcom.o(.text.DispCom_Init) for [Anonymous Symbol]
    sevensegment.o(.text.SevenSegment_Struct_Init) refers to sevensegment.o(.bss.SevenSegment) for [Anonymous Symbol]
    sevensegment.o(.ARM.exidx.text.SevenSegment_Struct_Init) refers to sevensegment.o(.text.SevenSegment_Struct_Init) for [Anonymous Symbol]
    sevensegment.o(.ARM.exidx.text.SevenSegment_GPIO_Init) refers to sevensegment.o(.text.SevenSegment_GPIO_Init) for [Anonymous Symbol]
    sevensegment.o(.text.SevenSegment_Timer_Init) refers to aeabi_sdivfast.o(.text_divfast) for __aeabi_uidiv
    sevensegment.o(.ARM.exidx.text.SevenSegment_Timer_Init) refers to sevensegment.o(.text.SevenSegment_Timer_Init) for [Anonymous Symbol]
    sevensegment.o(.text.TIM14_IRQHandler) refers to sevensegment.o(.text.SevenSegment_Brightness_Handler) for SevenSegment_Brightness_Handler
    sevensegment.o(.ARM.exidx.text.TIM14_IRQHandler) refers to sevensegment.o(.text.TIM14_IRQHandler) for [Anonymous Symbol]
    sevensegment.o(.text.SevenSegment_ISR_Executables) refers to sevensegment.o(.text.SevenSegment_Brightness_Handler) for SevenSegment_Brightness_Handler
    sevensegment.o(.ARM.exidx.text.SevenSegment_ISR_Executables) refers to sevensegment.o(.text.SevenSegment_ISR_Executables) for [Anonymous Symbol]
    sevensegment.o(.ARM.exidx.text.SevenSegment_Set_Segment_Pins) refers to sevensegment.o(.text.SevenSegment_Set_Segment_Pins) for [Anonymous Symbol]
    sevensegment.o(.text.SevenSegment_Assign_Segment_Value) refers to sevensegment.o(.bss.SevenSegment) for [Anonymous Symbol]
    sevensegment.o(.ARM.exidx.text.SevenSegment_Assign_Segment_Value) refers to sevensegment.o(.text.SevenSegment_Assign_Segment_Value) for [Anonymous Symbol]
    sevensegment.o(.ARM.exidx.text.SevenSegment_Activate_Digit) refers to sevensegment.o(.text.SevenSegment_Activate_Digit) for [Anonymous Symbol]
    sevensegment.o(.text.SevenSegment_Assign_Digit_Value) refers to sevensegment.o(.text.SevenSegment_Activate_Digit) for SevenSegment_Activate_Digit
    sevensegment.o(.text.SevenSegment_Assign_Digit_Value) refers to sevensegment.o(.bss.SevenSegment) for [Anonymous Symbol]
    sevensegment.o(.ARM.exidx.text.SevenSegment_Assign_Digit_Value) refers to sevensegment.o(.text.SevenSegment_Assign_Digit_Value) for [Anonymous Symbol]
    sevensegment.o(.text.SevenSegment_Brightness_Handler) refers to sevensegment.o(.text.SevenSegment_Activate_Digit) for SevenSegment_Activate_Digit
    sevensegment.o(.text.SevenSegment_Brightness_Handler) refers to sevensegment.o(.bss.SevenSegment) for [Anonymous Symbol]
    sevensegment.o(.ARM.exidx.text.SevenSegment_Brightness_Handler) refers to sevensegment.o(.text.SevenSegment_Brightness_Handler) for [Anonymous Symbol]
    sevensegment.o(.text.SevenSegment_Set_Dp) refers to sevensegment.o(.bss.SevenSegment) for [Anonymous Symbol]
    sevensegment.o(.ARM.exidx.text.SevenSegment_Set_Dp) refers to sevensegment.o(.text.SevenSegment_Set_Dp) for [Anonymous Symbol]
    sevensegment.o(.text.SevenSegment_Set_Value) refers to sevensegment.o(.bss.SevenSegment) for [Anonymous Symbol]
    sevensegment.o(.ARM.exidx.text.SevenSegment_Set_Value) refers to sevensegment.o(.text.SevenSegment_Set_Value) for [Anonymous Symbol]
    sevensegment.o(.text.SevenSegment_Set_Brightness) refers to sevensegment.o(.bss.SevenSegment) for [Anonymous Symbol]
    sevensegment.o(.ARM.exidx.text.SevenSegment_Set_Brightness) refers to sevensegment.o(.text.SevenSegment_Set_Brightness) for [Anonymous Symbol]
    sevensegment.o(.text.SevenSegment_Init) refers to sevensegment.o(.text.SevenSegment_GPIO_Init) for SevenSegment_GPIO_Init
    sevensegment.o(.text.SevenSegment_Init) refers to sevensegment.o(.bss.SevenSegment) for [Anonymous Symbol]
    sevensegment.o(.ARM.exidx.text.SevenSegment_Init) refers to sevensegment.o(.text.SevenSegment_Init) for [Anonymous Symbol]
    adc.o(.ARM.exidx.text.ADC_Struct_Init) refers to adc.o(.text.ADC_Struct_Init) for [Anonymous Symbol]
    adc.o(.ARM.exidx.text.ADC_Reg_Init) refers to adc.o(.text.ADC_Reg_Init) for [Anonymous Symbol]
    adc.o(.ARM.exidx.text.ADC_Read_Channel) refers to adc.o(.text.ADC_Read_Channel) for [Anonymous Symbol]
    adc.o(.text.ADC_Init) refers to adc.o(.text.ADC_Reg_Init) for ADC_Reg_Init
    adc.o(.ARM.exidx.text.ADC_Init) refers to adc.o(.text.ADC_Init) for [Anonymous Symbol]
    ldr.o(.text.LDR_Struct_Init) refers to ldr.o(.bss.LDR) for LDR
    ldr.o(.ARM.exidx.text.LDR_Struct_Init) refers to ldr.o(.text.LDR_Struct_Init) for [Anonymous Symbol]
    ldr.o(.ARM.exidx.text.LDR_GPIO_Init) refers to ldr.o(.text.LDR_GPIO_Init) for [Anonymous Symbol]
    ldr.o(.text.LDR_Reg_Init) refers to adc.o(.text.ADC_Init) for ADC_Init
    ldr.o(.text.LDR_Reg_Init) refers to adc.o(.text.ADC_Read_Channel) for ADC_Read_Channel
    ldr.o(.ARM.exidx.text.LDR_Reg_Init) refers to ldr.o(.text.LDR_Reg_Init) for [Anonymous Symbol]
    ldr.o(.text.LDR_Read_Brightness) refers to adc.o(.text.ADC_Read_Channel) for ADC_Read_Channel
    ldr.o(.text.LDR_Read_Brightness) refers to lpf.o(.text.LPF_Get_Filtered_Value) for LPF_Get_Filtered_Value
    ldr.o(.ARM.exidx.text.LDR_Read_Brightness) refers to ldr.o(.text.LDR_Read_Brightness) for [Anonymous Symbol]
    ldr.o(.text.LDR_Control_Brightness) refers to adc.o(.text.ADC_Read_Channel) for ADC_Read_Channel
    ldr.o(.text.LDR_Control_Brightness) refers to lpf.o(.text.LPF_Get_Filtered_Value) for LPF_Get_Filtered_Value
    ldr.o(.text.LDR_Control_Brightness) refers to sevensegment.o(.text.SevenSegment_Set_Brightness) for SevenSegment_Set_Brightness
    ldr.o(.text.LDR_Control_Brightness) refers to ldr.o(.bss.LDR) for LDR
    ldr.o(.ARM.exidx.text.LDR_Control_Brightness) refers to ldr.o(.text.LDR_Control_Brightness) for [Anonymous Symbol]
    ldr.o(.text.LDR_Get_Current_Brightness) refers to ldr.o(.bss.LDR) for LDR
    ldr.o(.ARM.exidx.text.LDR_Get_Current_Brightness) refers to ldr.o(.text.LDR_Get_Current_Brightness) for [Anonymous Symbol]
    ldr.o(.text.LDR_Get_Calculated_Brightness) refers to ldr.o(.bss.LDR) for LDR
    ldr.o(.ARM.exidx.text.LDR_Get_Calculated_Brightness) refers to ldr.o(.text.LDR_Get_Calculated_Brightness) for [Anonymous Symbol]
    ldr.o(.text.LDR_Init) refers to adc.o(.text.ADC_Init) for ADC_Init
    ldr.o(.text.LDR_Init) refers to adc.o(.text.ADC_Read_Channel) for ADC_Read_Channel
    ldr.o(.text.LDR_Init) refers to lpf.o(.text.LPF_Init) for LPF_Init
    ldr.o(.text.LDR_Init) refers to lpf.o(.text.LPF_Set_Alpha) for LPF_Set_Alpha
    ldr.o(.text.LDR_Init) refers to ldr.o(.bss.LDR) for LDR
    ldr.o(.ARM.exidx.text.LDR_Init) refers to ldr.o(.text.LDR_Init) for [Anonymous Symbol]
    lpf.o(.text.LPF_Struct_Init) refers to lpf.o(.bss.LPF) for [Anonymous Symbol]
    lpf.o(.ARM.exidx.text.LPF_Struct_Init) refers to lpf.o(.text.LPF_Struct_Init) for [Anonymous Symbol]
    lpf.o(.text.LPF_Set_Alpha) refers to lpf.o(.bss.LPF) for [Anonymous Symbol]
    lpf.o(.ARM.exidx.text.LPF_Set_Alpha) refers to lpf.o(.text.LPF_Set_Alpha) for [Anonymous Symbol]
    lpf.o(.text.LPF_Get_Alpha) refers to lpf.o(.bss.LPF) for [Anonymous Symbol]
    lpf.o(.ARM.exidx.text.LPF_Get_Alpha) refers to lpf.o(.text.LPF_Get_Alpha) for [Anonymous Symbol]
    lpf.o(.text.LPF_Get_Filtered_Value) refers to aeabi_sdivfast.o(.text_divfast) for __aeabi_idiv
    lpf.o(.text.LPF_Get_Filtered_Value) refers to lpf.o(.bss.LPF) for [Anonymous Symbol]
    lpf.o(.ARM.exidx.text.LPF_Get_Filtered_Value) refers to lpf.o(.text.LPF_Get_Filtered_Value) for [Anonymous Symbol]
    lpf.o(.text.LPF_Init) refers to lpf.o(.bss.LPF) for [Anonymous Symbol]
    lpf.o(.ARM.exidx.text.LPF_Init) refers to lpf.o(.text.LPF_Init) for [Anonymous Symbol]
    protocol.o(.text.Protocol_Struct_Init) refers to protocol.o(.bss.Protocol) for [Anonymous Symbol]
    protocol.o(.ARM.exidx.text.Protocol_Struct_Init) refers to protocol.o(.text.Protocol_Struct_Init) for [Anonymous Symbol]
    startup_stm32g030xx.o(STACK) refers (Special) to heapauxi.o(.text) for __use_two_region_memory
    startup_stm32g030xx.o(HEAP) refers (Special) to heapauxi.o(.text) for __use_two_region_memory
    startup_stm32g030xx.o(RESET) refers (Special) to heapauxi.o(.text) for __use_two_region_memory
    startup_stm32g030xx.o(RESET) refers to startup_stm32g030xx.o(STACK) for __initial_sp
    startup_stm32g030xx.o(RESET) refers to startup_stm32g030xx.o(.text) for Reset_Handler
    startup_stm32g030xx.o(RESET) refers to sevensegment.o(.text.TIM14_IRQHandler) for TIM14_IRQHandler
    startup_stm32g030xx.o(RESET) refers to dispcom.o(.text.TIM16_IRQHandler) for TIM16_IRQHandler
    startup_stm32g030xx.o(RESET) refers to dispcom.o(.text.USART1_IRQHandler) for USART1_IRQHandler
    startup_stm32g030xx.o(.text) refers (Special) to heapauxi.o(.text) for __use_two_region_memory
    startup_stm32g030xx.o(.text) refers to system_stm32g0xx.o(.text.SystemInit) for SystemInit
    startup_stm32g030xx.o(.text) refers to __main.o(!!!main) for __main
    startup_stm32g030xx.o(.text) refers to startup_stm32g030xx.o(HEAP) for Heap_Mem
    startup_stm32g030xx.o(.text) refers to startup_stm32g030xx.o(STACK) for Stack_Mem
    system_stm32g0xx.o(.ARM.exidx.text.SystemInit) refers to system_stm32g0xx.o(.text.SystemInit) for [Anonymous Symbol]
    system_stm32g0xx.o(.text.SystemCoreClockUpdate) refers to aeabi_sdivfast.o(.text_divfast) for __aeabi_uidiv
    system_stm32g0xx.o(.text.SystemCoreClockUpdate) refers to system_stm32g0xx.o(.data.SystemCoreClock) for SystemCoreClock
    system_stm32g0xx.o(.text.SystemCoreClockUpdate) refers to system_stm32g0xx.o(.rodata.AHBPrescTable) for AHBPrescTable
    system_stm32g0xx.o(.ARM.exidx.text.SystemCoreClockUpdate) refers to system_stm32g0xx.o(.text.SystemCoreClockUpdate) for [Anonymous Symbol]
    __main.o(!!!main) refers to __rtentry.o(.ARM.Collect$$rtentry$$00000000) for __rt_entry
    __rtentry.o(.ARM.Collect$$rtentry$$00000000) refers (Special) to __rtentry2.o(.ARM.Collect$$rtentry$$0000000A) for __rt_entry_li
    __rtentry.o(.ARM.Collect$$rtentry$$00000000) refers (Special) to __rtentry2.o(.ARM.Collect$$rtentry$$0000000D) for __rt_entry_main
    __rtentry.o(.ARM.Collect$$rtentry$$00000000) refers (Special) to __rtentry2.o(.ARM.Collect$$rtentry$$0000000C) for __rt_entry_postli_1
    __rtentry.o(.ARM.Collect$$rtentry$$00000000) refers (Special) to __rtentry2.o(.ARM.Collect$$rtentry$$00000009) for __rt_entry_postsh_1
    __rtentry.o(.ARM.Collect$$rtentry$$00000000) refers (Special) to __rtentry2.o(.ARM.Collect$$rtentry$$00000002) for __rt_entry_presh_1
    __rtentry.o(.ARM.Collect$$rtentry$$00000000) refers (Special) to __rtentry4.o(.ARM.Collect$$rtentry$$00000004) for __rt_entry_sh
    aeabi_idiv0_sigfpe.o(.text) refers to rt_div0.o(.text) for __rt_div0
    __rtentry2.o(.ARM.Collect$$rtentry$$00000008) refers to boardinit2.o(.text) for _platform_post_stackheap_init
    __rtentry2.o(.ARM.Collect$$rtentry$$0000000A) refers to libinit.o(.ARM.Collect$$libinit$$00000000) for __rt_lib_init
    __rtentry2.o(.ARM.Collect$$rtentry$$0000000B) refers to boardinit3.o(.text) for _platform_post_lib_init
    __rtentry2.o(.ARM.Collect$$rtentry$$0000000D) refers to main.o(.text.main) for main
    __rtentry2.o(.ARM.Collect$$rtentry$$0000000D) refers to exit.o(.text) for exit
    __rtentry2.o(.ARM.exidx) refers to __rtentry2.o(.ARM.Collect$$rtentry$$00000001) for .ARM.Collect$$rtentry$$00000001
    __rtentry2.o(.ARM.exidx) refers to __rtentry2.o(.ARM.Collect$$rtentry$$00000008) for .ARM.Collect$$rtentry$$00000008
    __rtentry2.o(.ARM.exidx) refers to __rtentry2.o(.ARM.Collect$$rtentry$$0000000A) for .ARM.Collect$$rtentry$$0000000A
    __rtentry2.o(.ARM.exidx) refers to __rtentry2.o(.ARM.Collect$$rtentry$$0000000B) for .ARM.Collect$$rtentry$$0000000B
    __rtentry2.o(.ARM.exidx) refers to __rtentry2.o(.ARM.Collect$$rtentry$$0000000D) for .ARM.Collect$$rtentry$$0000000D
    __rtentry4.o(.ARM.Collect$$rtentry$$00000004) refers to sys_stackheap_outer.o(.text) for __user_setup_stackheap
    __rtentry4.o(.ARM.exidx) refers to __rtentry4.o(.ARM.Collect$$rtentry$$00000004) for .ARM.Collect$$rtentry$$00000004
    rt_div0.o(.text) refers to defsig_fpe_outer.o(.text) for __rt_SIGFPE
    sys_stackheap_outer.o(.text) refers to libspace.o(.text) for __user_perproc_libspace
    sys_stackheap_outer.o(.text) refers to startup_stm32g030xx.o(.text) for __user_initial_stackheap
    sys_stackheap_outer.o(__vectab_stack_and_reset_area) refers to tempstk.o(.text) for __temporary_stack_top
    sys_stackheap_outer.o(__vectab_stack_and_reset_area) refers to __main.o(!!!main) for __main
    exit.o(.text) refers to rtexit.o(.ARM.Collect$$rtexit$$00000000) for __rt_exit
    defsig_fpe_outer.o(.text) refers to defsig_fpe_inner.o(.text) for __rt_SIGFPE_inner
    defsig_fpe_outer.o(.text) refers to defsig_exit.o(.text) for __sig_exit
    defsig_fpe_formal.o(.text) refers to rt_raise.o(.text) for __rt_raise
    libinit.o(.ARM.Collect$$libinit$$00000000) refers (Special) to libinit2.o(.ARM.Collect$$libinit$$00000030) for __rt_lib_init_alloca_1
    libinit.o(.ARM.Collect$$libinit$$00000000) refers (Special) to libinit2.o(.ARM.Collect$$libinit$$0000002E) for __rt_lib_init_argv_1
    libinit.o(.ARM.Collect$$libinit$$00000000) refers (Special) to libinit2.o(.ARM.Collect$$libinit$$0000001D) for __rt_lib_init_atexit_1
    libinit.o(.ARM.Collect$$libinit$$00000000) refers (Special) to libinit2.o(.ARM.Collect$$libinit$$00000023) for __rt_lib_init_clock_1
    libinit.o(.ARM.Collect$$libinit$$00000000) refers (Special) to libinit2.o(.ARM.Collect$$libinit$$00000034) for __rt_lib_init_cpp_1
    libinit.o(.ARM.Collect$$libinit$$00000000) refers (Special) to libinit2.o(.ARM.Collect$$libinit$$00000032) for __rt_lib_init_exceptions_1
    libinit.o(.ARM.Collect$$libinit$$00000000) refers (Special) to libinit2.o(.ARM.Collect$$libinit$$00000002) for __rt_lib_init_fp_1
    libinit.o(.ARM.Collect$$libinit$$00000000) refers (Special) to libinit2.o(.ARM.Collect$$libinit$$00000021) for __rt_lib_init_fp_trap_1
    libinit.o(.ARM.Collect$$libinit$$00000000) refers (Special) to libinit2.o(.ARM.Collect$$libinit$$00000025) for __rt_lib_init_getenv_1
    libinit.o(.ARM.Collect$$libinit$$00000000) refers (Special) to libinit2.o(.ARM.Collect$$libinit$$0000000C) for __rt_lib_init_heap_1
    libinit.o(.ARM.Collect$$libinit$$00000000) refers (Special) to libinit2.o(.ARM.Collect$$libinit$$00000013) for __rt_lib_init_lc_collate_1
    libinit.o(.ARM.Collect$$libinit$$00000000) refers (Special) to libinit2.o(.ARM.Collect$$libinit$$00000015) for __rt_lib_init_lc_ctype_1
    libinit.o(.ARM.Collect$$libinit$$00000000) refers (Special) to libinit2.o(.ARM.Collect$$libinit$$00000017) for __rt_lib_init_lc_monetary_1
    libinit.o(.ARM.Collect$$libinit$$00000000) refers (Special) to libinit2.o(.ARM.Collect$$libinit$$00000019) for __rt_lib_init_lc_numeric_1
    libinit.o(.ARM.Collect$$libinit$$00000000) refers (Special) to libinit2.o(.ARM.Collect$$libinit$$0000001B) for __rt_lib_init_lc_time_1
    libinit.o(.ARM.Collect$$libinit$$00000000) refers (Special) to libinit2.o(.ARM.Collect$$libinit$$00000006) for __rt_lib_init_preinit_1
    libinit.o(.ARM.Collect$$libinit$$00000000) refers (Special) to libinit2.o(.ARM.Collect$$libinit$$00000010) for __rt_lib_init_rand_1
    libinit.o(.ARM.Collect$$libinit$$00000000) refers (Special) to libinit2.o(.ARM.Collect$$libinit$$00000004) for __rt_lib_init_relocate_pie_1
    libinit.o(.ARM.Collect$$libinit$$00000000) refers (Special) to libinit2.o(.ARM.Collect$$libinit$$00000035) for __rt_lib_init_return
    libinit.o(.ARM.Collect$$libinit$$00000000) refers (Special) to libinit2.o(.ARM.Collect$$libinit$$0000001F) for __rt_lib_init_signal_1
    libinit.o(.ARM.Collect$$libinit$$00000000) refers (Special) to libinit2.o(.ARM.Collect$$libinit$$00000027) for __rt_lib_init_stdio_1
    libinit.o(.ARM.Collect$$libinit$$00000000) refers (Special) to libinit2.o(.ARM.Collect$$libinit$$0000000E) for __rt_lib_init_user_alloc_1
    libspace.o(.text) refers to libspace.o(.bss) for __libspace_start
    rtexit.o(.ARM.Collect$$rtexit$$00000000) refers (Special) to rtexit2.o(.ARM.Collect$$rtexit$$00000004) for __rt_exit_exit
    rtexit.o(.ARM.Collect$$rtexit$$00000000) refers (Special) to rtexit2.o(.ARM.Collect$$rtexit$$00000003) for __rt_exit_ls
    rtexit.o(.ARM.Collect$$rtexit$$00000000) refers (Special) to rtexit2.o(.ARM.Collect$$rtexit$$00000002) for __rt_exit_prels_1
    rtexit.o(.ARM.exidx) refers (Special) to rtexit2.o(.ARM.Collect$$rtexit$$00000004) for __rt_exit_exit
    rtexit.o(.ARM.exidx) refers (Special) to rtexit2.o(.ARM.Collect$$rtexit$$00000003) for __rt_exit_ls
    rtexit.o(.ARM.exidx) refers (Special) to rtexit2.o(.ARM.Collect$$rtexit$$00000002) for __rt_exit_prels_1
    rtexit.o(.ARM.exidx) refers to rtexit.o(.ARM.Collect$$rtexit$$00000000) for .ARM.Collect$$rtexit$$00000000
    rt_raise.o(.text) refers to __raise.o(.text) for __raise
    rt_raise.o(.text) refers to sys_exit.o(.text) for _sys_exit
    defsig_exit.o(.text) refers to sys_exit.o(.text) for _sys_exit
    defsig_fpe_inner.o(.text) refers to defsig_general.o(.text) for __default_signal_display
    libinit2.o(.ARM.Collect$$libinit$$00000012) refers to libinit2.o(.ARM.Collect$$libinit$$00000011) for .ARM.Collect$$libinit$$00000011
    libinit2.o(.ARM.Collect$$libinit$$00000014) refers to libinit2.o(.ARM.Collect$$libinit$$00000011) for .ARM.Collect$$libinit$$00000011
    libinit2.o(.ARM.Collect$$libinit$$00000016) refers to libinit2.o(.ARM.Collect$$libinit$$00000011) for .ARM.Collect$$libinit$$00000011
    libinit2.o(.ARM.Collect$$libinit$$00000018) refers to libinit2.o(.ARM.Collect$$libinit$$00000011) for .ARM.Collect$$libinit$$00000011
    libinit2.o(.ARM.Collect$$libinit$$0000001A) refers to libinit2.o(.ARM.Collect$$libinit$$00000011) for .ARM.Collect$$libinit$$00000011
    libinit2.o(.ARM.Collect$$libinit$$00000028) refers to argv_veneer.o(.text) for __ARM_argv_veneer
    libinit2.o(.ARM.Collect$$libinit$$00000029) refers to argv_veneer.o(.text) for __ARM_argv_veneer
    sys_exit.o(.text) refers (Special) to use_no_semi.o(.text) for __I$use$semihosting
    sys_exit.o(.text) refers (Special) to indicate_semi.o(.text) for __semihosting_library_function
    sys_exit_hlt.o(.text) refers (Special) to use_no_semi.o(.text) for __I$use$semihosting
    sys_exit_hlt.o(.text) refers (Special) to indicate_semi.o(.text) for __semihosting_library_function
    rtexit2.o(.ARM.Collect$$rtexit$$00000003) refers to libshutdown.o(.ARM.Collect$$libshutdown$$00000000) for __rt_lib_shutdown
    rtexit2.o(.ARM.Collect$$rtexit$$00000004) refers to sys_exit.o(.text) for _sys_exit
    rtexit2.o(.ARM.exidx) refers to rtexit2.o(.ARM.Collect$$rtexit$$00000001) for .ARM.Collect$$rtexit$$00000001
    rtexit2.o(.ARM.exidx) refers to rtexit2.o(.ARM.Collect$$rtexit$$00000003) for .ARM.Collect$$rtexit$$00000003
    rtexit2.o(.ARM.exidx) refers to rtexit2.o(.ARM.Collect$$rtexit$$00000004) for .ARM.Collect$$rtexit$$00000004
    __raise.o(.text) refers to defsig.o(CL$$defsig) for __default_signal_handler
    defsig_general.o(.text) refers to sys_wrch.o(.text) for _ttywrch
    sys_wrch.o(.text) refers (Special) to use_no_semi.o(.text) for __I$use$semihosting
    sys_wrch.o(.text) refers (Special) to indicate_semi.o(.text) for __semihosting_library_function
    sys_wrch_hlt.o(.text) refers (Special) to use_no_semi.o(.text) for __I$use$semihosting
    sys_wrch_hlt.o(.text) refers (Special) to indicate_semi.o(.text) for __semihosting_library_function
    defsig.o(CL$$defsig) refers to defsig_fpe_inner.o(.text) for __rt_SIGFPE_inner
    defsig.o(CL$$defsig) refers to defsig_rtmem_inner.o(.text) for __rt_SIGRTMEM_inner
    _get_argv_nomalloc.o(.text) refers (Special) to hrguard.o(.text) for __heap_region$guard
    _get_argv_nomalloc.o(.text) refers to defsig_rtmem_outer.o(.text) for __rt_SIGRTMEM
    _get_argv_nomalloc.o(.text) refers to sys_command.o(.text) for _sys_command_string
    libshutdown.o(.ARM.Collect$$libshutdown$$00000000) refers (Special) to libshutdown2.o(.ARM.Collect$$libshutdown$$00000002) for __rt_lib_shutdown_cpp_1
    libshutdown.o(.ARM.Collect$$libshutdown$$00000000) refers (Special) to libshutdown2.o(.ARM.Collect$$libshutdown$$00000007) for __rt_lib_shutdown_fp_trap_1
    libshutdown.o(.ARM.Collect$$libshutdown$$00000000) refers (Special) to libshutdown2.o(.ARM.Collect$$libshutdown$$0000000F) for __rt_lib_shutdown_heap_1
    libshutdown.o(.ARM.Collect$$libshutdown$$00000000) refers (Special) to libshutdown2.o(.ARM.Collect$$libshutdown$$00000010) for __rt_lib_shutdown_return
    libshutdown.o(.ARM.Collect$$libshutdown$$00000000) refers (Special) to libshutdown2.o(.ARM.Collect$$libshutdown$$0000000A) for __rt_lib_shutdown_signal_1
    libshutdown.o(.ARM.Collect$$libshutdown$$00000000) refers (Special) to libshutdown2.o(.ARM.Collect$$libshutdown$$00000004) for __rt_lib_shutdown_stdio_1
    libshutdown.o(.ARM.Collect$$libshutdown$$00000000) refers (Special) to libshutdown2.o(.ARM.Collect$$libshutdown$$0000000C) for __rt_lib_shutdown_user_alloc_1
    sys_command.o(.text) refers (Special) to use_no_semi.o(.text) for __I$use$semihosting
    sys_command.o(.text) refers (Special) to indicate_semi.o(.text) for __semihosting_library_function
    sys_command_hlt.o(.text) refers (Special) to use_no_semi.o(.text) for __I$use$semihosting
    sys_command_hlt.o(.text) refers (Special) to indicate_semi.o(.text) for __semihosting_library_function
    defsig_abrt_inner.o(.text) refers to defsig_general.o(.text) for __default_signal_display
    defsig_rtred_inner.o(.text) refers to defsig_general.o(.text) for __default_signal_display
    defsig_rtmem_inner.o(.text) refers to defsig_general.o(.text) for __default_signal_display
    defsig_rtmem_outer.o(.text) refers to defsig_rtmem_inner.o(.text) for __rt_SIGRTMEM_inner
    defsig_rtmem_outer.o(.text) refers to defsig_exit.o(.text) for __sig_exit
    defsig_rtmem_formal.o(.text) refers to rt_raise.o(.text) for __rt_raise
    defsig_stak_inner.o(.text) refers to defsig_general.o(.text) for __default_signal_display
    defsig_pvfn_inner.o(.text) refers to defsig_general.o(.text) for __default_signal_display
    defsig_cppl_inner.o(.text) refers to defsig_general.o(.text) for __default_signal_display
    defsig_segv_inner.o(.text) refers to defsig_general.o(.text) for __default_signal_display
    defsig_other.o(.text) refers to defsig_general.o(.text) for __default_signal_display


==============================================================================

Removing Unused input sections from the image.

    Removing main.o(.text), (0 bytes).
    Removing main.o(.ARM.exidx.text.main), (8 bytes).
    Removing main.o(.ARM.use_no_argv), (4 bytes).
    Removing app.o(.text), (0 bytes).
    Removing app.o(.ARM.exidx.text.App_Config), (8 bytes).
    Removing app.o(.ARM.exidx.text.App_Mainloop), (8 bytes).
    Removing wdt.o(.text), (0 bytes).
    Removing wdt.o(.ARM.exidx.text.WDT_Init), (8 bytes).
    Removing wdt.o(.ARM.exidx.text.WDT_Reload), (8 bytes).
    Removing dispcom.o(.text), (0 bytes).
    Removing dispcom.o(.text.DispCom_Struct_Init), (68 bytes).
    Removing dispcom.o(.ARM.exidx.text.DispCom_Struct_Init), (8 bytes).
    Removing dispcom.o(.text.DispCom_RX_Packet_Struct_Init), (24 bytes).
    Removing dispcom.o(.ARM.exidx.text.DispCom_RX_Packet_Struct_Init), (8 bytes).
    Removing dispcom.o(.text.DispCom_Config_GPIO), (68 bytes).
    Removing dispcom.o(.ARM.exidx.text.DispCom_Config_GPIO), (8 bytes).
    Removing dispcom.o(.text.DispCom_Config_Clock), (20 bytes).
    Removing dispcom.o(.ARM.exidx.text.DispCom_Config_Clock), (8 bytes).
    Removing dispcom.o(.text.DispCom_Config_BAUD_Rate), (40 bytes).
    Removing dispcom.o(.ARM.exidx.text.DispCom_Config_BAUD_Rate), (8 bytes).
    Removing dispcom.o(.text.DispCom_Config_Tx), (32 bytes).
    Removing dispcom.o(.ARM.exidx.text.DispCom_Config_Tx), (8 bytes).
    Removing dispcom.o(.text.DispCom_Config_Rx), (32 bytes).
    Removing dispcom.o(.ARM.exidx.text.DispCom_Config_Rx), (8 bytes).
    Removing dispcom.o(.text.DispCom_Config_Rx_Interrupt), (48 bytes).
    Removing dispcom.o(.ARM.exidx.text.DispCom_Config_Rx_Interrupt), (8 bytes).
    Removing dispcom.o(.text.DispCom_Clear_Interrupt_Flag), (2 bytes).
    Removing dispcom.o(.ARM.exidx.text.DispCom_Clear_Interrupt_Flag), (8 bytes).
    Removing dispcom.o(.text.DispCom_Tx_Byte), (28 bytes).
    Removing dispcom.o(.ARM.exidx.text.DispCom_Tx_Byte), (8 bytes).
    Removing dispcom.o(.text.DispCom_Rx_Byte), (24 bytes).
    Removing dispcom.o(.ARM.exidx.text.DispCom_Rx_Byte), (8 bytes).
    Removing dispcom.o(.ARM.exidx.text.USART1_IRQHandler), (8 bytes).
    Removing dispcom.o(.text.DispCom_ISR_Handler), (104 bytes).
    Removing dispcom.o(.ARM.exidx.text.DispCom_ISR_Handler), (8 bytes).
    Removing dispcom.o(.text.DispCom_Timer_Struct_Init), (20 bytes).
    Removing dispcom.o(.ARM.exidx.text.DispCom_Timer_Struct_Init), (8 bytes).
    Removing dispcom.o(.text.DispCom_Timer_Init), (72 bytes).
    Removing dispcom.o(.ARM.exidx.text.DispCom_Timer_Init), (8 bytes).
    Removing dispcom.o(.text.DispCom_Timer_Enable), (16 bytes).
    Removing dispcom.o(.ARM.exidx.text.DispCom_Timer_Enable), (8 bytes).
    Removing dispcom.o(.text.DispCom_Timer_Disable), (16 bytes).
    Removing dispcom.o(.ARM.exidx.text.DispCom_Timer_Disable), (8 bytes).
    Removing dispcom.o(.text.DispCom_Timer_Get_Status), (12 bytes).
    Removing dispcom.o(.ARM.exidx.text.DispCom_Timer_Get_Status), (8 bytes).
    Removing dispcom.o(.text.DispCom_Timer_Get_Val), (12 bytes).
    Removing dispcom.o(.ARM.exidx.text.DispCom_Timer_Get_Val), (8 bytes).
    Removing dispcom.o(.text.DispCom_Timer_Value_Reset), (12 bytes).
    Removing dispcom.o(.ARM.exidx.text.DispCom_Timer_Value_Reset), (8 bytes).
    Removing dispcom.o(.text.DispCom_Timer_Clear_Interrupt_Flag), (24 bytes).
    Removing dispcom.o(.ARM.exidx.text.DispCom_Timer_Clear_Interrupt_Flag), (8 bytes).
    Removing dispcom.o(.ARM.exidx.text.TIM16_IRQHandler), (8 bytes).
    Removing dispcom.o(.ARM.exidx.text.DispCom_Timer_ISR_Handler), (8 bytes).
    Removing dispcom.o(.text.DispCom_Tx_Buf), (44 bytes).
    Removing dispcom.o(.ARM.exidx.text.DispCom_Tx_Buf), (8 bytes).
    Removing dispcom.o(.text.DispCom_Tx_NL), (44 bytes).
    Removing dispcom.o(.ARM.exidx.text.DispCom_Tx_NL), (8 bytes).
    Removing dispcom.o(.text.DispCom_Tx_SP), (28 bytes).
    Removing dispcom.o(.ARM.exidx.text.DispCom_Tx_SP), (8 bytes).
    Removing dispcom.o(.text.DispCom_Tx_CM), (28 bytes).
    Removing dispcom.o(.ARM.exidx.text.DispCom_Tx_CM), (8 bytes).
    Removing dispcom.o(.text.DispCom_Tx_Text), (48 bytes).
    Removing dispcom.o(.ARM.exidx.text.DispCom_Tx_Text), (8 bytes).
    Removing dispcom.o(.text.DispCom_Tx_Text_NL), (84 bytes).
    Removing dispcom.o(.ARM.exidx.text.DispCom_Tx_Text_NL), (8 bytes).
    Removing dispcom.o(.text.DispCom_Tx_Text_SP), (68 bytes).
    Removing dispcom.o(.ARM.exidx.text.DispCom_Tx_Text_SP), (8 bytes).
    Removing dispcom.o(.text.DispCom_Tx_Text_CM), (68 bytes).
    Removing dispcom.o(.ARM.exidx.text.DispCom_Tx_Text_CM), (8 bytes).
    Removing dispcom.o(.text.DispCom_Determine_Digit_Numbers), (64 bytes).
    Removing dispcom.o(.ARM.exidx.text.DispCom_Determine_Digit_Numbers), (8 bytes).
    Removing dispcom.o(.text.DispCom_Tx_Number_Digits), (56 bytes).
    Removing dispcom.o(.ARM.exidx.text.DispCom_Tx_Number_Digits), (8 bytes).
    Removing dispcom.o(.text.DispCom_Tx_Number), (140 bytes).
    Removing dispcom.o(.ARM.exidx.text.DispCom_Tx_Number), (8 bytes).
    Removing dispcom.o(.text.DispCom_Tx_Number_Hex), (144 bytes).
    Removing dispcom.o(.ARM.exidx.text.DispCom_Tx_Number_Hex), (8 bytes).
    Removing dispcom.o(.text.DispCom_Tx_Number_Bin), (108 bytes).
    Removing dispcom.o(.ARM.exidx.text.DispCom_Tx_Number_Bin), (8 bytes).
    Removing dispcom.o(.ARM.exidx.text.DispCom_Tx_Number_NL), (8 bytes).
    Removing dispcom.o(.text.DispCom_Tx_Number_SP), (160 bytes).
    Removing dispcom.o(.ARM.exidx.text.DispCom_Tx_Number_SP), (8 bytes).
    Removing dispcom.o(.ARM.exidx.text.DispCom_Tx_Number_CM), (8 bytes).
    Removing dispcom.o(.text.DispCom_Tx_Number_Hex_NL), (180 bytes).
    Removing dispcom.o(.ARM.exidx.text.DispCom_Tx_Number_Hex_NL), (8 bytes).
    Removing dispcom.o(.text.DispCom_Tx_Number_Hex_SP), (164 bytes).
    Removing dispcom.o(.ARM.exidx.text.DispCom_Tx_Number_Hex_SP), (8 bytes).
    Removing dispcom.o(.text.DispCom_Tx_Number_Hex_CM), (164 bytes).
    Removing dispcom.o(.ARM.exidx.text.DispCom_Tx_Number_Hex_CM), (8 bytes).
    Removing dispcom.o(.text.DispCom_Tx_Number_Bin_NL), (140 bytes).
    Removing dispcom.o(.ARM.exidx.text.DispCom_Tx_Number_Bin_NL), (8 bytes).
    Removing dispcom.o(.text.DispCom_Tx_Number_Bin_SP), (124 bytes).
    Removing dispcom.o(.ARM.exidx.text.DispCom_Tx_Number_Bin_SP), (8 bytes).
    Removing dispcom.o(.text.DispCom_Tx_Number_Bin_CM), (124 bytes).
    Removing dispcom.o(.ARM.exidx.text.DispCom_Tx_Number_Bin_CM), (8 bytes).
    Removing dispcom.o(.text.DispCom_Tx_Parameter_NL), (72 bytes).
    Removing dispcom.o(.ARM.exidx.text.DispCom_Tx_Parameter_NL), (8 bytes).
    Removing dispcom.o(.text.DispCom_Tx_Parameter_SP), (204 bytes).
    Removing dispcom.o(.ARM.exidx.text.DispCom_Tx_Parameter_SP), (8 bytes).
    Removing dispcom.o(.text.DispCom_Tx_Parameter_CM), (204 bytes).
    Removing dispcom.o(.ARM.exidx.text.DispCom_Tx_Parameter_CM), (8 bytes).
    Removing dispcom.o(.text.DispCom_Tx_Parameter_Hex_NL), (72 bytes).
    Removing dispcom.o(.ARM.exidx.text.DispCom_Tx_Parameter_Hex_NL), (8 bytes).
    Removing dispcom.o(.text.DispCom_Tx_Parameter_Hex_SP), (224 bytes).
    Removing dispcom.o(.ARM.exidx.text.DispCom_Tx_Parameter_Hex_SP), (8 bytes).
    Removing dispcom.o(.text.DispCom_Tx_Parameter_Hex_CM), (224 bytes).
    Removing dispcom.o(.ARM.exidx.text.DispCom_Tx_Parameter_Hex_CM), (8 bytes).
    Removing dispcom.o(.text.DispCom_Tx_Parameter_Bin_NL), (72 bytes).
    Removing dispcom.o(.ARM.exidx.text.DispCom_Tx_Parameter_Bin_NL), (8 bytes).
    Removing dispcom.o(.text.DispCom_Tx_Parameter_Bin_SP), (180 bytes).
    Removing dispcom.o(.ARM.exidx.text.DispCom_Tx_Parameter_Bin_SP), (8 bytes).
    Removing dispcom.o(.text.DispCom_Tx_Parameter_Bin_CM), (180 bytes).
    Removing dispcom.o(.ARM.exidx.text.DispCom_Tx_Parameter_Bin_CM), (8 bytes).
    Removing dispcom.o(.text.DispCom_Buf_Flush), (28 bytes).
    Removing dispcom.o(.ARM.exidx.text.DispCom_Buf_Flush), (8 bytes).
    Removing dispcom.o(.text.DispCom_Buf_Set), (12 bytes).
    Removing dispcom.o(.ARM.exidx.text.DispCom_Buf_Set), (8 bytes).
    Removing dispcom.o(.text.DispCom_Buf_Get), (12 bytes).
    Removing dispcom.o(.ARM.exidx.text.DispCom_Buf_Get), (8 bytes).
    Removing dispcom.o(.text.DispCom_Buf_Get_Index), (12 bytes).
    Removing dispcom.o(.ARM.exidx.text.DispCom_Buf_Get_Index), (8 bytes).
    Removing dispcom.o(.text.DispCom_Data_Available), (12 bytes).
    Removing dispcom.o(.ARM.exidx.text.DispCom_Data_Available), (8 bytes).
    Removing dispcom.o(.text.DispCom_Data_Len_Get), (12 bytes).
    Removing dispcom.o(.ARM.exidx.text.DispCom_Data_Len_Get), (8 bytes).
    Removing dispcom.o(.text.DispCom_Data_Calculated_CRC_Get), (12 bytes).
    Removing dispcom.o(.ARM.exidx.text.DispCom_Data_Calculated_CRC_Get), (8 bytes).
    Removing dispcom.o(.text.DispCom_Data_Received_CRC_Get), (12 bytes).
    Removing dispcom.o(.ARM.exidx.text.DispCom_Data_Received_CRC_Get), (8 bytes).
    Removing dispcom.o(.text.DispCom_Data_CRC_Status_Get), (12 bytes).
    Removing dispcom.o(.ARM.exidx.text.DispCom_Data_CRC_Status_Get), (8 bytes).
    Removing dispcom.o(.text.DispCom_Data_Read_Complete_Status), (12 bytes).
    Removing dispcom.o(.ARM.exidx.text.DispCom_Data_Read_Complete_Status), (8 bytes).
    Removing dispcom.o(.text.DispCom_Data_Clear_Available_Flag), (16 bytes).
    Removing dispcom.o(.ARM.exidx.text.DispCom_Data_Clear_Available_Flag), (8 bytes).
    Removing dispcom.o(.text.DispCom_Data_Clear_Read_Complete_Flag), (36 bytes).
    Removing dispcom.o(.ARM.exidx.text.DispCom_Data_Clear_Read_Complete_Flag), (8 bytes).
    Removing dispcom.o(.text.DispCom_Data_Copy_Buf), (36 bytes).
    Removing dispcom.o(.ARM.exidx.text.DispCom_Data_Copy_Buf), (8 bytes).
    Removing dispcom.o(.text.DispCom_Data_Print_Buf), (24 bytes).
    Removing dispcom.o(.ARM.exidx.text.DispCom_Data_Print_Buf), (8 bytes).
    Removing dispcom.o(.text.DispCom_Error_Code_Get), (12 bytes).
    Removing dispcom.o(.ARM.exidx.text.DispCom_Error_Code_Get), (8 bytes).
    Removing dispcom.o(.text.DispCom_Error_Code_Clear), (12 bytes).
    Removing dispcom.o(.ARM.exidx.text.DispCom_Error_Code_Clear), (8 bytes).
    Removing dispcom.o(.text.DispCom_RX_Packet_CRC_Check), (148 bytes).
    Removing dispcom.o(.ARM.exidx.text.DispCom_RX_Packet_CRC_Check), (8 bytes).
    Removing dispcom.o(.text.DispCom_RX_Packet_Rough_Check_Disassemble), (2 bytes).
    Removing dispcom.o(.ARM.exidx.text.DispCom_RX_Packet_Rough_Check_Disassemble), (8 bytes).
    Removing dispcom.o(.text.DispCom_CRC_Calculate_Byte), (40 bytes).
    Removing dispcom.o(.ARM.exidx.text.DispCom_CRC_Calculate_Byte), (8 bytes).
    Removing dispcom.o(.text.DispCom_CRC_Calculate_Block), (68 bytes).
    Removing dispcom.o(.ARM.exidx.text.DispCom_CRC_Calculate_Block), (8 bytes).
    Removing dispcom.o(.text.DispCom_RX_Packet_Read_Complete), (60 bytes).
    Removing dispcom.o(.ARM.exidx.text.DispCom_RX_Packet_Read_Complete), (8 bytes).
    Removing dispcom.o(.ARM.exidx.text.DispCom_Init), (8 bytes).
    Removing sevensegment.o(.text), (0 bytes).
    Removing sevensegment.o(.text.SevenSegment_Struct_Init), (48 bytes).
    Removing sevensegment.o(.ARM.exidx.text.SevenSegment_Struct_Init), (8 bytes).
    Removing sevensegment.o(.ARM.exidx.text.SevenSegment_GPIO_Init), (8 bytes).
    Removing sevensegment.o(.text.SevenSegment_Timer_Init), (84 bytes).
    Removing sevensegment.o(.ARM.exidx.text.SevenSegment_Timer_Init), (8 bytes).
    Removing sevensegment.o(.ARM.exidx.text.TIM14_IRQHandler), (8 bytes).
    Removing sevensegment.o(.text.SevenSegment_ISR_Executables), (8 bytes).
    Removing sevensegment.o(.ARM.exidx.text.SevenSegment_ISR_Executables), (8 bytes).
    Removing sevensegment.o(.text.SevenSegment_Set_Segment_Pins), (20 bytes).
    Removing sevensegment.o(.ARM.exidx.text.SevenSegment_Set_Segment_Pins), (8 bytes).
    Removing sevensegment.o(.text.SevenSegment_Assign_Segment_Value), (44 bytes).
    Removing sevensegment.o(.ARM.exidx.text.SevenSegment_Assign_Segment_Value), (8 bytes).
    Removing sevensegment.o(.ARM.exidx.text.SevenSegment_Activate_Digit), (8 bytes).
    Removing sevensegment.o(.text.SevenSegment_Assign_Digit_Value), (48 bytes).
    Removing sevensegment.o(.ARM.exidx.text.SevenSegment_Assign_Digit_Value), (8 bytes).
    Removing sevensegment.o(.ARM.exidx.text.SevenSegment_Brightness_Handler), (8 bytes).
    Removing sevensegment.o(.ARM.exidx.text.SevenSegment_Set_Dp), (8 bytes).
    Removing sevensegment.o(.ARM.exidx.text.SevenSegment_Set_Value), (8 bytes).
    Removing sevensegment.o(.ARM.exidx.text.SevenSegment_Set_Brightness), (8 bytes).
    Removing sevensegment.o(.ARM.exidx.text.SevenSegment_Init), (8 bytes).
    Removing adc.o(.text), (0 bytes).
    Removing adc.o(.text.ADC_Struct_Init), (2 bytes).
    Removing adc.o(.ARM.exidx.text.ADC_Struct_Init), (8 bytes).
    Removing adc.o(.ARM.exidx.text.ADC_Reg_Init), (8 bytes).
    Removing adc.o(.ARM.exidx.text.ADC_Read_Channel), (8 bytes).
    Removing adc.o(.ARM.exidx.text.ADC_Init), (8 bytes).
    Removing ldr.o(.text), (0 bytes).
    Removing ldr.o(.text.LDR_Struct_Init), (24 bytes).
    Removing ldr.o(.ARM.exidx.text.LDR_Struct_Init), (8 bytes).
    Removing ldr.o(.text.LDR_GPIO_Init), (32 bytes).
    Removing ldr.o(.ARM.exidx.text.LDR_GPIO_Init), (8 bytes).
    Removing ldr.o(.text.LDR_Reg_Init), (14 bytes).
    Removing ldr.o(.ARM.exidx.text.LDR_Reg_Init), (8 bytes).
    Removing ldr.o(.text.LDR_Read_Brightness), (20 bytes).
    Removing ldr.o(.ARM.exidx.text.LDR_Read_Brightness), (8 bytes).
    Removing ldr.o(.ARM.exidx.text.LDR_Control_Brightness), (8 bytes).
    Removing ldr.o(.ARM.exidx.text.LDR_Get_Current_Brightness), (8 bytes).
    Removing ldr.o(.ARM.exidx.text.LDR_Get_Calculated_Brightness), (8 bytes).
    Removing ldr.o(.ARM.exidx.text.LDR_Init), (8 bytes).
    Removing lpf.o(.text), (0 bytes).
    Removing lpf.o(.text.LPF_Struct_Init), (28 bytes).
    Removing lpf.o(.ARM.exidx.text.LPF_Struct_Init), (8 bytes).
    Removing lpf.o(.ARM.exidx.text.LPF_Set_Alpha), (8 bytes).
    Removing lpf.o(.text.LPF_Get_Alpha), (16 bytes).
    Removing lpf.o(.ARM.exidx.text.LPF_Get_Alpha), (8 bytes).
    Removing lpf.o(.ARM.exidx.text.LPF_Get_Filtered_Value), (8 bytes).
    Removing lpf.o(.ARM.exidx.text.LPF_Init), (8 bytes).
    Removing protocol.o(.text), (0 bytes).
    Removing protocol.o(.text.Protocol_Struct_Init), (32 bytes).
    Removing protocol.o(.ARM.exidx.text.Protocol_Struct_Init), (8 bytes).
    Removing protocol.o(.bss.Protocol), (28 bytes).
    Removing system_stm32g0xx.o(.text), (0 bytes).
    Removing system_stm32g0xx.o(.ARM.exidx.text.SystemInit), (8 bytes).
    Removing system_stm32g0xx.o(.text.SystemCoreClockUpdate), (144 bytes).
    Removing system_stm32g0xx.o(.ARM.exidx.text.SystemCoreClockUpdate), (8 bytes).
    Removing system_stm32g0xx.o(.data.SystemCoreClock), (4 bytes).
    Removing system_stm32g0xx.o(.rodata.AHBPrescTable), (64 bytes).
    Removing system_stm32g0xx.o(.rodata.APBPrescTable), (32 bytes).

215 unused section(s) (total 6292 bytes) removed from the image.

==============================================================================

Image Symbol Table

    Local Symbols

    Symbol Name                              Value     Ov Type        Size  Object(Section)

    ../clib/angel/boardlib.s                 0x00000000   Number         0  boardinit1.o ABSOLUTE
    ../clib/angel/boardlib.s                 0x00000000   Number         0  boardinit2.o ABSOLUTE
    ../clib/angel/boardlib.s                 0x00000000   Number         0  boardinit3.o ABSOLUTE
    ../clib/angel/boardlib.s                 0x00000000   Number         0  boardshut.o ABSOLUTE
    ../clib/angel/handlers.s                 0x00000000   Number         0  __scatter_zi.o ABSOLUTE
    ../clib/angel/kernel.s                   0x00000000   Number         0  __rtentry.o ABSOLUTE
    ../clib/angel/kernel.s                   0x00000000   Number         0  __rtentry2.o ABSOLUTE
    ../clib/angel/kernel.s                   0x00000000   Number         0  __rtentry4.o ABSOLUTE
    ../clib/angel/kernel.s                   0x00000000   Number         0  rtexit.o ABSOLUTE
    ../clib/angel/kernel.s                   0x00000000   Number         0  rtexit2.o ABSOLUTE
    ../clib/angel/rt.s                       0x00000000   Number         0  aeabi_idiv0.o ABSOLUTE
    ../clib/angel/rt.s                       0x00000000   Number         0  aeabi_idiv0_sigfpe.o ABSOLUTE
    ../clib/angel/rt.s                       0x00000000   Number         0  rt_div0.o ABSOLUTE
    ../clib/angel/rt.s                       0x00000000   Number         0  rt_raise.o ABSOLUTE
    ../clib/angel/scatterp.s                 0x00000000   Number         0  __scatter.o ABSOLUTE
    ../clib/angel/startup.s                  0x00000000   Number         0  __main.o ABSOLUTE
    ../clib/angel/sys.s                      0x00000000   Number         0  sys_stackheap_outer.o ABSOLUTE
    ../clib/angel/sys.s                      0x00000000   Number         0  libspace.o ABSOLUTE
    ../clib/angel/sys.s                      0x00000000   Number         0  tempstk.o ABSOLUTE
    ../clib/angel/sys.s                      0x00000000   Number         0  use_no_semi.o ABSOLUTE
    ../clib/angel/sys.s                      0x00000000   Number         0  indicate_semi.o ABSOLUTE
    ../clib/angel/sysapp.c                   0x00000000   Number         0  sys_exit.o ABSOLUTE
    ../clib/angel/sysapp.c                   0x00000000   Number         0  sys_exit_hlt.o ABSOLUTE
    ../clib/angel/sysapp.c                   0x00000000   Number         0  sys_wrch.o ABSOLUTE
    ../clib/angel/sysapp.c                   0x00000000   Number         0  sys_wrch_hlt.o ABSOLUTE
    ../clib/angel/sysapp.c                   0x00000000   Number         0  sys_command.o ABSOLUTE
    ../clib/angel/sysapp.c                   0x00000000   Number         0  sys_command_hlt.o ABSOLUTE
    ../clib/armsys.c                         0x00000000   Number         0  argv_veneer.o ABSOLUTE
    ../clib/armsys.c                         0x00000000   Number         0  _get_argv_nomalloc.o ABSOLUTE
    ../clib/armsys.c                         0x00000000   Number         0  no_argv.o ABSOLUTE
    ../clib/division.s                       0x00000000   Number         0  aeabi_sdivfast.o ABSOLUTE
    ../clib/division.s                       0x00000000   Number         0  aeabi_sdivfast_div0.o ABSOLUTE
    ../clib/heapalloc.c                      0x00000000   Number         0  hrguard.o ABSOLUTE
    ../clib/heapaux.c                        0x00000000   Number         0  heapauxi.o ABSOLUTE
    ../clib/libinit.s                        0x00000000   Number         0  libinit.o ABSOLUTE
    ../clib/libinit.s                        0x00000000   Number         0  libinit2.o ABSOLUTE
    ../clib/libinit.s                        0x00000000   Number         0  libshutdown.o ABSOLUTE
    ../clib/libinit.s                        0x00000000   Number         0  libshutdown2.o ABSOLUTE
    ../clib/signal.c                         0x00000000   Number         0  defsig_fpe_outer.o ABSOLUTE
    ../clib/signal.c                         0x00000000   Number         0  defsig_fpe_formal.o ABSOLUTE
    ../clib/signal.c                         0x00000000   Number         0  defsig_exit.o ABSOLUTE
    ../clib/signal.c                         0x00000000   Number         0  defsig_fpe_inner.o ABSOLUTE
    ../clib/signal.c                         0x00000000   Number         0  __raise.o ABSOLUTE
    ../clib/signal.c                         0x00000000   Number         0  defsig_general.o ABSOLUTE
    ../clib/signal.c                         0x00000000   Number         0  defsig_abrt_inner.o ABSOLUTE
    ../clib/signal.c                         0x00000000   Number         0  defsig_rtred_inner.o ABSOLUTE
    ../clib/signal.c                         0x00000000   Number         0  defsig_rtmem_inner.o ABSOLUTE
    ../clib/signal.c                         0x00000000   Number         0  defsig_rtmem_outer.o ABSOLUTE
    ../clib/signal.c                         0x00000000   Number         0  defsig_rtmem_formal.o ABSOLUTE
    ../clib/signal.c                         0x00000000   Number         0  defsig_stak_inner.o ABSOLUTE
    ../clib/signal.c                         0x00000000   Number         0  defsig_pvfn_inner.o ABSOLUTE
    ../clib/signal.c                         0x00000000   Number         0  defsig_cppl_inner.o ABSOLUTE
    ../clib/signal.c                         0x00000000   Number         0  defsig_segv_inner.o ABSOLUTE
    ../clib/signal.c                         0x00000000   Number         0  defsig_other.o ABSOLUTE
    ../clib/signal.s                         0x00000000   Number         0  defsig.o ABSOLUTE
    ../clib/stdlib.c                         0x00000000   Number         0  exit.o ABSOLUTE
    ../fplib/cfplib/fpinit.c                 0x00000000   Number         0  fpinit.o ABSOLUTE
    RTE/Device/STM32G030F6Px/startup_stm32g030xx.s 0x00000000   Number         0  startup_stm32g030xx.o ABSOLUTE
    adc.c                                    0x00000000   Number         0  adc.o ABSOLUTE
    app.c                                    0x00000000   Number         0  app.o ABSOLUTE
    dc.s                                     0x00000000   Number         0  dc.o ABSOLUTE
    dispcom.c                                0x00000000   Number         0  dispcom.o ABSOLUTE
    ldr.c                                    0x00000000   Number         0  ldr.o ABSOLUTE
    lpf.c                                    0x00000000   Number         0  lpf.o ABSOLUTE
    main.c                                   0x00000000   Number         0  main.o ABSOLUTE
    protocol.c                               0x00000000   Number         0  protocol.o ABSOLUTE
    sevensegment.c                           0x00000000   Number         0  sevensegment.o ABSOLUTE
    system_stm32g0xx.c                       0x00000000   Number         0  system_stm32g0xx.o ABSOLUTE
    wdt.c                                    0x00000000   Number         0  wdt.o ABSOLUTE
    RESET                                    0x08000000   Section      192  startup_stm32g030xx.o(RESET)
    !!!main                                  0x080000c0   Section        8  __main.o(!!!main)
    !!!scatter                               0x080000c8   Section       84  __scatter.o(!!!scatter)
    !!handler_null                           0x0800011c   Section        2  __scatter.o(!!handler_null)
    !!handler_zi                             0x08000120   Section       28  __scatter_zi.o(!!handler_zi)
    .ARM.Collect$$libinit$$00000000          0x0800013c   Section        2  libinit.o(.ARM.Collect$$libinit$$00000000)
    .ARM.Collect$$libinit$$00000002          0x0800013e   Section        0  libinit2.o(.ARM.Collect$$libinit$$00000002)
    .ARM.Collect$$libinit$$00000004          0x0800013e   Section        0  libinit2.o(.ARM.Collect$$libinit$$00000004)
    .ARM.Collect$$libinit$$00000006          0x0800013e   Section        0  libinit2.o(.ARM.Collect$$libinit$$00000006)
    .ARM.Collect$$libinit$$0000000C          0x0800013e   Section        0  libinit2.o(.ARM.Collect$$libinit$$0000000C)
    .ARM.Collect$$libinit$$0000000E          0x0800013e   Section        0  libinit2.o(.ARM.Collect$$libinit$$0000000E)
    .ARM.Collect$$libinit$$00000010          0x0800013e   Section        0  libinit2.o(.ARM.Collect$$libinit$$00000010)
    .ARM.Collect$$libinit$$00000013          0x0800013e   Section        0  libinit2.o(.ARM.Collect$$libinit$$00000013)
    .ARM.Collect$$libinit$$00000015          0x0800013e   Section        0  libinit2.o(.ARM.Collect$$libinit$$00000015)
    .ARM.Collect$$libinit$$00000017          0x0800013e   Section        0  libinit2.o(.ARM.Collect$$libinit$$00000017)
    .ARM.Collect$$libinit$$00000019          0x0800013e   Section        0  libinit2.o(.ARM.Collect$$libinit$$00000019)
    .ARM.Collect$$libinit$$0000001B          0x0800013e   Section        0  libinit2.o(.ARM.Collect$$libinit$$0000001B)
    .ARM.Collect$$libinit$$0000001D          0x0800013e   Section        0  libinit2.o(.ARM.Collect$$libinit$$0000001D)
    .ARM.Collect$$libinit$$0000001F          0x0800013e   Section        0  libinit2.o(.ARM.Collect$$libinit$$0000001F)
    .ARM.Collect$$libinit$$00000021          0x0800013e   Section        0  libinit2.o(.ARM.Collect$$libinit$$00000021)
    .ARM.Collect$$libinit$$00000023          0x0800013e   Section        0  libinit2.o(.ARM.Collect$$libinit$$00000023)
    .ARM.Collect$$libinit$$00000025          0x0800013e   Section        0  libinit2.o(.ARM.Collect$$libinit$$00000025)
    .ARM.Collect$$libinit$$00000027          0x0800013e   Section        0  libinit2.o(.ARM.Collect$$libinit$$00000027)
    .ARM.Collect$$libinit$$0000002E          0x0800013e   Section        0  libinit2.o(.ARM.Collect$$libinit$$0000002E)
    .ARM.Collect$$libinit$$00000030          0x0800013e   Section        0  libinit2.o(.ARM.Collect$$libinit$$00000030)
    .ARM.Collect$$libinit$$00000032          0x0800013e   Section        0  libinit2.o(.ARM.Collect$$libinit$$00000032)
    .ARM.Collect$$libinit$$00000034          0x0800013e   Section        0  libinit2.o(.ARM.Collect$$libinit$$00000034)
    .ARM.Collect$$libinit$$00000035          0x0800013e   Section        2  libinit2.o(.ARM.Collect$$libinit$$00000035)
    .ARM.Collect$$libshutdown$$00000000      0x08000140   Section        2  libshutdown.o(.ARM.Collect$$libshutdown$$00000000)
    .ARM.Collect$$libshutdown$$00000002      0x08000142   Section        0  libshutdown2.o(.ARM.Collect$$libshutdown$$00000002)
    .ARM.Collect$$libshutdown$$00000004      0x08000142   Section        0  libshutdown2.o(.ARM.Collect$$libshutdown$$00000004)
    .ARM.Collect$$libshutdown$$00000007      0x08000142   Section        0  libshutdown2.o(.ARM.Collect$$libshutdown$$00000007)
    .ARM.Collect$$libshutdown$$0000000A      0x08000142   Section        0  libshutdown2.o(.ARM.Collect$$libshutdown$$0000000A)
    .ARM.Collect$$libshutdown$$0000000C      0x08000142   Section        0  libshutdown2.o(.ARM.Collect$$libshutdown$$0000000C)
    .ARM.Collect$$libshutdown$$0000000F      0x08000142   Section        0  libshutdown2.o(.ARM.Collect$$libshutdown$$0000000F)
    .ARM.Collect$$libshutdown$$00000010      0x08000142   Section        2  libshutdown2.o(.ARM.Collect$$libshutdown$$00000010)
    .ARM.Collect$$rtentry$$00000000          0x08000144   Section        0  __rtentry.o(.ARM.Collect$$rtentry$$00000000)
    .ARM.Collect$$rtentry$$00000002          0x08000144   Section        0  __rtentry2.o(.ARM.Collect$$rtentry$$00000002)
    .ARM.Collect$$rtentry$$00000004          0x08000144   Section        6  __rtentry4.o(.ARM.Collect$$rtentry$$00000004)
    .ARM.Collect$$rtentry$$00000009          0x0800014a   Section        0  __rtentry2.o(.ARM.Collect$$rtentry$$00000009)
    .ARM.Collect$$rtentry$$0000000A          0x0800014a   Section        4  __rtentry2.o(.ARM.Collect$$rtentry$$0000000A)
    .ARM.Collect$$rtentry$$0000000C          0x0800014e   Section        0  __rtentry2.o(.ARM.Collect$$rtentry$$0000000C)
    .ARM.Collect$$rtentry$$0000000D          0x0800014e   Section        8  __rtentry2.o(.ARM.Collect$$rtentry$$0000000D)
    .ARM.Collect$$rtexit$$00000000           0x08000156   Section        2  rtexit.o(.ARM.Collect$$rtexit$$00000000)
    .ARM.Collect$$rtexit$$00000002           0x08000158   Section        0  rtexit2.o(.ARM.Collect$$rtexit$$00000002)
    .ARM.Collect$$rtexit$$00000003           0x08000158   Section        4  rtexit2.o(.ARM.Collect$$rtexit$$00000003)
    .ARM.Collect$$rtexit$$00000004           0x0800015c   Section        6  rtexit2.o(.ARM.Collect$$rtexit$$00000004)
    .text                                    0x08000164   Section       56  startup_stm32g030xx.o(.text)
    .text                                    0x0800019c   Section        0  heapauxi.o(.text)
    .text                                    0x080001a2   Section       62  sys_stackheap_outer.o(.text)
    .text                                    0x080001e0   Section        0  exit.o(.text)
    .text                                    0x080001f0   Section        8  libspace.o(.text)
    .text                                    0x080001f8   Section        0  sys_exit.o(.text)
    .text                                    0x08000204   Section        2  use_no_semi.o(.text)
    [Anonymous Symbol]                       0x08000206   Section        0  adc.o(.text.ADC_Init)
    .text                                    0x08000206   Section        0  indicate_semi.o(.text)
    [Anonymous Symbol]                       0x08000210   Section        0  adc.o(.text.ADC_Read_Channel)
    __arm_cp.2_0                             0x08000238   Number         4  adc.o(.text.ADC_Read_Channel)
    [Anonymous Symbol]                       0x0800023c   Section        0  adc.o(.text.ADC_Reg_Init)
    __arm_cp.1_0                             0x080002dc   Number         4  adc.o(.text.ADC_Reg_Init)
    __arm_cp.1_1                             0x080002e0   Number         4  adc.o(.text.ADC_Reg_Init)
    __arm_cp.1_2                             0x080002e4   Number         4  adc.o(.text.ADC_Reg_Init)
    __arm_cp.1_3                             0x080002e8   Number         4  adc.o(.text.ADC_Reg_Init)
    [Anonymous Symbol]                       0x080002ec   Section        0  app.o(.text.App_Config)
    [Anonymous Symbol]                       0x08000338   Section        0  app.o(.text.App_Mainloop)
    __arm_cp.1_0                             0x08000358   Number         4  app.o(.text.App_Mainloop)
    [Anonymous Symbol]                       0x0800035c   Section        0  dispcom.o(.text.DispCom_Init)
    __arm_cp.75_1                            0x080004a0   Number         4  dispcom.o(.text.DispCom_Init)
    __arm_cp.75_2                            0x080004a4   Number         4  dispcom.o(.text.DispCom_Init)
    __arm_cp.75_3                            0x080004a8   Number         4  dispcom.o(.text.DispCom_Init)
    __arm_cp.75_4                            0x080004ac   Number         4  dispcom.o(.text.DispCom_Init)
    __arm_cp.75_5                            0x080004b0   Number         4  dispcom.o(.text.DispCom_Init)
    __arm_cp.75_6                            0x080004b4   Number         4  dispcom.o(.text.DispCom_Init)
    __arm_cp.75_7                            0x080004b8   Number         4  dispcom.o(.text.DispCom_Init)
    __arm_cp.75_8                            0x080004bc   Number         4  dispcom.o(.text.DispCom_Init)
    [Anonymous Symbol]                       0x080004c0   Section        0  dispcom.o(.text.DispCom_Timer_ISR_Handler)
    __arm_cp.22_0                            0x080005a8   Number         4  dispcom.o(.text.DispCom_Timer_ISR_Handler)
    __arm_cp.22_2                            0x080005ac   Number         4  dispcom.o(.text.DispCom_Timer_ISR_Handler)
    [Anonymous Symbol]                       0x080005b0   Section        0  dispcom.o(.text.DispCom_Tx_Number_CM)
    [Anonymous Symbol]                       0x08000648   Section        0  dispcom.o(.text.DispCom_Tx_Number_NL)
    __arm_cp.36_0                            0x080006f0   Number         4  dispcom.o(.text.DispCom_Tx_Number_NL)
    __arm_cp.36_1                            0x080006f4   Number         4  dispcom.o(.text.DispCom_Tx_Number_NL)
    [Anonymous Symbol]                       0x080006f8   Section        0  ldr.o(.text.LDR_Control_Brightness)
    __arm_cp.4_1                             0x0800079c   Number         4  ldr.o(.text.LDR_Control_Brightness)
    __arm_cp.4_2                             0x080007a0   Number         4  ldr.o(.text.LDR_Control_Brightness)
    [Anonymous Symbol]                       0x080007a4   Section        0  ldr.o(.text.LDR_Get_Calculated_Brightness)
    [Anonymous Symbol]                       0x080007ac   Section        0  ldr.o(.text.LDR_Get_Current_Brightness)
    [Anonymous Symbol]                       0x080007b4   Section        0  ldr.o(.text.LDR_Init)
    __arm_cp.7_0                             0x080007f0   Number         4  ldr.o(.text.LDR_Init)
    __arm_cp.7_2                             0x080007f4   Number         4  ldr.o(.text.LDR_Init)
    [Anonymous Symbol]                       0x080007f8   Section        0  lpf.o(.text.LPF_Get_Filtered_Value)
    [Anonymous Symbol]                       0x0800081c   Section        0  lpf.o(.text.LPF_Init)
    [Anonymous Symbol]                       0x08000834   Section        0  lpf.o(.text.LPF_Set_Alpha)
    __arm_cp.1_0                             0x08000840   Number         4  lpf.o(.text.LPF_Set_Alpha)
    [Anonymous Symbol]                       0x08000844   Section        0  sevensegment.o(.text.SevenSegment_Activate_Digit)
    [Anonymous Symbol]                       0x0800091c   Section        0  sevensegment.o(.text.SevenSegment_Brightness_Handler)
    __arm_cp.9_1                             0x080009b8   Number         4  sevensegment.o(.text.SevenSegment_Brightness_Handler)
    __arm_cp.9_2                             0x080009bc   Number         4  sevensegment.o(.text.SevenSegment_Brightness_Handler)
    __arm_cp.9_3                             0x080009c0   Number         4  sevensegment.o(.text.SevenSegment_Brightness_Handler)
    [Anonymous Symbol]                       0x080009c4   Section        0  sevensegment.o(.text.SevenSegment_GPIO_Init)
    __arm_cp.1_0                             0x08000b18   Number         4  sevensegment.o(.text.SevenSegment_GPIO_Init)
    __arm_cp.1_1                             0x08000b1c   Number         4  sevensegment.o(.text.SevenSegment_GPIO_Init)
    __arm_cp.1_2                             0x08000b20   Number         4  sevensegment.o(.text.SevenSegment_GPIO_Init)
    __arm_cp.1_3                             0x08000b24   Number         4  sevensegment.o(.text.SevenSegment_GPIO_Init)
    [Anonymous Symbol]                       0x08000b28   Section        0  sevensegment.o(.text.SevenSegment_Init)
    __arm_cp.13_1                            0x08000b8c   Number         4  sevensegment.o(.text.SevenSegment_Init)
    __arm_cp.13_2                            0x08000b90   Number         4  sevensegment.o(.text.SevenSegment_Init)
    __arm_cp.13_3                            0x08000b94   Number         4  sevensegment.o(.text.SevenSegment_Init)
    __arm_cp.13_4                            0x08000b98   Number         4  sevensegment.o(.text.SevenSegment_Init)
    [Anonymous Symbol]                       0x08000b9c   Section        0  sevensegment.o(.text.SevenSegment_Set_Brightness)
    [Anonymous Symbol]                       0x08000bc0   Section        0  sevensegment.o(.text.SevenSegment_Set_Dp)
    [Anonymous Symbol]                       0x08000be8   Section        0  sevensegment.o(.text.SevenSegment_Set_Value)
    segment_val                              0x08000c08   Number         0  sevensegment.o(.text.SevenSegment_Set_Value)
    __arm_cp.11_1                            0x08000c20   Number         4  sevensegment.o(.text.SevenSegment_Set_Value)
    [Anonymous Symbol]                       0x08000c24   Section        0  system_stm32g0xx.o(.text.SystemInit)
    [Anonymous Symbol]                       0x08000c28   Section        0  sevensegment.o(.text.TIM14_IRQHandler)
    __arm_cp.3_0                             0x08000c3c   Number         4  sevensegment.o(.text.TIM14_IRQHandler)
    [Anonymous Symbol]                       0x08000c40   Section        0  dispcom.o(.text.TIM16_IRQHandler)
    [Anonymous Symbol]                       0x08000c48   Section        0  dispcom.o(.text.USART1_IRQHandler)
    __arm_cp.11_0                            0x08000ca4   Number         4  dispcom.o(.text.USART1_IRQHandler)
    __arm_cp.11_1                            0x08000ca8   Number         4  dispcom.o(.text.USART1_IRQHandler)
    __arm_cp.11_2                            0x08000cac   Number         4  dispcom.o(.text.USART1_IRQHandler)
    [Anonymous Symbol]                       0x08000cb0   Section        0  wdt.o(.text.WDT_Init)
    __arm_cp.0_0                             0x08000cf0   Number         4  wdt.o(.text.WDT_Init)
    __arm_cp.0_2                             0x08000cf4   Number         4  wdt.o(.text.WDT_Init)
    __arm_cp.0_3                             0x08000cf8   Number         4  wdt.o(.text.WDT_Init)
    [Anonymous Symbol]                       0x08000cfc   Section        0  wdt.o(.text.WDT_Reload)
    __arm_cp.1_0                             0x08000d0c   Number         4  wdt.o(.text.WDT_Reload)
    __arm_cp.1_1                             0x08000d10   Number         4  wdt.o(.text.WDT_Reload)
    [Anonymous Symbol]                       0x08000d14   Section        0  main.o(.text.main)
    __arm_cp.0_0                             0x08000d30   Number         4  main.o(.text.main)
    __arm_cp.0_1                             0x08000d34   Number         4  main.o(.text.main)
    .text_divfast                            0x08000d38   Section      502  aeabi_sdivfast.o(.text_divfast)
    .bss                                     0x20000000   Section       96  libspace.o(.bss)
    DispCom                                  0x20000060   Data          92  dispcom.o(.bss.DispCom)
    [Anonymous Symbol]                       0x20000060   Section        0  dispcom.o(.bss.DispCom)
    LPF                                      0x200000cc   Data          24  lpf.o(.bss.LPF)
    [Anonymous Symbol]                       0x200000cc   Section        0  lpf.o(.bss.LPF)
    SevenSegment                             0x200000e4   Data          24  sevensegment.o(.bss.SevenSegment)
    [Anonymous Symbol]                       0x200000e4   Section        0  sevensegment.o(.bss.SevenSegment)
    Heap_Mem                                 0x20000100   Data         512  startup_stm32g030xx.o(HEAP)
    HEAP                                     0x20000100   Section      512  startup_stm32g030xx.o(HEAP)
    Stack_Mem                                0x20000300   Data        1024  startup_stm32g030xx.o(STACK)
    STACK                                    0x20000300   Section     1024  startup_stm32g030xx.o(STACK)
    __initial_sp                             0x20000700   Data           0  startup_stm32g030xx.o(STACK)

    Global Symbols

    Symbol Name                              Value     Ov Type        Size  Object(Section)

    BuildAttributes$$THM_ISAv3M$S$PE$A:L22$X:L11$S22$IEEE1$IW$~IW$USESV6$~STKCKD$USESV7$~SHL$OTIME$ROPI$EBA8$UX$STANDARDLIB$REQ8$PRES8$EABIv2 0x00000000   Number         0  anon$$obj.o ABSOLUTE
    __ARM_exceptions_init                     - Undefined Weak Reference
    __alloca_initialize                       - Undefined Weak Reference
    __arm_preinit_                            - Undefined Weak Reference
    __arm_relocate_pie_                       - Undefined Weak Reference
    __cpp_initialize__aeabi_                  - Undefined Weak Reference
    __cxa_finalize                            - Undefined Weak Reference
    __rt_locale                               - Undefined Weak Reference
    __sigvec_lookup                           - Undefined Weak Reference
    _atexit_init                              - Undefined Weak Reference
    _call_atexit_fns                          - Undefined Weak Reference
    _clock_init                               - Undefined Weak Reference
    _fp_trap_init                             - Undefined Weak Reference
    _fp_trap_shutdown                         - Undefined Weak Reference
    _get_lc_collate                           - Undefined Weak Reference
    _get_lc_ctype                             - Undefined Weak Reference
    _get_lc_monetary                          - Undefined Weak Reference
    _get_lc_numeric                           - Undefined Weak Reference
    _get_lc_time                              - Undefined Weak Reference
    _getenv_init                              - Undefined Weak Reference
    _handle_redirection                       - Undefined Weak Reference
    _init_alloc                               - Undefined Weak Reference
    _init_user_alloc                          - Undefined Weak Reference
    _initio                                   - Undefined Weak Reference
    _rand_init                                - Undefined Weak Reference
    _signal_finish                            - Undefined Weak Reference
    _signal_init                              - Undefined Weak Reference
    _terminate_alloc                          - Undefined Weak Reference
    _terminate_user_alloc                     - Undefined Weak Reference
    _terminateio                              - Undefined Weak Reference
    __Vectors_Size                           0x000000c0   Number         0  startup_stm32g030xx.o ABSOLUTE
    __Vectors                                0x08000000   Data           4  startup_stm32g030xx.o(RESET)
    __Vectors_End                            0x080000c0   Data           0  startup_stm32g030xx.o(RESET)
    __main                                   0x080000c1   Thumb Code     8  __main.o(!!!main)
    __scatterload                            0x080000c9   Thumb Code     0  __scatter.o(!!!scatter)
    __scatterload_rt2                        0x080000c9   Thumb Code    74  __scatter.o(!!!scatter)
    __scatterload_rt2_thumb_only             0x080000c9   Thumb Code     0  __scatter.o(!!!scatter)
    __scatterload_loop                       0x080000d3   Thumb Code     0  __scatter.o(!!!scatter)
    __scatterload_null                       0x0800011d   Thumb Code     2  __scatter.o(!!handler_null)
    __scatterload_zeroinit                   0x08000121   Thumb Code    28  __scatter_zi.o(!!handler_zi)
    __rt_lib_init                            0x0800013d   Thumb Code     0  libinit.o(.ARM.Collect$$libinit$$00000000)
    __rt_lib_init_alloca_1                   0x0800013f   Thumb Code     0  libinit2.o(.ARM.Collect$$libinit$$00000030)
    __rt_lib_init_argv_1                     0x0800013f   Thumb Code     0  libinit2.o(.ARM.Collect$$libinit$$0000002E)
    __rt_lib_init_atexit_1                   0x0800013f   Thumb Code     0  libinit2.o(.ARM.Collect$$libinit$$0000001D)
    __rt_lib_init_clock_1                    0x0800013f   Thumb Code     0  libinit2.o(.ARM.Collect$$libinit$$00000023)
    __rt_lib_init_cpp_1                      0x0800013f   Thumb Code     0  libinit2.o(.ARM.Collect$$libinit$$00000034)
    __rt_lib_init_exceptions_1               0x0800013f   Thumb Code     0  libinit2.o(.ARM.Collect$$libinit$$00000032)
    __rt_lib_init_fp_1                       0x0800013f   Thumb Code     0  libinit2.o(.ARM.Collect$$libinit$$00000002)
    __rt_lib_init_fp_trap_1                  0x0800013f   Thumb Code     0  libinit2.o(.ARM.Collect$$libinit$$00000021)
    __rt_lib_init_getenv_1                   0x0800013f   Thumb Code     0  libinit2.o(.ARM.Collect$$libinit$$00000025)
    __rt_lib_init_heap_1                     0x0800013f   Thumb Code     0  libinit2.o(.ARM.Collect$$libinit$$0000000C)
    __rt_lib_init_lc_collate_1               0x0800013f   Thumb Code     0  libinit2.o(.ARM.Collect$$libinit$$00000013)
    __rt_lib_init_lc_ctype_1                 0x0800013f   Thumb Code     0  libinit2.o(.ARM.Collect$$libinit$$00000015)
    __rt_lib_init_lc_monetary_1              0x0800013f   Thumb Code     0  libinit2.o(.ARM.Collect$$libinit$$00000017)
    __rt_lib_init_lc_numeric_1               0x0800013f   Thumb Code     0  libinit2.o(.ARM.Collect$$libinit$$00000019)
    __rt_lib_init_lc_time_1                  0x0800013f   Thumb Code     0  libinit2.o(.ARM.Collect$$libinit$$0000001B)
    __rt_lib_init_preinit_1                  0x0800013f   Thumb Code     0  libinit2.o(.ARM.Collect$$libinit$$00000006)
    __rt_lib_init_rand_1                     0x0800013f   Thumb Code     0  libinit2.o(.ARM.Collect$$libinit$$00000010)
    __rt_lib_init_relocate_pie_1             0x0800013f   Thumb Code     0  libinit2.o(.ARM.Collect$$libinit$$00000004)
    __rt_lib_init_return                     0x0800013f   Thumb Code     0  libinit2.o(.ARM.Collect$$libinit$$00000035)
    __rt_lib_init_signal_1                   0x0800013f   Thumb Code     0  libinit2.o(.ARM.Collect$$libinit$$0000001F)
    __rt_lib_init_stdio_1                    0x0800013f   Thumb Code     0  libinit2.o(.ARM.Collect$$libinit$$00000027)
    __rt_lib_init_user_alloc_1               0x0800013f   Thumb Code     0  libinit2.o(.ARM.Collect$$libinit$$0000000E)
    __rt_lib_shutdown                        0x08000141   Thumb Code     0  libshutdown.o(.ARM.Collect$$libshutdown$$00000000)
    __rt_lib_shutdown_cpp_1                  0x08000143   Thumb Code     0  libshutdown2.o(.ARM.Collect$$libshutdown$$00000002)
    __rt_lib_shutdown_fp_trap_1              0x08000143   Thumb Code     0  libshutdown2.o(.ARM.Collect$$libshutdown$$00000007)
    __rt_lib_shutdown_heap_1                 0x08000143   Thumb Code     0  libshutdown2.o(.ARM.Collect$$libshutdown$$0000000F)
    __rt_lib_shutdown_return                 0x08000143   Thumb Code     0  libshutdown2.o(.ARM.Collect$$libshutdown$$00000010)
    __rt_lib_shutdown_signal_1               0x08000143   Thumb Code     0  libshutdown2.o(.ARM.Collect$$libshutdown$$0000000A)
    __rt_lib_shutdown_stdio_1                0x08000143   Thumb Code     0  libshutdown2.o(.ARM.Collect$$libshutdown$$00000004)
    __rt_lib_shutdown_user_alloc_1           0x08000143   Thumb Code     0  libshutdown2.o(.ARM.Collect$$libshutdown$$0000000C)
    __rt_entry                               0x08000145   Thumb Code     0  __rtentry.o(.ARM.Collect$$rtentry$$00000000)
    __rt_entry_presh_1                       0x08000145   Thumb Code     0  __rtentry2.o(.ARM.Collect$$rtentry$$00000002)
    __rt_entry_sh                            0x08000145   Thumb Code     0  __rtentry4.o(.ARM.Collect$$rtentry$$00000004)
    __rt_entry_li                            0x0800014b   Thumb Code     0  __rtentry2.o(.ARM.Collect$$rtentry$$0000000A)
    __rt_entry_postsh_1                      0x0800014b   Thumb Code     0  __rtentry2.o(.ARM.Collect$$rtentry$$00000009)
    __rt_entry_main                          0x0800014f   Thumb Code     0  __rtentry2.o(.ARM.Collect$$rtentry$$0000000D)
    __rt_entry_postli_1                      0x0800014f   Thumb Code     0  __rtentry2.o(.ARM.Collect$$rtentry$$0000000C)
    __rt_exit                                0x08000157   Thumb Code     0  rtexit.o(.ARM.Collect$$rtexit$$00000000)
    __rt_exit_ls                             0x08000159   Thumb Code     0  rtexit2.o(.ARM.Collect$$rtexit$$00000003)
    __rt_exit_prels_1                        0x08000159   Thumb Code     0  rtexit2.o(.ARM.Collect$$rtexit$$00000002)
    __rt_exit_exit                           0x0800015d   Thumb Code     0  rtexit2.o(.ARM.Collect$$rtexit$$00000004)
    Reset_Handler                            0x08000165   Thumb Code     8  startup_stm32g030xx.o(.text)
    NMI_Handler                              0x0800016d   Thumb Code     2  startup_stm32g030xx.o(.text)
    HardFault_Handler                        0x0800016f   Thumb Code     2  startup_stm32g030xx.o(.text)
    SVC_Handler                              0x08000171   Thumb Code     2  startup_stm32g030xx.o(.text)
    PendSV_Handler                           0x08000173   Thumb Code     2  startup_stm32g030xx.o(.text)
    SysTick_Handler                          0x08000175   Thumb Code     2  startup_stm32g030xx.o(.text)
    ADC1_IRQHandler                          0x08000177   Thumb Code     0  startup_stm32g030xx.o(.text)
    DMA1_Ch4_5_DMAMUX1_OVR_IRQHandler        0x08000177   Thumb Code     0  startup_stm32g030xx.o(.text)
    DMA1_Channel1_IRQHandler                 0x08000177   Thumb Code     0  startup_stm32g030xx.o(.text)
    DMA1_Channel2_3_IRQHandler               0x08000177   Thumb Code     0  startup_stm32g030xx.o(.text)
    EXTI0_1_IRQHandler                       0x08000177   Thumb Code     0  startup_stm32g030xx.o(.text)
    EXTI2_3_IRQHandler                       0x08000177   Thumb Code     0  startup_stm32g030xx.o(.text)
    EXTI4_15_IRQHandler                      0x08000177   Thumb Code     0  startup_stm32g030xx.o(.text)
    FLASH_IRQHandler                         0x08000177   Thumb Code     0  startup_stm32g030xx.o(.text)
    I2C1_IRQHandler                          0x08000177   Thumb Code     0  startup_stm32g030xx.o(.text)
    I2C2_IRQHandler                          0x08000177   Thumb Code     0  startup_stm32g030xx.o(.text)
    RCC_IRQHandler                           0x08000177   Thumb Code     0  startup_stm32g030xx.o(.text)
    RTC_TAMP_IRQHandler                      0x08000177   Thumb Code     0  startup_stm32g030xx.o(.text)
    SPI1_IRQHandler                          0x08000177   Thumb Code     0  startup_stm32g030xx.o(.text)
    SPI2_IRQHandler                          0x08000177   Thumb Code     0  startup_stm32g030xx.o(.text)
    TIM17_IRQHandler                         0x08000177   Thumb Code     0  startup_stm32g030xx.o(.text)
    TIM1_BRK_UP_TRG_COM_IRQHandler           0x08000177   Thumb Code     0  startup_stm32g030xx.o(.text)
    TIM1_CC_IRQHandler                       0x08000177   Thumb Code     0  startup_stm32g030xx.o(.text)
    TIM3_IRQHandler                          0x08000177   Thumb Code     0  startup_stm32g030xx.o(.text)
    USART2_IRQHandler                        0x08000177   Thumb Code     0  startup_stm32g030xx.o(.text)
    WWDG_IRQHandler                          0x08000177   Thumb Code     0  startup_stm32g030xx.o(.text)
    __user_initial_stackheap                 0x08000179   Thumb Code     0  startup_stm32g030xx.o(.text)
    __use_two_region_memory                  0x0800019d   Thumb Code     2  heapauxi.o(.text)
    __rt_heap_escrow$2region                 0x0800019f   Thumb Code     2  heapauxi.o(.text)
    __rt_heap_expand$2region                 0x080001a1   Thumb Code     2  heapauxi.o(.text)
    __user_setup_stackheap                   0x080001a3   Thumb Code    62  sys_stackheap_outer.o(.text)
    exit                                     0x080001e1   Thumb Code    16  exit.o(.text)
    __user_libspace                          0x080001f1   Thumb Code     8  libspace.o(.text)
    __user_perproc_libspace                  0x080001f1   Thumb Code     0  libspace.o(.text)
    __user_perthread_libspace                0x080001f1   Thumb Code     0  libspace.o(.text)
    _sys_exit                                0x080001f9   Thumb Code     8  sys_exit.o(.text)
    __I$use$semihosting                      0x08000205   Thumb Code     0  use_no_semi.o(.text)
    __use_no_semihosting_swi                 0x08000205   Thumb Code     2  use_no_semi.o(.text)
    ADC_Init                                 0x08000207   Thumb Code     8  adc.o(.text.ADC_Init)
    __semihosting_library_function           0x08000207   Thumb Code     0  indicate_semi.o(.text)
    ADC_Read_Channel                         0x08000211   Thumb Code    40  adc.o(.text.ADC_Read_Channel)
    ADC_Reg_Init                             0x0800023d   Thumb Code   160  adc.o(.text.ADC_Reg_Init)
    App_Config                               0x080002ed   Thumb Code    74  app.o(.text.App_Config)
    App_Mainloop                             0x08000339   Thumb Code    32  app.o(.text.App_Mainloop)
    DispCom_Init                             0x0800035d   Thumb Code   324  dispcom.o(.text.DispCom_Init)
    DispCom_Timer_ISR_Handler                0x080004c1   Thumb Code   232  dispcom.o(.text.DispCom_Timer_ISR_Handler)
    DispCom_Tx_Number_CM                     0x080005b1   Thumb Code   152  dispcom.o(.text.DispCom_Tx_Number_CM)
    DispCom_Tx_Number_NL                     0x08000649   Thumb Code   168  dispcom.o(.text.DispCom_Tx_Number_NL)
    LDR_Control_Brightness                   0x080006f9   Thumb Code   164  ldr.o(.text.LDR_Control_Brightness)
    LDR_Get_Calculated_Brightness            0x080007a5   Thumb Code     8  ldr.o(.text.LDR_Get_Calculated_Brightness)
    LDR_Get_Current_Brightness               0x080007ad   Thumb Code     8  ldr.o(.text.LDR_Get_Current_Brightness)
    LDR_Init                                 0x080007b5   Thumb Code    60  ldr.o(.text.LDR_Init)
    LPF_Get_Filtered_Value                   0x080007f9   Thumb Code    36  lpf.o(.text.LPF_Get_Filtered_Value)
    LPF_Init                                 0x0800081d   Thumb Code    24  lpf.o(.text.LPF_Init)
    LPF_Set_Alpha                            0x08000835   Thumb Code    12  lpf.o(.text.LPF_Set_Alpha)
    SevenSegment_Activate_Digit              0x08000845   Thumb Code   216  sevensegment.o(.text.SevenSegment_Activate_Digit)
    SevenSegment_Brightness_Handler          0x0800091d   Thumb Code   156  sevensegment.o(.text.SevenSegment_Brightness_Handler)
    SevenSegment_GPIO_Init                   0x080009c5   Thumb Code   340  sevensegment.o(.text.SevenSegment_GPIO_Init)
    SevenSegment_Init                        0x08000b29   Thumb Code   100  sevensegment.o(.text.SevenSegment_Init)
    SevenSegment_Set_Brightness              0x08000b9d   Thumb Code    36  sevensegment.o(.text.SevenSegment_Set_Brightness)
    SevenSegment_Set_Dp                      0x08000bc1   Thumb Code    40  sevensegment.o(.text.SevenSegment_Set_Dp)
    SevenSegment_Set_Value                   0x08000be9   Thumb Code    32  sevensegment.o(.text.SevenSegment_Set_Value)
    SystemInit                               0x08000c25   Thumb Code     2  system_stm32g0xx.o(.text.SystemInit)
    TIM14_IRQHandler                         0x08000c29   Thumb Code    20  sevensegment.o(.text.TIM14_IRQHandler)
    TIM16_IRQHandler                         0x08000c41   Thumb Code     8  dispcom.o(.text.TIM16_IRQHandler)
    USART1_IRQHandler                        0x08000c49   Thumb Code    92  dispcom.o(.text.USART1_IRQHandler)
    WDT_Init                                 0x08000cb1   Thumb Code    64  wdt.o(.text.WDT_Init)
    WDT_Reload                               0x08000cfd   Thumb Code    16  wdt.o(.text.WDT_Reload)
    main                                     0x08000d15   Thumb Code    28  main.o(.text.main)
    __aeabi_uidiv                            0x08000d39   Thumb Code    68  aeabi_sdivfast.o(.text_divfast)
    __aeabi_idiv                             0x08000d7d   Thumb Code   434  aeabi_sdivfast.o(.text_divfast)
    Region$$Table$$Base                      0x08000f30   Number         0  anon$$obj.o(Region$$Table)
    Region$$Table$$Limit                     0x08000f40   Number         0  anon$$obj.o(Region$$Table)
    __libspace_start                         0x20000000   Data          96  libspace.o(.bss)
    __temporary_stack_top$libspace           0x20000060   Data           0  libspace.o(.bss)
    LDR                                      0x200000c0   Data          12  ldr.o(.bss.LDR)



==============================================================================

Memory Map of the image

  Image Entry point : 0x08000165

  Load Region LR_1 (Base: 0x08000000, Size: 0x00000f40, Max: 0xffffffff, ABSOLUTE)

    Execution Region ER_RO (Exec base: 0x08000000, Load base: 0x08000000, Size: 0x00000f40, Max: 0xffffffff, ABSOLUTE)

    Exec Addr    Load Addr    Size         Type   Attr      Idx    E Section Name        Object

    0x08000000   0x08000000   0x000000c0   Data   RO          305    RESET               startup_stm32g030xx.o
    0x080000c0   0x080000c0   0x00000008   Code   RO          339  * !!!main             c_p.l(__main.o)
    0x080000c8   0x080000c8   0x00000054   Code   RO          516    !!!scatter          c_p.l(__scatter.o)
    0x0800011c   0x0800011c   0x00000002   Code   RO          517    !!handler_null      c_p.l(__scatter.o)
    0x0800011e   0x0800011e   0x00000002   PAD
    0x08000120   0x08000120   0x0000001c   Code   RO          520    !!handler_zi        c_p.l(__scatter_zi.o)
    0x0800013c   0x0800013c   0x00000002   Code   RO          377    .ARM.Collect$$libinit$$00000000  c_p.l(libinit.o)
    0x0800013e   0x0800013e   0x00000000   Code   RO          391    .ARM.Collect$$libinit$$00000002  c_p.l(libinit2.o)
    0x0800013e   0x0800013e   0x00000000   Code   RO          393    .ARM.Collect$$libinit$$00000004  c_p.l(libinit2.o)
    0x0800013e   0x0800013e   0x00000000   Code   RO          395    .ARM.Collect$$libinit$$00000006  c_p.l(libinit2.o)
    0x0800013e   0x0800013e   0x00000000   Code   RO          398    .ARM.Collect$$libinit$$0000000C  c_p.l(libinit2.o)
    0x0800013e   0x0800013e   0x00000000   Code   RO          400    .ARM.Collect$$libinit$$0000000E  c_p.l(libinit2.o)
    0x0800013e   0x0800013e   0x00000000   Code   RO          402    .ARM.Collect$$libinit$$00000010  c_p.l(libinit2.o)
    0x0800013e   0x0800013e   0x00000000   Code   RO          405    .ARM.Collect$$libinit$$00000013  c_p.l(libinit2.o)
    0x0800013e   0x0800013e   0x00000000   Code   RO          407    .ARM.Collect$$libinit$$00000015  c_p.l(libinit2.o)
    0x0800013e   0x0800013e   0x00000000   Code   RO          409    .ARM.Collect$$libinit$$00000017  c_p.l(libinit2.o)
    0x0800013e   0x0800013e   0x00000000   Code   RO          411    .ARM.Collect$$libinit$$00000019  c_p.l(libinit2.o)
    0x0800013e   0x0800013e   0x00000000   Code   RO          413    .ARM.Collect$$libinit$$0000001B  c_p.l(libinit2.o)
    0x0800013e   0x0800013e   0x00000000   Code   RO          415    .ARM.Collect$$libinit$$0000001D  c_p.l(libinit2.o)
    0x0800013e   0x0800013e   0x00000000   Code   RO          417    .ARM.Collect$$libinit$$0000001F  c_p.l(libinit2.o)
    0x0800013e   0x0800013e   0x00000000   Code   RO          419    .ARM.Collect$$libinit$$00000021  c_p.l(libinit2.o)
    0x0800013e   0x0800013e   0x00000000   Code   RO          421    .ARM.Collect$$libinit$$00000023  c_p.l(libinit2.o)
    0x0800013e   0x0800013e   0x00000000   Code   RO          423    .ARM.Collect$$libinit$$00000025  c_p.l(libinit2.o)
    0x0800013e   0x0800013e   0x00000000   Code   RO          425    .ARM.Collect$$libinit$$00000027  c_p.l(libinit2.o)
    0x0800013e   0x0800013e   0x00000000   Code   RO          429    .ARM.Collect$$libinit$$0000002E  c_p.l(libinit2.o)
    0x0800013e   0x0800013e   0x00000000   Code   RO          431    .ARM.Collect$$libinit$$00000030  c_p.l(libinit2.o)
    0x0800013e   0x0800013e   0x00000000   Code   RO          433    .ARM.Collect$$libinit$$00000032  c_p.l(libinit2.o)
    0x0800013e   0x0800013e   0x00000000   Code   RO          435    .ARM.Collect$$libinit$$00000034  c_p.l(libinit2.o)
    0x0800013e   0x0800013e   0x00000002   Code   RO          436    .ARM.Collect$$libinit$$00000035  c_p.l(libinit2.o)
    0x08000140   0x08000140   0x00000002   Code   RO          471    .ARM.Collect$$libshutdown$$00000000  c_p.l(libshutdown.o)
    0x08000142   0x08000142   0x00000000   Code   RO          499    .ARM.Collect$$libshutdown$$00000002  c_p.l(libshutdown2.o)
    0x08000142   0x08000142   0x00000000   Code   RO          501    .ARM.Collect$$libshutdown$$00000004  c_p.l(libshutdown2.o)
    0x08000142   0x08000142   0x00000000   Code   RO          504    .ARM.Collect$$libshutdown$$00000007  c_p.l(libshutdown2.o)
    0x08000142   0x08000142   0x00000000   Code   RO          507    .ARM.Collect$$libshutdown$$0000000A  c_p.l(libshutdown2.o)
    0x08000142   0x08000142   0x00000000   Code   RO          509    .ARM.Collect$$libshutdown$$0000000C  c_p.l(libshutdown2.o)
    0x08000142   0x08000142   0x00000000   Code   RO          512    .ARM.Collect$$libshutdown$$0000000F  c_p.l(libshutdown2.o)
    0x08000142   0x08000142   0x00000002   Code   RO          513    .ARM.Collect$$libshutdown$$00000010  c_p.l(libshutdown2.o)
    0x08000144   0x08000144   0x00000000   Code   RO          341    .ARM.Collect$$rtentry$$00000000  c_p.l(__rtentry.o)
    0x08000144   0x08000144   0x00000000   Code   RO          347    .ARM.Collect$$rtentry$$00000002  c_p.l(__rtentry2.o)
    0x08000144   0x08000144   0x00000006   Code   RO          359    .ARM.Collect$$rtentry$$00000004  c_p.l(__rtentry4.o)
    0x0800014a   0x0800014a   0x00000000   Code   RO          349    .ARM.Collect$$rtentry$$00000009  c_p.l(__rtentry2.o)
    0x0800014a   0x0800014a   0x00000004   Code   RO          350    .ARM.Collect$$rtentry$$0000000A  c_p.l(__rtentry2.o)
    0x0800014e   0x0800014e   0x00000000   Code   RO          352    .ARM.Collect$$rtentry$$0000000C  c_p.l(__rtentry2.o)
    0x0800014e   0x0800014e   0x00000008   Code   RO          353    .ARM.Collect$$rtentry$$0000000D  c_p.l(__rtentry2.o)
    0x08000156   0x08000156   0x00000002   Code   RO          382    .ARM.Collect$$rtexit$$00000000  c_p.l(rtexit.o)
    0x08000158   0x08000158   0x00000000   Code   RO          442    .ARM.Collect$$rtexit$$00000002  c_p.l(rtexit2.o)
    0x08000158   0x08000158   0x00000004   Code   RO          443    .ARM.Collect$$rtexit$$00000003  c_p.l(rtexit2.o)
    0x0800015c   0x0800015c   0x00000006   Code   RO          444    .ARM.Collect$$rtexit$$00000004  c_p.l(rtexit2.o)
    0x08000162   0x08000162   0x00000002   PAD
    0x08000164   0x08000164   0x00000038   Code   RO          306  * .text               startup_stm32g030xx.o
    0x0800019c   0x0800019c   0x00000006   Code   RO          337    .text               c_p.l(heapauxi.o)
    0x080001a2   0x080001a2   0x0000003e   Code   RO          363    .text               c_p.l(sys_stackheap_outer.o)
    0x080001e0   0x080001e0   0x00000010   Code   RO          366    .text               c_p.l(exit.o)
    0x080001f0   0x080001f0   0x00000008   Code   RO          378    .text               c_p.l(libspace.o)
    0x080001f8   0x080001f8   0x0000000c   Code   RO          437    .text               c_p.l(sys_exit.o)
    0x08000204   0x08000204   0x00000002   Code   RO          460    .text               c_p.l(use_no_semi.o)
    0x08000206   0x08000206   0x00000000   Code   RO          462    .text               c_p.l(indicate_semi.o)
    0x08000206   0x08000206   0x00000008   Code   RO          240    .text.ADC_Init      adc.o
    0x0800020e   0x0800020e   0x00000002   PAD
    0x08000210   0x08000210   0x0000002c   Code   RO          238    .text.ADC_Read_Channel  adc.o
    0x0800023c   0x0800023c   0x000000b0   Code   RO          236    .text.ADC_Reg_Init  adc.o
    0x080002ec   0x080002ec   0x0000004a   Code   RO           12    .text.App_Config    app.o
    0x08000336   0x08000336   0x00000002   PAD
    0x08000338   0x08000338   0x00000024   Code   RO           14    .text.App_Mainloop  app.o
    0x0800035c   0x0800035c   0x00000164   Code   RO          186    .text.DispCom_Init  dispcom.o
    0x080004c0   0x080004c0   0x000000f0   Code   RO           80    .text.DispCom_Timer_ISR_Handler  dispcom.o
    0x080005b0   0x080005b0   0x00000098   Code   RO          112    .text.DispCom_Tx_Number_CM  dispcom.o
    0x08000648   0x08000648   0x000000b0   Code   RO          108    .text.DispCom_Tx_Number_NL  dispcom.o
    0x080006f8   0x080006f8   0x000000ac   Code   RO          258    .text.LDR_Control_Brightness  ldr.o
    0x080007a4   0x080007a4   0x00000008   Code   RO          262    .text.LDR_Get_Calculated_Brightness  ldr.o
    0x080007ac   0x080007ac   0x00000008   Code   RO          260    .text.LDR_Get_Current_Brightness  ldr.o
    0x080007b4   0x080007b4   0x00000044   Code   RO          264    .text.LDR_Init      ldr.o
    0x080007f8   0x080007f8   0x00000024   Code   RO          281    .text.LPF_Get_Filtered_Value  lpf.o
    0x0800081c   0x0800081c   0x00000018   Code   RO          283    .text.LPF_Init      lpf.o
    0x08000834   0x08000834   0x00000010   Code   RO          277    .text.LPF_Set_Alpha  lpf.o
    0x08000844   0x08000844   0x000000d8   Code   RO          211    .text.SevenSegment_Activate_Digit  sevensegment.o
    0x0800091c   0x0800091c   0x000000a8   Code   RO          215    .text.SevenSegment_Brightness_Handler  sevensegment.o
    0x080009c4   0x080009c4   0x00000164   Code   RO          199    .text.SevenSegment_GPIO_Init  sevensegment.o
    0x08000b28   0x08000b28   0x00000074   Code   RO          223    .text.SevenSegment_Init  sevensegment.o
    0x08000b9c   0x08000b9c   0x00000024   Code   RO          221    .text.SevenSegment_Set_Brightness  sevensegment.o
    0x08000bc0   0x08000bc0   0x00000028   Code   RO          217    .text.SevenSegment_Set_Dp  sevensegment.o
    0x08000be8   0x08000be8   0x0000003c   Code   RO          219    .text.SevenSegment_Set_Value  sevensegment.o
    0x08000c24   0x08000c24   0x00000002   Code   RO          313    .text.SystemInit    system_stm32g0xx.o
    0x08000c26   0x08000c26   0x00000002   PAD
    0x08000c28   0x08000c28   0x00000018   Code   RO          203    .text.TIM14_IRQHandler  sevensegment.o
    0x08000c40   0x08000c40   0x00000008   Code   RO           78    .text.TIM16_IRQHandler  dispcom.o
    0x08000c48   0x08000c48   0x00000068   Code   RO           58    .text.USART1_IRQHandler  dispcom.o
    0x08000cb0   0x08000cb0   0x0000004c   Code   RO           24    .text.WDT_Init      wdt.o
    0x08000cfc   0x08000cfc   0x00000018   Code   RO           26    .text.WDT_Reload    wdt.o
    0x08000d14   0x08000d14   0x00000024   Code   RO            2    .text.main          main.o
    0x08000d38   0x08000d38   0x000001f6   Code   RO          330    .text_divfast       c_p.l(aeabi_sdivfast.o)
    0x08000f2e   0x08000f2e   0x00000002   PAD
    0x08000f30   0x08000f30   0x00000010   Data   RO          515    Region$$Table       anon$$obj.o


    Execution Region ER_RW (Exec base: 0x20000000, Load base: 0x08000f40, Size: 0x00000000, Max: 0xffffffff, ABSOLUTE)

    **** No section assigned to this execution region ****


    Execution Region ER_ZI (Exec base: 0x20000000, Load base: 0x08000f40, Size: 0x00000700, Max: 0xffffffff, ABSOLUTE)

    Exec Addr    Load Addr    Size         Type   Attr      Idx    E Section Name        Object

    0x20000000        -       0x00000060   Zero   RW          379    .bss                c_p.l(libspace.o)
    0x20000060        -       0x0000005c   Zero   RW          188    .bss.DispCom        dispcom.o
    0x200000bc   0x08000f40   0x00000004   PAD
    0x200000c0        -       0x0000000c   Zero   RW          266    .bss.LDR            ldr.o
    0x200000cc        -       0x00000018   Zero   RW          285    .bss.LPF            lpf.o
    0x200000e4        -       0x00000018   Zero   RW          225    .bss.SevenSegment   sevensegment.o
    0x200000fc   0x08000f40   0x00000004   PAD
    0x20000100        -       0x00000200   Zero   RW          304    HEAP                startup_stm32g030xx.o
    0x20000300        -       0x00000400   Zero   RW          303    STACK               startup_stm32g030xx.o


==============================================================================

Image component sizes


      Code (inc. data)   RO Data    RW Data    ZI Data      Debug   Object Name

       228         20          0          0          0       2548   adc.o
       110          4          0          0          0        807   app.o
      1036         60          0          0         92      34349   dispcom.o
       256         16          0          0         12       3180   ldr.o
        76          4          0          0         24       2083   lpf.o
        36          8          0          0          0        634   main.o
      1016         80          0          0         24       7911   sevensegment.o
        56         26        192          0       1536        688   startup_stm32g030xx.o
         2          0          0          0          0       2081   system_stm32g0xx.o
       100         20          0          0          0       1620   wdt.o

    ----------------------------------------------------------------------
      2922        238        208          0       1696      55901   Object Totals
         0          0         16          0          0          0   (incl. Generated)
         6          0          0          0          8          0   (incl. Padding)

    ----------------------------------------------------------------------

      Code (inc. data)   RO Data    RW Data    ZI Data      Debug   Library Member Name

         8          0          0          0          0         68   __main.o
         0          0          0          0          0          0   __rtentry.o
        12          0          0          0          0          0   __rtentry2.o
         6          0          0          0          0          0   __rtentry4.o
        86         10          0          0          0          0   __scatter.o
        28          0          0          0          0          0   __scatter_zi.o
       502          0          0          0          0         92   aeabi_sdivfast.o
        16          0          0          0          0         68   exit.o
         6          0          0          0          0        136   heapauxi.o
         0          0          0          0          0          0   indicate_semi.o
         2          0          0          0          0          0   libinit.o
         2          0          0          0          0          0   libinit2.o
         2          0          0          0          0          0   libshutdown.o
         2          0          0          0          0          0   libshutdown2.o
         8          4          0          0         96         68   libspace.o
         2          0          0          0          0          0   rtexit.o
        10          0          0          0          0          0   rtexit2.o
        12          4          0          0          0         60   sys_exit.o
        62          0          0          0          0         80   sys_stackheap_outer.o
         2          0          0          0          0         68   use_no_semi.o

    ----------------------------------------------------------------------
       774         18          0          0         96        640   Library Totals
         6          0          0          0          0          0   (incl. Padding)

    ----------------------------------------------------------------------

      Code (inc. data)   RO Data    RW Data    ZI Data      Debug   Library Name

       768         18          0          0         96        640   c_p.l

    ----------------------------------------------------------------------
       774         18          0          0         96        640   Library Totals

    ----------------------------------------------------------------------

==============================================================================


      Code (inc. data)   RO Data    RW Data    ZI Data      Debug   

      3696        256        208          0       1792      56237   Grand Totals
      3696        256        208          0       1792      56237   ELF Image Totals
      3696        256        208          0          0          0   ROM Totals

==============================================================================

    Total RO  Size (Code + RO Data)                 3904 (   3.81kB)
    Total RW  Size (RW Data + ZI Data)              1792 (   1.75kB)
    Total ROM Size (Code + RO Data + RW Data)       3904 (   3.81kB)

==============================================================================

