Component: ARM Compiler 6.16 Tool: armlink [5dfeaa00]

==============================================================================

Section Cross References

    main.o(.text.main) refers to app.o(.text.App_Config) for App_Config
    main.o(.text.main) refers to wdt.o(.text.WDT_Init) for WDT_Init
    main.o(.text.main) refers to wdt.o(.text.WDT_Reload) for WDT_Reload
    main.o(.text.main) refers to app.o(.text.App_Mainloop) for App_Mainloop
    main.o(.ARM.exidx.text.main) refers to main.o(.text.main) for [Anonymous Symbol]
    app.o(.text.App_Config) refers to ldr.o(.text.LDR_Init) for LDR_Init
    app.o(.text.App_Config) refers to sevensegment.o(.text.SevenSegment_Init) for SevenSegment_Init
    app.o(.text.App_Config) refers to comm.o(.text.COMM_Init) for COMM_Init
    app.o(.text.App_Config) refers to protocol.o(.text.Protocol_Init) for Protocol_Init
    app.o(.text.App_Config) refers to ldr.o(.text.LDR_Max_Brightness_Set) for LDR_Max_Brightness_Set
    app.o(.text.App_Config) refers to ldr.o(.text.LDR_Automic_Brightness_On) for LDR_Automic_Brightness_On
    app.o(.text.App_Config) refers to ldr.o(.text.LDR_Manual_Brightness_Set) for LDR_Manual_Brightness_Set
    app.o(.ARM.exidx.text.App_Config) refers to app.o(.text.App_Config) for [Anonymous Symbol]
    app.o(.text.App_Mainloop) refers to comm.o(.text.COMM_Data_Available) for COMM_Data_Available
    app.o(.text.App_Mainloop) refers to protocol.o(.text.Protocol_Response_Mainloop) for Protocol_Response_Mainloop
    app.o(.text.App_Mainloop) refers to comm.o(.text.COMM_RX_Packet_Read_Complete) for COMM_RX_Packet_Read_Complete
    app.o(.ARM.exidx.text.App_Mainloop) refers to app.o(.text.App_Mainloop) for [Anonymous Symbol]
    wdt.o(.ARM.exidx.text.WDT_Init) refers to wdt.o(.text.WDT_Init) for [Anonymous Symbol]
    wdt.o(.ARM.exidx.text.WDT_Reload) refers to wdt.o(.text.WDT_Reload) for [Anonymous Symbol]
    sevensegment.o(.text.SevenSegment_Struct_Init) refers to sevensegment.o(.bss.SevenSegment) for [Anonymous Symbol]
    sevensegment.o(.ARM.exidx.text.SevenSegment_Struct_Init) refers to sevensegment.o(.text.SevenSegment_Struct_Init) for [Anonymous Symbol]
    sevensegment.o(.ARM.exidx.text.SevenSegment_GPIO_Init) refers to sevensegment.o(.text.SevenSegment_GPIO_Init) for [Anonymous Symbol]
    sevensegment.o(.text.SevenSegment_Timer_Init) refers to aeabi_sdivfast.o(.text_divfast) for __aeabi_uidiv
    sevensegment.o(.text.SevenSegment_Timer_Init) refers to sevensegment.o(.text.__NVIC_EnableIRQ) for __NVIC_EnableIRQ
    sevensegment.o(.text.SevenSegment_Timer_Init) refers to sevensegment.o(.text.__NVIC_SetPriority) for __NVIC_SetPriority
    sevensegment.o(.ARM.exidx.text.SevenSegment_Timer_Init) refers to sevensegment.o(.text.SevenSegment_Timer_Init) for [Anonymous Symbol]
    sevensegment.o(.ARM.exidx.text.__NVIC_EnableIRQ) refers to sevensegment.o(.text.__NVIC_EnableIRQ) for [Anonymous Symbol]
    sevensegment.o(.ARM.exidx.text.__NVIC_SetPriority) refers to sevensegment.o(.text.__NVIC_SetPriority) for [Anonymous Symbol]
    sevensegment.o(.text.TIM14_IRQHandler) refers to sevensegment.o(.text.SevenSegment_ISR_Executables) for SevenSegment_ISR_Executables
    sevensegment.o(.ARM.exidx.text.TIM14_IRQHandler) refers to sevensegment.o(.text.TIM14_IRQHandler) for [Anonymous Symbol]
    sevensegment.o(.text.SevenSegment_ISR_Executables) refers to sevensegment.o(.text.SevenSegment_Brightness_Handler) for SevenSegment_Brightness_Handler
    sevensegment.o(.ARM.exidx.text.SevenSegment_ISR_Executables) refers to sevensegment.o(.text.SevenSegment_ISR_Executables) for [Anonymous Symbol]
    sevensegment.o(.text.SevenSegment_Auto_Brightness_Timer_Init) refers to aeabi_sdivfast.o(.text_divfast) for __aeabi_uidiv
    sevensegment.o(.text.SevenSegment_Auto_Brightness_Timer_Init) refers to sevensegment.o(.text.__NVIC_EnableIRQ) for __NVIC_EnableIRQ
    sevensegment.o(.text.SevenSegment_Auto_Brightness_Timer_Init) refers to sevensegment.o(.text.__NVIC_SetPriority) for __NVIC_SetPriority
    sevensegment.o(.ARM.exidx.text.SevenSegment_Auto_Brightness_Timer_Init) refers to sevensegment.o(.text.SevenSegment_Auto_Brightness_Timer_Init) for [Anonymous Symbol]
    sevensegment.o(.text.TIM17_IRQHandler) refers to ldr.o(.text.LDR_Control_Brightness) for LDR_Control_Brightness
    sevensegment.o(.text.TIM17_IRQHandler) refers to sevensegment.o(.text.SevenSegment_Set_Dp) for SevenSegment_Set_Dp
    sevensegment.o(.text.TIM17_IRQHandler) refers to sevensegment.o(.bss.SevenSegment) for [Anonymous Symbol]
    sevensegment.o(.ARM.exidx.text.TIM17_IRQHandler) refers to sevensegment.o(.text.TIM17_IRQHandler) for [Anonymous Symbol]
    sevensegment.o(.text.SevenSegment_Set_Dp) refers to sevensegment.o(.bss.SevenSegment) for [Anonymous Symbol]
    sevensegment.o(.ARM.exidx.text.SevenSegment_Set_Dp) refers to sevensegment.o(.text.SevenSegment_Set_Dp) for [Anonymous Symbol]
[...]
    Removing comm.o(.ARM.exidx.text.COMM_Tx_Number_Bin), (8 bytes).
    Removing comm.o(.text.COMM_Tx_Number_NL), (12 bytes).
    Removing comm.o(.ARM.exidx.text.COMM_Tx_Number_NL), (8 bytes).
    Removing comm.o(.text.COMM_Tx_Number_SP), (12 bytes).
    Removing comm.o(.ARM.exidx.text.COMM_Tx_Number_SP), (8 bytes).
    Removing comm.o(.text.COMM_Tx_Number_CM), (12 bytes).
    Removing comm.o(.ARM.exidx.text.COMM_Tx_Number_CM), (8 bytes).
    Removing comm.o(.text.COMM_Tx_Number_Hex_NL), (12 bytes).
    Removing comm.o(.ARM.exidx.text.COMM_Tx_Number_Hex_NL), (8 bytes).
    Removing comm.o(.text.COMM_Tx_Number_Hex_SP), (12 bytes).
    Removing comm.o(.ARM.exidx.text.COMM_Tx_Number_Hex_SP), (8 bytes).
    Removing comm.o(.text.COMM_Tx_Number_Hex_CM), (12 bytes).
    Removing comm.o(.ARM.exidx.text.COMM_Tx_Number_Hex_CM), (8 bytes).
    Removing comm.o(.text.COMM_Tx_Number_Bin_NL), (12 bytes).
    Removing comm.o(.ARM.exidx.text.COMM_Tx_Number_Bin_NL), (8 bytes).
    Removing comm.o(.text.COMM_Tx_Number_Bin_SP), (12 bytes).
    Removing comm.o(.ARM.exidx.text.COMM_Tx_Number_Bin_SP), (8 bytes).
    Removing comm.o(.text.COMM_Tx_Number_Bin_CM), (12 bytes).
    Removing comm.o(.ARM.exidx.text.COMM_Tx_Number_Bin_CM), (8 bytes).
    Removing comm.o(.text.COMM_Tx_Parameter_NL), (20 bytes).
    Removing comm.o(.ARM.exidx.text.COMM_Tx_Parameter_NL), (8 bytes).
    Removing comm.o(.text.COMM_Tx_Parameter_SP), (20 bytes).
    Removing comm.o(.ARM.exidx.text.COMM_Tx_Parameter_SP), (8 bytes).
    Removing comm.o(.text.COMM_Tx_Parameter_CM), (20 bytes).
    Removing comm.o(.ARM.exidx.text.COMM_Tx_Parameter_CM), (8 bytes).
    Removing comm.o(.text.COMM_Tx_Parameter_Hex_NL), (20 bytes).
    Removing comm.o(.ARM.exidx.text.COMM_Tx_Parameter_Hex_NL), (8 bytes).
    Removing comm.o(.text.COMM_Tx_Parameter_Hex_SP), (20 bytes).
    Removing comm.o(.ARM.exidx.text.COMM_Tx_Parameter_Hex_SP), (8 bytes).
    Removing comm.o(.text.COMM_Tx_Parameter_Hex_CM), (20 bytes).
    Removing comm.o(.ARM.exidx.text.COMM_Tx_Parameter_Hex_CM), (8 bytes).
    Removing comm.o(.text.COMM_Tx_Parameter_Bin_NL), (20 bytes).
    Removing comm.o(.ARM.exidx.text.COMM_Tx_Parameter_Bin_NL), (8 bytes).
    Removing comm.o(.text.COMM_Tx_Parameter_Bin_SP), (20 bytes).
    Removing comm.o(.ARM.exidx.text.COMM_Tx_Parameter_Bin_SP), (8 bytes).
    Removing comm.o(.text.COMM_Tx_Parameter_Bin_CM), (20 bytes).
    Removing comm.o(.ARM.exidx.text.COMM_Tx_Parameter_Bin_CM), (8 bytes).
    Removing comm.o(.ARM.exidx.text.COMM_Buf_Flush), (8 bytes).
    Removing comm.o(.ARM.exidx.text.COMM_Buf_Get), (8 bytes).
    Removing comm.o(.ARM.exidx.text.COMM_Buf_Get_Index), (8 bytes).
    Removing comm.o(.ARM.exidx.text.COMM_Data_Available), (8 bytes).
    Removing comm.o(.ARM.exidx.text.COMM_Data_Len_Get), (8 bytes).
    Removing comm.o(.text.COMM_Data_Calculated_CRC_Get), (12 bytes).
    Removing comm.o(.ARM.exidx.text.COMM_Data_Calculated_CRC_Get), (8 bytes).
    Removing comm.o(.text.COMM_Data_Received_CRC_Get), (12 bytes).
    Removing comm.o(.ARM.exidx.text.COMM_Data_Received_CRC_Get), (8 bytes).
    Removing comm.o(.ARM.exidx.text.COMM_Data_CRC_Status_Get), (8 bytes).
    Removing comm.o(.text.COMM_Data_Read_Complete_Status), (12 bytes).
    Removing comm.o(.ARM.exidx.text.COMM_Data_Read_Complete_Status), (8 bytes).
    Removing comm.o(.ARM.exidx.text.COMM_Data_Clear_Available_Flag), (8 bytes).
    Removing comm.o(.ARM.exidx.text.COMM_Data_Clear_Read_Complete_Flag), (8 bytes).
    Removing comm.o(.text.COMM_Data_Copy_Buf), (34 bytes).
    Removing comm.o(.ARM.exidx.text.COMM_Data_Copy_Buf), (8 bytes).
    Removing comm.o(.text.COMM_Data_Print_Buf), (40 bytes).
    Removing comm.o(.ARM.exidx.text.COMM_Data_Print_Buf), (8 bytes).
    Removing comm.o(.text.COMM_Error_Code_Get), (12 bytes).
    Removing comm.o(.ARM.exidx.text.COMM_Error_Code_Get), (8 bytes).
    Removing comm.o(.ARM.exidx.text.COMM_Error_Code_Clear), (8 bytes).
    Removing comm.o(.ARM.exidx.text.COMM_RX_Packet_CRC_Check), (8 bytes).
    Removing comm.o(.ARM.exidx.text.COMM_RX_Packet_Disassemble), (8 bytes).
    Removing comm.o(.ARM.exidx.text.COMM_CRC_Calculate_Byte), (8 bytes).
    Removing comm.o(.ARM.exidx.text.COMM_CRC_Calculate_Block), (8 bytes).
    Removing comm.o(.ARM.exidx.text.COMM_RX_Packet_Read_Complete), (8 bytes).
    Removing comm.o(.ARM.exidx.text.COMM_Init), (8 bytes).
    Removing system_stm32g0xx.o(.text), (0 bytes).
    Removing system_stm32g0xx.o(.ARM.exidx.text.SystemInit), (8 bytes).
    Removing system_stm32g0xx.o(.text.SystemCoreClockUpdate), (144 bytes).
    Removing system_stm32g0xx.o(.ARM.exidx.text.SystemCoreClockUpdate), (8 bytes).
    Removing system_stm32g0xx.o(.data.SystemCoreClock), (4 bytes).
    Removing system_stm32g0xx.o(.rodata.AHBPrescTable), (64 bytes).
    Removing system_stm32g0xx.o(.rodata.APBPrescTable), (32 bytes).

224 unused section(s) (total 2420 bytes) removed from the image.

==============================================================================

Image Symbol Table

    Local Symbols

    Symbol Name                              Value     Ov Type        Size  Object(Section)

    ../clib/angel/boardlib.s                 0x00000000   Number         0  boardinit1.o ABSOLUTE
    ../clib/angel/boardlib.s                 0x00000000   Number         0  boardinit2.o ABSOLUTE
    ../clib/angel/boardlib.s                 0x00000000   Number         0  boardinit3.o ABSOLUTE
    ../clib/angel/boardlib.s                 0x00000000   Number         0  boardshut.o ABSOLUTE
    ../clib/angel/handlers.s                 0x00000000   Number         0  __scatter_zi.o ABSOLUTE
    ../clib/angel/kernel.s                   0x00000000   Number         0  __rtentry.o ABSOLUTE
    ../clib/angel/kernel.s                   0x00000000   Number         0  __rtentry2.o ABSOLUTE
    ../clib/angel/kernel.s                   0x00000000   Number         0  __rtentry4.o ABSOLUTE
    ../clib/angel/kernel.s                   0x00000000   Number         0  rtexit.o ABSOLUTE
    ../clib/angel/kernel.s                   0x00000000   Number         0  rtexit2.o ABSOLUTE
    ../clib/angel/rt.s                       0x00000000   Number         0  aeabi_idiv0.o ABSOLUTE
    ../clib/angel/rt.s                       0x00000000   Number         0  aeabi_idiv0_sigfpe.o ABSOLUTE
    ../clib/angel/rt.s                       0x00000000   Number         0  rt_div0.o ABSOLUTE
    ../clib/angel/rt.s                       0x00000000   Number         0  rt_raise.o ABSOLUTE
    ../clib/angel/scatterp.s                 0x00000000   Number         0  __scatter.o ABSOLUTE
    ../clib/angel/startup.s                  0x00000000   Number         0  __main.o ABSOLUTE
    ../clib/angel/sys.s                      0x00000000   Number         0  sys_stackheap_outer.o ABSOLUTE
    ../clib/angel/sys.s                      0x00000000   Number         0  libspace.o ABSOLUTE
    ../clib/angel/sys.s                      0x00000000   Number         0  tempstk.o ABSOLUTE
    ../clib/angel/sys.s                      0x00000000   Number         0  use_no_semi.o ABSOLUTE
    ../clib/angel/sys.s                      0x00000000   Number         0  indicate_semi.o ABSOLUTE
    ../clib/angel/sysapp.c                   0x00000000   Number         0  sys_exit.o ABSOLUTE
    ../clib/angel/sysapp.c                   0x00000000   Number         0  sys_exit_hlt.o ABSOLUTE
    ../clib/angel/sysapp.c                   0x00000000   Number         0  sys_wrch.o ABSOLUTE
    ../clib/angel/sysapp.c                   0x00000000   Number         0  sys_wrch_hlt.o ABSOLUTE
    ../clib/angel/sysapp.c                   0x00000000   Number         0  sys_command.o ABSOLUTE
    ../clib/angel/sysapp.c                   0x00000000   Number         0  sys_command_hlt.o ABSOLUTE
    ../clib/armsys.c                         0x00000000   Number         0  argv_veneer.o ABSOLUTE
    ../clib/armsys.c                         0x00000000   Number         0  _get_argv_nomalloc.o ABSOLUTE
    ../clib/armsys.c                         0x00000000   Number         0  no_argv.o ABSOLUTE
    ../clib/division.s                       0x00000000   Number         0  aeabi_sdivfast.o ABSOLUTE
    ../clib/division.s                       0x00000000   Number         0  aeabi_sdivfast_div0.o ABSOLUTE
    ../clib/heapalloc.c                      0x00000000   Number         0  hrguard.o ABSOLUTE
    ../clib/heapaux.c                        0x00000000   Number         0  heapauxi.o ABSOLUTE
    ../clib/libinit.s                        0x00000000   Number         0  libinit.o ABSOLUTE
    ../clib/libinit.s                        0x00000000   Number         0  libinit2.o ABSOLUTE
    ../clib/libinit.s                        0x00000000   Number         0  libshutdown.o ABSOLUTE
    ../clib/libinit.s                        0x00000000   Number         0  libshutdown2.o ABSOLUTE
    ../clib/signal.c                         0x00000000   Number         0  defsig_fpe_outer.o ABSOLUTE
    ../clib/signal.c                         0x00000000   Number         0  defsig_fpe_formal.o ABSOLUTE
    ../clib/signal.c                         0x00000000   Number         0  defsig_exit.o ABSOLUTE
    ../clib/signal.c                         0x00000000   Number         0  defsig_fpe_inner.o ABSOLUTE
    ../clib/signal.c                         0x00000000   Number         0  __raise.o ABSOLUTE
    ../clib/signal.c                         0x00000000   Number         0  defsig_general.o ABSOLUTE
    ../clib/signal.c                         0x00000000   Number         0  defsig_abrt_inner.o ABSOLUTE
    ../clib/signal.c                         0x00000000   Number         0  defsig_rtred_inner.o ABSOLUTE
    ../clib/signal.c                         0x00000000   Number         0  defsig_rtmem_inner.o ABSOLUTE
    ../clib/signal.c                         0x00000000   Number         0  defsig_rtmem_outer.o ABSOLUTE
    ../clib/signal.c                         0x00000000   Number         0  defsig_rtmem_formal.o ABSOLUTE
    ../clib/signal.c                         0x00000000   Number         0  defsig_stak_inner.o ABSOLUTE
    ../clib/signal.c                         0x00000000   Number         0  defsig_pvfn_inner.o ABSOLUTE
    ../clib/signal.c                         0x00000000   Number         0  defsig_cppl_inner.o ABSOLUTE
    ../clib/signal.c                         0x00000000   Number         0  defsig_segv_inner.o ABSOLUTE
    ../clib/signal.c                         0x00000000   Number         0  defsig_other.o ABSOLUTE
    ../clib/signal.s                         0x00000000   Number         0  defsig.o ABSOLUTE
    ../clib/stdlib.c                         0x00000000   Number         0  exit.o ABSOLUTE
    ../fplib/cfplib/fpinit.c                 0x00000000   Number         0  fpinit.o ABSOLUTE
    RTE\Device\STM32G030F6Px\startup_stm32g030xx.s 0x00000000   Number         0  startup_stm32g030xx.o ABSOLUTE
    adc.c                                    0x00000000   Number         0  adc.o ABSOLUTE
    app.c                                    0x00000000   Number         0  app.o ABSOLUTE
    comm.c                                   0x00000000   Number         0  comm.o ABSOLUTE
    dc.s                                     0x00000000   Number         0  dc.o ABSOLUTE
    ldr.c                                    0x00000000   Number         0  ldr.o ABSOLUTE
    lpf.c                                    0x00000000   Number         0  lpf.o ABSOLUTE
    main.c                                   0x00000000   Number         0  main.o ABSOLUTE
    protocol.c                               0x00000000   Number         0  protocol.o ABSOLUTE
    sevensegment.c                           0x00000000   Number         0  sevensegment.o ABSOLUTE
    system_stm32g0xx.c                       0x00000000   Number         0  system_stm32g0xx.o ABSOLUTE
    wdt.c                                    0x00000000   Number         0  wdt.o ABSOLUTE
    RESET                                    0x08000000   Section      192  startup_stm32g030xx.o(RESET)
    !!!main                                  0x080000c0   Section        8  __main.o(!!!main)
    !!!scatter                               0x080000c8   Section       60  __scatter.o(!!!scatter)
    !!handler_zi                             0x08000104   Section       28  __scatter_zi.o(!!handler_zi)
    .ARM.Collect$$libinit$$00000000          0x08000120   Section        2  libinit.o(.ARM.Collect$$libinit$$00000000)
    .ARM.Collect$$libinit$$00000002          0x08000122   Section        0  libinit2.o(.ARM.Collect$$libinit$$00000002)
    .ARM.Collect$$libinit$$00000004          0x08000122   Section        0  libinit2.o(.ARM.Collect$$libinit$$00000004)
    .ARM.Collect$$libinit$$0000000A          0x08000122   Section        0  libinit2.o(.ARM.Collect$$libinit$$0000000A)
    .ARM.Collect$$libinit$$0000000C          0x08000122   Section        0  libinit2.o(.ARM.Collect$$libinit$$0000000C)
    .ARM.Collect$$libinit$$0000000E          0x08000122   Section        0  libinit2.o(.ARM.Collect$$libinit$$0000000E)
    .ARM.Collect$$libinit$$00000011          0x08000122   Section        0  libinit2.o(.ARM.Collect$$libinit$$00000011)
    .ARM.Collect$$libinit$$00000013          0x08000122   Section        0  libinit2.o(.ARM.Collect$$libinit$$00000013)
    .ARM.Collect$$libinit$$00000015          0x08000122   Section        0  libinit2.o(.ARM.Collect$$libinit$$00000015)
    .ARM.Collect$$libinit$$00000017          0x08000122   Section        0  libinit2.o(.ARM.Collect$$libinit$$00000017)
    .ARM.Collect$$libinit$$00000019          0x08000122   Section        0  libinit2.o(.ARM.Collect$$libinit$$00000019)
    .ARM.Collect$$libinit$$0000001B          0x08000122   Section        0  libinit2.o(.ARM.Collect$$libinit$$0000001B)
    .ARM.Collect$$libinit$$0000001D          0x08000122   Section        0  libinit2.o(.ARM.Collect$$libinit$$0000001D)
    .ARM.Collect$$libinit$$0000001F          0x08000122   Section        0  libinit2.o(.ARM.Collect$$libinit$$0000001F)
    .ARM.Collect$$libinit$$00000021          0x08000122   Section        0  libinit2.o(.ARM.Collect$$libinit$$00000021)
    .ARM.Collect$$libinit$$00000023          0x08000122   Section        0  libinit2.o(.ARM.Collect$$libinit$$00000023)
    .ARM.Collect$$libinit$$00000025          0x08000122   Section        0  libinit2.o(.ARM.Collect$$libinit$$00000025)
    .ARM.Collect$$libinit$$0000002C          0x08000122   Section        0  libinit2.o(.ARM.Collect$$libinit$$0000002C)
    .ARM.Collect$$libinit$$0000002E          0x08000122   Section        0  libinit2.o(.ARM.Collect$$libinit$$0000002E)
    .ARM.Collect$$libinit$$00000030          0x08000122   Section        0  libinit2.o(.ARM.Collect$$libinit$$00000030)
    .ARM.Collect$$libinit$$00000032          0x08000122   Section        0  libinit2.o(.ARM.Collect$$libinit$$00000032)
    .ARM.Collect$$libinit$$00000033          0x08000122   Section        2  libinit2.o(.ARM.Collect$$libinit$$00000033)
    .ARM.Collect$$libshutdown$$00000000      0x08000124   Section        2  libshutdown.o(.ARM.Collect$$libshutdown$$00000000)
    .ARM.Collect$$libshutdown$$00000002      0x08000126   Section        0  libshutdown2.o(.ARM.Collect$$libshutdown$$00000002)
    .ARM.Collect$$libshutdown$$00000004      0x08000126   Section        0  libshutdown2.o(.ARM.Collect$$libshutdown$$00000004)
    .ARM.Collect$$libshutdown$$00000007      0x08000126   Section        0  libshutdown2.o(.ARM.Collect$$libshutdown$$00000007)
    .ARM.Collect$$libshutdown$$0000000A      0x08000126   Section        0  libshutdown2.o(.ARM.Collect$$libshutdown$$0000000A)
    .ARM.Collect$$libshutdown$$0000000C      0x08000126   Section        0  libshutdown2.o(.ARM.Collect$$libshutdown$$0000000C)
    .ARM.Collect$$libshutdown$$0000000F      0x08000126   Section        0  libshutdown2.o(.ARM.Collect$$libshutdown$$0000000F)
    .ARM.Collect$$libshutdown$$00000010      0x08000126   Section        2  libshutdown2.o(.ARM.Collect$$libshutdown$$00000010)
    .ARM.Collect$$rtentry$$00000000          0x08000128   Section        0  __rtentry.o(.ARM.Collect$$rtentry$$00000000)
    .ARM.Collect$$rtentry$$00000002          0x08000128   Section        0  __rtentry2.o(.ARM.Collect$$rtentry$$00000002)
    .ARM.Collect$$rtentry$$00000004          0x08000128   Section        6  __rtentry4.o(.ARM.Collect$$rtentry$$00000004)
    .ARM.Collect$$rtentry$$00000009          0x0800012e   Section        0  __rtentry2.o(.ARM.Collect$$rtentry$$00000009)
    .ARM.Collect$$rtentry$$0000000A          0x0800012e   Section        4  __rtentry2.o(.ARM.Collect$$rtentry$$0000000A)
    .ARM.Collect$$rtentry$$0000000C          0x08000132   Section        0  __rtentry2.o(.ARM.Collect$$rtentry$$0000000C)
    .ARM.Collect$$rtentry$$0000000D          0x08000132   Section        8  __rtentry2.o(.ARM.Collect$$rtentry$$0000000D)
    .ARM.Collect$$rtexit$$00000000           0x0800013a   Section        2  rtexit.o(.ARM.Collect$$rtexit$$00000000)
    .ARM.Collect$$rtexit$$00000002           0x0800013c   Section        0  rtexit2.o(.ARM.Collect$$rtexit$$00000002)
    .ARM.Collect$$rtexit$$00000003           0x0800013c   Section        4  rtexit2.o(.ARM.Collect$$rtexit$$00000003)
    .ARM.Collect$$rtexit$$00000004           0x08000140   Section        6  rtexit2.o(.ARM.Collect$$rtexit$$00000004)
    .text                                    0x08000148   Section       56  startup_stm32g030xx.o(.text)
    .text                                    0x08000180   Section        0  heapauxi.o(.text)
    .text                                    0x08000186   Section       62  sys_stackheap_outer.o(.text)
    .text                                    0x080001c4   Section        0  exit.o(.text)
    .text                                    0x080001d4   Section        8  libspace.o(.text)
    .text                                    0x080001dc   Section        0  sys_exit.o(.text)
    .text                                    0x080001e8   Section        2  use_no_semi.o(.text)
    [Anonymous Symbol]                       0x080001ea   Section        0  adc.o(.text.ADC_Init)
    .text                                    0x080001ea   Section        0  indicate_semi.o(.text)
    [Anonymous Symbol]                       0x080001f4   Section        0  adc.o(.text.ADC_Read_Channel)
    __arm_cp.2_0                             0x0800021c   Number         4  adc.o(.text.ADC_Read_Channel)
    [Anonymous Symbol]                       0x08000220   Section        0  adc.o(.text.ADC_Reg_Init)
    __arm_cp.1_0                             0x080002c0   Number         4  adc.o(.text.ADC_Reg_Init)
    __arm_cp.1_1                             0x080002c4   Number         4  adc.o(.text.ADC_Reg_Init)
    __arm_cp.1_2                             0x080002c8   Number         4  adc.o(.text.ADC_Reg_Init)
    __arm_cp.1_3                             0x080002cc   Number         4  adc.o(.text.ADC_Reg_Init)
    [Anonymous Symbol]                       0x080002d0   Section        0  app.o(.text.App_Config)
    [Anonymous Symbol]                       0x080002f8   Section        0  app.o(.text.App_Mainloop)
    [Anonymous Symbol]                       0x0800030c   Section        0  comm.o(.text.COMM_Buf_Flush)
    [Anonymous Symbol]                       0x08000324   Section        0  comm.o(.text.COMM_Buf_Get)
    [Anonymous Symbol]                       0x0800032c   Section        0  comm.o(.text.COMM_Buf_Get_Index)
    [Anonymous Symbol]                       0x08000334   Section        0  comm.o(.text.COMM_CRC_Calculate_Block)
    [Anonymous Symbol]                       0x08000358   Section        0  comm.o(.text.COMM_CRC_Calculate_Byte)
    __arm_cp.73_0                            0x0800037c   Number         4  comm.o(.text.COMM_CRC_Calculate_Byte)
    [Anonymous Symbol]                       0x08000380   Section        0  comm.o(.text.COMM_Config_BAUD_Rate)
    __arm_cp.4_1                             0x080003a0   Number         4  comm.o(.text.COMM_Config_BAUD_Rate)
    [Anonymous Symbol]                       0x080003a4   Section        0  comm.o(.text.COMM_Config_Clock)
    [Anonymous Symbol]                       0x080003b4   Section        0  comm.o(.text.COMM_Config_GPIO)
    __arm_cp.2_0                             0x080003f0   Number         4  comm.o(.text.COMM_Config_GPIO)
    __arm_cp.2_1                             0x080003f4   Number         4  comm.o(.text.COMM_Config_GPIO)
    [Anonymous Symbol]                       0x080003f8   Section        0  comm.o(.text.COMM_Config_Rx)
    [Anonymous Symbol]                       0x08000414   Section        0  comm.o(.text.COMM_Config_Rx_Interrupt)
    [Anonymous Symbol]                       0x08000434   Section        0  comm.o(.text.COMM_Config_Tx)
    __arm_cp.5_0                             0x08000450   Number         4  comm.o(.text.COMM_Config_Tx)
    [Anonymous Symbol]                       0x08000454   Section        0  comm.o(.text.COMM_Data_Available)
    [Anonymous Symbol]                       0x0800045c   Section        0  comm.o(.text.COMM_Data_CRC_Status_Get)
    [Anonymous Symbol]                       0x08000464   Section        0  comm.o(.text.COMM_Data_Clear_Available_Flag)
    [Anonymous Symbol]                       0x08000470   Section        0  comm.o(.text.COMM_Data_Clear_Read_Complete_Flag)
    [Anonymous Symbol]                       0x0800047c   Section        0  comm.o(.text.COMM_Data_Len_Get)
    [Anonymous Symbol]                       0x08000484   Section        0  comm.o(.text.COMM_Error_Code_Clear)
    [Anonymous Symbol]                       0x0800048c   Section        0  comm.o(.text.COMM_ISR_Handler)
    [Anonymous Symbol]                       0x080004d8   Section        0  comm.o(.text.COMM_Init)
    [Anonymous Symbol]                       0x08000514   Section        0  comm.o(.text.COMM_RX_Packet_CRC_Check)
    [Anonymous Symbol]                       0x08000574   Section        0  comm.o(.text.COMM_RX_Packet_Disassemble)
    [Anonymous Symbol]                       0x0800057c   Section        0  comm.o(.text.COMM_RX_Packet_Read_Complete)
    [Anonymous Symbol]                       0x08000590   Section        0  comm.o(.text.COMM_RX_Packet_Struct_Init)
    [Anonymous Symbol]                       0x080005ac   Section        0  comm.o(.text.COMM_Rx_Byte)
    __arm_cp.12_0                            0x080005c0   Number         4  comm.o(.text.COMM_Rx_Byte)
    [Anonymous Symbol]                       0x080005c4   Section        0  comm.o(.text.COMM_Struct_Init)
    [Anonymous Symbol]                       0x08000604   Section        0  comm.o(.text.COMM_Timer_Clear_Interrupt_Flag)
    [Anonymous Symbol]                       0x08000618   Section        0  comm.o(.text.COMM_Timer_Disable)
    [Anonymous Symbol]                       0x08000624   Section        0  comm.o(.text.COMM_Timer_Enable)
    __arm_cp.17_0                            0x08000630   Number         4  comm.o(.text.COMM_Timer_Enable)
    [Anonymous Symbol]                       0x08000634   Section        0  comm.o(.text.COMM_Timer_ISR_Handler)
    __arm_cp.24_0                            0x08000674   Number         4  comm.o(.text.COMM_Timer_ISR_Handler)
    [Anonymous Symbol]                       0x08000678   Section        0  comm.o(.text.COMM_Timer_Init)
    __arm_cp.16_0                            0x080006bc   Number         4  comm.o(.text.COMM_Timer_Init)
    __arm_cp.16_1                            0x080006c0   Number         4  comm.o(.text.COMM_Timer_Init)
    __arm_cp.16_2                            0x080006c4   Number         4  comm.o(.text.COMM_Timer_Init)
    [Anonymous Symbol]                       0x080006c8   Section        0  comm.o(.text.COMM_Timer_Struct_Init)
    __arm_cp.15_0                            0x080006d8   Number         4  comm.o(.text.COMM_Timer_Struct_Init)
    [Anonymous Symbol]                       0x080006dc   Section        0  comm.o(.text.COMM_Timer_Value_Reset)
    __arm_cp.21_0                            0x080006e4   Number         4  comm.o(.text.COMM_Timer_Value_Reset)
    [Anonymous Symbol]                       0x080006e8   Section        0  comm.o(.text.COMM_Tx_Buf)
    [Anonymous Symbol]                       0x08000704   Section        0  comm.o(.text.COMM_Tx_Byte)
    __arm_cp.11_0                            0x0800071c   Number         4  comm.o(.text.COMM_Tx_Byte)
    [Anonymous Symbol]                       0x08000720   Section        0  ldr.o(.text.LDR_Automic_Brightness_Off)
    [Anonymous Symbol]                       0x08000728   Section        0  ldr.o(.text.LDR_Automic_Brightness_On)
    [Anonymous Symbol]                       0x08000730   Section        0  ldr.o(.text.LDR_Automic_Brightness_Sts_Get)
    [Anonymous Symbol]                       0x08000738   Section        0  ldr.o(.text.LDR_Control_Brightness)
    [Anonymous Symbol]                       0x080007e8   Section        0  ldr.o(.text.LDR_GPIO_Init)
    __arm_cp.1_0                             0x08000800   Number         4  ldr.o(.text.LDR_GPIO_Init)
    __arm_cp.1_1                             0x08000804   Number         4  ldr.o(.text.LDR_GPIO_Init)
    [Anonymous Symbol]                       0x08000808   Section        0  ldr.o(.text.LDR_Get_ADC_Val)
    [Anonymous Symbol]                       0x08000810   Section        0  ldr.o(.text.LDR_Get_Current_Brightness)
    [Anonymous Symbol]                       0x08000818   Section        0  ldr.o(.text.LDR_Init)
    [Anonymous Symbol]                       0x08000834   Section        0  ldr.o(.text.LDR_Manual_Brightness_Get)
    [Anonymous Symbol]                       0x0800083c   Section        0  ldr.o(.text.LDR_Manual_Brightness_Set)
    [Anonymous Symbol]                       0x08000844   Section        0  ldr.o(.text.LDR_Max_Brightness_Set)
    [Anonymous Symbol]                       0x08000854   Section        0  ldr.o(.text.LDR_Read_Brightness)
    [Anonymous Symbol]                       0x08000868   Section        0  ldr.o(.text.LDR_Reg_Init)
    [Anonymous Symbol]                       0x08000878   Section        0  ldr.o(.text.LDR_Struct_Init)
    __arm_cp.0_0                             0x0800089c   Number         4  ldr.o(.text.LDR_Struct_Init)
    __arm_cp.0_1                             0x080008a0   Number         4  ldr.o(.text.LDR_Struct_Init)
    __arm_cp.0_2                             0x080008a4   Number         4  ldr.o(.text.LDR_Struct_Init)
    __arm_cp.0_3                             0x080008a8   Number         4  ldr.o(.text.LDR_Struct_Init)
    __arm_cp.0_4                             0x080008ac   Number         4  ldr.o(.text.LDR_Struct_Init)
    __arm_cp.0_5                             0x080008b0   Number         4  ldr.o(.text.LDR_Struct_Init)
    __arm_cp.0_6                             0x080008b4   Number         4  ldr.o(.text.LDR_Struct_Init)
    [Anonymous Symbol]                       0x080008b8   Section        0  lpf.o(.text.LPF_Get_Alpha)
    [Anonymous Symbol]                       0x080008c4   Section        0  lpf.o(.text.LPF_Get_Filtered_Value)
    [Anonymous Symbol]                       0x080008ec   Section        0  lpf.o(.text.LPF_Init)
    [Anonymous Symbol]                       0x080008f4   Section        0  lpf.o(.text.LPF_Set_Alpha)
    [Anonymous Symbol]                       0x08000900   Section        0  lpf.o(.text.LPF_Struct_Init)
    __arm_cp.0_0                             0x08000918   Number         4  lpf.o(.text.LPF_Struct_Init)
    [Anonymous Symbol]                       0x0800091c   Section        0  protocol.o(.text.Protocol_Build_Ack_Nack_Packet)
    [Anonymous Symbol]                       0x0800094c   Section        0  protocol.o(.text.Protocol_Build_Auto_Brightness_ADC_Val_Packet)
    [Anonymous Symbol]                       0x08000990   Section        0  protocol.o(.text.Protocol_Build_Digit_Multiple_Packet)
    [Anonymous Symbol]                       0x080009e4   Section        0  protocol.o(.text.Protocol_Build_Digit_Single_Packet)
    [Anonymous Symbol]                       0x08000a24   Section        0  protocol.o(.text.Protocol_Build_Dp_Multiple_Packet)
    [Anonymous Symbol]                       0x08000a78   Section        0  protocol.o(.text.Protocol_Build_Dp_Single_Packet)
    [Anonymous Symbol]                       0x08000ab8   Section        0  protocol.o(.text.Protocol_Build_Func_En_Packet)
    [Anonymous Symbol]                       0x08000af4   Section        0  protocol.o(.text.Protocol_Build_Manual_Brightness_Val_Packet)
    [Anonymous Symbol]                       0x08000b30   Section        0  protocol.o(.text.Protocol_Build_Status_Packet)
    [Anonymous Symbol]                       0x08000ba4   Section        0  protocol.o(.text.Protocol_Disassemble_Packet)
    __arm_cp.25_0                            0x08000cd4   Number         4  protocol.o(.text.Protocol_Disassemble_Packet)
    [Anonymous Symbol]                       0x08000cd8   Section        0  protocol.o(.text.Protocol_Disp_Sts_Get)
    [Anonymous Symbol]                       0x08000cec   Section        0  protocol.o(.text.Protocol_Error_Check)
    __arm_cp.24_0                            0x08000d4c   Number         4  protocol.o(.text.Protocol_Error_Check)
    [Anonymous Symbol]                       0x08000d50   Section        0  protocol.o(.text.Protocol_Init)
    [Anonymous Symbol]                       0x08000d58   Section        0  protocol.o(.text.Protocol_Response_Auto_Brightness_ADC)
    __arm_cp.23_0                            0x08000d84   Number         4  protocol.o(.text.Protocol_Response_Auto_Brightness_ADC)
    [Anonymous Symbol]                       0x08000d88   Section        0  protocol.o(.text.Protocol_Response_Decimal_Point_Multiple)
    __arm_cp.21_0                            0x08000e24   Number         4  protocol.o(.text.Protocol_Response_Decimal_Point_Multiple)
    [Anonymous Symbol]                       0x08000e28   Section        0  protocol.o(.text.Protocol_Response_Decimal_Point_Single)
    __arm_cp.20_0                            0x08000e94   Number         4  protocol.o(.text.Protocol_Response_Decimal_Point_Single)
    [Anonymous Symbol]                       0x08000e98   Section        0  protocol.o(.text.Protocol_Response_Digit_Multiple)
    [Anonymous Symbol]                       0x08000f30   Section        0  protocol.o(.text.Protocol_Response_Digit_Single)
    __arm_cp.18_0                            0x08000f9c   Number         4  protocol.o(.text.Protocol_Response_Digit_Single)
    [Anonymous Symbol]                       0x08000fa0   Section        0  protocol.o(.text.Protocol_Response_Display_Status)
    [Anonymous Symbol]                       0x08000fd8   Section        0  protocol.o(.text.Protocol_Response_Function_Enable)
    __arm_cp.17_0                            0x08001078   Number         4  protocol.o(.text.Protocol_Response_Function_Enable)
    [Anonymous Symbol]                       0x0800107c   Section        0  protocol.o(.text.Protocol_Response_Mainloop)
    __arm_cp.26_0                            0x0800116c   Number         4  protocol.o(.text.Protocol_Response_Mainloop)
    [Anonymous Symbol]                       0x08001170   Section        0  protocol.o(.text.Protocol_Response_Manual_Brightness)
    __arm_cp.22_0                            0x080011d4   Number         4  protocol.o(.text.Protocol_Response_Manual_Brightness)
    [Anonymous Symbol]                       0x080011d8   Section        0  protocol.o(.text.Protocol_Struct_Init)
    [Anonymous Symbol]                       0x08001230   Section        0  protocol.o(.text.Protocol_Transmit_Packet)
    __arm_cp.15_0                            0x08001240   Number         4  protocol.o(.text.Protocol_Transmit_Packet)
    [Anonymous Symbol]                       0x08001244   Section        0  sevensegment.o(.text.SevenSegment_Activate_Digit)
    __arm_cp.12_0                            0x08001318   Number         4  sevensegment.o(.text.SevenSegment_Activate_Digit)
    __arm_cp.12_1                            0x0800131c   Number         4  sevensegment.o(.text.SevenSegment_Activate_Digit)
    __arm_cp.12_2                            0x08001320   Number         4  sevensegment.o(.text.SevenSegment_Activate_Digit)
    [Anonymous Symbol]                       0x08001324   Section        0  sevensegment.o(.text.SevenSegment_Assign_Digit_Value)
    [Anonymous Symbol]                       0x08001334   Section        0  sevensegment.o(.text.SevenSegment_Assign_Segment_Value)
    [Anonymous Symbol]                       0x08001350   Section        0  sevensegment.o(.text.SevenSegment_Auto_Brightness_Timer_Init)
    __arm_cp.7_1                             0x0800138c   Number         4  sevensegment.o(.text.SevenSegment_Auto_Brightness_Timer_Init)
    __arm_cp.7_2                             0x08001390   Number         4  sevensegment.o(.text.SevenSegment_Auto_Brightness_Timer_Init)
    __arm_cp.7_3                             0x08001394   Number         4  sevensegment.o(.text.SevenSegment_Auto_Brightness_Timer_Init)
    [Anonymous Symbol]                       0x08001398   Section        0  sevensegment.o(.text.SevenSegment_Auto_Dp_Toggle_Disable)
    [Anonymous Symbol]                       0x080013a0   Section        0  sevensegment.o(.text.SevenSegment_Auto_Dp_Toggle_Enable)
    [Anonymous Symbol]                       0x080013a8   Section        0  sevensegment.o(.text.SevenSegment_Brightness_Handler)
    [Anonymous Symbol]                       0x08001408   Section        0  sevensegment.o(.text.SevenSegment_Display_Disable)
    [Anonymous Symbol]                       0x08001414   Section        0  sevensegment.o(.text.SevenSegment_Display_Enable)
    [Anonymous Symbol]                       0x08001420   Section        0  sevensegment.o(.text.SevenSegment_Display_Enable_Sts)
    [Anonymous Symbol]                       0x08001428   Section        0  sevensegment.o(.text.SevenSegment_Dp_Byte_Get)
    [Anonymous Symbol]                       0x08001454   Section        0  sevensegment.o(.text.SevenSegment_Dp_Values_Get)
    [Anonymous Symbol]                       0x0800145c   Section        0  sevensegment.o(.text.SevenSegment_GPIO_Init)
    __arm_cp.1_0                             0x080015b0   Number         4  sevensegment.o(.text.SevenSegment_GPIO_Init)
    __arm_cp.1_1                             0x080015b4   Number         4  sevensegment.o(.text.SevenSegment_GPIO_Init)
    __arm_cp.1_2                             0x080015b8   Number         4  sevensegment.o(.text.SevenSegment_GPIO_Init)
    __arm_cp.1_3                             0x080015bc   Number         4  sevensegment.o(.text.SevenSegment_GPIO_Init)
    [Anonymous Symbol]                       0x080015c0   Section        0  sevensegment.o(.text.SevenSegment_ISR_Executables)
    [Anonymous Symbol]                       0x080015c8   Section        0  sevensegment.o(.text.SevenSegment_Init)
    __arm_cp.26_0                            0x080015e0   Number         4  sevensegment.o(.text.SevenSegment_Init)
    [Anonymous Symbol]                       0x080015e4   Section        0  sevensegment.o(.text.SevenSegment_Segment_Char_Values_Get)
    [Anonymous Symbol]                       0x080015ec   Section        0  sevensegment.o(.text.SevenSegment_Set_Brightness)
    [Anonymous Symbol]                       0x08001610   Section        0  sevensegment.o(.text.SevenSegment_Set_Dp)
    [Anonymous Symbol]                       0x08001640   Section        0  sevensegment.o(.text.SevenSegment_Set_Segment_Pins)
    __arm_cp.10_0                            0x08001650   Number         4  sevensegment.o(.text.SevenSegment_Set_Segment_Pins)
    [Anonymous Symbol]                       0x08001654   Section        0  sevensegment.o(.text.SevenSegment_Set_Value)
    __arm_cp.15_0                            0x08001678   Number         4  sevensegment.o(.text.SevenSegment_Set_Value)
    segment_val                              0x0800167c   Number         0  sevensegment.o(.text.SevenSegment_Set_Value)
    [Anonymous Symbol]                       0x08001694   Section        0  sevensegment.o(.text.SevenSegment_Struct_Init)
    __arm_cp.0_0                             0x080016d0   Number         4  sevensegment.o(.text.SevenSegment_Struct_Init)
    [Anonymous Symbol]                       0x080016d4   Section        0  sevensegment.o(.text.SevenSegment_Timer_Init)
    __arm_cp.2_0                             0x08001710   Number         4  sevensegment.o(.text.SevenSegment_Timer_Init)
    __arm_cp.2_1                             0x08001714   Number         4  sevensegment.o(.text.SevenSegment_Timer_Init)
    __arm_cp.2_2                             0x08001718   Number         4  sevensegment.o(.text.SevenSegment_Timer_Init)
    [Anonymous Symbol]                       0x0800171c   Section        0  system_stm32g0xx.o(.text.SystemInit)
    [Anonymous Symbol]                       0x08001720   Section        0  sevensegment.o(.text.TIM14_IRQHandler)
    __arm_cp.5_0                             0x08001734   Number         4  sevensegment.o(.text.TIM14_IRQHandler)
    [Anonymous Symbol]                       0x08001738   Section        0  comm.o(.text.TIM16_IRQHandler)
    [Anonymous Symbol]                       0x08001740   Section        0  sevensegment.o(.text.TIM17_IRQHandler)
    __arm_cp.8_0                             0x08001794   Number         4  sevensegment.o(.text.TIM17_IRQHandler)
    __arm_cp.8_1                             0x08001798   Number         4  sevensegment.o(.text.TIM17_IRQHandler)
    [Anonymous Symbol]                       0x0800179c   Section        0  comm.o(.text.USART1_IRQHandler)
    [Anonymous Symbol]                       0x080017a4   Section        0  wdt.o(.text.WDT_Init)
    __arm_cp.0_0                             0x080017e4   Number         4  wdt.o(.text.WDT_Init)
    __arm_cp.0_2                             0x080017e8   Number         4  wdt.o(.text.WDT_Init)
    __arm_cp.0_3                             0x080017ec   Number         4  wdt.o(.text.WDT_Init)
    [Anonymous Symbol]                       0x080017f0   Section        0  wdt.o(.text.WDT_Reload)
    __arm_cp.1_0                             0x08001800   Number         4  wdt.o(.text.WDT_Reload)
    __arm_cp.1_1                             0x08001804   Number         4  wdt.o(.text.WDT_Reload)
    __NVIC_EnableIRQ                         0x08001809   Thumb Code    16  sevensegment.o(.text.__NVIC_EnableIRQ)
    [Anonymous Symbol]                       0x08001808   Section        0  sevensegment.o(.text.__NVIC_EnableIRQ)
    __NVIC_EnableIRQ                         0x08001819   Thumb Code    16  comm.o(.text.__NVIC_EnableIRQ)
    [Anonymous Symbol]                       0x08001818   Section        0  comm.o(.text.__NVIC_EnableIRQ)
    __arm_cp.8_0                             0x08001828   Number         4  comm.o(.text.__NVIC_EnableIRQ)
    __NVIC_SetPriority                       0x0800182d   Thumb Code    36  sevensegment.o(.text.__NVIC_SetPriority)
    [Anonymous Symbol]                       0x0800182c   Section        0  sevensegment.o(.text.__NVIC_SetPriority)
    __NVIC_SetPriority                       0x08001851   Thumb Code    36  comm.o(.text.__NVIC_SetPriority)
    [Anonymous Symbol]                       0x08001850   Section        0  comm.o(.text.__NVIC_SetPriority)
    __arm_cp.9_0                             0x08001874   Number         4  comm.o(.text.__NVIC_SetPriority)
    [Anonymous Symbol]                       0x08001878   Section        0  main.o(.text.main)
    __arm_cp.0_0                             0x08001894   Number         4  main.o(.text.main)
    __arm_cp.0_1                             0x08001898   Number         4  main.o(.text.main)
    .text_divfast                            0x0800189c   Section      502  aeabi_sdivfast.o(.text_divfast)
    .bss                                     0x20000000   Section       96  libspace.o(.bss)
    COMM                                     0x20000060   Data          90  comm.o(.bss.COMM)
    [Anonymous Symbol]                       0x20000060   Section        0  comm.o(.bss.COMM)
    LDR.0                                    0x200000ba   Data           2  ldr.o(.bss.LDR.0)
    [Anonymous Symbol]                       0x200000ba   Section        0  ldr.o(.bss.LDR.0)
    LDR.1                                    0x200000bc   Data           2  ldr.o(.bss.LDR.1)
    [Anonymous Symbol]                       0x200000bc   Section        0  ldr.o(.bss.LDR.1)
    LDR.2                                    0x200000be   Data           2  ldr.o(.bss.LDR.2)
    [Anonymous Symbol]                       0x200000be   Section        0  ldr.o(.bss.LDR.2)
    LDR.3                                    0x200000c0   Data           2  ldr.o(.bss.LDR.3)
    [Anonymous Symbol]                       0x200000c0   Section        0  ldr.o(.bss.LDR.3)
    LDR.5                                    0x200000c2   Data           1  ldr.o(.bss.LDR.5)
    [Anonymous Symbol]                       0x200000c2   Section        0  ldr.o(.bss.LDR.5)
    LDR.6                                    0x200000c4   Data           1  ldr.o(.bss.LDR.6)
    [Anonymous Symbol]                       0x200000c4   Section        0  ldr.o(.bss.LDR.6)
    LDR.7                                    0x200000c6   Data           2  ldr.o(.bss.LDR.7)
    [Anonymous Symbol]                       0x200000c6   Section        0  ldr.o(.bss.LDR.7)
    LPF                                      0x200000c8   Data          24  lpf.o(.bss.LPF)
    [Anonymous Symbol]                       0x200000c8   Section        0  lpf.o(.bss.LPF)
    Protocol                                 0x200000e0   Data          84  protocol.o(.bss.Protocol)
    [Anonymous Symbol]                       0x200000e0   Section        0  protocol.o(.bss.Protocol)
    SevenSegment                             0x20000134   Data          40  sevensegment.o(.bss.SevenSegment)
    [Anonymous Symbol]                       0x20000134   Section        0  sevensegment.o(.bss.SevenSegment)
    Heap_Mem                                 0x20000160   Data         512  startup_stm32g030xx.o(HEAP)
    HEAP                                     0x20000160   Section      512  startup_stm32g030xx.o(HEAP)
    Stack_Mem                                0x20000360   Data        1024  startup_stm32g030xx.o(STACK)
    STACK                                    0x20000360   Section     1024  startup_stm32g030xx.o(STACK)
    __initial_sp                             0x20000760   Data           0  startup_stm32g030xx.o(STACK)

    Global Symbols

    Symbol Name                              Value     Ov Type        Size  Object(Section)

    BuildAttributes$$THM_ISAv3M$S$PE$A:L22$X:L11$S22$IEEE1$IW$~IW$USESV6$~STKCKD$USESV7$~SHL$OTIME$ROPI$EBA8$UX$STANDARDLIB$REQ8$PRES8$EABIv2 0x00000000   Number         0  anon$$obj.o ABSOLUTE
    __ARM_exceptions_init                     - Undefined Weak Reference
    __alloca_initialize                       - Undefined Weak Reference
    __arm_preinit_                            - Undefined Weak Reference
    __cpp_initialize__aeabi_                  - Undefined Weak Reference
    __cxa_finalize                            - Undefined Weak Reference
    __rt_locale                               - Undefined Weak Reference
    __sigvec_lookup                           - Undefined Weak Reference
    _atexit_init                              - Undefined Weak Reference
    _call_atexit_fns                          - Undefined Weak Reference
    _clock_init                               - Undefined Weak Reference
    _fp_trap_init                             - Undefined Weak Reference
    _fp_trap_shutdown                         - Undefined Weak Reference
    _get_lc_collate                           - Undefined Weak Reference
    _get_lc_ctype                             - Undefined Weak Reference
    _get_lc_monetary                          - Undefined Weak Reference
    _get_lc_numeric                           - Undefined Weak Reference
    _get_lc_time                              - Undefined Weak Reference
    _getenv_init                              - Undefined Weak Reference
    _handle_redirection                       - Undefined Weak Reference
    _init_alloc                               - Undefined Weak Reference
    _init_user_alloc                          - Undefined Weak Reference
    _initio                                   - Undefined Weak Reference
    _rand_init                                - Undefined Weak Reference
    _signal_finish                            - Undefined Weak Reference
    _signal_init                              - Undefined Weak Reference
    _terminate_alloc                          - Undefined Weak Reference
    _terminate_user_alloc                     - Undefined Weak Reference
    _terminateio                              - Undefined Weak Reference
    __Vectors_Size                           0x000000c0   Number         0  startup_stm32g030xx.o ABSOLUTE
    __Vectors                                0x08000000   Data           4  startup_stm32g030xx.o(RESET)
    __Vectors_End                            0x080000c0   Data           0  startup_stm32g030xx.o(RESET)
    __main                                   0x080000c1   Thumb Code     8  __main.o(!!!main)
    __scatterload                            0x080000c9   Thumb Code     0  __scatter.o(!!!scatter)
    __scatterload_rt2                        0x080000c9   Thumb Code    52  __scatter.o(!!!scatter)
    __scatterload_rt2_thumb_only             0x080000c9   Thumb Code     0  __scatter.o(!!!scatter)
    __scatterload_null                       0x080000d9   Thumb Code     0  __scatter.o(!!!scatter)
    __scatterload_zeroinit                   0x08000105   Thumb Code    28  __scatter_zi.o(!!handler_zi)
    __rt_lib_init                            0x08000121   Thumb Code     0  libinit.o(.ARM.Collect$$libinit$$00000000)
    __rt_lib_init_alloca_1                   0x08000123   Thumb Code     0  libinit2.o(.ARM.Collect$$libinit$$0000002E)
    __rt_lib_init_argv_1                     0x08000123   Thumb Code     0  libinit2.o(.ARM.Collect$$libinit$$0000002C)
    __rt_lib_init_atexit_1                   0x08000123   Thumb Code     0  libinit2.o(.ARM.Collect$$libinit$$0000001B)
    __rt_lib_init_clock_1                    0x08000123   Thumb Code     0  libinit2.o(.ARM.Collect$$libinit$$00000021)
    __rt_lib_init_cpp_1                      0x08000123   Thumb Code     0  libinit2.o(.ARM.Collect$$libinit$$00000032)
    __rt_lib_init_exceptions_1               0x08000123   Thumb Code     0  libinit2.o(.ARM.Collect$$libinit$$00000030)
    __rt_lib_init_fp_1                       0x08000123   Thumb Code     0  libinit2.o(.ARM.Collect$$libinit$$00000002)
    __rt_lib_init_fp_trap_1                  0x08000123   Thumb Code     0  libinit2.o(.ARM.Collect$$libinit$$0000001F)
    __rt_lib_init_getenv_1                   0x08000123   Thumb Code     0  libinit2.o(.ARM.Collect$$libinit$$00000023)
    __rt_lib_init_heap_1                     0x08000123   Thumb Code     0  libinit2.o(.ARM.Collect$$libinit$$0000000A)
    __rt_lib_init_lc_collate_1               0x08000123   Thumb Code     0  libinit2.o(.ARM.Collect$$libinit$$00000011)
    __rt_lib_init_lc_ctype_1                 0x08000123   Thumb Code     0  libinit2.o(.ARM.Collect$$libinit$$00000013)
    __rt_lib_init_lc_monetary_1              0x08000123   Thumb Code     0  libinit2.o(.ARM.Collect$$libinit$$00000015)
    __rt_lib_init_lc_numeric_1               0x08000123   Thumb Code     0  libinit2.o(.ARM.Collect$$libinit$$00000017)
    __rt_lib_init_lc_time_1                  0x08000123   Thumb Code     0  libinit2.o(.ARM.Collect$$libinit$$00000019)
    __rt_lib_init_preinit_1                  0x08000123   Thumb Code     0  libinit2.o(.ARM.Collect$$libinit$$00000004)
    __rt_lib_init_rand_1                     0x08000123   Thumb Code     0  libinit2.o(.ARM.Collect$$libinit$$0000000E)
    __rt_lib_init_return                     0x08000123   Thumb Code     0  libinit2.o(.ARM.Collect$$libinit$$00000033)
    __rt_lib_init_signal_1                   0x08000123   Thumb Code     0  libinit2.o(.ARM.Collect$$libinit$$0000001D)
    __rt_lib_init_stdio_1                    0x08000123   Thumb Code     0  libinit2.o(.ARM.Collect$$libinit$$00000025)
    __rt_lib_init_user_alloc_1               0x08000123   Thumb Code     0  libinit2.o(.ARM.Collect$$libinit$$0000000C)
    __rt_lib_shutdown                        0x08000125   Thumb Code     0  libshutdown.o(.ARM.Collect$$libshutdown$$00000000)
    __rt_lib_shutdown_cpp_1                  0x08000127   Thumb Code     0  libshutdown2.o(.ARM.Collect$$libshutdown$$00000002)
    __rt_lib_shutdown_fp_trap_1              0x08000127   Thumb Code     0  libshutdown2.o(.ARM.Collect$$libshutdown$$00000007)
    __rt_lib_shutdown_heap_1                 0x08000127   Thumb Code     0  libshutdown2.o(.ARM.Collect$$libshutdown$$0000000F)
    __rt_lib_shutdown_return                 0x08000127   Thumb Code     0  libshutdown2.o(.ARM.Collect$$libshutdown$$00000010)
    __rt_lib_shutdown_signal_1               0x08000127   Thumb Code     0  libshutdown2.o(.ARM.Collect$$libshutdown$$0000000A)
    __rt_lib_shutdown_stdio_1                0x08000127   Thumb Code     0  libshutdown2.o(.ARM.Collect$$libshutdown$$00000004)
    __rt_lib_shutdown_user_alloc_1           0x08000127   Thumb Code     0  libshutdown2.o(.ARM.Collect$$libshutdown$$0000000C)
    __rt_entry                               0x08000129   Thumb Code     0  __rtentry.o(.ARM.Collect$$rtentry$$00000000)
    __rt_entry_presh_1                       0x08000129   Thumb Code     0  __rtentry2.o(.ARM.Collect$$rtentry$$00000002)
    __rt_entry_sh                            0x08000129   Thumb Code     0  __rtentry4.o(.ARM.Collect$$rtentry$$00000004)
    __rt_entry_li                            0x0800012f   Thumb Code     0  __rtentry2.o(.ARM.Collect$$rtentry$$0000000A)
    __rt_entry_postsh_1                      0x0800012f   Thumb Code     0  __rtentry2.o(.ARM.Collect$$rtentry$$00000009)
    __rt_entry_main                          0x08000133   Thumb Code     0  __rtentry2.o(.ARM.Collect$$rtentry$$0000000D)
    __rt_entry_postli_1                      0x08000133   Thumb Code     0  __rtentry2.o(.ARM.Collect$$rtentry$$0000000C)
    __rt_exit                                0x0800013b   Thumb Code     0  rtexit.o(.ARM.Collect$$rtexit$$00000000)
    __rt_exit_ls                             0x0800013d   Thumb Code     0  rtexit2.o(.ARM.Collect$$rtexit$$00000003)
    __rt_exit_prels_1                        0x0800013d   Thumb Code     0  rtexit2.o(.ARM.Collect$$rtexit$$00000002)
    __rt_exit_exit                           0x08000141   Thumb Code     0  rtexit2.o(.ARM.Collect$$rtexit$$00000004)
    Reset_Handler                            0x08000149   Thumb Code     8  startup_stm32g030xx.o(.text)
    NMI_Handler                              0x08000151   Thumb Code     2  startup_stm32g030xx.o(.text)
    HardFault_Handler                        0x08000153   Thumb Code     2  startup_stm32g030xx.o(.text)
    SVC_Handler                              0x08000155   Thumb Code     2  startup_stm32g030xx.o(.text)
    PendSV_Handler                           0x08000157   Thumb Code     2  startup_stm32g030xx.o(.text)
    SysTick_Handler                          0x08000159   Thumb Code     2  startup_stm32g030xx.o(.text)
    ADC1_IRQHandler                          0x0800015b   Thumb Code     0  startup_stm32g030xx.o(.text)
    DMA1_Ch4_5_DMAMUX1_OVR_IRQHandler        0x0800015b   Thumb Code     0  startup_stm32g030xx.o(.text)
    DMA1_Channel1_IRQHandler                 0x0800015b   Thumb Code     0  startup_stm32g030xx.o(.text)
    DMA1_Channel2_3_IRQHandler               0x0800015b   Thumb Code     0  startup_stm32g030xx.o(.text)
    EXTI0_1_IRQHandler                       0x0800015b   Thumb Code     0  startup_stm32g030xx.o(.text)
    EXTI2_3_IRQHandler                       0x0800015b   Thumb Code     0  startup_stm32g030xx.o(.text)
    EXTI4_15_IRQHandler                      0x0800015b   Thumb Code     0  startup_stm32g030xx.o(.text)
    FLASH_IRQHandler                         0x0800015b   Thumb Code     0  startup_stm32g030xx.o(.text)
    I2C1_IRQHandler                          0x0800015b   Thumb Code     0  startup_stm32g030xx.o(.text)
    I2C2_IRQHandler                          0x0800015b   Thumb Code     0  startup_stm32g030xx.o(.text)
    RCC_IRQHandler                           0x0800015b   Thumb Code     0  startup_stm32g030xx.o(.text)
    RTC_TAMP_IRQHandler                      0x0800015b   Thumb Code     0  startup_stm32g030xx.o(.text)
    SPI1_IRQHandler                          0x0800015b   Thumb Code     0  startup_stm32g030xx.o(.text)
    SPI2_IRQHandler                          0x0800015b   Thumb Code     0  startup_stm32g030xx.o(.text)
    TIM1_BRK_UP_TRG_COM_IRQHandler           0x0800015b   Thumb Code     0  startup_stm32g030xx.o(.text)
    TIM1_CC_IRQHandler                       0x0800015b   Thumb Code     0  startup_stm32g030xx.o(.text)
    TIM3_IRQHandler                          0x0800015b   Thumb Code     0  startup_stm32g030xx.o(.text)
    USART2_IRQHandler                        0x0800015b   Thumb Code     0  startup_stm32g030xx.o(.text)
    WWDG_IRQHandler                          0x0800015b   Thumb Code     0  startup_stm32g030xx.o(.text)
    __user_initial_stackheap                 0x0800015d   Thumb Code     0  startup_stm32g030xx.o(.text)
    __use_two_region_memory                  0x08000181   Thumb Code     2  heapauxi.o(.text)
    __rt_heap_escrow$2region                 0x08000183   Thumb Code     2  heapauxi.o(.text)
    __rt_heap_expand$2region                 0x08000185   Thumb Code     2  heapauxi.o(.text)
    __user_setup_stackheap                   0x08000187   Thumb Code    62  sys_stackheap_outer.o(.text)
    exit                                     0x080001c5   Thumb Code    16  exit.o(.text)
    __user_libspace                          0x080001d5   Thumb Code     8  libspace.o(.text)
    __user_perproc_libspace                  0x080001d5   Thumb Code     0  libspace.o(.text)
    __user_perthread_libspace                0x080001d5   Thumb Code     0  libspace.o(.text)
    _sys_exit                                0x080001dd   Thumb Code     8  sys_exit.o(.text)
    __I$use$semihosting                      0x080001e9   Thumb Code     0  use_no_semi.o(.text)
    __use_no_semihosting_swi                 0x080001e9   Thumb Code     2  use_no_semi.o(.text)
    ADC_Init                                 0x080001eb   Thumb Code     8  adc.o(.text.ADC_Init)
    __semihosting_library_function           0x080001eb   Thumb Code     0  indicate_semi.o(.text)
    ADC_Read_Channel                         0x080001f5   Thumb Code    40  adc.o(.text.ADC_Read_Channel)
    ADC_Reg_Init                             0x08000221   Thumb Code   160  adc.o(.text.ADC_Reg_Init)
    App_Config                               0x080002d1   Thumb Code    40  app.o(.text.App_Config)
    App_Mainloop                             0x080002f9   Thumb Code    20  app.o(.text.App_Mainloop)
    COMM_Buf_Flush                           0x0800030d   Thumb Code    24  comm.o(.text.COMM_Buf_Flush)
    COMM_Buf_Get                             0x08000325   Thumb Code     8  comm.o(.text.COMM_Buf_Get)
    COMM_Buf_Get_Index                       0x0800032d   Thumb Code     8  comm.o(.text.COMM_Buf_Get_Index)
    COMM_CRC_Calculate_Block                 0x08000335   Thumb Code    34  comm.o(.text.COMM_CRC_Calculate_Block)
    COMM_CRC_Calculate_Byte                  0x08000359   Thumb Code    36  comm.o(.text.COMM_CRC_Calculate_Byte)
    COMM_Config_BAUD_Rate                    0x08000381   Thumb Code    32  comm.o(.text.COMM_Config_BAUD_Rate)
    COMM_Config_Clock                        0x080003a5   Thumb Code    16  comm.o(.text.COMM_Config_Clock)
    COMM_Config_GPIO                         0x080003b5   Thumb Code    60  comm.o(.text.COMM_Config_GPIO)
    COMM_Config_Rx                           0x080003f9   Thumb Code    28  comm.o(.text.COMM_Config_Rx)
    COMM_Config_Rx_Interrupt                 0x08000415   Thumb Code    32  comm.o(.text.COMM_Config_Rx_Interrupt)
    COMM_Config_Tx                           0x08000435   Thumb Code    28  comm.o(.text.COMM_Config_Tx)
    COMM_Data_Available                      0x08000455   Thumb Code     8  comm.o(.text.COMM_Data_Available)
    COMM_Data_CRC_Status_Get                 0x0800045d   Thumb Code     8  comm.o(.text.COMM_Data_CRC_Status_Get)
    COMM_Data_Clear_Available_Flag           0x08000465   Thumb Code    12  comm.o(.text.COMM_Data_Clear_Available_Flag)
    COMM_Data_Clear_Read_Complete_Flag       0x08000471   Thumb Code    12  comm.o(.text.COMM_Data_Clear_Read_Complete_Flag)
    COMM_Data_Len_Get                        0x0800047d   Thumb Code     8  comm.o(.text.COMM_Data_Len_Get)
    COMM_Error_Code_Clear                    0x08000485   Thumb Code     8  comm.o(.text.COMM_Error_Code_Clear)
    COMM_ISR_Handler                         0x0800048d   Thumb Code    76  comm.o(.text.COMM_ISR_Handler)
    COMM_Init                                0x080004d9   Thumb Code    60  comm.o(.text.COMM_Init)
    COMM_RX_Packet_CRC_Check                 0x08000515   Thumb Code    96  comm.o(.text.COMM_RX_Packet_CRC_Check)
    COMM_RX_Packet_Disassemble               0x08000575   Thumb Code     8  comm.o(.text.COMM_RX_Packet_Disassemble)
    COMM_RX_Packet_Read_Complete             0x0800057d   Thumb Code    20  comm.o(.text.COMM_RX_Packet_Read_Complete)
    COMM_RX_Packet_Struct_Init               0x08000591   Thumb Code    28  comm.o(.text.COMM_RX_Packet_Struct_Init)
    COMM_Rx_Byte                             0x080005ad   Thumb Code    20  comm.o(.text.COMM_Rx_Byte)
    COMM_Struct_Init                         0x080005c5   Thumb Code    64  comm.o(.text.COMM_Struct_Init)
    COMM_Timer_Clear_Interrupt_Flag          0x08000605   Thumb Code    20  comm.o(.text.COMM_Timer_Clear_Interrupt_Flag)
    COMM_Timer_Disable                       0x08000619   Thumb Code    12  comm.o(.text.COMM_Timer_Disable)
    COMM_Timer_Enable                        0x08000625   Thumb Code    12  comm.o(.text.COMM_Timer_Enable)
    COMM_Timer_ISR_Handler                   0x08000635   Thumb Code    64  comm.o(.text.COMM_Timer_ISR_Handler)
    COMM_Timer_Init                          0x08000679   Thumb Code    68  comm.o(.text.COMM_Timer_Init)
    COMM_Timer_Struct_Init                   0x080006c9   Thumb Code    16  comm.o(.text.COMM_Timer_Struct_Init)
    COMM_Timer_Value_Reset                   0x080006dd   Thumb Code     8  comm.o(.text.COMM_Timer_Value_Reset)
    COMM_Tx_Buf                              0x080006e9   Thumb Code    26  comm.o(.text.COMM_Tx_Buf)
    COMM_Tx_Byte                             0x08000705   Thumb Code    24  comm.o(.text.COMM_Tx_Byte)
    LDR_Automic_Brightness_Off               0x08000721   Thumb Code     8  ldr.o(.text.LDR_Automic_Brightness_Off)
    LDR_Automic_Brightness_On                0x08000729   Thumb Code     8  ldr.o(.text.LDR_Automic_Brightness_On)
    LDR_Automic_Brightness_Sts_Get           0x08000731   Thumb Code     8  ldr.o(.text.LDR_Automic_Brightness_Sts_Get)
    LDR_Control_Brightness                   0x08000739   Thumb Code   176  ldr.o(.text.LDR_Control_Brightness)
    LDR_GPIO_Init                            0x080007e9   Thumb Code    24  ldr.o(.text.LDR_GPIO_Init)
    LDR_Get_ADC_Val                          0x08000809   Thumb Code     8  ldr.o(.text.LDR_Get_ADC_Val)
    LDR_Get_Current_Brightness               0x08000811   Thumb Code     8  ldr.o(.text.LDR_Get_Current_Brightness)
    LDR_Init                                 0x08000819   Thumb Code    28  ldr.o(.text.LDR_Init)
    LDR_Manual_Brightness_Get                0x08000835   Thumb Code     8  ldr.o(.text.LDR_Manual_Brightness_Get)
    LDR_Manual_Brightness_Set                0x0800083d   Thumb Code     8  ldr.o(.text.LDR_Manual_Brightness_Set)
    LDR_Max_Brightness_Set                   0x08000845   Thumb Code    16  ldr.o(.text.LDR_Max_Brightness_Set)
    LDR_Read_Brightness                      0x08000855   Thumb Code    20  ldr.o(.text.LDR_Read_Brightness)
    LDR_Reg_Init                             0x08000869   Thumb Code    14  ldr.o(.text.LDR_Reg_Init)
    LDR_Struct_Init                          0x08000879   Thumb Code    36  ldr.o(.text.LDR_Struct_Init)
    LPF_Get_Alpha                            0x080008b9   Thumb Code    12  lpf.o(.text.LPF_Get_Alpha)
    LPF_Get_Filtered_Value                   0x080008c5   Thumb Code    40  lpf.o(.text.LPF_Get_Filtered_Value)
    LPF_Init                                 0x080008ed   Thumb Code     8  lpf.o(.text.LPF_Init)
    LPF_Set_Alpha                            0x080008f5   Thumb Code    12  lpf.o(.text.LPF_Set_Alpha)
    LPF_Struct_Init                          0x08000901   Thumb Code    24  lpf.o(.text.LPF_Struct_Init)
    Protocol_Build_Ack_Nack_Packet           0x0800091d   Thumb Code    48  protocol.o(.text.Protocol_Build_Ack_Nack_Packet)
    Protocol_Build_Auto_Brightness_ADC_Val_Packet 0x0800094d   Thumb Code    68  protocol.o(.text.Protocol_Build_Auto_Brightness_ADC_Val_Packet)
    Protocol_Build_Digit_Multiple_Packet     0x08000991   Thumb Code    84  protocol.o(.text.Protocol_Build_Digit_Multiple_Packet)
    Protocol_Build_Digit_Single_Packet       0x080009e5   Thumb Code    64  protocol.o(.text.Protocol_Build_Digit_Single_Packet)
    Protocol_Build_Dp_Multiple_Packet        0x08000a25   Thumb Code    84  protocol.o(.text.Protocol_Build_Dp_Multiple_Packet)
    Protocol_Build_Dp_Single_Packet          0x08000a79   Thumb Code    64  protocol.o(.text.Protocol_Build_Dp_Single_Packet)
    Protocol_Build_Func_En_Packet            0x08000ab9   Thumb Code    60  protocol.o(.text.Protocol_Build_Func_En_Packet)
    Protocol_Build_Manual_Brightness_Val_Packet 0x08000af5   Thumb Code    60  protocol.o(.text.Protocol_Build_Manual_Brightness_Val_Packet)
    Protocol_Build_Status_Packet             0x08000b31   Thumb Code   116  protocol.o(.text.Protocol_Build_Status_Packet)
    Protocol_Disassemble_Packet              0x08000ba5   Thumb Code   304  protocol.o(.text.Protocol_Disassemble_Packet)
    Protocol_Disp_Sts_Get                    0x08000cd9   Thumb Code    18  protocol.o(.text.Protocol_Disp_Sts_Get)
    Protocol_Error_Check                     0x08000ced   Thumb Code    96  protocol.o(.text.Protocol_Error_Check)
    Protocol_Init                            0x08000d51   Thumb Code     8  protocol.o(.text.Protocol_Init)
    Protocol_Response_Auto_Brightness_ADC    0x08000d59   Thumb Code    44  protocol.o(.text.Protocol_Response_Auto_Brightness_ADC)
    Protocol_Response_Decimal_Point_Multiple 0x08000d89   Thumb Code   156  protocol.o(.text.Protocol_Response_Decimal_Point_Multiple)
    Protocol_Response_Decimal_Point_Single   0x08000e29   Thumb Code   108  protocol.o(.text.Protocol_Response_Decimal_Point_Single)
    Protocol_Response_Digit_Multiple         0x08000e99   Thumb Code   152  protocol.o(.text.Protocol_Response_Digit_Multiple)
    Protocol_Response_Digit_Single           0x08000f31   Thumb Code   108  protocol.o(.text.Protocol_Response_Digit_Single)
    Protocol_Response_Display_Status         0x08000fa1   Thumb Code    56  protocol.o(.text.Protocol_Response_Display_Status)
    Protocol_Response_Function_Enable        0x08000fd9   Thumb Code   160  protocol.o(.text.Protocol_Response_Function_Enable)
    Protocol_Response_Mainloop               0x0800107d   Thumb Code   240  protocol.o(.text.Protocol_Response_Mainloop)
    Protocol_Response_Manual_Brightness      0x08001171   Thumb Code   100  protocol.o(.text.Protocol_Response_Manual_Brightness)
    Protocol_Struct_Init                     0x080011d9   Thumb Code    88  protocol.o(.text.Protocol_Struct_Init)
    Protocol_Transmit_Packet                 0x08001231   Thumb Code    16  protocol.o(.text.Protocol_Transmit_Packet)
    SevenSegment_Activate_Digit              0x08001245   Thumb Code   212  sevensegment.o(.text.SevenSegment_Activate_Digit)
    SevenSegment_Assign_Digit_Value          0x08001325   Thumb Code    16  sevensegment.o(.text.SevenSegment_Assign_Digit_Value)
    SevenSegment_Assign_Segment_Value        0x08001335   Thumb Code    28  sevensegment.o(.text.SevenSegment_Assign_Segment_Value)
    SevenSegment_Auto_Brightness_Timer_Init  0x08001351   Thumb Code    60  sevensegment.o(.text.SevenSegment_Auto_Brightness_Timer_Init)
    SevenSegment_Auto_Dp_Toggle_Disable      0x08001399   Thumb Code     8  sevensegment.o(.text.SevenSegment_Auto_Dp_Toggle_Disable)
    SevenSegment_Auto_Dp_Toggle_Enable       0x080013a1   Thumb Code     8  sevensegment.o(.text.SevenSegment_Auto_Dp_Toggle_Enable)
    SevenSegment_Brightness_Handler          0x080013a9   Thumb Code    96  sevensegment.o(.text.SevenSegment_Brightness_Handler)
    SevenSegment_Display_Disable             0x08001409   Thumb Code    12  sevensegment.o(.text.SevenSegment_Display_Disable)
    SevenSegment_Display_Enable              0x08001415   Thumb Code    12  sevensegment.o(.text.SevenSegment_Display_Enable)
    SevenSegment_Display_Enable_Sts          0x08001421   Thumb Code     8  sevensegment.o(.text.SevenSegment_Display_Enable_Sts)
    SevenSegment_Dp_Byte_Get                 0x08001429   Thumb Code    44  sevensegment.o(.text.SevenSegment_Dp_Byte_Get)
    SevenSegment_Dp_Values_Get               0x08001455   Thumb Code     8  sevensegment.o(.text.SevenSegment_Dp_Values_Get)
    SevenSegment_GPIO_Init                   0x0800145d   Thumb Code   340  sevensegment.o(.text.SevenSegment_GPIO_Init)
    SevenSegment_ISR_Executables             0x080015c1   Thumb Code     8  sevensegment.o(.text.SevenSegment_ISR_Executables)
    SevenSegment_Init                        0x080015c9   Thumb Code    24  sevensegment.o(.text.SevenSegment_Init)
    SevenSegment_Segment_Char_Values_Get     0x080015e5   Thumb Code     8  sevensegment.o(.text.SevenSegment_Segment_Char_Values_Get)
    SevenSegment_Set_Brightness              0x080015ed   Thumb Code    36  sevensegment.o(.text.SevenSegment_Set_Brightness)
    SevenSegment_Set_Dp                      0x08001611   Thumb Code    48  sevensegment.o(.text.SevenSegment_Set_Dp)
    SevenSegment_Set_Segment_Pins            0x08001641   Thumb Code    16  sevensegment.o(.text.SevenSegment_Set_Segment_Pins)
    SevenSegment_Set_Value                   0x08001655   Thumb Code    36  sevensegment.o(.text.SevenSegment_Set_Value)
    SevenSegment_Struct_Init                 0x08001695   Thumb Code    60  sevensegment.o(.text.SevenSegment_Struct_Init)
    SevenSegment_Timer_Init                  0x080016d5   Thumb Code    60  sevensegment.o(.text.SevenSegment_Timer_Init)
    SystemInit                               0x0800171d   Thumb Code     2  system_stm32g0xx.o(.text.SystemInit)
    TIM14_IRQHandler                         0x08001721   Thumb Code    20  sevensegment.o(.text.TIM14_IRQHandler)
    TIM16_IRQHandler                         0x08001739   Thumb Code     8  comm.o(.text.TIM16_IRQHandler)
    TIM17_IRQHandler                         0x08001741   Thumb Code    84  sevensegment.o(.text.TIM17_IRQHandler)
    USART1_IRQHandler                        0x0800179d   Thumb Code     8  comm.o(.text.USART1_IRQHandler)
    WDT_Init                                 0x080017a5   Thumb Code    64  wdt.o(.text.WDT_Init)
    WDT_Reload                               0x080017f1   Thumb Code    16  wdt.o(.text.WDT_Reload)
    main                                     0x08001879   Thumb Code    28  main.o(.text.main)
    __aeabi_uidiv                            0x0800189d   Thumb Code    68  aeabi_sdivfast.o(.text_divfast)
    __aeabi_idiv                             0x080018e1   Thumb Code   434  aeabi_sdivfast.o(.text_divfast)
    Region$$Table$$Base                      0x08001a94   Number         0  anon$$obj.o(Region$$Table)
    Region$$Table$$Limit                     0x08001aa4   Number         0  anon$$obj.o(Region$$Table)
    __libspace_start                         0x20000000   Data          96  libspace.o(.bss)
    __temporary_stack_top$libspace           0x20000060   Data           0  libspace.o(.bss)



==============================================================================

Memory Map of the image

  Image Entry point : 0x08000149

  Load Region LR_1 (Base: 0x08000000, Size: 0x00001aa4, Max: 0xffffffff, ABSOLUTE)

    Execution Region ER_RO (Exec base: 0x08000000, Load base: 0x08000000, Size: 0x00001aa4, Max: 0xffffffff, ABSOLUTE)

    Exec Addr    Load Addr    Size         Type   Attr      Idx    E Section Name        Object

    0x08000000   0x08000000   0x000000c0   Data   RO          406    RESET               startup_stm32g030xx.o
    0x080000c0   0x080000c0   0x00000008   Code   RO          440  * !!!main             c_p.l(__main.o)
    0x080000c8   0x080000c8   0x0000003c   Code   RO          615    !!!scatter          c_p.l(__scatter.o)
    0x08000104   0x08000104   0x0000001c   Code   RO          617    !!handler_zi        c_p.l(__scatter_zi.o)
    0x08000120   0x08000120   0x00000002   Code   RO          478    .ARM.Collect$$libinit$$00000000  c_p.l(libinit.o)
    0x08000122   0x08000122   0x00000000   Code   RO          492    .ARM.Collect$$libinit$$00000002  c_p.l(libinit2.o)
    0x08000122   0x08000122   0x00000000   Code   RO          494    .ARM.Collect$$libinit$$00000004  c_p.l(libinit2.o)
    0x08000122   0x08000122   0x00000000   Code   RO          497    .ARM.Collect$$libinit$$0000000A  c_p.l(libinit2.o)
    0x08000122   0x08000122   0x00000000   Code   RO          499    .ARM.Collect$$libinit$$0000000C  c_p.l(libinit2.o)
    0x08000122   0x08000122   0x00000000   Code   RO          501    .ARM.Collect$$libinit$$0000000E  c_p.l(libinit2.o)
    0x08000122   0x08000122   0x00000000   Code   RO          504    .ARM.Collect$$libinit$$00000011  c_p.l(libinit2.o)
    0x08000122   0x08000122   0x00000000   Code   RO          506    .ARM.Collect$$libinit$$00000013  c_p.l(libinit2.o)
    0x08000122   0x08000122   0x00000000   Code   RO          508    .ARM.Collect$$libinit$$00000015  c_p.l(libinit2.o)
    0x08000122   0x08000122   0x00000000   Code   RO          510    .ARM.Collect$$libinit$$00000017  c_p.l(libinit2.o)
    0x08000122   0x08000122   0x00000000   Code   RO          512    .ARM.Collect$$libinit$$00000019  c_p.l(libinit2.o)
    0x08000122   0x08000122   0x00000000   Code   RO          514    .ARM.Collect$$libinit$$0000001B  c_p.l(libinit2.o)
    0x08000122   0x08000122   0x00000000   Code   RO          516    .ARM.Collect$$libinit$$0000001D  c_p.l(libinit2.o)
    0x08000122   0x08000122   0x00000000   Code   RO          518    .ARM.Collect$$libinit$$0000001F  c_p.l(libinit2.o)
    0x08000122   0x08000122   0x00000000   Code   RO          520    .ARM.Collect$$libinit$$00000021  c_p.l(libinit2.o)
    0x08000122   0x08000122   0x00000000   Code   RO          522    .ARM.Collect$$libinit$$00000023  c_p.l(libinit2.o)
    0x08000122   0x08000122   0x00000000   Code   RO          524    .ARM.Collect$$libinit$$00000025  c_p.l(libinit2.o)
    0x08000122   0x08000122   0x00000000   Code   RO          528    .ARM.Collect$$libinit$$0000002C  c_p.l(libinit2.o)
    0x08000122   0x08000122   0x00000000   Code   RO          530    .ARM.Collect$$libinit$$0000002E  c_p.l(libinit2.o)
    0x08000122   0x08000122   0x00000000   Code   RO          532    .ARM.Collect$$libinit$$00000030  c_p.l(libinit2.o)
    0x08000122   0x08000122   0x00000000   Code   RO          534    .ARM.Collect$$libinit$$00000032  c_p.l(libinit2.o)
    0x08000122   0x08000122   0x00000002   Code   RO          535    .ARM.Collect$$libinit$$00000033  c_p.l(libinit2.o)
    0x08000124   0x08000124   0x00000002   Code   RO          570    .ARM.Collect$$libshutdown$$00000000  c_p.l(libshutdown.o)
    0x08000126   0x08000126   0x00000000   Code   RO          598    .ARM.Collect$$libshutdown$$00000002  c_p.l(libshutdown2.o)
    0x08000126   0x08000126   0x00000000   Code   RO          600    .ARM.Collect$$libshutdown$$00000004  c_p.l(libshutdown2.o)
    0x08000126   0x08000126   0x00000000   Code   RO          603    .ARM.Collect$$libshutdown$$00000007  c_p.l(libshutdown2.o)
    0x08000126   0x08000126   0x00000000   Code   RO          606    .ARM.Collect$$libshutdown$$0000000A  c_p.l(libshutdown2.o)
    0x08000126   0x08000126   0x00000000   Code   RO          608    .ARM.Collect$$libshutdown$$0000000C  c_p.l(libshutdown2.o)
    0x08000126   0x08000126   0x00000000   Code   RO          611    .ARM.Collect$$libshutdown$$0000000F  c_p.l(libshutdown2.o)
    0x08000126   0x08000126   0x00000002   Code   RO          612    .ARM.Collect$$libshutdown$$00000010  c_p.l(libshutdown2.o)
    0x08000128   0x08000128   0x00000000   Code   RO          442    .ARM.Collect$$rtentry$$00000000  c_p.l(__rtentry.o)
    0x08000128   0x08000128   0x00000000   Code   RO          448    .ARM.Collect$$rtentry$$00000002  c_p.l(__rtentry2.o)
    0x08000128   0x08000128   0x00000006   Code   RO          460    .ARM.Collect$$rtentry$$00000004  c_p.l(__rtentry4.o)
    0x0800012e   0x0800012e   0x00000000   Code   RO          450    .ARM.Collect$$rtentry$$00000009  c_p.l(__rtentry2.o)
    0x0800012e   0x0800012e   0x00000004   Code   RO          451    .ARM.Collect$$rtentry$$0000000A  c_p.l(__rtentry2.o)
    0x08000132   0x08000132   0x00000000   Code   RO          453    .ARM.Collect$$rtentry$$0000000C  c_p.l(__rtentry2.o)
    0x08000132   0x08000132   0x00000008   Code   RO          454    .ARM.Collect$$rtentry$$0000000D  c_p.l(__rtentry2.o)
    0x0800013a   0x0800013a   0x00000002   Code   RO          483    .ARM.Collect$$rtexit$$00000000  c_p.l(rtexit.o)
    0x0800013c   0x0800013c   0x00000000   Code   RO          541    .ARM.Collect$$rtexit$$00000002  c_p.l(rtexit2.o)
    0x0800013c   0x0800013c   0x00000004   Code   RO          542    .ARM.Collect$$rtexit$$00000003  c_p.l(rtexit2.o)
    0x08000140   0x08000140   0x00000006   Code   RO          543    .ARM.Collect$$rtexit$$00000004  c_p.l(rtexit2.o)
    0x08000146   0x08000146   0x00000002   PAD
    0x08000148   0x08000148   0x00000038   Code   RO          407  * .text               startup_stm32g030xx.o
    0x08000180   0x08000180   0x00000006   Code   RO          438    .text               c_p.l(heapauxi.o)
    0x08000186   0x08000186   0x0000003e   Code   RO          464    .text               c_p.l(sys_stackheap_outer.o)
    0x080001c4   0x080001c4   0x00000010   Code   RO          467    .text               c_p.l(exit.o)
    0x080001d4   0x080001d4   0x00000008   Code   RO          479    .text               c_p.l(libspace.o)
    0x080001dc   0x080001dc   0x0000000c   Code   RO          536    .text               c_p.l(sys_exit.o)
    0x080001e8   0x080001e8   0x00000002   Code   RO          559    .text               c_p.l(use_no_semi.o)
    0x080001ea   0x080001ea   0x00000000   Code   RO          561    .text               c_p.l(indicate_semi.o)
    0x080001ea   0x080001ea   0x00000008   Code   RO          103    .text.ADC_Init      adc.o
    0x080001f2   0x080001f2   0x00000002   PAD
    0x080001f4   0x080001f4   0x0000002c   Code   RO          101    .text.ADC_Read_Channel  adc.o
    0x08000220   0x08000220   0x000000b0   Code   RO           99    .text.ADC_Reg_Init  adc.o
    0x080002d0   0x080002d0   0x00000028   Code   RO           11    .text.App_Config    app.o
    0x080002f8   0x080002f8   0x00000014   Code   RO           13    .text.App_Mainloop  app.o
    0x0800030c   0x0800030c   0x00000018   Code   RO          354    .text.COMM_Buf_Flush  comm.o
    0x08000324   0x08000324   0x00000008   Code   RO          356    .text.COMM_Buf_Get  comm.o
    0x0800032c   0x0800032c   0x00000008   Code   RO          358    .text.COMM_Buf_Get_Index  comm.o
    0x08000334   0x08000334   0x00000022   Code   RO          390    .text.COMM_CRC_Calculate_Block  comm.o
    0x08000356   0x08000356   0x00000002   PAD
    0x08000358   0x08000358   0x00000028   Code   RO          388    .text.COMM_CRC_Calculate_Byte  comm.o
    0x08000380   0x08000380   0x00000024   Code   RO          250    .text.COMM_Config_BAUD_Rate  comm.o
    0x080003a4   0x080003a4   0x00000010   Code   RO          248    .text.COMM_Config_Clock  comm.o
    0x080003b4   0x080003b4   0x00000044   Code   RO          246    .text.COMM_Config_GPIO  comm.o
    0x080003f8   0x080003f8   0x0000001c   Code   RO          254    .text.COMM_Config_Rx  comm.o
    0x08000414   0x08000414   0x00000020   Code   RO          256    .text.COMM_Config_Rx_Interrupt  comm.o
    0x08000434   0x08000434   0x00000020   Code   RO          252    .text.COMM_Config_Tx  comm.o
    0x08000454   0x08000454   0x00000008   Code   RO          360    .text.COMM_Data_Available  comm.o
    0x0800045c   0x0800045c   0x00000008   Code   RO          368    .text.COMM_Data_CRC_Status_Get  comm.o
    0x08000464   0x08000464   0x0000000c   Code   RO          372    .text.COMM_Data_Clear_Available_Flag  comm.o
    0x08000470   0x08000470   0x0000000c   Code   RO          374    .text.COMM_Data_Clear_Read_Complete_Flag  comm.o
    0x0800047c   0x0800047c   0x00000008   Code   RO          362    .text.COMM_Data_Len_Get  comm.o
    0x08000484   0x08000484   0x00000008   Code   RO          382    .text.COMM_Error_Code_Clear  comm.o
    0x0800048c   0x0800048c   0x0000004c   Code   RO          270    .text.COMM_ISR_Handler  comm.o
    0x080004d8   0x080004d8   0x0000003c   Code   RO          394    .text.COMM_Init     comm.o
    0x08000514   0x08000514   0x00000060   Code   RO          384    .text.COMM_RX_Packet_CRC_Check  comm.o
    0x08000574   0x08000574   0x00000008   Code   RO          386    .text.COMM_RX_Packet_Disassemble  comm.o
    0x0800057c   0x0800057c   0x00000014   Code   RO          392    .text.COMM_RX_Packet_Read_Complete  comm.o
    0x08000590   0x08000590   0x0000001c   Code   RO          244    .text.COMM_RX_Packet_Struct_Init  comm.o
    0x080005ac   0x080005ac   0x00000018   Code   RO          266    .text.COMM_Rx_Byte  comm.o
    0x080005c4   0x080005c4   0x00000040   Code   RO          242    .text.COMM_Struct_Init  comm.o
    0x08000604   0x08000604   0x00000014   Code   RO          286    .text.COMM_Timer_Clear_Interrupt_Flag  comm.o
    0x08000618   0x08000618   0x0000000c   Code   RO          278    .text.COMM_Timer_Disable  comm.o
    0x08000624   0x08000624   0x00000010   Code   RO          276    .text.COMM_Timer_Enable  comm.o
    0x08000634   0x08000634   0x00000044   Code   RO          290    .text.COMM_Timer_ISR_Handler  comm.o
    0x08000678   0x08000678   0x00000050   Code   RO          274    .text.COMM_Timer_Init  comm.o
    0x080006c8   0x080006c8   0x00000014   Code   RO          272    .text.COMM_Timer_Struct_Init  comm.o
    0x080006dc   0x080006dc   0x0000000c   Code   RO          284    .text.COMM_Timer_Value_Reset  comm.o
    0x080006e8   0x080006e8   0x0000001a   Code   RO          292    .text.COMM_Tx_Buf   comm.o
    0x08000702   0x08000702   0x00000002   PAD
    0x08000704   0x08000704   0x0000001c   Code   RO          264    .text.COMM_Tx_Byte  comm.o
    0x08000720   0x08000720   0x00000008   Code   RO          133    .text.LDR_Automic_Brightness_Off  ldr.o
    0x08000728   0x08000728   0x00000008   Code   RO          131    .text.LDR_Automic_Brightness_On  ldr.o
    0x08000730   0x08000730   0x00000008   Code   RO          129    .text.LDR_Automic_Brightness_Sts_Get  ldr.o
    0x08000738   0x08000738   0x000000b0   Code   RO          121    .text.LDR_Control_Brightness  ldr.o
    0x080007e8   0x080007e8   0x00000020   Code   RO          115    .text.LDR_GPIO_Init  ldr.o
    0x08000808   0x08000808   0x00000008   Code   RO          123    .text.LDR_Get_ADC_Val  ldr.o
    0x08000810   0x08000810   0x00000008   Code   RO          125    .text.LDR_Get_Current_Brightness  ldr.o
    0x08000818   0x08000818   0x0000001c   Code   RO          141    .text.LDR_Init      ldr.o
    0x08000834   0x08000834   0x00000008   Code   RO          137    .text.LDR_Manual_Brightness_Get  ldr.o
    0x0800083c   0x0800083c   0x00000008   Code   RO          135    .text.LDR_Manual_Brightness_Set  ldr.o
    0x08000844   0x08000844   0x00000010   Code   RO          139    .text.LDR_Max_Brightness_Set  ldr.o
    0x08000854   0x08000854   0x00000014   Code   RO          119    .text.LDR_Read_Brightness  ldr.o
    0x08000868   0x08000868   0x0000000e   Code   RO          117    .text.LDR_Reg_Init  ldr.o
    0x08000876   0x08000876   0x00000002   PAD
    0x08000878   0x08000878   0x00000040   Code   RO          113    .text.LDR_Struct_Init  ldr.o
    0x080008b8   0x080008b8   0x0000000c   Code   RO          162    .text.LPF_Get_Alpha  lpf.o
    0x080008c4   0x080008c4   0x00000028   Code   RO          164    .text.LPF_Get_Filtered_Value  lpf.o
    0x080008ec   0x080008ec   0x00000008   Code   RO          166    .text.LPF_Init      lpf.o
    0x080008f4   0x080008f4   0x0000000c   Code   RO          160    .text.LPF_Set_Alpha  lpf.o
    0x08000900   0x08000900   0x0000001c   Code   RO          158    .text.LPF_Struct_Init  lpf.o
    0x0800091c   0x0800091c   0x00000030   Code   RO          181    .text.Protocol_Build_Ack_Nack_Packet  protocol.o
    0x0800094c   0x0800094c   0x00000044   Code   RO          197    .text.Protocol_Build_Auto_Brightness_ADC_Val_Packet  protocol.o
    0x08000990   0x08000990   0x00000054   Code   RO          189    .text.Protocol_Build_Digit_Multiple_Packet  protocol.o
    0x080009e4   0x080009e4   0x00000040   Code   RO          187    .text.Protocol_Build_Digit_Single_Packet  protocol.o
    0x08000a24   0x08000a24   0x00000054   Code   RO          193    .text.Protocol_Build_Dp_Multiple_Packet  protocol.o
    0x08000a78   0x08000a78   0x00000040   Code   RO          191    .text.Protocol_Build_Dp_Single_Packet  protocol.o
    0x08000ab8   0x08000ab8   0x0000003c   Code   RO          185    .text.Protocol_Build_Func_En_Packet  protocol.o
    0x08000af4   0x08000af4   0x0000003c   Code   RO          195    .text.Protocol_Build_Manual_Brightness_Val_Packet  protocol.o
    0x08000b30   0x08000b30   0x00000074   Code   RO          183    .text.Protocol_Build_Status_Packet  protocol.o
    0x08000ba4   0x08000ba4   0x00000134   Code   RO          227    .text.Protocol_Disassemble_Packet  protocol.o
    0x08000cd8   0x08000cd8   0x00000012   Code   RO          179    .text.Protocol_Disp_Sts_Get  protocol.o
    0x08000cea   0x08000cea   0x00000002   PAD
    0x08000cec   0x08000cec   0x00000064   Code   RO          225    .text.Protocol_Error_Check  protocol.o
    0x08000d50   0x08000d50   0x00000008   Code   RO          231    .text.Protocol_Init  protocol.o
    0x08000d58   0x08000d58   0x00000030   Code   RO          223    .text.Protocol_Response_Auto_Brightness_ADC  protocol.o
    0x08000d88   0x08000d88   0x000000a0   Code   RO          219    .text.Protocol_Response_Decimal_Point_Multiple  protocol.o
    0x08000e28   0x08000e28   0x00000070   Code   RO          217    .text.Protocol_Response_Decimal_Point_Single  protocol.o
    0x08000e98   0x08000e98   0x00000098   Code   RO          215    .text.Protocol_Response_Digit_Multiple  protocol.o
    0x08000f30   0x08000f30   0x00000070   Code   RO          213    .text.Protocol_Response_Digit_Single  protocol.o
    0x08000fa0   0x08000fa0   0x00000038   Code   RO          209    .text.Protocol_Response_Display_Status  protocol.o
    0x08000fd8   0x08000fd8   0x000000a4   Code   RO          211    .text.Protocol_Response_Function_Enable  protocol.o
    0x0800107c   0x0800107c   0x000000f4   Code   RO          229    .text.Protocol_Response_Mainloop  protocol.o
    0x08001170   0x08001170   0x00000068   Code   RO          221    .text.Protocol_Response_Manual_Brightness  protocol.o
    0x080011d8   0x080011d8   0x00000058   Code   RO          177    .text.Protocol_Struct_Init  protocol.o
    0x08001230   0x08001230   0x00000014   Code   RO          207    .text.Protocol_Transmit_Packet  protocol.o
    0x08001244   0x08001244   0x000000e0   Code   RO           58    .text.SevenSegment_Activate_Digit  sevensegment.o
    0x08001324   0x08001324   0x00000010   Code   RO           60    .text.SevenSegment_Assign_Digit_Value  sevensegment.o
    0x08001334   0x08001334   0x0000001c   Code   RO           56    .text.SevenSegment_Assign_Segment_Value  sevensegment.o
    0x08001350   0x08001350   0x00000048   Code   RO           48    .text.SevenSegment_Auto_Brightness_Timer_Init  sevensegment.o
    0x08001398   0x08001398   0x00000008   Code   RO           84    .text.SevenSegment_Auto_Dp_Toggle_Disable  sevensegment.o
    0x080013a0   0x080013a0   0x00000008   Code   RO           82    .text.SevenSegment_Auto_Dp_Toggle_Enable  sevensegment.o
    0x080013a8   0x080013a8   0x00000060   Code   RO           62    .text.SevenSegment_Brightness_Handler  sevensegment.o
    0x08001408   0x08001408   0x0000000c   Code   RO           80    .text.SevenSegment_Display_Disable  sevensegment.o
    0x08001414   0x08001414   0x0000000c   Code   RO           78    .text.SevenSegment_Display_Enable  sevensegment.o
    0x08001420   0x08001420   0x00000008   Code   RO           76    .text.SevenSegment_Display_Enable_Sts  sevensegment.o
    0x08001428   0x08001428   0x0000002c   Code   RO           74    .text.SevenSegment_Dp_Byte_Get  sevensegment.o
    0x08001454   0x08001454   0x00000008   Code   RO           72    .text.SevenSegment_Dp_Values_Get  sevensegment.o
    0x0800145c   0x0800145c   0x00000164   Code   RO           36    .text.SevenSegment_GPIO_Init  sevensegment.o
    0x080015c0   0x080015c0   0x00000008   Code   RO           46    .text.SevenSegment_ISR_Executables  sevensegment.o
    0x080015c8   0x080015c8   0x0000001c   Code   RO           86    .text.SevenSegment_Init  sevensegment.o
    0x080015e4   0x080015e4   0x00000008   Code   RO           70    .text.SevenSegment_Segment_Char_Values_Get  sevensegment.o
    0x080015ec   0x080015ec   0x00000024   Code   RO           66    .text.SevenSegment_Set_Brightness  sevensegment.o
    0x08001610   0x08001610   0x00000030   Code   RO           52    .text.SevenSegment_Set_Dp  sevensegment.o
    0x08001640   0x08001640   0x00000014   Code   RO           54    .text.SevenSegment_Set_Segment_Pins  sevensegment.o
    0x08001654   0x08001654   0x00000040   Code   RO           64    .text.SevenSegment_Set_Value  sevensegment.o
    0x08001694   0x08001694   0x00000040   Code   RO           34    .text.SevenSegment_Struct_Init  sevensegment.o
    0x080016d4   0x080016d4   0x00000048   Code   RO           38    .text.SevenSegment_Timer_Init  sevensegment.o
    0x0800171c   0x0800171c   0x00000002   Code   RO          414    .text.SystemInit    system_stm32g0xx.o
    0x0800171e   0x0800171e   0x00000002   PAD
    0x08001720   0x08001720   0x00000018   Code   RO           44    .text.TIM14_IRQHandler  sevensegment.o
    0x08001738   0x08001738   0x00000008   Code   RO          288    .text.TIM16_IRQHandler  comm.o
    0x08001740   0x08001740   0x0000005c   Code   RO           50    .text.TIM17_IRQHandler  sevensegment.o
    0x0800179c   0x0800179c   0x00000008   Code   RO          268    .text.USART1_IRQHandler  comm.o
    0x080017a4   0x080017a4   0x0000004c   Code   RO           22    .text.WDT_Init      wdt.o
    0x080017f0   0x080017f0   0x00000018   Code   RO           24    .text.WDT_Reload    wdt.o
    0x08001808   0x08001808   0x00000010   Code   RO           40    .text.__NVIC_EnableIRQ  sevensegment.o
    0x08001818   0x08001818   0x00000014   Code   RO          258    .text.__NVIC_EnableIRQ  comm.o
    0x0800182c   0x0800182c   0x00000024   Code   RO           42    .text.__NVIC_SetPriority  sevensegment.o
    0x08001850   0x08001850   0x00000028   Code   RO          260    .text.__NVIC_SetPriority  comm.o
    0x08001878   0x08001878   0x00000024   Code   RO            2    .text.main          main.o
    0x0800189c   0x0800189c   0x000001f6   Code   RO          431    .text_divfast       c_p.l(aeabi_sdivfast.o)
    0x08001a92   0x08001a92   0x00000002   PAD
    0x08001a94   0x08001a94   0x00000010   Data   RO          614    Region$$Table       anon$$obj.o


    Execution Region ER_RW (Exec base: 0x20000000, Load base: 0x08001aa4, Size: 0x00000000, Max: 0xffffffff, ABSOLUTE)

    **** No section assigned to this execution region ****


    Execution Region ER_ZI (Exec base: 0x20000000, Load base: 0x08001aa4, Size: 0x00000760, Max: 0xffffffff, ABSOLUTE)

    Exec Addr    Load Addr    Size         Type   Attr      Idx    E Section Name        Object

    0x20000000        -       0x00000060   Zero   RW          480    .bss                c_p.l(libspace.o)
    0x20000060        -       0x0000005a   Zero   RW          396    .bss.COMM           comm.o
    0x200000ba        -       0x00000002   Zero   RW          143    .bss.LDR.0          ldr.o
    0x200000bc        -       0x00000002   Zero   RW          144    .bss.LDR.1          ldr.o
    0x200000be        -       0x00000002   Zero   RW          145    .bss.LDR.2          ldr.o
    0x200000c0        -       0x00000002   Zero   RW          146    .bss.LDR.3          ldr.o
    0x200000c2        -       0x00000001   Zero   RW          147    .bss.LDR.5          ldr.o
    0x200000c3   0x08001aa4   0x00000001   PAD
    0x200000c4        -       0x00000001   Zero   RW          148    .bss.LDR.6          ldr.o
    0x200000c5   0x08001aa4   0x00000001   PAD
    0x200000c6        -       0x00000002   Zero   RW          149    .bss.LDR.7          ldr.o
    0x200000c8        -       0x00000018   Zero   RW          168    .bss.LPF            lpf.o
    0x200000e0        -       0x00000054   Zero   RW          233    .bss.Protocol       protocol.o
    0x20000134        -       0x00000028   Zero   RW           88    .bss.SevenSegment   sevensegment.o
    0x2000015c   0x08001aa4   0x00000004   PAD
    0x20000160        -       0x00000200   Zero   RW          405    HEAP                startup_stm32g030xx.o
    0x20000360        -       0x00000400   Zero   RW          404    STACK               startup_stm32g030xx.o


==============================================================================

Image component sizes


      Code (inc. data)   RO Data    RW Data    ZI Data      Debug   Object Name

       228         20          0          0          0       2459   adc.o
        60          0          0          0          0        483   app.o
      1116         64          0          0         90      17230   comm.o
       406         36          0          0         12       3814   ldr.o
       100          4          0          0         24       1700   lpf.o
        36          8          0          0          0        536   main.o
      2342         48          0          0         84       9359   protocol.o
      1408        120          0          0         40       9036   sevensegment.o
        56         26        192          0       1536        676   startup_stm32g030xx.o
         2          0          0          0          0       2027   system_stm32g0xx.o
       100         20          0          0          0       1584   wdt.o

    ----------------------------------------------------------------------
      5866        346        208          0       1792      48904   Object Totals
         0          0         16          0          0          0   (incl. Generated)
        12          0          0          0          6          0   (incl. Padding)

    ----------------------------------------------------------------------

      Code (inc. data)   RO Data    RW Data    ZI Data      Debug   Library Member Name

         8          0          0          0          0         68   __main.o
         0          0          0          0          0          0   __rtentry.o
        12          0          0          0          0          0   __rtentry2.o
         6          0          0          0          0          0   __rtentry4.o
        60          8          0          0          0          0   __scatter.o
        28          0          0          0          0          0   __scatter_zi.o
       502          0          0          0          0         92   aeabi_sdivfast.o
        16          0          0          0          0         68   exit.o
         6          0          0          0          0        136   heapauxi.o
         0          0          0          0          0          0   indicate_semi.o
         2          0          0          0          0          0   libinit.o
         2          0          0          0          0          0   libinit2.o
         2          0          0          0          0          0   libshutdown.o
         2          0          0          0          0          0   libshutdown2.o
         8          4          0          0         96         68   libspace.o
         2          0          0          0          0          0   rtexit.o
        10          0          0          0          0          0   rtexit2.o
        12          4          0          0          0         60   sys_exit.o
        62          0          0          0          0         80   sys_stackheap_outer.o
         2          0          0          0          0         68   use_no_semi.o

    ----------------------------------------------------------------------
       746         16          0          0         96        640   Library Totals
         4          0          0          0          0          0   (incl. Padding)

    ----------------------------------------------------------------------

      Code (inc. data)   RO Data    RW Data    ZI Data      Debug   Library Name

       742         16          0          0         96        640   c_p.l

    ----------------------------------------------------------------------
       746         16          0          0         96        640   Library Totals

    ----------------------------------------------------------------------

==============================================================================


      Code (inc. data)   RO Data    RW Data    ZI Data      Debug   

      6612        362        208          0       1888      49152   Grand Totals
      6612        362        208          0       1888      49152   ELF Image Totals
      6612        362        208          0          0          0   ROM Totals

==============================================================================

    Total RO  Size (Code + RO Data)                 6820 (   6.66kB)
    Total RW  Size (RW Data + ZI Data)              1888 (   1.84kB)
    Total ROM Size (Code + RO Data + RW Data)       6820 (   6.66kB)

==============================================================================

