Component: Arm Compiler for Embedded 6.22 Tool: armlink [5ee90200]

==============================================================================

Section Cross References

    main.o(.text.main) refers to app.o(.text.App_Config) for App_Config
    main.o(.text.main) refers to wdt.o(.text.WDT_Init) for WDT_Init
    main.o(.text.main) refers to wdt.o(.text.WDT_Reload) for WDT_Reload
    main.o(.text.main) refers to app.o(.text.App_Mainloop) for App_Mainloop
    main.o(.ARM.exidx.text.main) refers to main.o(.text.main) for [Anonymous Symbol]
    app.o(.text.App_Config) refers to ldr.o(.text.LDR_Init) for LDR_Init
    app.o(.text.App_Config) refers to sevensegment.o(.text.SevenSegment_Init) for SevenSegment_Init
    app.o(.text.App_Config) refers to comm.o(.text.COMM_Init) for COMM_Init
    app.o(.text.App_Config) refers to protocol.o(.text.Protocol_Init) for Protocol_Init
    app.o(.text.App_Config) refers to ldr.o(.text.LDR_Max_Brightness_Set) for LDR_Max_Brightness_Set
    app.o(.text.App_Config) refers to ldr.o(.text.LDR_Automic_Brightness_On) for LDR_Automic_Brightness_On
    app.o(.text.App_Config) refers to ldr.o(.text.LDR_Manual_Brightness_Set) for LDR_Manual_Brightness_Set
    app.o(.ARM.exidx.text.App_Config) refers to app.o(.text.App_Config) for [Anonymous Symbol]
    app.o(.text.App_Mainloop) refers to comm.o(.text.COMM_Data_Available) for COMM_Data_Available
    app.o(.text.App_Mainloop) refers to protocol.o(.text.Protocol_Response_Mainloop) for Protocol_Response_Mainloop
    app.o(.text.App_Mainloop) refers to comm.o(.text.COMM_RX_Packet_Read_Complete) for COMM_RX_Packet_Read_Complete
    app.o(.ARM.exidx.text.App_Mainloop) refers to app.o(.text.App_Mainloop) for [Anonymous Symbol]
    wdt.o(.ARM.exidx.text.WDT_Init) refers to wdt.o(.text.WDT_Init) for [Anonymous Symbol]
    wdt.o(.ARM.exidx.text.WDT_Reload) refers to wdt.o(.text.WDT_Reload) for [Anonymous Symbol]
    sevensegment.o(.text.SevenSegment_Struct_Init) refers to sevensegment.o(.bss.SevenSegment) for [Anonymous Symbol]
    sevensegment.o(.ARM.exidx.text.SevenSegment_Struct_Init) refers to sevensegment.o(.text.SevenSegment_Struct_Init) for [Anonymous Symbol]
    sevensegment.o(.ARM.exidx.text.SevenSegment_GPIO_Init) refers to sevensegment.o(.text.SevenSegment_GPIO_Init) for [Anonymous Symbol]
    sevensegment.o(.text.SevenSegment_Timer_Init) refers to aeabi_sdivfast.o(.text_divfast) for __aeabi_uidiv
    sevensegment.o(.ARM.exidx.text.SevenSegment_Timer_Init) refers to sevensegment.o(.text.SevenSegment_Timer_Init) for [Anonymous Symbol]
    sevensegment.o(.text.TIM14_IRQHandler) refers to sevensegment.o(.text.SevenSegment_Brightness_Handler) for SevenSegment_Brightness_Handler
    sevensegment.o(.ARM.exidx.text.TIM14_IRQHandler) refers to sevensegment.o(.text.TIM14_IRQHandler) for [Anonymous Symbol]
    sevensegment.o(.text.SevenSegment_ISR_Executables) refers to sevensegment.o(.text.SevenSegment_Brightness_Handler) for SevenSegment_Brightness_Handler
    sevensegment.o(.ARM.exidx.text.SevenSegment_ISR_Executables) refers to sevensegment.o(.text.SevenSegment_ISR_Executables) for [Anonymous Symbol]
    sevensegment.o(.text.SevenSegment_Auto_Brightness_Timer_Init) refers to aeabi_sdivfast.o(.text_divfast) for __aeabi_uidiv
    sevensegment.o(.ARM.exidx.text.SevenSegment_Auto_Brightness_Timer_Init) refers to sevensegment.o(.text.SevenSegment_Auto_Brightness_Timer_Init) for [Anonymous Symbol]
    sevensegment.o(.text.TIM17_IRQHandler) refers to ldr.o(.text.LDR_Control_Brightness) for LDR_Control_Brightness
    sevensegment.o(.ARM.exidx.text.TIM17_IRQHandler) refers to sevensegment.o(.text.TIM17_IRQHandler) for [Anonymous Symbol]
    sevensegment.o(.ARM.exidx.text.SevenSegment_Set_Segment_Pins) refers to sevensegment.o(.text.SevenSegment_Set_Segment_Pins) for [Anonymous Symbol]
    sevensegment.o(.text.SevenSegment_Assign_Segment_Value) refers to sevensegment.o(.bss.SevenSegment) for [Anonymous Symbol]
    sevensegment.o(.ARM.exidx.text.SevenSegment_Assign_Segment_Value) refers to sevensegment.o(.text.SevenSegment_Assign_Segment_Value) for [Anonymous Symbol]
    sevensegment.o(.ARM.exidx.text.SevenSegment_Activate_Digit) refers to sevensegment.o(.text.SevenSegment_Activate_Digit) for [Anonymous Symbol]
    sevensegment.o(.text.SevenSegment_Assign_Digit_Value) refers to sevensegment.o(.text.SevenSegment_Activate_Digit) for SevenSegment_Activate_Digit
    sevensegment.o(.text.SevenSegment_Assign_Digit_Value) refers to sevensegment.o(.bss.SevenSegment) for [Anonymous Symbol]
    sevensegment.o(.ARM.exidx.text.SevenSegment_Assign_Digit_Value) refers to sevensegment.o(.text.SevenSegment_Assign_Digit_Value) for [Anonymous Symbol]
    sevensegment.o(.text.SevenSegment_Brightness_Handler) refers to sevensegment.o(.text.SevenSegment_Activate_Digit) for SevenSegment_Activate_Digit
    sevensegment.o(.text.SevenSegment_Brightness_Handler) refers to sevensegment.o(.bss.SevenSegment) for [Anonymous Symbol]
[...]
    libinit.o(.ARM.Collect$$libinit$$00000000) refers (Special) to libinit2.o(.ARM.Collect$$libinit$$0000001B) for __rt_lib_init_lc_time_1
    libinit.o(.ARM.Collect$$libinit$$00000000) refers (Special) to libinit2.o(.ARM.Collect$$libinit$$00000006) for __rt_lib_init_preinit_1
    libinit.o(.ARM.Collect$$libinit$$00000000) refers (Special) to libinit2.o(.ARM.Collect$$libinit$$00000010) for __rt_lib_init_rand_1
    libinit.o(.ARM.Collect$$libinit$$00000000) refers (Special) to libinit2.o(.ARM.Collect$$libinit$$00000004) for __rt_lib_init_relocate_pie_1
    libinit.o(.ARM.Collect$$libinit$$00000000) refers (Special) to libinit2.o(.ARM.Collect$$libinit$$00000035) for __rt_lib_init_return
    libinit.o(.ARM.Collect$$libinit$$00000000) refers (Special) to libinit2.o(.ARM.Collect$$libinit$$0000001F) for __rt_lib_init_signal_1
    libinit.o(.ARM.Collect$$libinit$$00000000) refers (Special) to libinit2.o(.ARM.Collect$$libinit$$00000027) for __rt_lib_init_stdio_1
    libinit.o(.ARM.Collect$$libinit$$00000000) refers (Special) to libinit2.o(.ARM.Collect$$libinit$$0000000E) for __rt_lib_init_user_alloc_1
    libspace.o(.text) refers to libspace.o(.bss) for __libspace_start
    rtexit.o(.ARM.Collect$$rtexit$$00000000) refers (Special) to rtexit2.o(.ARM.Collect$$rtexit$$00000004) for __rt_exit_exit
    rtexit.o(.ARM.Collect$$rtexit$$00000000) refers (Special) to rtexit2.o(.ARM.Collect$$rtexit$$00000003) for __rt_exit_ls
    rtexit.o(.ARM.Collect$$rtexit$$00000000) refers (Special) to rtexit2.o(.ARM.Collect$$rtexit$$00000002) for __rt_exit_prels_1
    rtexit.o(.ARM.exidx) refers (Special) to rtexit2.o(.ARM.Collect$$rtexit$$00000004) for __rt_exit_exit
    rtexit.o(.ARM.exidx) refers (Special) to rtexit2.o(.ARM.Collect$$rtexit$$00000003) for __rt_exit_ls
    rtexit.o(.ARM.exidx) refers (Special) to rtexit2.o(.ARM.Collect$$rtexit$$00000002) for __rt_exit_prels_1
    rtexit.o(.ARM.exidx) refers to rtexit.o(.ARM.Collect$$rtexit$$00000000) for .ARM.Collect$$rtexit$$00000000
    rt_raise.o(.text) refers to __raise.o(.text) for __raise
    rt_raise.o(.text) refers to sys_exit.o(.text) for _sys_exit
    defsig_exit.o(.text) refers to sys_exit.o(.text) for _sys_exit
    defsig_fpe_inner.o(.text) refers to defsig_general.o(.text) for __default_signal_display
    libinit2.o(.ARM.Collect$$libinit$$00000012) refers to libinit2.o(.ARM.Collect$$libinit$$00000011) for .ARM.Collect$$libinit$$00000011
    libinit2.o(.ARM.Collect$$libinit$$00000014) refers to libinit2.o(.ARM.Collect$$libinit$$00000011) for .ARM.Collect$$libinit$$00000011
    libinit2.o(.ARM.Collect$$libinit$$00000016) refers to libinit2.o(.ARM.Collect$$libinit$$00000011) for .ARM.Collect$$libinit$$00000011
    libinit2.o(.ARM.Collect$$libinit$$00000018) refers to libinit2.o(.ARM.Collect$$libinit$$00000011) for .ARM.Collect$$libinit$$00000011
    libinit2.o(.ARM.Collect$$libinit$$0000001A) refers to libinit2.o(.ARM.Collect$$libinit$$00000011) for .ARM.Collect$$libinit$$00000011
    libinit2.o(.ARM.Collect$$libinit$$00000028) refers to argv_veneer.o(.text) for __ARM_argv_veneer
    libinit2.o(.ARM.Collect$$libinit$$00000029) refers to argv_veneer.o(.text) for __ARM_argv_veneer
    sys_exit.o(.text) refers (Special) to use_no_semi.o(.text) for __I$use$semihosting
    sys_exit.o(.text) refers (Special) to indicate_semi.o(.text) for __semihosting_library_function
    sys_exit_hlt.o(.text) refers (Special) to use_no_semi.o(.text) for __I$use$semihosting
    sys_exit_hlt.o(.text) refers (Special) to indicate_semi.o(.text) for __semihosting_library_function
    rtexit2.o(.ARM.Collect$$rtexit$$00000003) refers to libshutdown.o(.ARM.Collect$$libshutdown$$00000000) for __rt_lib_shutdown
    rtexit2.o(.ARM.Collect$$rtexit$$00000004) refers to sys_exit.o(.text) for _sys_exit
    rtexit2.o(.ARM.exidx) refers to rtexit2.o(.ARM.Collect$$rtexit$$00000001) for .ARM.Collect$$rtexit$$00000001
    rtexit2.o(.ARM.exidx) refers to rtexit2.o(.ARM.Collect$$rtexit$$00000003) for .ARM.Collect$$rtexit$$00000003
    rtexit2.o(.ARM.exidx) refers to rtexit2.o(.ARM.Collect$$rtexit$$00000004) for .ARM.Collect$$rtexit$$00000004
    __raise.o(.text) refers to defsig.o(CL$$defsig) for __default_signal_handler
    defsig_general.o(.text) refers to sys_wrch.o(.text) for _ttywrch
    sys_wrch.o(.text) refers (Special) to use_no_semi.o(.text) for __I$use$semihosting
    sys_wrch.o(.text) refers (Special) to indicate_semi.o(.text) for __semihosting_library_function
    sys_wrch_hlt.o(.text) refers (Special) to use_no_semi.o(.text) for __I$use$semihosting
    sys_wrch_hlt.o(.text) refers (Special) to indicate_semi.o(.text) for __semihosting_library_function
    defsig.o(CL$$defsig) refers to defsig_fpe_inner.o(.text) for __rt_SIGFPE_inner
    defsig.o(CL$$defsig) refers to defsig_rtmem_inner.o(.text) for __rt_SIGRTMEM_inner
    _get_argv_nomalloc.o(.text) refers (Special) to hrguard.o(.text) for __heap_region$guard
    _get_argv_nomalloc.o(.text) refers to defsig_rtmem_outer.o(.text) for __rt_SIGRTMEM
    _get_argv_nomalloc.o(.text) refers to sys_command.o(.text) for _sys_command_string
    libshutdown.o(.ARM.Collect$$libshutdown$$00000000) refers (Special) to libshutdown2.o(.ARM.Collect$$libshutdown$$00000002) for __rt_lib_shutdown_cpp_1
    libshutdown.o(.ARM.Collect$$libshutdown$$00000000) refers (Special) to libshutdown2.o(.ARM.Collect$$libshutdown$$00000007) for __rt_lib_shutdown_fp_trap_1
    libshutdown.o(.ARM.Collect$$libshutdown$$00000000) refers (Special) to libshutdown2.o(.ARM.Collect$$libshutdown$$0000000F) for __rt_lib_shutdown_heap_1
    libshutdown.o(.ARM.Collect$$libshutdown$$00000000) refers (Special) to libshutdown2.o(.ARM.Collect$$libshutdown$$00000010) for __rt_lib_shutdown_return
    libshutdown.o(.ARM.Collect$$libshutdown$$00000000) refers (Special) to libshutdown2.o(.ARM.Collect$$libshutdown$$0000000A) for __rt_lib_shutdown_signal_1
    libshutdown.o(.ARM.Collect$$libshutdown$$00000000) refers (Special) to libshutdown2.o(.ARM.Collect$$libshutdown$$00000004) for __rt_lib_shutdown_stdio_1
    libshutdown.o(.ARM.Collect$$libshutdown$$00000000) refers (Special) to libshutdown2.o(.ARM.Collect$$libshutdown$$0000000C) for __rt_lib_shutdown_user_alloc_1
    sys_command.o(.text) refers (Special) to use_no_semi.o(.text) for __I$use$semihosting
    sys_command.o(.text) refers (Special) to indicate_semi.o(.text) for __semihosting_library_function
    sys_command_hlt.o(.text) refers (Special) to use_no_semi.o(.text) for __I$use$semihosting
    sys_command_hlt.o(.text) refers (Special) to indicate_semi.o(.text) for __semihosting_library_function
    defsig_abrt_inner.o(.text) refers to defsig_general.o(.text) for __default_signal_display
    defsig_rtred_inner.o(.text) refers to defsig_general.o(.text) for __default_signal_display
    defsig_rtmem_inner.o(.text) refers to defsig_general.o(.text) for __default_signal_display
    defsig_rtmem_outer.o(.text) refers to defsig_rtmem_inner.o(.text) for __rt_SIGRTMEM_inner
    defsig_rtmem_outer.o(.text) refers to defsig_exit.o(.text) for __sig_exit
    defsig_rtmem_formal.o(.text) refers to rt_raise.o(.text) for __rt_raise
    defsig_stak_inner.o(.text) refers to defsig_general.o(.text) for __default_signal_display
    defsig_pvfn_inner.o(.text) refers to defsig_general.o(.text) for __default_signal_display
    defsig_cppl_inner.o(.text) refers to defsig_general.o(.text) for __default_signal_display
    defsig_segv_inner.o(.text) refers to defsig_general.o(.text) for __default_signal_display
    defsig_other.o(.text) refers to defsig_general.o(.text) for __default_signal_display


==============================================================================

Removing Unused input sections from the image.

    Removing main.o(.text), (0 bytes).
    Removing main.o(.ARM.exidx.text.main), (8 bytes).
    Removing main.o(.ARM.use_no_argv), (4 bytes).
    Removing app.o(.text), (0 bytes).
    Removing app.o(.ARM.exidx.text.App_Config), (8 bytes).
    Removing app.o(.ARM.exidx.text.App_Mainloop), (8 bytes).
    Removing wdt.o(.text), (0 bytes).
    Removing wdt.o(.ARM.exidx.text.WDT_Init), (8 bytes).
    Removing wdt.o(.ARM.exidx.text.WDT_Reload), (8 bytes).
    Removing sevensegment.o(.text), (0 bytes).
    Removing sevensegment.o(.text.SevenSegment_Struct_Init), (60 bytes).
    Removing sevensegment.o(.ARM.exidx.text.SevenSegment_Struct_Init), (8 bytes).
    Removing sevensegment.o(.ARM.exidx.text.SevenSegment_GPIO_Init), (8 bytes).
    Removing sevensegment.o(.text.SevenSegment_Timer_Init), (84 bytes).
    Removing sevensegment.o(.ARM.exidx.text.SevenSegment_Timer_Init), (8 bytes).
    Removing sevensegment.o(.ARM.exidx.text.TIM14_IRQHandler), (8 bytes).
    Removing sevensegment.o(.text.SevenSegment_ISR_Executables), (8 bytes).
    Removing sevensegment.o(.ARM.exidx.text.SevenSegment_ISR_Executables), (8 bytes).
    Removing sevensegment.o(.text.SevenSegment_Auto_Brightness_Timer_Init), (92 bytes).
    Removing sevensegment.o(.ARM.exidx.text.SevenSegment_Auto_Brightness_Timer_Init), (8 bytes).
    Removing sevensegment.o(.ARM.exidx.text.TIM17_IRQHandler), (8 bytes).
    Removing sevensegment.o(.text.SevenSegment_Set_Segment_Pins), (20 bytes).
    Removing sevensegment.o(.ARM.exidx.text.SevenSegment_Set_Segment_Pins), (8 bytes).
    Removing sevensegment.o(.text.SevenSegment_Assign_Segment_Value), (44 bytes).
    Removing sevensegment.o(.ARM.exidx.text.SevenSegment_Assign_Segment_Value), (8 bytes).
    Removing sevensegment.o(.ARM.exidx.text.SevenSegment_Activate_Digit), (8 bytes).
    Removing sevensegment.o(.text.SevenSegment_Assign_Digit_Value), (48 bytes).
    Removing sevensegment.o(.ARM.exidx.text.SevenSegment_Assign_Digit_Value), (8 bytes).
    Removing sevensegment.o(.ARM.exidx.text.SevenSegment_Brightness_Handler), (8 bytes).
    Removing sevensegment.o(.ARM.exidx.text.SevenSegment_Set_Dp), (8 bytes).
    Removing sevensegment.o(.ARM.exidx.text.SevenSegment_Set_Value), (8 bytes).
    Removing sevensegment.o(.ARM.exidx.text.SevenSegment_Set_Brightness), (8 bytes).
    Removing sevensegment.o(.text.SevenSegment_Segment_Values_Get), (12 bytes).
    Removing sevensegment.o(.ARM.exidx.text.SevenSegment_Segment_Values_Get), (8 bytes).
    Removing sevensegment.o(.ARM.exidx.text.SevenSegment_Segment_Char_Values_Get), (8 bytes).
    Removing sevensegment.o(.text.SevenSegment_Dp_Values_Get), (12 bytes).
    Removing sevensegment.o(.ARM.exidx.text.SevenSegment_Dp_Values_Get), (8 bytes).
    Removing sevensegment.o(.ARM.exidx.text.SevenSegment_Dp_Byte_Get), (8 bytes).
    Removing sevensegment.o(.ARM.exidx.text.SevenSegment_Display_Enable_Sts), (8 bytes).
    Removing sevensegment.o(.ARM.exidx.text.SevenSegment_Display_Enable), (8 bytes).
    Removing sevensegment.o(.ARM.exidx.text.SevenSegment_Display_Disable), (8 bytes).
    Removing sevensegment.o(.ARM.exidx.text.SevenSegment_Init), (8 bytes).
    Removing adc.o(.text), (0 bytes).
    Removing adc.o(.text.ADC_Struct_Init), (2 bytes).
    Removing adc.o(.ARM.exidx.text.ADC_Struct_Init), (8 bytes).
    Removing adc.o(.ARM.exidx.text.ADC_Reg_Init), (8 bytes).
    Removing adc.o(.ARM.exidx.text.ADC_Read_Channel), (8 bytes).
    Removing adc.o(.ARM.exidx.text.ADC_Init), (8 bytes).
    Removing ldr.o(.text), (0 bytes).
    Removing ldr.o(.text.LDR_Struct_Init), (64 bytes).
    Removing ldr.o(.ARM.exidx.text.LDR_Struct_Init), (8 bytes).
    Removing ldr.o(.text.LDR_GPIO_Init), (32 bytes).
    Removing ldr.o(.ARM.exidx.text.LDR_GPIO_Init), (8 bytes).
    Removing ldr.o(.text.LDR_Reg_Init), (14 bytes).
    Removing ldr.o(.ARM.exidx.text.LDR_Reg_Init), (8 bytes).
    Removing ldr.o(.text.LDR_Read_Brightness), (20 bytes).
    Removing ldr.o(.ARM.exidx.text.LDR_Read_Brightness), (8 bytes).
    Removing ldr.o(.ARM.exidx.text.LDR_Control_Brightness), (8 bytes).
    Removing ldr.o(.ARM.exidx.text.LDR_Get_ADC_Val), (8 bytes).
    Removing ldr.o(.ARM.exidx.text.LDR_Get_Current_Brightness), (8 bytes).
    Removing ldr.o(.text.LDR_Get_Calculated_Brightness), (12 bytes).
    Removing ldr.o(.ARM.exidx.text.LDR_Get_Calculated_Brightness), (8 bytes).
    Removing ldr.o(.ARM.exidx.text.LDR_Automic_Brightness_Sts_Get), (8 bytes).
    Removing ldr.o(.ARM.exidx.text.LDR_Automic_Brightness_On), (8 bytes).
    Removing ldr.o(.ARM.exidx.text.LDR_Automic_Brightness_Off), (8 bytes).
    Removing ldr.o(.ARM.exidx.text.LDR_Manual_Brightness_Set), (8 bytes).
    Removing ldr.o(.ARM.exidx.text.LDR_Manual_Brightness_Get), (8 bytes).
    Removing ldr.o(.ARM.exidx.text.LDR_Max_Brightness_Set), (8 bytes).
    Removing ldr.o(.ARM.exidx.text.LDR_Init), (8 bytes).
    Removing lpf.o(.text), (0 bytes).
    Removing lpf.o(.text.LPF_Struct_Init), (28 bytes).
    Removing lpf.o(.ARM.exidx.text.LPF_Struct_Init), (8 bytes).
    Removing lpf.o(.ARM.exidx.text.LPF_Set_Alpha), (8 bytes).
    Removing lpf.o(.text.LPF_Get_Alpha), (16 bytes).
    Removing lpf.o(.ARM.exidx.text.LPF_Get_Alpha), (8 bytes).
    Removing lpf.o(.ARM.exidx.text.LPF_Get_Filtered_Value), (8 bytes).
    Removing lpf.o(.ARM.exidx.text.LPF_Init), (8 bytes).
    Removing protocol.o(.text), (0 bytes).
    Removing protocol.o(.text.Protocol_Struct_Init), (76 bytes).
    Removing protocol.o(.ARM.exidx.text.Protocol_Struct_Init), (8 bytes).
    Removing protocol.o(.text.Protocol_Disp_Sts_Get), (18 bytes).
    Removing protocol.o(.ARM.exidx.text.Protocol_Disp_Sts_Get), (8 bytes).
    Removing protocol.o(.text.Protocol_Build_Ack_Nack_Packet), (52 bytes).
    Removing protocol.o(.ARM.exidx.text.Protocol_Build_Ack_Nack_Packet), (8 bytes).
    Removing protocol.o(.ARM.exidx.text.Protocol_Build_Status_Packet), (8 bytes).
    Removing protocol.o(.text.Protocol_Build_Func_En_Packet), (68 bytes).
    Removing protocol.o(.ARM.exidx.text.Protocol_Build_Func_En_Packet), (8 bytes).
    Removing protocol.o(.ARM.exidx.text.Protocol_Build_Manual_Brightness_Val_Packet), (8 bytes).
    Removing protocol.o(.ARM.exidx.text.Protocol_Build_Auto_Brightness_ADC_Val_Packet), (8 bytes).
    Removing protocol.o(.text.Protocol_Build_Auto_Brightness_Slope_ADCH_Packet), (2 bytes).
    Removing protocol.o(.ARM.exidx.text.Protocol_Build_Auto_Brightness_Slope_ADCH_Packet), (8 bytes).
    Removing protocol.o(.text.Protocol_Build_Auto_Brightness_Slope_ADCL_Packet), (2 bytes).
    Removing protocol.o(.ARM.exidx.text.Protocol_Build_Auto_Brightness_Slope_ADCL_Packet), (8 bytes).
    Removing protocol.o(.text.Protocol_Build_Auto_Brightness_Slope_ValH_Packet), (2 bytes).
    Removing protocol.o(.ARM.exidx.text.Protocol_Build_Auto_Brightness_Slope_ValH_Packet), (8 bytes).
    Removing protocol.o(.text.Protocol_Build_Auto_Brightness_Slope_ValL_Packet), (2 bytes).
    Removing protocol.o(.ARM.exidx.text.Protocol_Build_Auto_Brightness_Slope_ValL_Packet), (8 bytes).
    Removing protocol.o(.text.Protocol_Transmit_Packet), (20 bytes).
    Removing protocol.o(.ARM.exidx.text.Protocol_Transmit_Packet), (8 bytes).
    Removing protocol.o(.text.Protocol_Response_Display_Status), (36 bytes).
    Removing protocol.o(.ARM.exidx.text.Protocol_Response_Display_Status), (8 bytes).
    Removing protocol.o(.text.Protocol_Response_Function_Enable), (80 bytes).
    Removing protocol.o(.ARM.exidx.text.Protocol_Response_Function_Enable), (8 bytes).
    Removing protocol.o(.text.Protocol_Response_Digit_Single), (56 bytes).
    Removing protocol.o(.ARM.exidx.text.Protocol_Response_Digit_Single), (8 bytes).
    Removing protocol.o(.text.Protocol_Response_Digit_Multiple), (92 bytes).
    Removing protocol.o(.ARM.exidx.text.Protocol_Response_Digit_Multiple), (8 bytes).
    Removing protocol.o(.ARM.exidx.text.Protocol_Response_Decimal_Point_Single), (8 bytes).
    Removing protocol.o(.ARM.exidx.text.Protocol_Response_Decimal_Point_Multiple), (8 bytes).
    Removing protocol.o(.ARM.exidx.text.Protocol_Response_Manual_Brightness), (8 bytes).
    Removing protocol.o(.text.Protocol_Response_Auto_Brightness_ADC), (32 bytes).
    Removing protocol.o(.ARM.exidx.text.Protocol_Response_Auto_Brightness_ADC), (8 bytes).
    Removing protocol.o(.ARM.exidx.text.Protocol_Error_Check), (8 bytes).
    Removing protocol.o(.ARM.exidx.text.Protocol_Disassemble_Packet), (8 bytes).
    Removing protocol.o(.ARM.exidx.text.Protocol_Response_Mainloop), (8 bytes).
    Removing protocol.o(.ARM.exidx.text.Protocol_Init), (8 bytes).
    Removing comm.o(.text), (0 bytes).
    Removing comm.o(.text.COMM_Struct_Init), (68 bytes).
    Removing comm.o(.ARM.exidx.text.COMM_Struct_Init), (8 bytes).
    Removing comm.o(.text.COMM_RX_Packet_Struct_Init), (28 bytes).
    Removing comm.o(.ARM.exidx.text.COMM_RX_Packet_Struct_Init), (8 bytes).
    Removing comm.o(.text.COMM_Config_GPIO), (68 bytes).
    Removing comm.o(.ARM.exidx.text.COMM_Config_GPIO), (8 bytes).
    Removing comm.o(.text.COMM_Config_Clock), (20 bytes).
    Removing comm.o(.ARM.exidx.text.COMM_Config_Clock), (8 bytes).
    Removing comm.o(.text.COMM_Config_BAUD_Rate), (40 bytes).
    Removing comm.o(.ARM.exidx.text.COMM_Config_BAUD_Rate), (8 bytes).
    Removing comm.o(.text.COMM_Config_Tx), (32 bytes).
    Removing comm.o(.ARM.exidx.text.COMM_Config_Tx), (8 bytes).
    Removing comm.o(.text.COMM_Config_Rx), (32 bytes).
    Removing comm.o(.ARM.exidx.text.COMM_Config_Rx), (8 bytes).
    Removing comm.o(.text.COMM_Config_Rx_Interrupt), (48 bytes).
    Removing comm.o(.ARM.exidx.text.COMM_Config_Rx_Interrupt), (8 bytes).
    Removing comm.o(.text.COMM_Clear_Interrupt_Flag), (2 bytes).
    Removing comm.o(.ARM.exidx.text.COMM_Clear_Interrupt_Flag), (8 bytes).
    Removing comm.o(.text.COMM_Tx_Byte), (28 bytes).
    Removing comm.o(.ARM.exidx.text.COMM_Tx_Byte), (8 bytes).
    Removing comm.o(.text.COMM_Rx_Byte), (24 bytes).
    Removing comm.o(.ARM.exidx.text.COMM_Rx_Byte), (8 bytes).
    Removing comm.o(.ARM.exidx.text.USART1_IRQHandler), (8 bytes).
    Removing comm.o(.text.COMM_ISR_Handler), (104 bytes).
    Removing comm.o(.ARM.exidx.text.COMM_ISR_Handler), (8 bytes).
    Removing comm.o(.text.COMM_Timer_Struct_Init), (20 bytes).
    Removing comm.o(.ARM.exidx.text.COMM_Timer_Struct_Init), (8 bytes).
    Removing comm.o(.text.COMM_Timer_Init), (92 bytes).
    Removing comm.o(.ARM.exidx.text.COMM_Timer_Init), (8 bytes).
    Removing comm.o(.text.COMM_Timer_Enable), (16 bytes).
    Removing comm.o(.ARM.exidx.text.COMM_Timer_Enable), (8 bytes).
    Removing comm.o(.text.COMM_Timer_Disable), (16 bytes).
    Removing comm.o(.ARM.exidx.text.COMM_Timer_Disable), (8 bytes).
    Removing comm.o(.text.COMM_Timer_Get_Status), (12 bytes).
    Removing comm.o(.ARM.exidx.text.COMM_Timer_Get_Status), (8 bytes).
    Removing comm.o(.text.COMM_Timer_Get_Val), (12 bytes).
    Removing comm.o(.ARM.exidx.text.COMM_Timer_Get_Val), (8 bytes).
    Removing comm.o(.text.COMM_Timer_Value_Reset), (12 bytes).
    Removing comm.o(.ARM.exidx.text.COMM_Timer_Value_Reset), (8 bytes).
    Removing comm.o(.text.COMM_Timer_Clear_Interrupt_Flag), (24 bytes).
    Removing comm.o(.ARM.exidx.text.COMM_Timer_Clear_Interrupt_Flag), (8 bytes).
    Removing comm.o(.ARM.exidx.text.TIM16_IRQHandler), (8 bytes).
    Removing comm.o(.ARM.exidx.text.COMM_Timer_ISR_Handler), (8 bytes).
    Removing comm.o(.ARM.exidx.text.COMM_Tx_Buf), (8 bytes).
    Removing comm.o(.text.COMM_Tx_NL), (44 bytes).
    Removing comm.o(.ARM.exidx.text.COMM_Tx_NL), (8 bytes).
    Removing comm.o(.text.COMM_Tx_SP), (28 bytes).
    Removing comm.o(.ARM.exidx.text.COMM_Tx_SP), (8 bytes).
    Removing comm.o(.text.COMM_Tx_CM), (28 bytes).
    Removing comm.o(.ARM.exidx.text.COMM_Tx_CM), (8 bytes).
    Removing comm.o(.text.COMM_Tx_Text), (48 bytes).
    Removing comm.o(.ARM.exidx.text.COMM_Tx_Text), (8 bytes).
    Removing comm.o(.text.COMM_Tx_Text_NL), (84 bytes).
    Removing comm.o(.ARM.exidx.text.COMM_Tx_Text_NL), (8 bytes).
    Removing comm.o(.text.COMM_Tx_Text_SP), (68 bytes).
    Removing comm.o(.ARM.exidx.text.COMM_Tx_Text_SP), (8 bytes).
    Removing comm.o(.text.COMM_Tx_Text_CM), (68 bytes).
    Removing comm.o(.ARM.exidx.text.COMM_Tx_Text_CM), (8 bytes).
    Removing comm.o(.text.COMM_Determine_Digit_Numbers), (64 bytes).
    Removing comm.o(.ARM.exidx.text.COMM_Determine_Digit_Numbers), (8 bytes).
    Removing comm.o(.text.COMM_Tx_Number_Digits), (56 bytes).
    Removing comm.o(.ARM.exidx.text.COMM_Tx_Number_Digits), (8 bytes).
    Removing comm.o(.text.COMM_Tx_Number), (140 bytes).
    Removing comm.o(.ARM.exidx.text.COMM_Tx_Number), (8 bytes).
    Removing comm.o(.text.COMM_Tx_Number_Hex), (144 bytes).
    Removing comm.o(.ARM.exidx.text.COMM_Tx_Number_Hex), (8 bytes).
    Removing comm.o(.text.COMM_Tx_Number_Bin), (108 bytes).
    Removing comm.o(.ARM.exidx.text.COMM_Tx_Number_Bin), (8 bytes).
    Removing comm.o(.text.COMM_Tx_Number_NL), (176 bytes).
    Removing comm.o(.ARM.exidx.text.COMM_Tx_Number_NL), (8 bytes).
    Removing comm.o(.text.COMM_Tx_Number_SP), (160 bytes).
    Removing comm.o(.ARM.exidx.text.COMM_Tx_Number_SP), (8 bytes).
    Removing comm.o(.text.COMM_Tx_Number_CM), (160 bytes).
    Removing comm.o(.ARM.exidx.text.COMM_Tx_Number_CM), (8 bytes).
    Removing comm.o(.text.COMM_Tx_Number_Hex_NL), (180 bytes).
    Removing comm.o(.ARM.exidx.text.COMM_Tx_Number_Hex_NL), (8 bytes).
    Removing comm.o(.text.COMM_Tx_Number_Hex_SP), (164 bytes).
    Removing comm.o(.ARM.exidx.text.COMM_Tx_Number_Hex_SP), (8 bytes).
    Removing comm.o(.text.COMM_Tx_Number_Hex_CM), (164 bytes).
    Removing comm.o(.ARM.exidx.text.COMM_Tx_Number_Hex_CM), (8 bytes).
    Removing comm.o(.text.COMM_Tx_Number_Bin_NL), (140 bytes).
    Removing comm.o(.ARM.exidx.text.COMM_Tx_Number_Bin_NL), (8 bytes).
    Removing comm.o(.text.COMM_Tx_Number_Bin_SP), (124 bytes).
    Removing comm.o(.ARM.exidx.text.COMM_Tx_Number_Bin_SP), (8 bytes).
    Removing comm.o(.text.COMM_Tx_Number_Bin_CM), (124 bytes).
    Removing comm.o(.ARM.exidx.text.COMM_Tx_Number_Bin_CM), (8 bytes).
    Removing comm.o(.text.COMM_Tx_Parameter_NL), (72 bytes).
    Removing comm.o(.ARM.exidx.text.COMM_Tx_Parameter_NL), (8 bytes).
    Removing comm.o(.text.COMM_Tx_Parameter_SP), (204 bytes).
    Removing comm.o(.ARM.exidx.text.COMM_Tx_Parameter_SP), (8 bytes).
    Removing comm.o(.text.COMM_Tx_Parameter_CM), (204 bytes).
    Removing comm.o(.ARM.exidx.text.COMM_Tx_Parameter_CM), (8 bytes).
    Removing comm.o(.text.COMM_Tx_Parameter_Hex_NL), (72 bytes).
    Removing comm.o(.ARM.exidx.text.COMM_Tx_Parameter_Hex_NL), (8 bytes).
    Removing comm.o(.text.COMM_Tx_Parameter_Hex_SP), (224 bytes).
    Removing comm.o(.ARM.exidx.text.COMM_Tx_Parameter_Hex_SP), (8 bytes).
    Removing comm.o(.text.COMM_Tx_Parameter_Hex_CM), (224 bytes).
    Removing comm.o(.ARM.exidx.text.COMM_Tx_Parameter_Hex_CM), (8 bytes).
    Removing comm.o(.text.COMM_Tx_Parameter_Bin_NL), (72 bytes).
    Removing comm.o(.ARM.exidx.text.COMM_Tx_Parameter_Bin_NL), (8 bytes).
    Removing comm.o(.text.COMM_Tx_Parameter_Bin_SP), (180 bytes).
    Removing comm.o(.ARM.exidx.text.COMM_Tx_Parameter_Bin_SP), (8 bytes).
    Removing comm.o(.text.COMM_Tx_Parameter_Bin_CM), (180 bytes).
    Removing comm.o(.ARM.exidx.text.COMM_Tx_Parameter_Bin_CM), (8 bytes).
    Removing comm.o(.text.COMM_Buf_Flush), (28 bytes).
    Removing comm.o(.ARM.exidx.text.COMM_Buf_Flush), (8 bytes).
    Removing comm.o(.ARM.exidx.text.COMM_Buf_Get), (8 bytes).
    Removing comm.o(.text.COMM_Buf_Get_Index), (12 bytes).
    Removing comm.o(.ARM.exidx.text.COMM_Buf_Get_Index), (8 bytes).
    Removing comm.o(.ARM.exidx.text.COMM_Data_Available), (8 bytes).
    Removing comm.o(.ARM.exidx.text.COMM_Data_Len_Get), (8 bytes).
    Removing comm.o(.text.COMM_Data_Calculated_CRC_Get), (12 bytes).
    Removing comm.o(.ARM.exidx.text.COMM_Data_Calculated_CRC_Get), (8 bytes).
    Removing comm.o(.text.COMM_Data_Received_CRC_Get), (12 bytes).
    Removing comm.o(.ARM.exidx.text.COMM_Data_Received_CRC_Get), (8 bytes).
    Removing comm.o(.ARM.exidx.text.COMM_Data_CRC_Status_Get), (8 bytes).
    Removing comm.o(.text.COMM_Data_Read_Complete_Status), (12 bytes).
    Removing comm.o(.ARM.exidx.text.COMM_Data_Read_Complete_Status), (8 bytes).
    Removing comm.o(.text.COMM_Data_Clear_Available_Flag), (16 bytes).
    Removing comm.o(.ARM.exidx.text.COMM_Data_Clear_Available_Flag), (8 bytes).
    Removing comm.o(.text.COMM_Data_Clear_Read_Complete_Flag), (16 bytes).
    Removing comm.o(.ARM.exidx.text.COMM_Data_Clear_Read_Complete_Flag), (8 bytes).
    Removing comm.o(.text.COMM_Data_Copy_Buf), (36 bytes).
    Removing comm.o(.ARM.exidx.text.COMM_Data_Copy_Buf), (8 bytes).
    Removing comm.o(.text.COMM_Data_Print_Buf), (92 bytes).
    Removing comm.o(.ARM.exidx.text.COMM_Data_Print_Buf), (8 bytes).
    Removing comm.o(.text.COMM_Error_Code_Get), (12 bytes).
    Removing comm.o(.ARM.exidx.text.COMM_Error_Code_Get), (8 bytes).
    Removing comm.o(.text.COMM_Error_Code_Clear), (12 bytes).
    Removing comm.o(.ARM.exidx.text.COMM_Error_Code_Clear), (8 bytes).
    Removing comm.o(.text.COMM_RX_Packet_CRC_Check), (148 bytes).
    Removing comm.o(.ARM.exidx.text.COMM_RX_Packet_CRC_Check), (8 bytes).
    Removing comm.o(.text.COMM_RX_Packet_Disassemble), (8 bytes).
    Removing comm.o(.ARM.exidx.text.COMM_RX_Packet_Disassemble), (8 bytes).
    Removing comm.o(.text.COMM_CRC_Calculate_Byte), (40 bytes).
    Removing comm.o(.ARM.exidx.text.COMM_CRC_Calculate_Byte), (8 bytes).
    Removing comm.o(.ARM.exidx.text.COMM_CRC_Calculate_Block), (8 bytes).
    Removing comm.o(.ARM.exidx.text.COMM_RX_Packet_Read_Complete), (8 bytes).
    Removing comm.o(.ARM.exidx.text.COMM_Init), (8 bytes).
    Removing system_stm32g0xx.o(.text), (0 bytes).
    Removing system_stm32g0xx.o(.ARM.exidx.text.SystemInit), (8 bytes).
    Removing system_stm32g0xx.o(.text.SystemCoreClockUpdate), (144 bytes).
    Removing system_stm32g0xx.o(.ARM.exidx.text.SystemCoreClockUpdate), (8 bytes).
    Removing system_stm32g0xx.o(.data.SystemCoreClock), (4 bytes).
    Removing system_stm32g0xx.o(.rodata.AHBPrescTable), (64 bytes).
    Removing system_stm32g0xx.o(.rodata.APBPrescTable), (32 bytes).

263 unused section(s) (total 7436 bytes) removed from the image.

==============================================================================

Image Symbol Table

    Local Symbols

    Symbol Name                              Value     Ov Type        Size  Object(Section)

    ../clib/angel/boardlib.s                 0x00000000   Number         0  boardinit1.o ABSOLUTE
    ../clib/angel/boardlib.s                 0x00000000   Number         0  boardinit2.o ABSOLUTE
    ../clib/angel/boardlib.s                 0x00000000   Number         0  boardinit3.o ABSOLUTE
    ../clib/angel/boardlib.s                 0x00000000   Number         0  boardshut.o ABSOLUTE
    ../clib/angel/handlers.s                 0x00000000   Number         0  __scatter_zi.o ABSOLUTE
    ../clib/angel/kernel.s                   0x00000000   Number         0  __rtentry.o ABSOLUTE
    ../clib/angel/kernel.s                   0x00000000   Number         0  __rtentry2.o ABSOLUTE
    ../clib/angel/kernel.s                   0x00000000   Number         0  __rtentry4.o ABSOLUTE
    ../clib/angel/kernel.s                   0x00000000   Number         0  rtexit.o ABSOLUTE
    ../clib/angel/kernel.s                   0x00000000   Number         0  rtexit2.o ABSOLUTE
    ../clib/angel/rt.s                       0x00000000   Number         0  aeabi_idiv0.o ABSOLUTE
    ../clib/angel/rt.s                       0x00000000   Number         0  aeabi_idiv0_sigfpe.o ABSOLUTE
    ../clib/angel/rt.s                       0x00000000   Number         0  rt_div0.o ABSOLUTE
    ../clib/angel/rt.s                       0x00000000   Number         0  rt_raise.o ABSOLUTE
    ../clib/angel/scatterp.s                 0x00000000   Number         0  __scatter.o ABSOLUTE
    ../clib/angel/startup.s                  0x00000000   Number         0  __main.o ABSOLUTE
    ../clib/angel/sys.s                      0x00000000   Number         0  sys_stackheap_outer.o ABSOLUTE
    ../clib/angel/sys.s                      0x00000000   Number         0  libspace.o ABSOLUTE
    ../clib/angel/sys.s                      0x00000000   Number         0  tempstk.o ABSOLUTE
    ../clib/angel/sys.s                      0x00000000   Number         0  use_no_semi.o ABSOLUTE
    ../clib/angel/sys.s                      0x00000000   Number         0  indicate_semi.o ABSOLUTE
    ../clib/angel/sysapp.c                   0x00000000   Number         0  sys_exit.o ABSOLUTE
    ../clib/angel/sysapp.c                   0x00000000   Number         0  sys_exit_hlt.o ABSOLUTE
    ../clib/angel/sysapp.c                   0x00000000   Number         0  sys_wrch.o ABSOLUTE
    ../clib/angel/sysapp.c                   0x00000000   Number         0  sys_wrch_hlt.o ABSOLUTE
    ../clib/angel/sysapp.c                   0x00000000   Number         0  sys_command.o ABSOLUTE
    ../clib/angel/sysapp.c                   0x00000000   Number         0  sys_command_hlt.o ABSOLUTE
    ../clib/armsys.c                         0x00000000   Number         0  argv_veneer.o ABSOLUTE
    ../clib/armsys.c                         0x00000000   Number         0  _get_argv_nomalloc.o ABSOLUTE
    ../clib/armsys.c                         0x00000000   Number         0  no_argv.o ABSOLUTE
    ../clib/division.s                       0x00000000   Number         0  aeabi_sdivfast.o ABSOLUTE
    ../clib/division.s                       0x00000000   Number         0  aeabi_sdivfast_div0.o ABSOLUTE
    ../clib/heapalloc.c                      0x00000000   Number         0  hrguard.o ABSOLUTE
    ../clib/heapaux.c                        0x00000000   Number         0  heapauxi.o ABSOLUTE
    ../clib/libinit.s                        0x00000000   Number         0  libinit.o ABSOLUTE
    ../clib/libinit.s                        0x00000000   Number         0  libinit2.o ABSOLUTE
    ../clib/libinit.s                        0x00000000   Number         0  libshutdown.o ABSOLUTE
    ../clib/libinit.s                        0x00000000   Number         0  libshutdown2.o ABSOLUTE
    ../clib/signal.c                         0x00000000   Number         0  defsig_fpe_outer.o ABSOLUTE
    ../clib/signal.c                         0x00000000   Number         0  defsig_fpe_formal.o ABSOLUTE
    ../clib/signal.c                         0x00000000   Number         0  defsig_exit.o ABSOLUTE
    ../clib/signal.c                         0x00000000   Number         0  defsig_fpe_inner.o ABSOLUTE
    ../clib/signal.c                         0x00000000   Number         0  __raise.o ABSOLUTE
    ../clib/signal.c                         0x00000000   Number         0  defsig_general.o ABSOLUTE
    ../clib/signal.c                         0x00000000   Number         0  defsig_abrt_inner.o ABSOLUTE
    ../clib/signal.c                         0x00000000   Number         0  defsig_rtred_inner.o ABSOLUTE
    ../clib/signal.c                         0x00000000   Number         0  defsig_rtmem_inner.o ABSOLUTE
    ../clib/signal.c                         0x00000000   Number         0  defsig_rtmem_outer.o ABSOLUTE
    ../clib/signal.c                         0x00000000   Number         0  defsig_rtmem_formal.o ABSOLUTE
    ../clib/signal.c                         0x00000000   Number         0  defsig_stak_inner.o ABSOLUTE
    ../clib/signal.c                         0x00000000   Number         0  defsig_pvfn_inner.o ABSOLUTE
    ../clib/signal.c                         0x00000000   Number         0  defsig_cppl_inner.o ABSOLUTE
    ../clib/signal.c                         0x00000000   Number         0  defsig_segv_inner.o ABSOLUTE
    ../clib/signal.c                         0x00000000   Number         0  defsig_other.o ABSOLUTE
    ../clib/signal.s                         0x00000000   Number         0  defsig.o ABSOLUTE
    ../clib/stdlib.c                         0x00000000   Number         0  exit.o ABSOLUTE
    ../fplib/cfplib/fpinit.c                 0x00000000   Number         0  fpinit.o ABSOLUTE
    RTE/Device/STM32G030F6Px/startup_stm32g030xx.s 0x00000000   Number         0  startup_stm32g030xx.o ABSOLUTE
    adc.c                                    0x00000000   Number         0  adc.o ABSOLUTE
    app.c                                    0x00000000   Number         0  app.o ABSOLUTE
    comm.c                                   0x00000000   Number         0  comm.o ABSOLUTE
    dc.s                                     0x00000000   Number         0  dc.o ABSOLUTE
    ldr.c                                    0x00000000   Number         0  ldr.o ABSOLUTE
    lpf.c                                    0x00000000   Number         0  lpf.o ABSOLUTE
    main.c                                   0x00000000   Number         0  main.o ABSOLUTE
    protocol.c                               0x00000000   Number         0  protocol.o ABSOLUTE
    sevensegment.c                           0x00000000   Number         0  sevensegment.o ABSOLUTE
    system_stm32g0xx.c                       0x00000000   Number         0  system_stm32g0xx.o ABSOLUTE
    wdt.c                                    0x00000000   Number         0  wdt.o ABSOLUTE
    RESET                                    0x08000000   Section      192  startup_stm32g030xx.o(RESET)
    !!!main                                  0x080000c0   Section        8  __main.o(!!!main)
    !!!scatter                               0x080000c8   Section       84  __scatter.o(!!!scatter)
    !!handler_null                           0x0800011c   Section        2  __scatter.o(!!handler_null)
    !!handler_zi                             0x08000120   Section       28  __scatter_zi.o(!!handler_zi)
    .ARM.Collect$$libinit$$00000000          0x0800013c   Section        2  libinit.o(.ARM.Collect$$libinit$$00000000)
    .ARM.Collect$$libinit$$00000002          0x0800013e   Section        0  libinit2.o(.ARM.Collect$$libinit$$00000002)
    .ARM.Collect$$libinit$$00000004          0x0800013e   Section        0  libinit2.o(.ARM.Collect$$libinit$$00000004)
    .ARM.Collect$$libinit$$00000006          0x0800013e   Section        0  libinit2.o(.ARM.Collect$$libinit$$00000006)
    .ARM.Collect$$libinit$$0000000C          0x0800013e   Section        0  libinit2.o(.ARM.Collect$$libinit$$0000000C)
    .ARM.Collect$$libinit$$0000000E          0x0800013e   Section        0  libinit2.o(.ARM.Collect$$libinit$$0000000E)
    .ARM.Collect$$libinit$$00000010          0x0800013e   Section        0  libinit2.o(.ARM.Collect$$libinit$$00000010)
    .ARM.Collect$$libinit$$00000013          0x0800013e   Section        0  libinit2.o(.ARM.Collect$$libinit$$00000013)
    .ARM.Collect$$libinit$$00000015          0x0800013e   Section        0  libinit2.o(.ARM.Collect$$libinit$$00000015)
    .ARM.Collect$$libinit$$00000017          0x0800013e   Section        0  libinit2.o(.ARM.Collect$$libinit$$00000017)
    .ARM.Collect$$libinit$$00000019          0x0800013e   Section        0  libinit2.o(.ARM.Collect$$libinit$$00000019)
    .ARM.Collect$$libinit$$0000001B          0x0800013e   Section        0  libinit2.o(.ARM.Collect$$libinit$$0000001B)
    .ARM.Collect$$libinit$$0000001D          0x0800013e   Section        0  libinit2.o(.ARM.Collect$$libinit$$0000001D)
    .ARM.Collect$$libinit$$0000001F          0x0800013e   Section        0  libinit2.o(.ARM.Collect$$libinit$$0000001F)
    .ARM.Collect$$libinit$$00000021          0x0800013e   Section        0  libinit2.o(.ARM.Collect$$libinit$$00000021)
    .ARM.Collect$$libinit$$00000023          0x0800013e   Section        0  libinit2.o(.ARM.Collect$$libinit$$00000023)
    .ARM.Collect$$libinit$$00000025          0x0800013e   Section        0  libinit2.o(.ARM.Collect$$libinit$$00000025)
    .ARM.Collect$$libinit$$00000027          0x0800013e   Section        0  libinit2.o(.ARM.Collect$$libinit$$00000027)
    .ARM.Collect$$libinit$$0000002E          0x0800013e   Section        0  libinit2.o(.ARM.Collect$$libinit$$0000002E)
    .ARM.Collect$$libinit$$00000030          0x0800013e   Section        0  libinit2.o(.ARM.Collect$$libinit$$00000030)
    .ARM.Collect$$libinit$$00000032          0x0800013e   Section        0  libinit2.o(.ARM.Collect$$libinit$$00000032)
    .ARM.Collect$$libinit$$00000034          0x0800013e   Section        0  libinit2.o(.ARM.Collect$$libinit$$00000034)
    .ARM.Collect$$libinit$$00000035          0x0800013e   Section        2  libinit2.o(.ARM.Collect$$libinit$$00000035)
    .ARM.Collect$$libshutdown$$00000000      0x08000140   Section        2  libshutdown.o(.ARM.Collect$$libshutdown$$00000000)
    .ARM.Collect$$libshutdown$$00000002      0x08000142   Section        0  libshutdown2.o(.ARM.Collect$$libshutdown$$00000002)
    .ARM.Collect$$libshutdown$$00000004      0x08000142   Section        0  libshutdown2.o(.ARM.Collect$$libshutdown$$00000004)
    .ARM.Collect$$libshutdown$$00000007      0x08000142   Section        0  libshutdown2.o(.ARM.Collect$$libshutdown$$00000007)
    .ARM.Collect$$libshutdown$$0000000A      0x08000142   Section        0  libshutdown2.o(.ARM.Collect$$libshutdown$$0000000A)
    .ARM.Collect$$libshutdown$$0000000C      0x08000142   Section        0  libshutdown2.o(.ARM.Collect$$libshutdown$$0000000C)
    .ARM.Collect$$libshutdown$$0000000F      0x08000142   Section        0  libshutdown2.o(.ARM.Collect$$libshutdown$$0000000F)
    .ARM.Collect$$libshutdown$$00000010      0x08000142   Section        2  libshutdown2.o(.ARM.Collect$$libshutdown$$00000010)
    .ARM.Collect$$rtentry$$00000000          0x08000144   Section        0  __rtentry.o(.ARM.Collect$$rtentry$$00000000)
    .ARM.Collect$$rtentry$$00000002          0x08000144   Section        0  __rtentry2.o(.ARM.Collect$$rtentry$$00000002)
    .ARM.Collect$$rtentry$$00000004          0x08000144   Section        6  __rtentry4.o(.ARM.Collect$$rtentry$$00000004)
    .ARM.Collect$$rtentry$$00000009          0x0800014a   Section        0  __rtentry2.o(.ARM.Collect$$rtentry$$00000009)
    .ARM.Collect$$rtentry$$0000000A          0x0800014a   Section        4  __rtentry2.o(.ARM.Collect$$rtentry$$0000000A)
    .ARM.Collect$$rtentry$$0000000C          0x0800014e   Section        0  __rtentry2.o(.ARM.Collect$$rtentry$$0000000C)
    .ARM.Collect$$rtentry$$0000000D          0x0800014e   Section        8  __rtentry2.o(.ARM.Collect$$rtentry$$0000000D)
    .ARM.Collect$$rtexit$$00000000           0x08000156   Section        2  rtexit.o(.ARM.Collect$$rtexit$$00000000)
    .ARM.Collect$$rtexit$$00000002           0x08000158   Section        0  rtexit2.o(.ARM.Collect$$rtexit$$00000002)
    .ARM.Collect$$rtexit$$00000003           0x08000158   Section        4  rtexit2.o(.ARM.Collect$$rtexit$$00000003)
    .ARM.Collect$$rtexit$$00000004           0x0800015c   Section        6  rtexit2.o(.ARM.Collect$$rtexit$$00000004)
    .text                                    0x08000164   Section       56  startup_stm32g030xx.o(.text)
    .text                                    0x0800019c   Section        0  heapauxi.o(.text)
    .text                                    0x080001a2   Section       62  sys_stackheap_outer.o(.text)
    .text                                    0x080001e0   Section        0  exit.o(.text)
    .text                                    0x080001f0   Section        8  libspace.o(.text)
    .text                                    0x080001f8   Section        0  sys_exit.o(.text)
    .text                                    0x08000204   Section        2  use_no_semi.o(.text)
    [Anonymous Symbol]                       0x08000206   Section        0  adc.o(.text.ADC_Init)
    .text                                    0x08000206   Section        0  indicate_semi.o(.text)
    [Anonymous Symbol]                       0x08000210   Section        0  adc.o(.text.ADC_Read_Channel)
    __arm_cp.2_0                             0x08000238   Number         4  adc.o(.text.ADC_Read_Channel)
    [Anonymous Symbol]                       0x0800023c   Section        0  adc.o(.text.ADC_Reg_Init)
    __arm_cp.1_0                             0x080002dc   Number         4  adc.o(.text.ADC_Reg_Init)
    __arm_cp.1_1                             0x080002e0   Number         4  adc.o(.text.ADC_Reg_Init)
    __arm_cp.1_2                             0x080002e4   Number         4  adc.o(.text.ADC_Reg_Init)
    __arm_cp.1_3                             0x080002e8   Number         4  adc.o(.text.ADC_Reg_Init)
    [Anonymous Symbol]                       0x080002ec   Section        0  app.o(.text.App_Config)
    [Anonymous Symbol]                       0x08000314   Section        0  app.o(.text.App_Mainloop)
    [Anonymous Symbol]                       0x08000328   Section        0  comm.o(.text.COMM_Buf_Get)
    [Anonymous Symbol]                       0x08000330   Section        0  comm.o(.text.COMM_CRC_Calculate_Block)
    [Anonymous Symbol]                       0x08000370   Section        0  comm.o(.text.COMM_Data_Available)
    [Anonymous Symbol]                       0x08000378   Section        0  comm.o(.text.COMM_Data_CRC_Status_Get)
    [Anonymous Symbol]                       0x08000380   Section        0  comm.o(.text.COMM_Data_Len_Get)
    [Anonymous Symbol]                       0x08000388   Section        0  comm.o(.text.COMM_Init)
    __arm_cp.74_1                            0x080004e8   Number         4  comm.o(.text.COMM_Init)
    __arm_cp.74_3                            0x080004ec   Number         4  comm.o(.text.COMM_Init)
    __arm_cp.74_4                            0x080004f0   Number         4  comm.o(.text.COMM_Init)
    __arm_cp.74_5                            0x080004f4   Number         4  comm.o(.text.COMM_Init)
    __arm_cp.74_6                            0x080004f8   Number         4  comm.o(.text.COMM_Init)
    __arm_cp.74_8                            0x080004fc   Number         4  comm.o(.text.COMM_Init)
    [Anonymous Symbol]                       0x08000500   Section        0  comm.o(.text.COMM_RX_Packet_Read_Complete)
    [Anonymous Symbol]                       0x08000524   Section        0  comm.o(.text.COMM_Timer_ISR_Handler)
    __arm_cp.22_0                            0x080005fc   Number         4  comm.o(.text.COMM_Timer_ISR_Handler)
    __arm_cp.22_1                            0x08000600   Number         4  comm.o(.text.COMM_Timer_ISR_Handler)
    __arm_cp.22_2                            0x08000604   Number         4  comm.o(.text.COMM_Timer_ISR_Handler)
    [Anonymous Symbol]                       0x08000608   Section        0  comm.o(.text.COMM_Tx_Buf)
    __arm_cp.23_0                            0x08000630   Number         4  comm.o(.text.COMM_Tx_Buf)
    [Anonymous Symbol]                       0x08000634   Section        0  ldr.o(.text.LDR_Automic_Brightness_Off)
    [Anonymous Symbol]                       0x0800063c   Section        0  ldr.o(.text.LDR_Automic_Brightness_On)
    [Anonymous Symbol]                       0x08000644   Section        0  ldr.o(.text.LDR_Automic_Brightness_Sts_Get)
    [Anonymous Symbol]                       0x0800064c   Section        0  ldr.o(.text.LDR_Control_Brightness)
    __arm_cp.4_3                             0x08000704   Number         4  ldr.o(.text.LDR_Control_Brightness)
    __arm_cp.4_6                             0x08000708   Number         4  ldr.o(.text.LDR_Control_Brightness)
    [Anonymous Symbol]                       0x0800070c   Section        0  ldr.o(.text.LDR_Get_ADC_Val)
    [Anonymous Symbol]                       0x08000714   Section        0  ldr.o(.text.LDR_Get_Current_Brightness)
    [Anonymous Symbol]                       0x0800071c   Section        0  ldr.o(.text.LDR_Init)
    __arm_cp.14_0                            0x0800076c   Number         4  ldr.o(.text.LDR_Init)
    __arm_cp.14_1                            0x08000770   Number         4  ldr.o(.text.LDR_Init)
    __arm_cp.14_2                            0x08000774   Number         4  ldr.o(.text.LDR_Init)
    __arm_cp.14_3                            0x08000778   Number         4  ldr.o(.text.LDR_Init)
    __arm_cp.14_5                            0x0800077c   Number         4  ldr.o(.text.LDR_Init)
    __arm_cp.14_6                            0x08000780   Number         4  ldr.o(.text.LDR_Init)
    __arm_cp.14_8                            0x08000784   Number         4  ldr.o(.text.LDR_Init)
    [Anonymous Symbol]                       0x08000788   Section        0  ldr.o(.text.LDR_Manual_Brightness_Get)
    [Anonymous Symbol]                       0x08000790   Section        0  ldr.o(.text.LDR_Manual_Brightness_Set)
    __arm_cp.11_0                            0x08000798   Number         4  ldr.o(.text.LDR_Manual_Brightness_Set)
    [Anonymous Symbol]                       0x0800079c   Section        0  ldr.o(.text.LDR_Max_Brightness_Set)
    __arm_cp.13_0                            0x080007ac   Number         4  ldr.o(.text.LDR_Max_Brightness_Set)
    [Anonymous Symbol]                       0x080007b0   Section        0  lpf.o(.text.LPF_Get_Filtered_Value)
    [Anonymous Symbol]                       0x080007d4   Section        0  lpf.o(.text.LPF_Init)
    [Anonymous Symbol]                       0x080007ec   Section        0  lpf.o(.text.LPF_Set_Alpha)
    __arm_cp.1_0                             0x080007f8   Number         4  lpf.o(.text.LPF_Set_Alpha)
    [Anonymous Symbol]                       0x080007fc   Section        0  protocol.o(.text.Protocol_Build_Auto_Brightness_ADC_Val_Packet)
    [Anonymous Symbol]                       0x0800083c   Section        0  protocol.o(.text.Protocol_Build_Manual_Brightness_Val_Packet)
    [Anonymous Symbol]                       0x08000874   Section        0  protocol.o(.text.Protocol_Build_Status_Packet)
    [Anonymous Symbol]                       0x080008ec   Section        0  protocol.o(.text.Protocol_Disassemble_Packet)
    [Anonymous Symbol]                       0x08000af8   Section        0  protocol.o(.text.Protocol_Error_Check)
    [Anonymous Symbol]                       0x08000b58   Section        0  protocol.o(.text.Protocol_Init)
    __arm_cp.23_0                            0x08000ba0   Number         4  protocol.o(.text.Protocol_Init)
    [Anonymous Symbol]                       0x08000ba4   Section        0  protocol.o(.text.Protocol_Response_Decimal_Point_Multiple)
    __arm_cp.17_0                            0x08000bfc   Number         4  protocol.o(.text.Protocol_Response_Decimal_Point_Multiple)
    [Anonymous Symbol]                       0x08000c00   Section        0  protocol.o(.text.Protocol_Response_Decimal_Point_Single)
    __arm_cp.16_0                            0x08000c34   Number         4  protocol.o(.text.Protocol_Response_Decimal_Point_Single)
    [Anonymous Symbol]                       0x08000c38   Section        0  protocol.o(.text.Protocol_Response_Mainloop)
    [Anonymous Symbol]                       0x08000d88   Section        0  protocol.o(.text.Protocol_Response_Manual_Brightness)
    __arm_cp.18_0                            0x08000dbc   Number         4  protocol.o(.text.Protocol_Response_Manual_Brightness)
    [Anonymous Symbol]                       0x08000dc0   Section        0  sevensegment.o(.text.SevenSegment_Activate_Digit)
    [Anonymous Symbol]                       0x08000e98   Section        0  sevensegment.o(.text.SevenSegment_Brightness_Handler)
    __arm_cp.11_1                            0x08000f3c   Number         4  sevensegment.o(.text.SevenSegment_Brightness_Handler)
    __arm_cp.11_2                            0x08000f40   Number         4  sevensegment.o(.text.SevenSegment_Brightness_Handler)
    __arm_cp.11_3                            0x08000f44   Number         4  sevensegment.o(.text.SevenSegment_Brightness_Handler)
    [Anonymous Symbol]                       0x08000f48   Section        0  sevensegment.o(.text.SevenSegment_Display_Disable)
    [Anonymous Symbol]                       0x08000f54   Section        0  sevensegment.o(.text.SevenSegment_Display_Enable)
    [Anonymous Symbol]                       0x08000f60   Section        0  sevensegment.o(.text.SevenSegment_Display_Enable_Sts)
    [Anonymous Symbol]                       0x08000f68   Section        0  sevensegment.o(.text.SevenSegment_Dp_Byte_Get)
    [Anonymous Symbol]                       0x08000f84   Section        0  sevensegment.o(.text.SevenSegment_GPIO_Init)
    __arm_cp.1_0                             0x080010d8   Number         4  sevensegment.o(.text.SevenSegment_GPIO_Init)
    __arm_cp.1_1                             0x080010dc   Number         4  sevensegment.o(.text.SevenSegment_GPIO_Init)
    __arm_cp.1_2                             0x080010e0   Number         4  sevensegment.o(.text.SevenSegment_GPIO_Init)
    __arm_cp.1_3                             0x080010e4   Number         4  sevensegment.o(.text.SevenSegment_GPIO_Init)
    [Anonymous Symbol]                       0x080010e8   Section        0  sevensegment.o(.text.SevenSegment_Init)
    __arm_cp.22_1                            0x08001188   Number         4  sevensegment.o(.text.SevenSegment_Init)
    __arm_cp.22_2                            0x0800118c   Number         4  sevensegment.o(.text.SevenSegment_Init)
    __arm_cp.22_3                            0x08001190   Number         4  sevensegment.o(.text.SevenSegment_Init)
    __arm_cp.22_4                            0x08001194   Number         4  sevensegment.o(.text.SevenSegment_Init)
    __arm_cp.22_5                            0x08001198   Number         4  sevensegment.o(.text.SevenSegment_Init)
    __arm_cp.22_6                            0x0800119c   Number         4  sevensegment.o(.text.SevenSegment_Init)
    [Anonymous Symbol]                       0x080011a0   Section        0  sevensegment.o(.text.SevenSegment_Segment_Char_Values_Get)
    [Anonymous Symbol]                       0x080011a8   Section        0  sevensegment.o(.text.SevenSegment_Set_Brightness)
    [Anonymous Symbol]                       0x080011cc   Section        0  sevensegment.o(.text.SevenSegment_Set_Dp)
    [Anonymous Symbol]                       0x080011fc   Section        0  sevensegment.o(.text.SevenSegment_Set_Value)
    __arm_cp.13_0                            0x08001220   Number         4  sevensegment.o(.text.SevenSegment_Set_Value)
    segment_val                              0x08001224   Number         0  sevensegment.o(.text.SevenSegment_Set_Value)
    [Anonymous Symbol]                       0x0800123c   Section        0  system_stm32g0xx.o(.text.SystemInit)
    [Anonymous Symbol]                       0x08001240   Section        0  sevensegment.o(.text.TIM14_IRQHandler)
    __arm_cp.3_0                             0x08001254   Number         4  sevensegment.o(.text.TIM14_IRQHandler)
    [Anonymous Symbol]                       0x08001258   Section        0  comm.o(.text.TIM16_IRQHandler)
    [Anonymous Symbol]                       0x08001260   Section        0  sevensegment.o(.text.TIM17_IRQHandler)
    __arm_cp.6_0                             0x08001274   Number         4  sevensegment.o(.text.TIM17_IRQHandler)
    [Anonymous Symbol]                       0x08001278   Section        0  comm.o(.text.USART1_IRQHandler)
    __arm_cp.11_0                            0x080012d4   Number         4  comm.o(.text.USART1_IRQHandler)
    __arm_cp.11_1                            0x080012d8   Number         4  comm.o(.text.USART1_IRQHandler)
    __arm_cp.11_2                            0x080012dc   Number         4  comm.o(.text.USART1_IRQHandler)
    [Anonymous Symbol]                       0x080012e0   Section        0  wdt.o(.text.WDT_Init)
    __arm_cp.0_0                             0x08001320   Number         4  wdt.o(.text.WDT_Init)
    __arm_cp.0_2                             0x08001324   Number         4  wdt.o(.text.WDT_Init)
    __arm_cp.0_3                             0x08001328   Number         4  wdt.o(.text.WDT_Init)
    [Anonymous Symbol]                       0x0800132c   Section        0  wdt.o(.text.WDT_Reload)
    __arm_cp.1_0                             0x0800133c   Number         4  wdt.o(.text.WDT_Reload)
    __arm_cp.1_1                             0x08001340   Number         4  wdt.o(.text.WDT_Reload)
    [Anonymous Symbol]                       0x08001344   Section        0  main.o(.text.main)
    __arm_cp.0_0                             0x08001360   Number         4  main.o(.text.main)
    __arm_cp.0_1                             0x08001364   Number         4  main.o(.text.main)
    .text_divfast                            0x08001368   Section      502  aeabi_sdivfast.o(.text_divfast)
    .bss                                     0x20000000   Section       96  libspace.o(.bss)
    COMM                                     0x20000060   Data          90  comm.o(.bss.COMM)
    [Anonymous Symbol]                       0x20000060   Section        0  comm.o(.bss.COMM)
    LDR.0                                    0x200000ba   Data           2  ldr.o(.bss.LDR.0)
    [Anonymous Symbol]                       0x200000ba   Section        0  ldr.o(.bss.LDR.0)
    LDR.1                                    0x200000bc   Data           2  ldr.o(.bss.LDR.1)
    [Anonymous Symbol]                       0x200000bc   Section        0  ldr.o(.bss.LDR.1)
    LDR.2                                    0x200000be   Data           2  ldr.o(.bss.LDR.2)
    [Anonymous Symbol]                       0x200000be   Section        0  ldr.o(.bss.LDR.2)
    LDR.3                                    0x200000c0   Data           2  ldr.o(.bss.LDR.3)
    [Anonymous Symbol]                       0x200000c0   Section        0  ldr.o(.bss.LDR.3)
    LDR.5                                    0x200000c2   Data           1  ldr.o(.bss.LDR.5)
    [Anonymous Symbol]                       0x200000c2   Section        0  ldr.o(.bss.LDR.5)
    LDR.6                                    0x200000c4   Data           1  ldr.o(.bss.LDR.6)
    [Anonymous Symbol]                       0x200000c4   Section        0  ldr.o(.bss.LDR.6)
    LDR.7                                    0x200000c6   Data           2  ldr.o(.bss.LDR.7)
    [Anonymous Symbol]                       0x200000c6   Section        0  ldr.o(.bss.LDR.7)
    LPF                                      0x200000c8   Data          24  lpf.o(.bss.LPF)
    [Anonymous Symbol]                       0x200000c8   Section        0  lpf.o(.bss.LPF)
    Protocol                                 0x200000e0   Data          84  protocol.o(.bss.Protocol)
    [Anonymous Symbol]                       0x200000e0   Section        0  protocol.o(.bss.Protocol)
    SevenSegment                             0x20000134   Data          38  sevensegment.o(.bss.SevenSegment)
    [Anonymous Symbol]                       0x20000134   Section        0  sevensegment.o(.bss.SevenSegment)
    Heap_Mem                                 0x20000160   Data         512  startup_stm32g030xx.o(HEAP)
    HEAP                                     0x20000160   Section      512  startup_stm32g030xx.o(HEAP)
    Stack_Mem                                0x20000360   Data        1024  startup_stm32g030xx.o(STACK)
    STACK                                    0x20000360   Section     1024  startup_stm32g030xx.o(STACK)
    __initial_sp                             0x20000760   Data           0  startup_stm32g030xx.o(STACK)

    Global Symbols

    Symbol Name                              Value     Ov Type        Size  Object(Section)

    BuildAttributes$$THM_ISAv3M$S$PE$A:L22$X:L11$S22$IEEE1$IW$~IW$USESV6$~STKCKD$USESV7$~SHL$OTIME$ROPI$EBA8$UX$STANDARDLIB$REQ8$PRES8$EABIv2 0x00000000   Number         0  anon$$obj.o ABSOLUTE
    __ARM_exceptions_init                     - Undefined Weak Reference
    __alloca_initialize                       - Undefined Weak Reference
    __arm_preinit_                            - Undefined Weak Reference
    __arm_relocate_pie_                       - Undefined Weak Reference
    __cpp_initialize__aeabi_                  - Undefined Weak Reference
    __cxa_finalize                            - Undefined Weak Reference
    __rt_locale                               - Undefined Weak Reference
    __sigvec_lookup                           - Undefined Weak Reference
    _atexit_init                              - Undefined Weak Reference
    _call_atexit_fns                          - Undefined Weak Reference
    _clock_init                               - Undefined Weak Reference
    _fp_trap_init                             - Undefined Weak Reference
    _fp_trap_shutdown                         - Undefined Weak Reference
    _get_lc_collate                           - Undefined Weak Reference
    _get_lc_ctype                             - Undefined Weak Reference
    _get_lc_monetary                          - Undefined Weak Reference
    _get_lc_numeric                           - Undefined Weak Reference
    _get_lc_time                              - Undefined Weak Reference
    _getenv_init                              - Undefined Weak Reference
    _handle_redirection                       - Undefined Weak Reference
    _init_alloc                               - Undefined Weak Reference
    _init_user_alloc                          - Undefined Weak Reference
    _initio                                   - Undefined Weak Reference
    _rand_init                                - Undefined Weak Reference
    _signal_finish                            - Undefined Weak Reference
    _signal_init                              - Undefined Weak Reference
    _terminate_alloc                          - Undefined Weak Reference
    _terminate_user_alloc                     - Undefined Weak Reference
    _terminateio                              - Undefined Weak Reference
    __Vectors_Size                           0x000000c0   Number         0  startup_stm32g030xx.o ABSOLUTE
    __Vectors                                0x08000000   Data           4  startup_stm32g030xx.o(RESET)
    __Vectors_End                            0x080000c0   Data           0  startup_stm32g030xx.o(RESET)
    __main                                   0x080000c1   Thumb Code     8  __main.o(!!!main)
    __scatterload                            0x080000c9   Thumb Code     0  __scatter.o(!!!scatter)
    __scatterload_rt2                        0x080000c9   Thumb Code    74  __scatter.o(!!!scatter)
    __scatterload_rt2_thumb_only             0x080000c9   Thumb Code     0  __scatter.o(!!!scatter)
    __scatterload_loop                       0x080000d3   Thumb Code     0  __scatter.o(!!!scatter)
    __scatterload_null                       0x0800011d   Thumb Code     2  __scatter.o(!!handler_null)
    __scatterload_zeroinit                   0x08000121   Thumb Code    28  __scatter_zi.o(!!handler_zi)
    __rt_lib_init                            0x0800013d   Thumb Code     0  libinit.o(.ARM.Collect$$libinit$$00000000)
    __rt_lib_init_alloca_1                   0x0800013f   Thumb Code     0  libinit2.o(.ARM.Collect$$libinit$$00000030)
    __rt_lib_init_argv_1                     0x0800013f   Thumb Code     0  libinit2.o(.ARM.Collect$$libinit$$0000002E)
    __rt_lib_init_atexit_1                   0x0800013f   Thumb Code     0  libinit2.o(.ARM.Collect$$libinit$$0000001D)
    __rt_lib_init_clock_1                    0x0800013f   Thumb Code     0  libinit2.o(.ARM.Collect$$libinit$$00000023)
    __rt_lib_init_cpp_1                      0x0800013f   Thumb Code     0  libinit2.o(.ARM.Collect$$libinit$$00000034)
    __rt_lib_init_exceptions_1               0x0800013f   Thumb Code     0  libinit2.o(.ARM.Collect$$libinit$$00000032)
    __rt_lib_init_fp_1                       0x0800013f   Thumb Code     0  libinit2.o(.ARM.Collect$$libinit$$00000002)
    __rt_lib_init_fp_trap_1                  0x0800013f   Thumb Code     0  libinit2.o(.ARM.Collect$$libinit$$00000021)
    __rt_lib_init_getenv_1                   0x0800013f   Thumb Code     0  libinit2.o(.ARM.Collect$$libinit$$00000025)
    __rt_lib_init_heap_1                     0x0800013f   Thumb Code     0  libinit2.o(.ARM.Collect$$libinit$$0000000C)
    __rt_lib_init_lc_collate_1               0x0800013f   Thumb Code     0  libinit2.o(.ARM.Collect$$libinit$$00000013)
    __rt_lib_init_lc_ctype_1                 0x0800013f   Thumb Code     0  libinit2.o(.ARM.Collect$$libinit$$00000015)
    __rt_lib_init_lc_monetary_1              0x0800013f   Thumb Code     0  libinit2.o(.ARM.Collect$$libinit$$00000017)
    __rt_lib_init_lc_numeric_1               0x0800013f   Thumb Code     0  libinit2.o(.ARM.Collect$$libinit$$00000019)
    __rt_lib_init_lc_time_1                  0x0800013f   Thumb Code     0  libinit2.o(.ARM.Collect$$libinit$$0000001B)
    __rt_lib_init_preinit_1                  0x0800013f   Thumb Code     0  libinit2.o(.ARM.Collect$$libinit$$00000006)
    __rt_lib_init_rand_1                     0x0800013f   Thumb Code     0  libinit2.o(.ARM.Collect$$libinit$$00000010)
    __rt_lib_init_relocate_pie_1             0x0800013f   Thumb Code     0  libinit2.o(.ARM.Collect$$libinit$$00000004)
    __rt_lib_init_return                     0x0800013f   Thumb Code     0  libinit2.o(.ARM.Collect$$libinit$$00000035)
    __rt_lib_init_signal_1                   0x0800013f   Thumb Code     0  libinit2.o(.ARM.Collect$$libinit$$0000001F)
    __rt_lib_init_stdio_1                    0x0800013f   Thumb Code     0  libinit2.o(.ARM.Collect$$libinit$$00000027)
    __rt_lib_init_user_alloc_1               0x0800013f   Thumb Code     0  libinit2.o(.ARM.Collect$$libinit$$0000000E)
    __rt_lib_shutdown                        0x08000141   Thumb Code     0  libshutdown.o(.ARM.Collect$$libshutdown$$00000000)
    __rt_lib_shutdown_cpp_1                  0x08000143   Thumb Code     0  libshutdown2.o(.ARM.Collect$$libshutdown$$00000002)
    __rt_lib_shutdown_fp_trap_1              0x08000143   Thumb Code     0  libshutdown2.o(.ARM.Collect$$libshutdown$$00000007)
    __rt_lib_shutdown_heap_1                 0x08000143   Thumb Code     0  libshutdown2.o(.ARM.Collect$$libshutdown$$0000000F)
    __rt_lib_shutdown_return                 0x08000143   Thumb Code     0  libshutdown2.o(.ARM.Collect$$libshutdown$$00000010)
    __rt_lib_shutdown_signal_1               0x08000143   Thumb Code     0  libshutdown2.o(.ARM.Collect$$libshutdown$$0000000A)
    __rt_lib_shutdown_stdio_1                0x08000143   Thumb Code     0  libshutdown2.o(.ARM.Collect$$libshutdown$$00000004)
    __rt_lib_shutdown_user_alloc_1           0x08000143   Thumb Code     0  libshutdown2.o(.ARM.Collect$$libshutdown$$0000000C)
    __rt_entry                               0x08000145   Thumb Code     0  __rtentry.o(.ARM.Collect$$rtentry$$00000000)
    __rt_entry_presh_1                       0x08000145   Thumb Code     0  __rtentry2.o(.ARM.Collect$$rtentry$$00000002)
    __rt_entry_sh                            0x08000145   Thumb Code     0  __rtentry4.o(.ARM.Collect$$rtentry$$00000004)
    __rt_entry_li                            0x0800014b   Thumb Code     0  __rtentry2.o(.ARM.Collect$$rtentry$$0000000A)
    __rt_entry_postsh_1                      0x0800014b   Thumb Code     0  __rtentry2.o(.ARM.Collect$$rtentry$$00000009)
    __rt_entry_main                          0x0800014f   Thumb Code     0  __rtentry2.o(.ARM.Collect$$rtentry$$0000000D)
    __rt_entry_postli_1                      0x0800014f   Thumb Code     0  __rtentry2.o(.ARM.Collect$$rtentry$$0000000C)
    __rt_exit                                0x08000157   Thumb Code     0  rtexit.o(.ARM.Collect$$rtexit$$00000000)
    __rt_exit_ls                             0x08000159   Thumb Code     0  rtexit2.o(.ARM.Collect$$rtexit$$00000003)
    __rt_exit_prels_1                        0x08000159   Thumb Code     0  rtexit2.o(.ARM.Collect$$rtexit$$00000002)
    __rt_exit_exit                           0x0800015d   Thumb Code     0  rtexit2.o(.ARM.Collect$$rtexit$$00000004)
    Reset_Handler                            0x08000165   Thumb Code     8  startup_stm32g030xx.o(.text)
    NMI_Handler                              0x0800016d   Thumb Code     2  startup_stm32g030xx.o(.text)
    HardFault_Handler                        0x0800016f   Thumb Code     2  startup_stm32g030xx.o(.text)
    SVC_Handler                              0x08000171   Thumb Code     2  startup_stm32g030xx.o(.text)
    PendSV_Handler                           0x08000173   Thumb Code     2  startup_stm32g030xx.o(.text)
    SysTick_Handler                          0x08000175   Thumb Code     2  startup_stm32g030xx.o(.text)
    ADC1_IRQHandler                          0x08000177   Thumb Code     0  startup_stm32g030xx.o(.text)
    DMA1_Ch4_5_DMAMUX1_OVR_IRQHandler        0x08000177   Thumb Code     0  startup_stm32g030xx.o(.text)
    DMA1_Channel1_IRQHandler                 0x08000177   Thumb Code     0  startup_stm32g030xx.o(.text)
    DMA1_Channel2_3_IRQHandler               0x08000177   Thumb Code     0  startup_stm32g030xx.o(.text)
    EXTI0_1_IRQHandler                       0x08000177   Thumb Code     0  startup_stm32g030xx.o(.text)
    EXTI2_3_IRQHandler                       0x08000177   Thumb Code     0  startup_stm32g030xx.o(.text)
    EXTI4_15_IRQHandler                      0x08000177   Thumb Code     0  startup_stm32g030xx.o(.text)
    FLASH_IRQHandler                         0x08000177   Thumb Code     0  startup_stm32g030xx.o(.text)
    I2C1_IRQHandler                          0x08000177   Thumb Code     0  startup_stm32g030xx.o(.text)
    I2C2_IRQHandler                          0x08000177   Thumb Code     0  startup_stm32g030xx.o(.text)
    RCC_IRQHandler                           0x08000177   Thumb Code     0  startup_stm32g030xx.o(.text)
    RTC_TAMP_IRQHandler                      0x08000177   Thumb Code     0  startup_stm32g030xx.o(.text)
    SPI1_IRQHandler                          0x08000177   Thumb Code     0  startup_stm32g030xx.o(.text)
    SPI2_IRQHandler                          0x08000177   Thumb Code     0  startup_stm32g030xx.o(.text)
    TIM1_BRK_UP_TRG_COM_IRQHandler           0x08000177   Thumb Code     0  startup_stm32g030xx.o(.text)
    TIM1_CC_IRQHandler                       0x08000177   Thumb Code     0  startup_stm32g030xx.o(.text)
    TIM3_IRQHandler                          0x08000177   Thumb Code     0  startup_stm32g030xx.o(.text)
    USART2_IRQHandler                        0x08000177   Thumb Code     0  startup_stm32g030xx.o(.text)
    WWDG_IRQHandler                          0x08000177   Thumb Code     0  startup_stm32g030xx.o(.text)
    __user_initial_stackheap                 0x08000179   Thumb Code     0  startup_stm32g030xx.o(.text)
    __use_two_region_memory                  0x0800019d   Thumb Code     2  heapauxi.o(.text)
    __rt_heap_escrow$2region                 0x0800019f   Thumb Code     2  heapauxi.o(.text)
    __rt_heap_expand$2region                 0x080001a1   Thumb Code     2  heapauxi.o(.text)
    __user_setup_stackheap                   0x080001a3   Thumb Code    62  sys_stackheap_outer.o(.text)
    exit                                     0x080001e1   Thumb Code    16  exit.o(.text)
    __user_libspace                          0x080001f1   Thumb Code     8  libspace.o(.text)
    __user_perproc_libspace                  0x080001f1   Thumb Code     0  libspace.o(.text)
    __user_perthread_libspace                0x080001f1   Thumb Code     0  libspace.o(.text)
    _sys_exit                                0x080001f9   Thumb Code     8  sys_exit.o(.text)
    __I$use$semihosting                      0x08000205   Thumb Code     0  use_no_semi.o(.text)
    __use_no_semihosting_swi                 0x08000205   Thumb Code     2  use_no_semi.o(.text)
    ADC_Init                                 0x08000207   Thumb Code     8  adc.o(.text.ADC_Init)
    __semihosting_library_function           0x08000207   Thumb Code     0  indicate_semi.o(.text)
    ADC_Read_Channel                         0x08000211   Thumb Code    40  adc.o(.text.ADC_Read_Channel)
    ADC_Reg_Init                             0x0800023d   Thumb Code   160  adc.o(.text.ADC_Reg_Init)
    App_Config                               0x080002ed   Thumb Code    40  app.o(.text.App_Config)
    App_Mainloop                             0x08000315   Thumb Code    20  app.o(.text.App_Mainloop)
    COMM_Buf_Get                             0x08000329   Thumb Code     8  comm.o(.text.COMM_Buf_Get)
    COMM_CRC_Calculate_Block                 0x08000331   Thumb Code    64  comm.o(.text.COMM_CRC_Calculate_Block)
    COMM_Data_Available                      0x08000371   Thumb Code     8  comm.o(.text.COMM_Data_Available)
    COMM_Data_CRC_Status_Get                 0x08000379   Thumb Code     8  comm.o(.text.COMM_Data_CRC_Status_Get)
    COMM_Data_Len_Get                        0x08000381   Thumb Code     8  comm.o(.text.COMM_Data_Len_Get)
    COMM_Init                                0x08000389   Thumb Code   352  comm.o(.text.COMM_Init)
    COMM_RX_Packet_Read_Complete             0x08000501   Thumb Code    36  comm.o(.text.COMM_RX_Packet_Read_Complete)
    COMM_Timer_ISR_Handler                   0x08000525   Thumb Code   216  comm.o(.text.COMM_Timer_ISR_Handler)
    COMM_Tx_Buf                              0x08000609   Thumb Code    40  comm.o(.text.COMM_Tx_Buf)
    LDR_Automic_Brightness_Off               0x08000635   Thumb Code     8  ldr.o(.text.LDR_Automic_Brightness_Off)
    LDR_Automic_Brightness_On                0x0800063d   Thumb Code     8  ldr.o(.text.LDR_Automic_Brightness_On)
    LDR_Automic_Brightness_Sts_Get           0x08000645   Thumb Code     8  ldr.o(.text.LDR_Automic_Brightness_Sts_Get)
    LDR_Control_Brightness                   0x0800064d   Thumb Code   184  ldr.o(.text.LDR_Control_Brightness)
    LDR_Get_ADC_Val                          0x0800070d   Thumb Code     8  ldr.o(.text.LDR_Get_ADC_Val)
    LDR_Get_Current_Brightness               0x08000715   Thumb Code     8  ldr.o(.text.LDR_Get_Current_Brightness)
    LDR_Init                                 0x0800071d   Thumb Code    80  ldr.o(.text.LDR_Init)
    LDR_Manual_Brightness_Get                0x08000789   Thumb Code     8  ldr.o(.text.LDR_Manual_Brightness_Get)
    LDR_Manual_Brightness_Set                0x08000791   Thumb Code     8  ldr.o(.text.LDR_Manual_Brightness_Set)
    LDR_Max_Brightness_Set                   0x0800079d   Thumb Code    16  ldr.o(.text.LDR_Max_Brightness_Set)
    LPF_Get_Filtered_Value                   0x080007b1   Thumb Code    36  lpf.o(.text.LPF_Get_Filtered_Value)
    LPF_Init                                 0x080007d5   Thumb Code    24  lpf.o(.text.LPF_Init)
    LPF_Set_Alpha                            0x080007ed   Thumb Code    12  lpf.o(.text.LPF_Set_Alpha)
    Protocol_Build_Auto_Brightness_ADC_Val_Packet 0x080007fd   Thumb Code    64  protocol.o(.text.Protocol_Build_Auto_Brightness_ADC_Val_Packet)
    Protocol_Build_Manual_Brightness_Val_Packet 0x0800083d   Thumb Code    56  protocol.o(.text.Protocol_Build_Manual_Brightness_Val_Packet)
    Protocol_Build_Status_Packet             0x08000875   Thumb Code   120  protocol.o(.text.Protocol_Build_Status_Packet)
    Protocol_Disassemble_Packet              0x080008ed   Thumb Code   524  protocol.o(.text.Protocol_Disassemble_Packet)
    Protocol_Error_Check                     0x08000af9   Thumb Code    96  protocol.o(.text.Protocol_Error_Check)
    Protocol_Init                            0x08000b59   Thumb Code    72  protocol.o(.text.Protocol_Init)
    Protocol_Response_Decimal_Point_Multiple 0x08000ba5   Thumb Code    88  protocol.o(.text.Protocol_Response_Decimal_Point_Multiple)
    Protocol_Response_Decimal_Point_Single   0x08000c01   Thumb Code    52  protocol.o(.text.Protocol_Response_Decimal_Point_Single)
    Protocol_Response_Mainloop               0x08000c39   Thumb Code   336  protocol.o(.text.Protocol_Response_Mainloop)
    Protocol_Response_Manual_Brightness      0x08000d89   Thumb Code    52  protocol.o(.text.Protocol_Response_Manual_Brightness)
    SevenSegment_Activate_Digit              0x08000dc1   Thumb Code   216  sevensegment.o(.text.SevenSegment_Activate_Digit)
    SevenSegment_Brightness_Handler          0x08000e99   Thumb Code   164  sevensegment.o(.text.SevenSegment_Brightness_Handler)
    SevenSegment_Display_Disable             0x08000f49   Thumb Code    12  sevensegment.o(.text.SevenSegment_Display_Disable)
    SevenSegment_Display_Enable              0x08000f55   Thumb Code    12  sevensegment.o(.text.SevenSegment_Display_Enable)
    SevenSegment_Display_Enable_Sts          0x08000f61   Thumb Code     8  sevensegment.o(.text.SevenSegment_Display_Enable_Sts)
    SevenSegment_Dp_Byte_Get                 0x08000f69   Thumb Code    28  sevensegment.o(.text.SevenSegment_Dp_Byte_Get)
    SevenSegment_GPIO_Init                   0x08000f85   Thumb Code   340  sevensegment.o(.text.SevenSegment_GPIO_Init)
    SevenSegment_Init                        0x080010e9   Thumb Code   160  sevensegment.o(.text.SevenSegment_Init)
    SevenSegment_Segment_Char_Values_Get     0x080011a1   Thumb Code     8  sevensegment.o(.text.SevenSegment_Segment_Char_Values_Get)
    SevenSegment_Set_Brightness              0x080011a9   Thumb Code    36  sevensegment.o(.text.SevenSegment_Set_Brightness)
    SevenSegment_Set_Dp                      0x080011cd   Thumb Code    48  sevensegment.o(.text.SevenSegment_Set_Dp)
    SevenSegment_Set_Value                   0x080011fd   Thumb Code    36  sevensegment.o(.text.SevenSegment_Set_Value)
    SystemInit                               0x0800123d   Thumb Code     2  system_stm32g0xx.o(.text.SystemInit)
    TIM14_IRQHandler                         0x08001241   Thumb Code    20  sevensegment.o(.text.TIM14_IRQHandler)
    TIM16_IRQHandler                         0x08001259   Thumb Code     8  comm.o(.text.TIM16_IRQHandler)
    TIM17_IRQHandler                         0x08001261   Thumb Code    20  sevensegment.o(.text.TIM17_IRQHandler)
    USART1_IRQHandler                        0x08001279   Thumb Code    92  comm.o(.text.USART1_IRQHandler)
    WDT_Init                                 0x080012e1   Thumb Code    64  wdt.o(.text.WDT_Init)
    WDT_Reload                               0x0800132d   Thumb Code    16  wdt.o(.text.WDT_Reload)
    main                                     0x08001345   Thumb Code    28  main.o(.text.main)
    __aeabi_uidiv                            0x08001369   Thumb Code    68  aeabi_sdivfast.o(.text_divfast)
    __aeabi_idiv                             0x080013ad   Thumb Code   434  aeabi_sdivfast.o(.text_divfast)
    Region$$Table$$Base                      0x08001560   Number         0  anon$$obj.o(Region$$Table)
    Region$$Table$$Limit                     0x08001570   Number         0  anon$$obj.o(Region$$Table)
    __libspace_start                         0x20000000   Data          96  libspace.o(.bss)
    __temporary_stack_top$libspace           0x20000060   Data           0  libspace.o(.bss)



==============================================================================

Memory Map of the image

  Image Entry point : 0x08000165

  Load Region LR_1 (Base: 0x08000000, Size: 0x00001570, Max: 0xffffffff, ABSOLUTE)

    Execution Region ER_RO (Exec base: 0x08000000, Load base: 0x08000000, Size: 0x00001570, Max: 0xffffffff, ABSOLUTE)

    Exec Addr    Load Addr    Size         Type   Attr      Idx    E Section Name        Object

    0x08000000   0x08000000   0x000000c0   Data   RO          387    RESET               startup_stm32g030xx.o
    0x080000c0   0x080000c0   0x00000008   Code   RO          421  * !!!main             c_p.l(__main.o)
    0x080000c8   0x080000c8   0x00000054   Code   RO          598    !!!scatter          c_p.l(__scatter.o)
    0x0800011c   0x0800011c   0x00000002   Code   RO          599    !!handler_null      c_p.l(__scatter.o)
    0x0800011e   0x0800011e   0x00000002   PAD
    0x08000120   0x08000120   0x0000001c   Code   RO          602    !!handler_zi        c_p.l(__scatter_zi.o)
    0x0800013c   0x0800013c   0x00000002   Code   RO          459    .ARM.Collect$$libinit$$00000000  c_p.l(libinit.o)
    0x0800013e   0x0800013e   0x00000000   Code   RO          473    .ARM.Collect$$libinit$$00000002  c_p.l(libinit2.o)
    0x0800013e   0x0800013e   0x00000000   Code   RO          475    .ARM.Collect$$libinit$$00000004  c_p.l(libinit2.o)
    0x0800013e   0x0800013e   0x00000000   Code   RO          477    .ARM.Collect$$libinit$$00000006  c_p.l(libinit2.o)
    0x0800013e   0x0800013e   0x00000000   Code   RO          480    .ARM.Collect$$libinit$$0000000C  c_p.l(libinit2.o)
    0x0800013e   0x0800013e   0x00000000   Code   RO          482    .ARM.Collect$$libinit$$0000000E  c_p.l(libinit2.o)
    0x0800013e   0x0800013e   0x00000000   Code   RO          484    .ARM.Collect$$libinit$$00000010  c_p.l(libinit2.o)
    0x0800013e   0x0800013e   0x00000000   Code   RO          487    .ARM.Collect$$libinit$$00000013  c_p.l(libinit2.o)
    0x0800013e   0x0800013e   0x00000000   Code   RO          489    .ARM.Collect$$libinit$$00000015  c_p.l(libinit2.o)
    0x0800013e   0x0800013e   0x00000000   Code   RO          491    .ARM.Collect$$libinit$$00000017  c_p.l(libinit2.o)
    0x0800013e   0x0800013e   0x00000000   Code   RO          493    .ARM.Collect$$libinit$$00000019  c_p.l(libinit2.o)
    0x0800013e   0x0800013e   0x00000000   Code   RO          495    .ARM.Collect$$libinit$$0000001B  c_p.l(libinit2.o)
    0x0800013e   0x0800013e   0x00000000   Code   RO          497    .ARM.Collect$$libinit$$0000001D  c_p.l(libinit2.o)
    0x0800013e   0x0800013e   0x00000000   Code   RO          499    .ARM.Collect$$libinit$$0000001F  c_p.l(libinit2.o)
    0x0800013e   0x0800013e   0x00000000   Code   RO          501    .ARM.Collect$$libinit$$00000021  c_p.l(libinit2.o)
    0x0800013e   0x0800013e   0x00000000   Code   RO          503    .ARM.Collect$$libinit$$00000023  c_p.l(libinit2.o)
    0x0800013e   0x0800013e   0x00000000   Code   RO          505    .ARM.Collect$$libinit$$00000025  c_p.l(libinit2.o)
    0x0800013e   0x0800013e   0x00000000   Code   RO          507    .ARM.Collect$$libinit$$00000027  c_p.l(libinit2.o)
    0x0800013e   0x0800013e   0x00000000   Code   RO          511    .ARM.Collect$$libinit$$0000002E  c_p.l(libinit2.o)
    0x0800013e   0x0800013e   0x00000000   Code   RO          513    .ARM.Collect$$libinit$$00000030  c_p.l(libinit2.o)
    0x0800013e   0x0800013e   0x00000000   Code   RO          515    .ARM.Collect$$libinit$$00000032  c_p.l(libinit2.o)
    0x0800013e   0x0800013e   0x00000000   Code   RO          517    .ARM.Collect$$libinit$$00000034  c_p.l(libinit2.o)
    0x0800013e   0x0800013e   0x00000002   Code   RO          518    .ARM.Collect$$libinit$$00000035  c_p.l(libinit2.o)
    0x08000140   0x08000140   0x00000002   Code   RO          553    .ARM.Collect$$libshutdown$$00000000  c_p.l(libshutdown.o)
    0x08000142   0x08000142   0x00000000   Code   RO          581    .ARM.Collect$$libshutdown$$00000002  c_p.l(libshutdown2.o)
    0x08000142   0x08000142   0x00000000   Code   RO          583    .ARM.Collect$$libshutdown$$00000004  c_p.l(libshutdown2.o)
    0x08000142   0x08000142   0x00000000   Code   RO          586    .ARM.Collect$$libshutdown$$00000007  c_p.l(libshutdown2.o)
    0x08000142   0x08000142   0x00000000   Code   RO          589    .ARM.Collect$$libshutdown$$0000000A  c_p.l(libshutdown2.o)
    0x08000142   0x08000142   0x00000000   Code   RO          591    .ARM.Collect$$libshutdown$$0000000C  c_p.l(libshutdown2.o)
    0x08000142   0x08000142   0x00000000   Code   RO          594    .ARM.Collect$$libshutdown$$0000000F  c_p.l(libshutdown2.o)
    0x08000142   0x08000142   0x00000002   Code   RO          595    .ARM.Collect$$libshutdown$$00000010  c_p.l(libshutdown2.o)
    0x08000144   0x08000144   0x00000000   Code   RO          423    .ARM.Collect$$rtentry$$00000000  c_p.l(__rtentry.o)
    0x08000144   0x08000144   0x00000000   Code   RO          429    .ARM.Collect$$rtentry$$00000002  c_p.l(__rtentry2.o)
    0x08000144   0x08000144   0x00000006   Code   RO          441    .ARM.Collect$$rtentry$$00000004  c_p.l(__rtentry4.o)
    0x0800014a   0x0800014a   0x00000000   Code   RO          431    .ARM.Collect$$rtentry$$00000009  c_p.l(__rtentry2.o)
    0x0800014a   0x0800014a   0x00000004   Code   RO          432    .ARM.Collect$$rtentry$$0000000A  c_p.l(__rtentry2.o)
    0x0800014e   0x0800014e   0x00000000   Code   RO          434    .ARM.Collect$$rtentry$$0000000C  c_p.l(__rtentry2.o)
    0x0800014e   0x0800014e   0x00000008   Code   RO          435    .ARM.Collect$$rtentry$$0000000D  c_p.l(__rtentry2.o)
    0x08000156   0x08000156   0x00000002   Code   RO          464    .ARM.Collect$$rtexit$$00000000  c_p.l(rtexit.o)
    0x08000158   0x08000158   0x00000000   Code   RO          524    .ARM.Collect$$rtexit$$00000002  c_p.l(rtexit2.o)
    0x08000158   0x08000158   0x00000004   Code   RO          525    .ARM.Collect$$rtexit$$00000003  c_p.l(rtexit2.o)
    0x0800015c   0x0800015c   0x00000006   Code   RO          526    .ARM.Collect$$rtexit$$00000004  c_p.l(rtexit2.o)
    0x08000162   0x08000162   0x00000002   PAD
    0x08000164   0x08000164   0x00000038   Code   RO          388  * .text               startup_stm32g030xx.o
    0x0800019c   0x0800019c   0x00000006   Code   RO          419    .text               c_p.l(heapauxi.o)
    0x080001a2   0x080001a2   0x0000003e   Code   RO          445    .text               c_p.l(sys_stackheap_outer.o)
    0x080001e0   0x080001e0   0x00000010   Code   RO          448    .text               c_p.l(exit.o)
    0x080001f0   0x080001f0   0x00000008   Code   RO          460    .text               c_p.l(libspace.o)
    0x080001f8   0x080001f8   0x0000000c   Code   RO          519    .text               c_p.l(sys_exit.o)
    0x08000204   0x08000204   0x00000002   Code   RO          542    .text               c_p.l(use_no_semi.o)
    0x08000206   0x08000206   0x00000000   Code   RO          544    .text               c_p.l(indicate_semi.o)
    0x08000206   0x08000206   0x00000008   Code   RO           96    .text.ADC_Init      adc.o
    0x0800020e   0x0800020e   0x00000002   PAD
    0x08000210   0x08000210   0x0000002c   Code   RO           94    .text.ADC_Read_Channel  adc.o
    0x0800023c   0x0800023c   0x000000b0   Code   RO           92    .text.ADC_Reg_Init  adc.o
    0x080002ec   0x080002ec   0x00000028   Code   RO           12    .text.App_Config    app.o
    0x08000314   0x08000314   0x00000014   Code   RO           14    .text.App_Mainloop  app.o
    0x08000328   0x08000328   0x00000008   Code   RO          337    .text.COMM_Buf_Get  comm.o
    0x08000330   0x08000330   0x00000040   Code   RO          371    .text.COMM_CRC_Calculate_Block  comm.o
    0x08000370   0x08000370   0x00000008   Code   RO          341    .text.COMM_Data_Available  comm.o
    0x08000378   0x08000378   0x00000008   Code   RO          349    .text.COMM_Data_CRC_Status_Get  comm.o
    0x08000380   0x08000380   0x00000008   Code   RO          343    .text.COMM_Data_Len_Get  comm.o
    0x08000388   0x08000388   0x00000178   Code   RO          375    .text.COMM_Init     comm.o
    0x08000500   0x08000500   0x00000024   Code   RO          373    .text.COMM_RX_Packet_Read_Complete  comm.o
    0x08000524   0x08000524   0x000000e4   Code   RO          271    .text.COMM_Timer_ISR_Handler  comm.o
    0x08000608   0x08000608   0x0000002c   Code   RO          273    .text.COMM_Tx_Buf   comm.o
    0x08000634   0x08000634   0x00000008   Code   RO          126    .text.LDR_Automic_Brightness_Off  ldr.o
    0x0800063c   0x0800063c   0x00000008   Code   RO          124    .text.LDR_Automic_Brightness_On  ldr.o
    0x08000644   0x08000644   0x00000008   Code   RO          122    .text.LDR_Automic_Brightness_Sts_Get  ldr.o
    0x0800064c   0x0800064c   0x000000c0   Code   RO          114    .text.LDR_Control_Brightness  ldr.o
    0x0800070c   0x0800070c   0x00000008   Code   RO          116    .text.LDR_Get_ADC_Val  ldr.o
    0x08000714   0x08000714   0x00000008   Code   RO          118    .text.LDR_Get_Current_Brightness  ldr.o
    0x0800071c   0x0800071c   0x0000006c   Code   RO          134    .text.LDR_Init      ldr.o
    0x08000788   0x08000788   0x00000008   Code   RO          130    .text.LDR_Manual_Brightness_Get  ldr.o
    0x08000790   0x08000790   0x0000000c   Code   RO          128    .text.LDR_Manual_Brightness_Set  ldr.o
    0x0800079c   0x0800079c   0x00000014   Code   RO          132    .text.LDR_Max_Brightness_Set  ldr.o
    0x080007b0   0x080007b0   0x00000024   Code   RO          157    .text.LPF_Get_Filtered_Value  lpf.o
    0x080007d4   0x080007d4   0x00000018   Code   RO          159    .text.LPF_Init      lpf.o
    0x080007ec   0x080007ec   0x00000010   Code   RO          153    .text.LPF_Set_Alpha  lpf.o
    0x080007fc   0x080007fc   0x00000040   Code   RO          182    .text.Protocol_Build_Auto_Brightness_ADC_Val_Packet  protocol.o
    0x0800083c   0x0800083c   0x00000038   Code   RO          180    .text.Protocol_Build_Manual_Brightness_Val_Packet  protocol.o
    0x08000874   0x08000874   0x00000078   Code   RO          176    .text.Protocol_Build_Status_Packet  protocol.o
    0x080008ec   0x080008ec   0x0000020c   Code   RO          212    .text.Protocol_Disassemble_Packet  protocol.o
    0x08000af8   0x08000af8   0x00000060   Code   RO          210    .text.Protocol_Error_Check  protocol.o
    0x08000b58   0x08000b58   0x0000004c   Code   RO          216    .text.Protocol_Init  protocol.o
    0x08000ba4   0x08000ba4   0x0000005c   Code   RO          204    .text.Protocol_Response_Decimal_Point_Multiple  protocol.o
    0x08000c00   0x08000c00   0x00000038   Code   RO          202    .text.Protocol_Response_Decimal_Point_Single  protocol.o
    0x08000c38   0x08000c38   0x00000150   Code   RO          214    .text.Protocol_Response_Mainloop  protocol.o
    0x08000d88   0x08000d88   0x00000038   Code   RO          206    .text.Protocol_Response_Manual_Brightness  protocol.o
    0x08000dc0   0x08000dc0   0x000000d8   Code   RO           53    .text.SevenSegment_Activate_Digit  sevensegment.o
    0x08000e98   0x08000e98   0x000000b0   Code   RO           57    .text.SevenSegment_Brightness_Handler  sevensegment.o
    0x08000f48   0x08000f48   0x0000000c   Code   RO           77    .text.SevenSegment_Display_Disable  sevensegment.o
    0x08000f54   0x08000f54   0x0000000c   Code   RO           75    .text.SevenSegment_Display_Enable  sevensegment.o
    0x08000f60   0x08000f60   0x00000008   Code   RO           73    .text.SevenSegment_Display_Enable_Sts  sevensegment.o
    0x08000f68   0x08000f68   0x0000001c   Code   RO           71    .text.SevenSegment_Dp_Byte_Get  sevensegment.o
    0x08000f84   0x08000f84   0x00000164   Code   RO           37    .text.SevenSegment_GPIO_Init  sevensegment.o
    0x080010e8   0x080010e8   0x000000b8   Code   RO           79    .text.SevenSegment_Init  sevensegment.o
    0x080011a0   0x080011a0   0x00000008   Code   RO           67    .text.SevenSegment_Segment_Char_Values_Get  sevensegment.o
    0x080011a8   0x080011a8   0x00000024   Code   RO           63    .text.SevenSegment_Set_Brightness  sevensegment.o
    0x080011cc   0x080011cc   0x00000030   Code   RO           59    .text.SevenSegment_Set_Dp  sevensegment.o
    0x080011fc   0x080011fc   0x00000040   Code   RO           61    .text.SevenSegment_Set_Value  sevensegment.o
    0x0800123c   0x0800123c   0x00000002   Code   RO          395    .text.SystemInit    system_stm32g0xx.o
    0x0800123e   0x0800123e   0x00000002   PAD
    0x08001240   0x08001240   0x00000018   Code   RO           41    .text.TIM14_IRQHandler  sevensegment.o
    0x08001258   0x08001258   0x00000008   Code   RO          269    .text.TIM16_IRQHandler  comm.o
    0x08001260   0x08001260   0x00000018   Code   RO           47    .text.TIM17_IRQHandler  sevensegment.o
    0x08001278   0x08001278   0x00000068   Code   RO          249    .text.USART1_IRQHandler  comm.o
    0x080012e0   0x080012e0   0x0000004c   Code   RO           23    .text.WDT_Init      wdt.o
    0x0800132c   0x0800132c   0x00000018   Code   RO           25    .text.WDT_Reload    wdt.o
    0x08001344   0x08001344   0x00000024   Code   RO            2    .text.main          main.o
    0x08001368   0x08001368   0x000001f6   Code   RO          412    .text_divfast       c_p.l(aeabi_sdivfast.o)
    0x0800155e   0x0800155e   0x00000002   PAD
    0x08001560   0x08001560   0x00000010   Data   RO          597    Region$$Table       anon$$obj.o


    Execution Region ER_RW (Exec base: 0x20000000, Load base: 0x08001570, Size: 0x00000000, Max: 0xffffffff, ABSOLUTE)

    **** No section assigned to this execution region ****


    Execution Region ER_ZI (Exec base: 0x20000000, Load base: 0x08001570, Size: 0x00000760, Max: 0xffffffff, ABSOLUTE)

    Exec Addr    Load Addr    Size         Type   Attr      Idx    E Section Name        Object

    0x20000000        -       0x00000060   Zero   RW          461    .bss                c_p.l(libspace.o)
    0x20000060        -       0x0000005a   Zero   RW          377    .bss.COMM           comm.o
    0x200000ba        -       0x00000002   Zero   RW          136    .bss.LDR.0          ldr.o
    0x200000bc        -       0x00000002   Zero   RW          137    .bss.LDR.1          ldr.o
    0x200000be        -       0x00000002   Zero   RW          138    .bss.LDR.2          ldr.o
    0x200000c0        -       0x00000002   Zero   RW          139    .bss.LDR.3          ldr.o
    0x200000c2        -       0x00000001   Zero   RW          140    .bss.LDR.5          ldr.o
    0x200000c3   0x08001570   0x00000001   PAD
    0x200000c4        -       0x00000001   Zero   RW          141    .bss.LDR.6          ldr.o
    0x200000c5   0x08001570   0x00000001   PAD
    0x200000c6        -       0x00000002   Zero   RW          142    .bss.LDR.7          ldr.o
    0x200000c8        -       0x00000018   Zero   RW          161    .bss.LPF            lpf.o
    0x200000e0        -       0x00000054   Zero   RW          218    .bss.Protocol       protocol.o
    0x20000134        -       0x00000026   Zero   RW           81    .bss.SevenSegment   sevensegment.o
    0x2000015a   0x08001570   0x00000006   PAD
    0x20000160        -       0x00000200   Zero   RW          386    HEAP                startup_stm32g030xx.o
    0x20000360        -       0x00000400   Zero   RW          385    STACK               startup_stm32g030xx.o


==============================================================================

Image component sizes


      Code (inc. data)   RO Data    RW Data    ZI Data      Debug   Object Name

       228         20          0          0          0       2486   adc.o
        60          0          0          0          0        497   app.o
       892         52          0          0         90      33866   comm.o
       380         44          0          0         12       4055   ldr.o
        76          4          0          0         24       2053   lpf.o
        36          8          0          0          0        604   main.o
      1476         16          0          0         84       9805   protocol.o
      1196         92          0          0         38       9682   sevensegment.o
        56         26        192          0       1536        688   startup_stm32g030xx.o
         2          0          0          0          0       2019   system_stm32g0xx.o
       100         20          0          0          0       1558   wdt.o

    ----------------------------------------------------------------------
      4506        282        208          0       1792      67313   Object Totals
         0          0         16          0          0          0   (incl. Generated)
         4          0          0          0          8          0   (incl. Padding)

    ----------------------------------------------------------------------

      Code (inc. data)   RO Data    RW Data    ZI Data      Debug   Library Member Name

         8          0          0          0          0         68   __main.o
         0          0          0          0          0          0   __rtentry.o
        12          0          0          0          0          0   __rtentry2.o
         6          0          0          0          0          0   __rtentry4.o
        86         10          0          0          0          0   __scatter.o
        28          0          0          0          0          0   __scatter_zi.o
       502          0          0          0          0         92   aeabi_sdivfast.o
        16          0          0          0          0         68   exit.o
         6          0          0          0          0        136   heapauxi.o
         0          0          0          0          0          0   indicate_semi.o
         2          0          0          0          0          0   libinit.o
         2          0          0          0          0          0   libinit2.o
         2          0          0          0          0          0   libshutdown.o
         2          0          0          0          0          0   libshutdown2.o
         8          4          0          0         96         68   libspace.o
         2          0          0          0          0          0   rtexit.o
        10          0          0          0          0          0   rtexit2.o
        12          4          0          0          0         60   sys_exit.o
        62          0          0          0          0         80   sys_stackheap_outer.o
         2          0          0          0          0         68   use_no_semi.o

    ----------------------------------------------------------------------
       774         18          0          0         96        640   Library Totals
         6          0          0          0          0          0   (incl. Padding)

    ----------------------------------------------------------------------

      Code (inc. data)   RO Data    RW Data    ZI Data      Debug   Library Name

       768         18          0          0         96        640   c_p.l

    ----------------------------------------------------------------------
       774         18          0          0         96        640   Library Totals

    ----------------------------------------------------------------------

==============================================================================


      Code (inc. data)   RO Data    RW Data    ZI Data      Debug   

      5280        300        208          0       1888      67629   Grand Totals
      5280        300        208          0       1888      67629   ELF Image Totals
      5280        300        208          0          0          0   ROM Totals

==============================================================================

    Total RO  Size (Code + RO Data)                 5488 (   5.36kB)
    Total RW  Size (RW Data + ZI Data)              1888 (   1.84kB)
    Total ROM Size (Code + RO Data + RW Data)       5488 (   5.36kB)

==============================================================================

