Component: ARM Compiler 6.16 Tool: armlink [5dfeaa00]

==============================================================================

Section Cross References

    main.o(.text.main) refers to app.o(.text.App_Config) for App_Config
    main.o(.text.main) refers to wdt.o(.text.WDT_Init) for WDT_Init
    main.o(.text.main) refers to wdt.o(.text.WDT_Reload) for WDT_Reload
    main.o(.text.main) refers to app.o(.text.App_Mainloop) for App_Mainloop
    main.o(.ARM.exidx.text.main) refers to main.o(.text.main) for [Anonymous Symbol]
    app.o(.text.App_Config) refers to ldr.o(.text.LDR_Init) for LDR_Init
    app.o(.text.App_Config) refers to sevensegment.o(.text.SevenSegment_Init) for SevenSegment_Init
    app.o(.text.App_Config) refers to dispcom.o(.text.DispCom_Init) for DispCom_Init
    app.o(.text.App_Config) refers to sevensegment.o(.text.SevenSegment_Set_Value) for SevenSegment_Set_Value
    app.o(.text.App_Config) refers to sevensegment.o(.text.SevenSegment_Set_Dp) for SevenSegment_Set_Dp
    app.o(.text.App_Config) refers to ldr.o(.text.LDR_Automic_Brightness_Off) for LDR_Automic_Brightness_Off
    app.o(.text.App_Config) refers to ldr.o(.text.LDR_Manual_Brightness_Set) for LDR_Manual_Brightness_Set
    app.o(.ARM.exidx.text.App_Config) refers to app.o(.text.App_Config) for [Anonymous Symbol]
    app.o(.text.App_Mainloop) refers to ldr.o(.text.LDR_Control_Brightness) for LDR_Control_Brightness
    app.o(.text.App_Mainloop) refers to ldr.o(.text.LDR_Get_Calculated_Brightness) for LDR_Get_Calculated_Brightness
    app.o(.text.App_Mainloop) refers to dispcom.o(.text.DispCom_Tx_Number_CM) for DispCom_Tx_Number_CM
    app.o(.text.App_Mainloop) refers to ldr.o(.text.LDR_Get_Current_Brightness) for LDR_Get_Current_Brightness
    app.o(.text.App_Mainloop) refers to dispcom.o(.text.DispCom_Tx_Number_NL) for DispCom_Tx_Number_NL
    app.o(.ARM.exidx.text.App_Mainloop) refers to app.o(.text.App_Mainloop) for [Anonymous Symbol]
    wdt.o(.ARM.exidx.text.WDT_Init) refers to wdt.o(.text.WDT_Init) for [Anonymous Symbol]
    wdt.o(.ARM.exidx.text.WDT_Reload) refers to wdt.o(.text.WDT_Reload) for [Anonymous Symbol]
    dispcom.o(.text.DispCom_Struct_Init) refers to dispcom.o(.bss.DispCom) for [Anonymous Symbol]
    dispcom.o(.ARM.exidx.text.DispCom_Struct_Init) refers to dispcom.o(.text.DispCom_Struct_Init) for [Anonymous Symbol]
    dispcom.o(.text.DispCom_RX_Packet_Struct_Init) refers to dispcom.o(.bss.DispCom) for [Anonymous Symbol]
    dispcom.o(.ARM.exidx.text.DispCom_RX_Packet_Struct_Init) refers to dispcom.o(.text.DispCom_RX_Packet_Struct_Init) for [Anonymous Symbol]
    dispcom.o(.ARM.exidx.text.DispCom_Config_GPIO) refers to dispcom.o(.text.DispCom_Config_GPIO) for [Anonymous Symbol]
    dispcom.o(.ARM.exidx.text.DispCom_Config_Clock) refers to dispcom.o(.text.DispCom_Config_Clock) for [Anonymous Symbol]
    dispcom.o(.text.DispCom_Config_BAUD_Rate) refers to aeabi_sdivfast.o(.text_divfast) for __aeabi_uidiv
    dispcom.o(.ARM.exidx.text.DispCom_Config_BAUD_Rate) refers to dispcom.o(.text.DispCom_Config_BAUD_Rate) for [Anonymous Symbol]
    dispcom.o(.ARM.exidx.text.DispCom_Config_Tx) refers to dispcom.o(.text.DispCom_Config_Tx) for [Anonymous Symbol]
    dispcom.o(.ARM.exidx.text.DispCom_Config_Rx) refers to dispcom.o(.text.DispCom_Config_Rx) for [Anonymous Symbol]
    dispcom.o(.text.DispCom_Config_Rx_Interrupt) refers to dispcom.o(.text.__NVIC_EnableIRQ) for __NVIC_EnableIRQ
    dispcom.o(.text.DispCom_Config_Rx_Interrupt) refers to dispcom.o(.text.__NVIC_SetPriority) for __NVIC_SetPriority
    dispcom.o(.ARM.exidx.text.DispCom_Config_Rx_Interrupt) refers to dispcom.o(.text.DispCom_Config_Rx_Interrupt) for [Anonymous Symbol]
    dispcom.o(.ARM.exidx.text.__NVIC_EnableIRQ) refers to dispcom.o(.text.__NVIC_EnableIRQ) for [Anonymous Symbol]
    dispcom.o(.ARM.exidx.text.__NVIC_SetPriority) refers to dispcom.o(.text.__NVIC_SetPriority) for [Anonymous Symbol]
    dispcom.o(.ARM.exidx.text.DispCom_Clear_Interrupt_Flag) refers to dispcom.o(.text.DispCom_Clear_Interrupt_Flag) for [Anonymous Symbol]
    dispcom.o(.ARM.exidx.text.DispCom_Tx_Byte) refers to dispcom.o(.text.DispCom_Tx_Byte) for [Anonymous Symbol]
    dispcom.o(.ARM.exidx.text.DispCom_Rx_Byte) refers to dispcom.o(.text.DispCom_Rx_Byte) for [Anonymous Symbol]
    dispcom.o(.text.USART1_IRQHandler) refers to dispcom.o(.text.DispCom_ISR_Handler) for DispCom_ISR_Handler
    dispcom.o(.ARM.exidx.text.USART1_IRQHandler) refers to dispcom.o(.text.USART1_IRQHandler) for [Anonymous Symbol]
    dispcom.o(.text.DispCom_ISR_Handler) refers to dispcom.o(.text.DispCom_Rx_Byte) for DispCom_Rx_Byte
    dispcom.o(.text.DispCom_ISR_Handler) refers to dispcom.o(.text.DispCom_Timer_Value_Reset) for DispCom_Timer_Value_Reset
    dispcom.o(.text.DispCom_ISR_Handler) refers to dispcom.o(.text.DispCom_Timer_Enable) for DispCom_Timer_Enable
    dispcom.o(.text.DispCom_ISR_Handler) refers to dispcom.o(.bss.DispCom) for [Anonymous Symbol]
[...]
    libinit.o(.ARM.Collect$$libinit$$00000000) refers (Special) to libinit2.o(.ARM.Collect$$libinit$$0000000A) for __rt_lib_init_heap_1
    libinit.o(.ARM.Collect$$libinit$$00000000) refers (Special) to libinit2.o(.ARM.Collect$$libinit$$00000011) for __rt_lib_init_lc_collate_1
    libinit.o(.ARM.Collect$$libinit$$00000000) refers (Special) to libinit2.o(.ARM.Collect$$libinit$$00000013) for __rt_lib_init_lc_ctype_1
    libinit.o(.ARM.Collect$$libinit$$00000000) refers (Special) to libinit2.o(.ARM.Collect$$libinit$$00000015) for __rt_lib_init_lc_monetary_1
    libinit.o(.ARM.Collect$$libinit$$00000000) refers (Special) to libinit2.o(.ARM.Collect$$libinit$$00000017) for __rt_lib_init_lc_numeric_1
    libinit.o(.ARM.Collect$$libinit$$00000000) refers (Special) to libinit2.o(.ARM.Collect$$libinit$$00000019) for __rt_lib_init_lc_time_1
    libinit.o(.ARM.Collect$$libinit$$00000000) refers (Special) to libinit2.o(.ARM.Collect$$libinit$$00000004) for __rt_lib_init_preinit_1
    libinit.o(.ARM.Collect$$libinit$$00000000) refers (Special) to libinit2.o(.ARM.Collect$$libinit$$0000000E) for __rt_lib_init_rand_1
    libinit.o(.ARM.Collect$$libinit$$00000000) refers (Special) to libinit2.o(.ARM.Collect$$libinit$$00000033) for __rt_lib_init_return
    libinit.o(.ARM.Collect$$libinit$$00000000) refers (Special) to libinit2.o(.ARM.Collect$$libinit$$0000001D) for __rt_lib_init_signal_1
    libinit.o(.ARM.Collect$$libinit$$00000000) refers (Special) to libinit2.o(.ARM.Collect$$libinit$$00000025) for __rt_lib_init_stdio_1
    libinit.o(.ARM.Collect$$libinit$$00000000) refers (Special) to libinit2.o(.ARM.Collect$$libinit$$0000000C) for __rt_lib_init_user_alloc_1
    libspace.o(.text) refers to libspace.o(.bss) for __libspace_start
    rtexit.o(.ARM.Collect$$rtexit$$00000000) refers (Special) to rtexit2.o(.ARM.Collect$$rtexit$$00000004) for __rt_exit_exit
    rtexit.o(.ARM.Collect$$rtexit$$00000000) refers (Special) to rtexit2.o(.ARM.Collect$$rtexit$$00000003) for __rt_exit_ls
    rtexit.o(.ARM.Collect$$rtexit$$00000000) refers (Special) to rtexit2.o(.ARM.Collect$$rtexit$$00000002) for __rt_exit_prels_1
    rtexit.o(.ARM.exidx) refers (Special) to rtexit2.o(.ARM.Collect$$rtexit$$00000004) for __rt_exit_exit
    rtexit.o(.ARM.exidx) refers (Special) to rtexit2.o(.ARM.Collect$$rtexit$$00000003) for __rt_exit_ls
    rtexit.o(.ARM.exidx) refers (Special) to rtexit2.o(.ARM.Collect$$rtexit$$00000002) for __rt_exit_prels_1
    rtexit.o(.ARM.exidx) refers to rtexit.o(.ARM.Collect$$rtexit$$00000000) for .ARM.Collect$$rtexit$$00000000
    rt_raise.o(.text) refers to __raise.o(.text) for __raise
    rt_raise.o(.text) refers to sys_exit.o(.text) for _sys_exit
    defsig_exit.o(.text) refers to sys_exit.o(.text) for _sys_exit
    defsig_fpe_inner.o(.text) refers to defsig_general.o(.text) for __default_signal_display
    libinit2.o(.ARM.Collect$$libinit$$00000010) refers to libinit2.o(.ARM.Collect$$libinit$$0000000F) for .ARM.Collect$$libinit$$0000000F
    libinit2.o(.ARM.Collect$$libinit$$00000012) refers to libinit2.o(.ARM.Collect$$libinit$$0000000F) for .ARM.Collect$$libinit$$0000000F
    libinit2.o(.ARM.Collect$$libinit$$00000014) refers to libinit2.o(.ARM.Collect$$libinit$$0000000F) for .ARM.Collect$$libinit$$0000000F
    libinit2.o(.ARM.Collect$$libinit$$00000016) refers to libinit2.o(.ARM.Collect$$libinit$$0000000F) for .ARM.Collect$$libinit$$0000000F
    libinit2.o(.ARM.Collect$$libinit$$00000018) refers to libinit2.o(.ARM.Collect$$libinit$$0000000F) for .ARM.Collect$$libinit$$0000000F
    libinit2.o(.ARM.Collect$$libinit$$00000026) refers to argv_veneer.o(.text) for __ARM_argv_veneer
    libinit2.o(.ARM.Collect$$libinit$$00000027) refers to argv_veneer.o(.text) for __ARM_argv_veneer
    sys_exit.o(.text) refers (Special) to use_no_semi.o(.text) for __I$use$semihosting
    sys_exit.o(.text) refers (Special) to indicate_semi.o(.text) for __semihosting_library_function
    sys_exit_hlt.o(.text) refers (Special) to use_no_semi.o(.text) for __I$use$semihosting
    sys_exit_hlt.o(.text) refers (Special) to indicate_semi.o(.text) for __semihosting_library_function
    rtexit2.o(.ARM.Collect$$rtexit$$00000003) refers to libshutdown.o(.ARM.Collect$$libshutdown$$00000000) for __rt_lib_shutdown
    rtexit2.o(.ARM.Collect$$rtexit$$00000004) refers to sys_exit.o(.text) for _sys_exit
    rtexit2.o(.ARM.exidx) refers to rtexit2.o(.ARM.Collect$$rtexit$$00000001) for .ARM.Collect$$rtexit$$00000001
    rtexit2.o(.ARM.exidx) refers to rtexit2.o(.ARM.Collect$$rtexit$$00000003) for .ARM.Collect$$rtexit$$00000003
    rtexit2.o(.ARM.exidx) refers to rtexit2.o(.ARM.Collect$$rtexit$$00000004) for .ARM.Collect$$rtexit$$00000004
    __raise.o(.text) refers to defsig.o(CL$$defsig) for __default_signal_handler
    defsig_general.o(.text) refers to sys_wrch.o(.text) for _ttywrch
    sys_wrch.o(.text) refers (Special) to use_no_semi.o(.text) for __I$use$semihosting
    sys_wrch.o(.text) refers (Special) to indicate_semi.o(.text) for __semihosting_library_function
    sys_wrch_hlt.o(.text) refers (Special) to use_no_semi.o(.text) for __I$use$semihosting
    sys_wrch_hlt.o(.text) refers (Special) to indicate_semi.o(.text) for __semihosting_library_function
    defsig.o(CL$$defsig) refers to defsig_fpe_inner.o(.text) for __rt_SIGFPE_inner
    defsig.o(CL$$defsig) refers to defsig_rtmem_inner.o(.text) for __rt_SIGRTMEM_inner
    _get_argv_nomalloc.o(.text) refers (Special) to hrguard.o(.text) for __heap_region$guard
    _get_argv_nomalloc.o(.text) refers to defsig_rtmem_outer.o(.text) for __rt_SIGRTMEM
    _get_argv_nomalloc.o(.text) refers to sys_command.o(.text) for _sys_command_string
    libshutdown.o(.ARM.Collect$$libshutdown$$00000000) refers (Special) to libshutdown2.o(.ARM.Collect$$libshutdown$$00000002) for __rt_lib_shutdown_cpp_1
    libshutdown.o(.ARM.Collect$$libshutdown$$00000000) refers (Special) to libshutdown2.o(.ARM.Collect$$libshutdown$$00000007) for __rt_lib_shutdown_fp_trap_1
    libshutdown.o(.ARM.Collect$$libshutdown$$00000000) refers (Special) to libshutdown2.o(.ARM.Collect$$libshutdown$$0000000F) for __rt_lib_shutdown_heap_1
    libshutdown.o(.ARM.Collect$$libshutdown$$00000000) refers (Special) to libshutdown2.o(.ARM.Collect$$libshutdown$$00000010) for __rt_lib_shutdown_return
    libshutdown.o(.ARM.Collect$$libshutdown$$00000000) refers (Special) to libshutdown2.o(.ARM.Collect$$libshutdown$$0000000A) for __rt_lib_shutdown_signal_1
    libshutdown.o(.ARM.Collect$$libshutdown$$00000000) refers (Special) to libshutdown2.o(.ARM.Collect$$libshutdown$$00000004) for __rt_lib_shutdown_stdio_1
    libshutdown.o(.ARM.Collect$$libshutdown$$00000000) refers (Special) to libshutdown2.o(.ARM.Collect$$libshutdown$$0000000C) for __rt_lib_shutdown_user_alloc_1
    sys_command.o(.text) refers (Special) to use_no_semi.o(.text) for __I$use$semihosting
    sys_command.o(.text) refers (Special) to indicate_semi.o(.text) for __semihosting_library_function
    sys_command_hlt.o(.text) refers (Special) to use_no_semi.o(.text) for __I$use$semihosting
    sys_command_hlt.o(.text) refers (Special) to indicate_semi.o(.text) for __semihosting_library_function
    defsig_abrt_inner.o(.text) refers to defsig_general.o(.text) for __default_signal_display
    defsig_rtred_inner.o(.text) refers to defsig_general.o(.text) for __default_signal_display
    defsig_rtmem_inner.o(.text) refers to defsig_general.o(.text) for __default_signal_display
    defsig_rtmem_outer.o(.text) refers to defsig_rtmem_inner.o(.text) for __rt_SIGRTMEM_inner
    defsig_rtmem_outer.o(.text) refers to defsig_exit.o(.text) for __sig_exit
    defsig_rtmem_formal.o(.text) refers to rt_raise.o(.text) for __rt_raise
    defsig_stak_inner.o(.text) refers to defsig_general.o(.text) for __default_signal_display
    defsig_pvfn_inner.o(.text) refers to defsig_general.o(.text) for __default_signal_display
    defsig_cppl_inner.o(.text) refers to defsig_general.o(.text) for __default_signal_display
    defsig_segv_inner.o(.text) refers to defsig_general.o(.text) for __default_signal_display
    defsig_other.o(.text) refers to defsig_general.o(.text) for __default_signal_display


==============================================================================

Removing Unused input sections from the image.

    Removing main.o(.text), (0 bytes).
    Removing main.o(.ARM.exidx.text.main), (8 bytes).
    Removing main.o(.ARM.use_no_argv), (4 bytes).
    Removing app.o(.text), (0 bytes).
    Removing app.o(.ARM.exidx.text.App_Config), (8 bytes).
    Removing app.o(.ARM.exidx.text.App_Mainloop), (8 bytes).
    Removing wdt.o(.text), (0 bytes).
    Removing wdt.o(.ARM.exidx.text.WDT_Init), (8 bytes).
    Removing wdt.o(.ARM.exidx.text.WDT_Reload), (8 bytes).
    Removing dispcom.o(.text), (0 bytes).
    Removing dispcom.o(.ARM.exidx.text.DispCom_Struct_Init), (8 bytes).
    Removing dispcom.o(.ARM.exidx.text.DispCom_RX_Packet_Struct_Init), (8 bytes).
    Removing dispcom.o(.ARM.exidx.text.DispCom_Config_GPIO), (8 bytes).
    Removing dispcom.o(.ARM.exidx.text.DispCom_Config_Clock), (8 bytes).
    Removing dispcom.o(.ARM.exidx.text.DispCom_Config_BAUD_Rate), (8 bytes).
    Removing dispcom.o(.ARM.exidx.text.DispCom_Config_Tx), (8 bytes).
    Removing dispcom.o(.ARM.exidx.text.DispCom_Config_Rx), (8 bytes).
    Removing dispcom.o(.ARM.exidx.text.DispCom_Config_Rx_Interrupt), (8 bytes).
    Removing dispcom.o(.ARM.exidx.text.__NVIC_EnableIRQ), (8 bytes).
    Removing dispcom.o(.ARM.exidx.text.__NVIC_SetPriority), (8 bytes).
    Removing dispcom.o(.text.DispCom_Clear_Interrupt_Flag), (2 bytes).
    Removing dispcom.o(.ARM.exidx.text.DispCom_Clear_Interrupt_Flag), (8 bytes).
    Removing dispcom.o(.ARM.exidx.text.DispCom_Tx_Byte), (8 bytes).
    Removing dispcom.o(.ARM.exidx.text.DispCom_Rx_Byte), (8 bytes).
    Removing dispcom.o(.ARM.exidx.text.USART1_IRQHandler), (8 bytes).
    Removing dispcom.o(.ARM.exidx.text.DispCom_ISR_Handler), (8 bytes).
    Removing dispcom.o(.ARM.exidx.text.DispCom_Timer_Struct_Init), (8 bytes).
    Removing dispcom.o(.ARM.exidx.text.DispCom_Timer_Init), (8 bytes).
    Removing dispcom.o(.ARM.exidx.text.DispCom_Timer_Enable), (8 bytes).
    Removing dispcom.o(.ARM.exidx.text.DispCom_Timer_Disable), (8 bytes).
    Removing dispcom.o(.text.DispCom_Timer_Get_Status), (12 bytes).
    Removing dispcom.o(.ARM.exidx.text.DispCom_Timer_Get_Status), (8 bytes).
    Removing dispcom.o(.text.DispCom_Timer_Get_Val), (12 bytes).
    Removing dispcom.o(.ARM.exidx.text.DispCom_Timer_Get_Val), (8 bytes).
    Removing dispcom.o(.ARM.exidx.text.DispCom_Timer_Value_Reset), (8 bytes).
    Removing dispcom.o(.ARM.exidx.text.DispCom_Timer_Clear_Interrupt_Flag), (8 bytes).
    Removing dispcom.o(.ARM.exidx.text.TIM16_IRQHandler), (8 bytes).
    Removing dispcom.o(.ARM.exidx.text.DispCom_Timer_ISR_Handler), (8 bytes).
    Removing dispcom.o(.text.DispCom_Tx_Buf), (26 bytes).
    Removing dispcom.o(.ARM.exidx.text.DispCom_Tx_Buf), (8 bytes).
    Removing dispcom.o(.ARM.exidx.text.DispCom_Tx_NL), (8 bytes).
    Removing dispcom.o(.text.DispCom_Tx_SP), (10 bytes).
    Removing dispcom.o(.ARM.exidx.text.DispCom_Tx_SP), (8 bytes).
    Removing dispcom.o(.ARM.exidx.text.DispCom_Tx_CM), (8 bytes).
    Removing dispcom.o(.text.DispCom_Tx_Text), (30 bytes).
    Removing dispcom.o(.ARM.exidx.text.DispCom_Tx_Text), (8 bytes).
    Removing dispcom.o(.text.DispCom_Tx_Text_NL), (12 bytes).
    Removing dispcom.o(.ARM.exidx.text.DispCom_Tx_Text_NL), (8 bytes).
    Removing dispcom.o(.text.DispCom_Tx_Text_SP), (12 bytes).
    Removing dispcom.o(.ARM.exidx.text.DispCom_Tx_Text_SP), (8 bytes).
    Removing dispcom.o(.text.DispCom_Tx_Text_CM), (12 bytes).
    Removing dispcom.o(.ARM.exidx.text.DispCom_Tx_Text_CM), (8 bytes).
    Removing dispcom.o(.ARM.exidx.text.DispCom_Determine_Digit_Numbers), (8 bytes).
    Removing dispcom.o(.ARM.exidx.text.DispCom_Tx_Number_Digits), (8 bytes).
    Removing dispcom.o(.ARM.exidx.text.DispCom_Tx_Number), (8 bytes).
    Removing dispcom.o(.text.DispCom_Tx_Number_Hex), (104 bytes).
    Removing dispcom.o(.ARM.exidx.text.DispCom_Tx_Number_Hex), (8 bytes).
    Removing dispcom.o(.text.DispCom_Tx_Number_Bin), (68 bytes).
    Removing dispcom.o(.ARM.exidx.text.DispCom_Tx_Number_Bin), (8 bytes).
    Removing dispcom.o(.ARM.exidx.text.DispCom_Tx_Number_NL), (8 bytes).
    Removing dispcom.o(.text.DispCom_Tx_Number_SP), (12 bytes).
    Removing dispcom.o(.ARM.exidx.text.DispCom_Tx_Number_SP), (8 bytes).
    Removing dispcom.o(.ARM.exidx.text.DispCom_Tx_Number_CM), (8 bytes).
    Removing dispcom.o(.text.DispCom_Tx_Number_Hex_NL), (12 bytes).
    Removing dispcom.o(.ARM.exidx.text.DispCom_Tx_Number_Hex_NL), (8 bytes).
    Removing dispcom.o(.text.DispCom_Tx_Number_Hex_SP), (12 bytes).
    Removing dispcom.o(.ARM.exidx.text.DispCom_Tx_Number_Hex_SP), (8 bytes).
    Removing dispcom.o(.text.DispCom_Tx_Number_Hex_CM), (12 bytes).
    Removing dispcom.o(.ARM.exidx.text.DispCom_Tx_Number_Hex_CM), (8 bytes).
    Removing dispcom.o(.text.DispCom_Tx_Number_Bin_NL), (12 bytes).
    Removing dispcom.o(.ARM.exidx.text.DispCom_Tx_Number_Bin_NL), (8 bytes).
    Removing dispcom.o(.text.DispCom_Tx_Number_Bin_SP), (12 bytes).
    Removing dispcom.o(.ARM.exidx.text.DispCom_Tx_Number_Bin_SP), (8 bytes).
    Removing dispcom.o(.text.DispCom_Tx_Number_Bin_CM), (12 bytes).
    Removing dispcom.o(.ARM.exidx.text.DispCom_Tx_Number_Bin_CM), (8 bytes).
    Removing dispcom.o(.text.DispCom_Tx_Parameter_NL), (20 bytes).
    Removing dispcom.o(.ARM.exidx.text.DispCom_Tx_Parameter_NL), (8 bytes).
    Removing dispcom.o(.text.DispCom_Tx_Parameter_SP), (20 bytes).
    Removing dispcom.o(.ARM.exidx.text.DispCom_Tx_Parameter_SP), (8 bytes).
    Removing dispcom.o(.text.DispCom_Tx_Parameter_CM), (20 bytes).
    Removing dispcom.o(.ARM.exidx.text.DispCom_Tx_Parameter_CM), (8 bytes).
    Removing dispcom.o(.text.DispCom_Tx_Parameter_Hex_NL), (20 bytes).
    Removing dispcom.o(.ARM.exidx.text.DispCom_Tx_Parameter_Hex_NL), (8 bytes).
    Removing dispcom.o(.text.DispCom_Tx_Parameter_Hex_SP), (20 bytes).
    Removing dispcom.o(.ARM.exidx.text.DispCom_Tx_Parameter_Hex_SP), (8 bytes).
    Removing dispcom.o(.text.DispCom_Tx_Parameter_Hex_CM), (20 bytes).
    Removing dispcom.o(.ARM.exidx.text.DispCom_Tx_Parameter_Hex_CM), (8 bytes).
    Removing dispcom.o(.text.DispCom_Tx_Parameter_Bin_NL), (20 bytes).
    Removing dispcom.o(.ARM.exidx.text.DispCom_Tx_Parameter_Bin_NL), (8 bytes).
    Removing dispcom.o(.text.DispCom_Tx_Parameter_Bin_SP), (20 bytes).
    Removing dispcom.o(.ARM.exidx.text.DispCom_Tx_Parameter_Bin_SP), (8 bytes).
    Removing dispcom.o(.text.DispCom_Tx_Parameter_Bin_CM), (20 bytes).
    Removing dispcom.o(.ARM.exidx.text.DispCom_Tx_Parameter_Bin_CM), (8 bytes).
    Removing dispcom.o(.ARM.exidx.text.DispCom_Buf_Flush), (8 bytes).
    Removing dispcom.o(.text.DispCom_Buf_Set), (12 bytes).
    Removing dispcom.o(.ARM.exidx.text.DispCom_Buf_Set), (8 bytes).
    Removing dispcom.o(.ARM.exidx.text.DispCom_Buf_Get), (8 bytes).
    Removing dispcom.o(.ARM.exidx.text.DispCom_Buf_Get_Index), (8 bytes).
    Removing dispcom.o(.text.DispCom_Data_Available), (12 bytes).
    Removing dispcom.o(.ARM.exidx.text.DispCom_Data_Available), (8 bytes).
    Removing dispcom.o(.ARM.exidx.text.DispCom_Data_Len_Get), (8 bytes).
    Removing dispcom.o(.text.DispCom_Data_Calculated_CRC_Get), (12 bytes).
    Removing dispcom.o(.ARM.exidx.text.DispCom_Data_Calculated_CRC_Get), (8 bytes).
    Removing dispcom.o(.text.DispCom_Data_Received_CRC_Get), (12 bytes).
    Removing dispcom.o(.ARM.exidx.text.DispCom_Data_Received_CRC_Get), (8 bytes).
    Removing dispcom.o(.text.DispCom_Data_CRC_Status_Get), (12 bytes).
    Removing dispcom.o(.ARM.exidx.text.DispCom_Data_CRC_Status_Get), (8 bytes).
    Removing dispcom.o(.text.DispCom_Data_Read_Complete_Status), (12 bytes).
    Removing dispcom.o(.ARM.exidx.text.DispCom_Data_Read_Complete_Status), (8 bytes).
    Removing dispcom.o(.text.DispCom_Data_Clear_Available_Flag), (16 bytes).
    Removing dispcom.o(.ARM.exidx.text.DispCom_Data_Clear_Available_Flag), (8 bytes).
    Removing dispcom.o(.text.DispCom_Data_Clear_Read_Complete_Flag), (20 bytes).
    Removing dispcom.o(.ARM.exidx.text.DispCom_Data_Clear_Read_Complete_Flag), (8 bytes).
    Removing dispcom.o(.text.DispCom_Data_Copy_Buf), (34 bytes).
    Removing dispcom.o(.ARM.exidx.text.DispCom_Data_Copy_Buf), (8 bytes).
    Removing dispcom.o(.text.DispCom_Data_Print_Buf), (20 bytes).
    Removing dispcom.o(.ARM.exidx.text.DispCom_Data_Print_Buf), (8 bytes).
    Removing dispcom.o(.text.DispCom_Error_Code_Get), (12 bytes).
    Removing dispcom.o(.ARM.exidx.text.DispCom_Error_Code_Get), (8 bytes).
    Removing dispcom.o(.text.DispCom_Error_Code_Clear), (12 bytes).
    Removing dispcom.o(.ARM.exidx.text.DispCom_Error_Code_Clear), (8 bytes).
    Removing dispcom.o(.ARM.exidx.text.DispCom_RX_Packet_CRC_Check), (8 bytes).
    Removing dispcom.o(.text.DispCom_RX_Packet_Rough_Check_Disassemble), (2 bytes).
    Removing dispcom.o(.ARM.exidx.text.DispCom_RX_Packet_Rough_Check_Disassemble), (8 bytes).
    Removing dispcom.o(.ARM.exidx.text.DispCom_CRC_Calculate_Byte), (8 bytes).
    Removing dispcom.o(.ARM.exidx.text.DispCom_CRC_Calculate_Block), (8 bytes).
    Removing dispcom.o(.text.DispCom_RX_Packet_Read_Complete), (20 bytes).
    Removing dispcom.o(.ARM.exidx.text.DispCom_RX_Packet_Read_Complete), (8 bytes).
    Removing dispcom.o(.ARM.exidx.text.DispCom_Init), (8 bytes).
    Removing sevensegment.o(.text), (0 bytes).
    Removing sevensegment.o(.ARM.exidx.text.SevenSegment_Struct_Init), (8 bytes).
    Removing sevensegment.o(.ARM.exidx.text.SevenSegment_GPIO_Init), (8 bytes).
    Removing sevensegment.o(.ARM.exidx.text.SevenSegment_Timer_Init), (8 bytes).
    Removing sevensegment.o(.ARM.exidx.text.__NVIC_EnableIRQ), (8 bytes).
    Removing sevensegment.o(.ARM.exidx.text.__NVIC_SetPriority), (8 bytes).
    Removing sevensegment.o(.ARM.exidx.text.TIM14_IRQHandler), (8 bytes).
    Removing sevensegment.o(.ARM.exidx.text.SevenSegment_ISR_Executables), (8 bytes).
    Removing sevensegment.o(.ARM.exidx.text.SevenSegment_Set_Segment_Pins), (8 bytes).
    Removing sevensegment.o(.ARM.exidx.text.SevenSegment_Assign_Segment_Value), (8 bytes).
    Removing sevensegment.o(.ARM.exidx.text.SevenSegment_Activate_Digit), (8 bytes).
    Removing sevensegment.o(.ARM.exidx.text.SevenSegment_Assign_Digit_Value), (8 bytes).
    Removing sevensegment.o(.ARM.exidx.text.SevenSegment_Brightness_Handler), (8 bytes).
    Removing sevensegment.o(.ARM.exidx.text.SevenSegment_Set_Dp), (8 bytes).
    Removing sevensegment.o(.ARM.exidx.text.SevenSegment_Set_Value), (8 bytes).
    Removing sevensegment.o(.ARM.exidx.text.SevenSegment_Set_Brightness), (8 bytes).
    Removing sevensegment.o(.text.SevenSegment_Segment_Values_Get), (12 bytes).
    Removing sevensegment.o(.ARM.exidx.text.SevenSegment_Segment_Values_Get), (8 bytes).
    Removing sevensegment.o(.text.SevenSegment_Dp_Values_Get), (12 bytes).
    Removing sevensegment.o(.ARM.exidx.text.SevenSegment_Dp_Values_Get), (8 bytes).
    Removing sevensegment.o(.ARM.exidx.text.SevenSegment_Init), (8 bytes).
    Removing adc.o(.text), (0 bytes).
    Removing adc.o(.text.ADC_Struct_Init), (2 bytes).
    Removing adc.o(.ARM.exidx.text.ADC_Struct_Init), (8 bytes).
    Removing adc.o(.ARM.exidx.text.ADC_Reg_Init), (8 bytes).
    Removing adc.o(.ARM.exidx.text.ADC_Read_Channel), (8 bytes).
    Removing adc.o(.ARM.exidx.text.ADC_Init), (8 bytes).
    Removing ldr.o(.text), (0 bytes).
    Removing ldr.o(.ARM.exidx.text.LDR_Struct_Init), (8 bytes).
    Removing ldr.o(.ARM.exidx.text.LDR_GPIO_Init), (8 bytes).
    Removing ldr.o(.ARM.exidx.text.LDR_Reg_Init), (8 bytes).
    Removing ldr.o(.ARM.exidx.text.LDR_Read_Brightness), (8 bytes).
    Removing ldr.o(.ARM.exidx.text.LDR_Control_Brightness), (8 bytes).
    Removing ldr.o(.ARM.exidx.text.LDR_Get_Current_Brightness), (8 bytes).
    Removing ldr.o(.ARM.exidx.text.LDR_Get_Calculated_Brightness), (8 bytes).
    Removing ldr.o(.text.LDR_Automic_Brightness_On), (12 bytes).
    Removing ldr.o(.ARM.exidx.text.LDR_Automic_Brightness_On), (8 bytes).
    Removing ldr.o(.ARM.exidx.text.LDR_Automic_Brightness_Off), (8 bytes).
    Removing ldr.o(.ARM.exidx.text.LDR_Manual_Brightness_Set), (8 bytes).
    Removing ldr.o(.ARM.exidx.text.LDR_Init), (8 bytes).
    Removing lpf.o(.text), (0 bytes).
    Removing lpf.o(.ARM.exidx.text.LPF_Struct_Init), (8 bytes).
    Removing lpf.o(.ARM.exidx.text.LPF_Set_Alpha), (8 bytes).
    Removing lpf.o(.ARM.exidx.text.LPF_Get_Alpha), (8 bytes).
    Removing lpf.o(.ARM.exidx.text.LPF_Get_Filtered_Value), (8 bytes).
    Removing lpf.o(.ARM.exidx.text.LPF_Init), (8 bytes).
    Removing protocol.o(.text), (0 bytes).
    Removing protocol.o(.text.Protocol_Struct_Init), (36 bytes).
    Removing protocol.o(.ARM.exidx.text.Protocol_Struct_Init), (8 bytes).
    Removing protocol.o(.text.Protocol_Build_Status_Packet), (32 bytes).
    Removing protocol.o(.ARM.exidx.text.Protocol_Build_Status_Packet), (8 bytes).
    Removing protocol.o(.bss.Protocol), (28 bytes).
    Removing system_stm32g0xx.o(.text), (0 bytes).
    Removing system_stm32g0xx.o(.ARM.exidx.text.SystemInit), (8 bytes).
    Removing system_stm32g0xx.o(.text.SystemCoreClockUpdate), (144 bytes).
    Removing system_stm32g0xx.o(.ARM.exidx.text.SystemCoreClockUpdate), (8 bytes).
    Removing system_stm32g0xx.o(.data.SystemCoreClock), (4 bytes).
    Removing system_stm32g0xx.o(.rodata.AHBPrescTable), (64 bytes).
    Removing system_stm32g0xx.o(.rodata.APBPrescTable), (32 bytes).

188 unused section(s) (total 2154 bytes) removed from the image.

==============================================================================

Image Symbol Table

    Local Symbols

    Symbol Name                              Value     Ov Type        Size  Object(Section)

    ../clib/angel/boardlib.s                 0x00000000   Number         0  boardinit1.o ABSOLUTE
    ../clib/angel/boardlib.s                 0x00000000   Number         0  boardinit2.o ABSOLUTE
    ../clib/angel/boardlib.s                 0x00000000   Number         0  boardinit3.o ABSOLUTE
    ../clib/angel/boardlib.s                 0x00000000   Number         0  boardshut.o ABSOLUTE
    ../clib/angel/handlers.s                 0x00000000   Number         0  __scatter_zi.o ABSOLUTE
    ../clib/angel/kernel.s                   0x00000000   Number         0  __rtentry.o ABSOLUTE
    ../clib/angel/kernel.s                   0x00000000   Number         0  __rtentry2.o ABSOLUTE
    ../clib/angel/kernel.s                   0x00000000   Number         0  __rtentry4.o ABSOLUTE
    ../clib/angel/kernel.s                   0x00000000   Number         0  rtexit.o ABSOLUTE
    ../clib/angel/kernel.s                   0x00000000   Number         0  rtexit2.o ABSOLUTE
    ../clib/angel/rt.s                       0x00000000   Number         0  aeabi_idiv0.o ABSOLUTE
    ../clib/angel/rt.s                       0x00000000   Number         0  aeabi_idiv0_sigfpe.o ABSOLUTE
    ../clib/angel/rt.s                       0x00000000   Number         0  rt_div0.o ABSOLUTE
    ../clib/angel/rt.s                       0x00000000   Number         0  rt_raise.o ABSOLUTE
    ../clib/angel/scatterp.s                 0x00000000   Number         0  __scatter.o ABSOLUTE
    ../clib/angel/startup.s                  0x00000000   Number         0  __main.o ABSOLUTE
    ../clib/angel/sys.s                      0x00000000   Number         0  sys_stackheap_outer.o ABSOLUTE
    ../clib/angel/sys.s                      0x00000000   Number         0  libspace.o ABSOLUTE
    ../clib/angel/sys.s                      0x00000000   Number         0  tempstk.o ABSOLUTE
    ../clib/angel/sys.s                      0x00000000   Number         0  use_no_semi.o ABSOLUTE
    ../clib/angel/sys.s                      0x00000000   Number         0  indicate_semi.o ABSOLUTE
    ../clib/angel/sysapp.c                   0x00000000   Number         0  sys_exit.o ABSOLUTE
    ../clib/angel/sysapp.c                   0x00000000   Number         0  sys_exit_hlt.o ABSOLUTE
    ../clib/angel/sysapp.c                   0x00000000   Number         0  sys_wrch.o ABSOLUTE
    ../clib/angel/sysapp.c                   0x00000000   Number         0  sys_wrch_hlt.o ABSOLUTE
    ../clib/angel/sysapp.c                   0x00000000   Number         0  sys_command.o ABSOLUTE
    ../clib/angel/sysapp.c                   0x00000000   Number         0  sys_command_hlt.o ABSOLUTE
    ../clib/armsys.c                         0x00000000   Number         0  argv_veneer.o ABSOLUTE
    ../clib/armsys.c                         0x00000000   Number         0  _get_argv_nomalloc.o ABSOLUTE
    ../clib/armsys.c                         0x00000000   Number         0  no_argv.o ABSOLUTE
    ../clib/division.s                       0x00000000   Number         0  aeabi_sdivfast.o ABSOLUTE
    ../clib/division.s                       0x00000000   Number         0  aeabi_sdivfast_div0.o ABSOLUTE
    ../clib/heapalloc.c                      0x00000000   Number         0  hrguard.o ABSOLUTE
    ../clib/heapaux.c                        0x00000000   Number         0  heapauxi.o ABSOLUTE
    ../clib/libinit.s                        0x00000000   Number         0  libinit.o ABSOLUTE
    ../clib/libinit.s                        0x00000000   Number         0  libinit2.o ABSOLUTE
    ../clib/libinit.s                        0x00000000   Number         0  libshutdown.o ABSOLUTE
    ../clib/libinit.s                        0x00000000   Number         0  libshutdown2.o ABSOLUTE
    ../clib/signal.c                         0x00000000   Number         0  defsig_fpe_outer.o ABSOLUTE
    ../clib/signal.c                         0x00000000   Number         0  defsig_fpe_formal.o ABSOLUTE
    ../clib/signal.c                         0x00000000   Number         0  defsig_exit.o ABSOLUTE
    ../clib/signal.c                         0x00000000   Number         0  defsig_fpe_inner.o ABSOLUTE
    ../clib/signal.c                         0x00000000   Number         0  __raise.o ABSOLUTE
    ../clib/signal.c                         0x00000000   Number         0  defsig_general.o ABSOLUTE
    ../clib/signal.c                         0x00000000   Number         0  defsig_abrt_inner.o ABSOLUTE
    ../clib/signal.c                         0x00000000   Number         0  defsig_rtred_inner.o ABSOLUTE
    ../clib/signal.c                         0x00000000   Number         0  defsig_rtmem_inner.o ABSOLUTE
    ../clib/signal.c                         0x00000000   Number         0  defsig_rtmem_outer.o ABSOLUTE
    ../clib/signal.c                         0x00000000   Number         0  defsig_rtmem_formal.o ABSOLUTE
    ../clib/signal.c                         0x00000000   Number         0  defsig_stak_inner.o ABSOLUTE
    ../clib/signal.c                         0x00000000   Number         0  defsig_pvfn_inner.o ABSOLUTE
    ../clib/signal.c                         0x00000000   Number         0  defsig_cppl_inner.o ABSOLUTE
    ../clib/signal.c                         0x00000000   Number         0  defsig_segv_inner.o ABSOLUTE
    ../clib/signal.c                         0x00000000   Number         0  defsig_other.o ABSOLUTE
    ../clib/signal.s                         0x00000000   Number         0  defsig.o ABSOLUTE
    ../clib/stdlib.c                         0x00000000   Number         0  exit.o ABSOLUTE
    ../fplib/cfplib/fpinit.c                 0x00000000   Number         0  fpinit.o ABSOLUTE
    RTE/Device/STM32G030F6Px/startup_stm32g030xx.s 0x00000000   Number         0  startup_stm32g030xx.o ABSOLUTE
    adc.c                                    0x00000000   Number         0  adc.o ABSOLUTE
    app.c                                    0x00000000   Number         0  app.o ABSOLUTE
    dc.s                                     0x00000000   Number         0  dc.o ABSOLUTE
    dispcom.c                                0x00000000   Number         0  dispcom.o ABSOLUTE
    ldr.c                                    0x00000000   Number         0  ldr.o ABSOLUTE
    lpf.c                                    0x00000000   Number         0  lpf.o ABSOLUTE
    main.c                                   0x00000000   Number         0  main.o ABSOLUTE
    protocol.c                               0x00000000   Number         0  protocol.o ABSOLUTE
    sevensegment.c                           0x00000000   Number         0  sevensegment.o ABSOLUTE
    system_stm32g0xx.c                       0x00000000   Number         0  system_stm32g0xx.o ABSOLUTE
    wdt.c                                    0x00000000   Number         0  wdt.o ABSOLUTE
    RESET                                    0x08000000   Section      192  startup_stm32g030xx.o(RESET)
    !!!main                                  0x080000c0   Section        8  __main.o(!!!main)
    !!!scatter                               0x080000c8   Section       60  __scatter.o(!!!scatter)
    !!handler_zi                             0x08000104   Section       28  __scatter_zi.o(!!handler_zi)
    .ARM.Collect$$libinit$$00000000          0x08000120   Section        2  libinit.o(.ARM.Collect$$libinit$$00000000)
    .ARM.Collect$$libinit$$00000002          0x08000122   Section        0  libinit2.o(.ARM.Collect$$libinit$$00000002)
    .ARM.Collect$$libinit$$00000004          0x08000122   Section        0  libinit2.o(.ARM.Collect$$libinit$$00000004)
    .ARM.Collect$$libinit$$0000000A          0x08000122   Section        0  libinit2.o(.ARM.Collect$$libinit$$0000000A)
    .ARM.Collect$$libinit$$0000000C          0x08000122   Section        0  libinit2.o(.ARM.Collect$$libinit$$0000000C)
    .ARM.Collect$$libinit$$0000000E          0x08000122   Section        0  libinit2.o(.ARM.Collect$$libinit$$0000000E)
    .ARM.Collect$$libinit$$00000011          0x08000122   Section        0  libinit2.o(.ARM.Collect$$libinit$$00000011)
    .ARM.Collect$$libinit$$00000013          0x08000122   Section        0  libinit2.o(.ARM.Collect$$libinit$$00000013)
    .ARM.Collect$$libinit$$00000015          0x08000122   Section        0  libinit2.o(.ARM.Collect$$libinit$$00000015)
    .ARM.Collect$$libinit$$00000017          0x08000122   Section        0  libinit2.o(.ARM.Collect$$libinit$$00000017)
    .ARM.Collect$$libinit$$00000019          0x08000122   Section        0  libinit2.o(.ARM.Collect$$libinit$$00000019)
    .ARM.Collect$$libinit$$0000001B          0x08000122   Section        0  libinit2.o(.ARM.Collect$$libinit$$0000001B)
    .ARM.Collect$$libinit$$0000001D          0x08000122   Section        0  libinit2.o(.ARM.Collect$$libinit$$0000001D)
    .ARM.Collect$$libinit$$0000001F          0x08000122   Section        0  libinit2.o(.ARM.Collect$$libinit$$0000001F)
    .ARM.Collect$$libinit$$00000021          0x08000122   Section        0  libinit2.o(.ARM.Collect$$libinit$$00000021)
    .ARM.Collect$$libinit$$00000023          0x08000122   Section        0  libinit2.o(.ARM.Collect$$libinit$$00000023)
    .ARM.Collect$$libinit$$00000025          0x08000122   Section        0  libinit2.o(.ARM.Collect$$libinit$$00000025)
    .ARM.Collect$$libinit$$0000002C          0x08000122   Section        0  libinit2.o(.ARM.Collect$$libinit$$0000002C)
    .ARM.Collect$$libinit$$0000002E          0x08000122   Section        0  libinit2.o(.ARM.Collect$$libinit$$0000002E)
    .ARM.Collect$$libinit$$00000030          0x08000122   Section        0  libinit2.o(.ARM.Collect$$libinit$$00000030)
    .ARM.Collect$$libinit$$00000032          0x08000122   Section        0  libinit2.o(.ARM.Collect$$libinit$$00000032)
    .ARM.Collect$$libinit$$00000033          0x08000122   Section        2  libinit2.o(.ARM.Collect$$libinit$$00000033)
    .ARM.Collect$$libshutdown$$00000000      0x08000124   Section        2  libshutdown.o(.ARM.Collect$$libshutdown$$00000000)
    .ARM.Collect$$libshutdown$$00000002      0x08000126   Section        0  libshutdown2.o(.ARM.Collect$$libshutdown$$00000002)
    .ARM.Collect$$libshutdown$$00000004      0x08000126   Section        0  libshutdown2.o(.ARM.Collect$$libshutdown$$00000004)
    .ARM.Collect$$libshutdown$$00000007      0x08000126   Section        0  libshutdown2.o(.ARM.Collect$$libshutdown$$00000007)
    .ARM.Collect$$libshutdown$$0000000A      0x08000126   Section        0  libshutdown2.o(.ARM.Collect$$libshutdown$$0000000A)
    .ARM.Collect$$libshutdown$$0000000C      0x08000126   Section        0  libshutdown2.o(.ARM.Collect$$libshutdown$$0000000C)
    .ARM.Collect$$libshutdown$$0000000F      0x08000126   Section        0  libshutdown2.o(.ARM.Collect$$libshutdown$$0000000F)
    .ARM.Collect$$libshutdown$$00000010      0x08000126   Section        2  libshutdown2.o(.ARM.Collect$$libshutdown$$00000010)
    .ARM.Collect$$rtentry$$00000000          0x08000128   Section        0  __rtentry.o(.ARM.Collect$$rtentry$$00000000)
    .ARM.Collect$$rtentry$$00000002          0x08000128   Section        0  __rtentry2.o(.ARM.Collect$$rtentry$$00000002)
    .ARM.Collect$$rtentry$$00000004          0x08000128   Section        6  __rtentry4.o(.ARM.Collect$$rtentry$$00000004)
    .ARM.Collect$$rtentry$$00000009          0x0800012e   Section        0  __rtentry2.o(.ARM.Collect$$rtentry$$00000009)
    .ARM.Collect$$rtentry$$0000000A          0x0800012e   Section        4  __rtentry2.o(.ARM.Collect$$rtentry$$0000000A)
    .ARM.Collect$$rtentry$$0000000C          0x08000132   Section        0  __rtentry2.o(.ARM.Collect$$rtentry$$0000000C)
    .ARM.Collect$$rtentry$$0000000D          0x08000132   Section        8  __rtentry2.o(.ARM.Collect$$rtentry$$0000000D)
    .ARM.Collect$$rtexit$$00000000           0x0800013a   Section        2  rtexit.o(.ARM.Collect$$rtexit$$00000000)
    .ARM.Collect$$rtexit$$00000002           0x0800013c   Section        0  rtexit2.o(.ARM.Collect$$rtexit$$00000002)
    .ARM.Collect$$rtexit$$00000003           0x0800013c   Section        4  rtexit2.o(.ARM.Collect$$rtexit$$00000003)
    .ARM.Collect$$rtexit$$00000004           0x08000140   Section        6  rtexit2.o(.ARM.Collect$$rtexit$$00000004)
    .text                                    0x08000148   Section       56  startup_stm32g030xx.o(.text)
    .text                                    0x08000180   Section        0  heapauxi.o(.text)
    .text                                    0x08000186   Section       62  sys_stackheap_outer.o(.text)
    .text                                    0x080001c4   Section        0  exit.o(.text)
    .text                                    0x080001d4   Section        8  libspace.o(.text)
    .text                                    0x080001dc   Section        0  sys_exit.o(.text)
    .text                                    0x080001e8   Section        2  use_no_semi.o(.text)
    [Anonymous Symbol]                       0x080001ea   Section        0  adc.o(.text.ADC_Init)
    .text                                    0x080001ea   Section        0  indicate_semi.o(.text)
    [Anonymous Symbol]                       0x080001f4   Section        0  adc.o(.text.ADC_Read_Channel)
    __arm_cp.2_0                             0x0800021c   Number         4  adc.o(.text.ADC_Read_Channel)
    [Anonymous Symbol]                       0x08000220   Section        0  adc.o(.text.ADC_Reg_Init)
    __arm_cp.1_0                             0x080002c0   Number         4  adc.o(.text.ADC_Reg_Init)
    __arm_cp.1_1                             0x080002c4   Number         4  adc.o(.text.ADC_Reg_Init)
    __arm_cp.1_2                             0x080002c8   Number         4  adc.o(.text.ADC_Reg_Init)
    __arm_cp.1_3                             0x080002cc   Number         4  adc.o(.text.ADC_Reg_Init)
    [Anonymous Symbol]                       0x080002d0   Section        0  app.o(.text.App_Config)
    [Anonymous Symbol]                       0x08000324   Section        0  app.o(.text.App_Mainloop)
    __arm_cp.1_0                             0x08000344   Number         4  app.o(.text.App_Mainloop)
    [Anonymous Symbol]                       0x08000348   Section        0  dispcom.o(.text.DispCom_Buf_Flush)
    [Anonymous Symbol]                       0x08000360   Section        0  dispcom.o(.text.DispCom_Buf_Get)
    [Anonymous Symbol]                       0x08000368   Section        0  dispcom.o(.text.DispCom_Buf_Get_Index)
    [Anonymous Symbol]                       0x08000370   Section        0  dispcom.o(.text.DispCom_CRC_Calculate_Block)
    [Anonymous Symbol]                       0x08000394   Section        0  dispcom.o(.text.DispCom_CRC_Calculate_Byte)
    __arm_cp.74_0                            0x080003b8   Number         4  dispcom.o(.text.DispCom_CRC_Calculate_Byte)
    [Anonymous Symbol]                       0x080003bc   Section        0  dispcom.o(.text.DispCom_Config_BAUD_Rate)
    __arm_cp.4_1                             0x080003dc   Number         4  dispcom.o(.text.DispCom_Config_BAUD_Rate)
    [Anonymous Symbol]                       0x080003e0   Section        0  dispcom.o(.text.DispCom_Config_Clock)
    [Anonymous Symbol]                       0x080003f0   Section        0  dispcom.o(.text.DispCom_Config_GPIO)
    __arm_cp.2_0                             0x0800042c   Number         4  dispcom.o(.text.DispCom_Config_GPIO)
    __arm_cp.2_1                             0x08000430   Number         4  dispcom.o(.text.DispCom_Config_GPIO)
    [Anonymous Symbol]                       0x08000434   Section        0  dispcom.o(.text.DispCom_Config_Rx)
    [Anonymous Symbol]                       0x08000450   Section        0  dispcom.o(.text.DispCom_Config_Rx_Interrupt)
    [Anonymous Symbol]                       0x08000470   Section        0  dispcom.o(.text.DispCom_Config_Tx)
    __arm_cp.5_0                             0x0800048c   Number         4  dispcom.o(.text.DispCom_Config_Tx)
    [Anonymous Symbol]                       0x08000490   Section        0  dispcom.o(.text.DispCom_Data_Len_Get)
    [Anonymous Symbol]                       0x08000498   Section        0  dispcom.o(.text.DispCom_Determine_Digit_Numbers)
    [Anonymous Symbol]                       0x080004d4   Section        0  dispcom.o(.text.DispCom_ISR_Handler)
    [Anonymous Symbol]                       0x08000520   Section        0  dispcom.o(.text.DispCom_Init)
    [Anonymous Symbol]                       0x08000554   Section        0  dispcom.o(.text.DispCom_RX_Packet_CRC_Check)
    [Anonymous Symbol]                       0x080005b0   Section        0  dispcom.o(.text.DispCom_RX_Packet_Struct_Init)
    [Anonymous Symbol]                       0x080005c8   Section        0  dispcom.o(.text.DispCom_Rx_Byte)
    __arm_cp.12_0                            0x080005dc   Number         4  dispcom.o(.text.DispCom_Rx_Byte)
    [Anonymous Symbol]                       0x080005e0   Section        0  dispcom.o(.text.DispCom_Struct_Init)
    [Anonymous Symbol]                       0x08000620   Section        0  dispcom.o(.text.DispCom_Timer_Clear_Interrupt_Flag)
    __arm_cp.22_0                            0x08000634   Number         4  dispcom.o(.text.DispCom_Timer_Clear_Interrupt_Flag)
    [Anonymous Symbol]                       0x08000638   Section        0  dispcom.o(.text.DispCom_Timer_Disable)
    [Anonymous Symbol]                       0x08000644   Section        0  dispcom.o(.text.DispCom_Timer_Enable)
    __arm_cp.17_0                            0x08000650   Number         4  dispcom.o(.text.DispCom_Timer_Enable)
    [Anonymous Symbol]                       0x08000654   Section        0  dispcom.o(.text.DispCom_Timer_ISR_Handler)
    [Anonymous Symbol]                       0x080006a0   Section        0  dispcom.o(.text.DispCom_Timer_Init)
    __arm_cp.16_0                            0x080006d0   Number         4  dispcom.o(.text.DispCom_Timer_Init)
    __arm_cp.16_1                            0x080006d4   Number         4  dispcom.o(.text.DispCom_Timer_Init)
    __arm_cp.16_2                            0x080006d8   Number         4  dispcom.o(.text.DispCom_Timer_Init)
    [Anonymous Symbol]                       0x080006dc   Section        0  dispcom.o(.text.DispCom_Timer_Struct_Init)
    __arm_cp.15_0                            0x080006ec   Number         4  dispcom.o(.text.DispCom_Timer_Struct_Init)
    [Anonymous Symbol]                       0x080006f0   Section        0  dispcom.o(.text.DispCom_Timer_Value_Reset)
    __arm_cp.21_0                            0x080006f8   Number         4  dispcom.o(.text.DispCom_Timer_Value_Reset)
    [Anonymous Symbol]                       0x080006fc   Section        0  dispcom.o(.text.DispCom_Tx_Byte)
    __arm_cp.11_0                            0x08000714   Number         4  dispcom.o(.text.DispCom_Tx_Byte)
    [Anonymous Symbol]                       0x08000718   Section        0  dispcom.o(.text.DispCom_Tx_CM)
    [Anonymous Symbol]                       0x08000722   Section        0  dispcom.o(.text.DispCom_Tx_NL)
    [Anonymous Symbol]                       0x08000732   Section        0  dispcom.o(.text.DispCom_Tx_Number)
    [Anonymous Symbol]                       0x0800074e   Section        0  dispcom.o(.text.DispCom_Tx_Number_CM)
    [Anonymous Symbol]                       0x0800075c   Section        0  dispcom.o(.text.DispCom_Tx_Number_Digits)
    __arm_cp.34_0                            0x08000778   Number         4  dispcom.o(.text.DispCom_Tx_Number_Digits)
    [Anonymous Symbol]                       0x0800077c   Section        0  dispcom.o(.text.DispCom_Tx_Number_NL)
    [Anonymous Symbol]                       0x08000788   Section        0  ldr.o(.text.LDR_Automic_Brightness_Off)
    [Anonymous Symbol]                       0x08000790   Section        0  ldr.o(.text.LDR_Control_Brightness)
    __arm_cp.4_3                             0x08000828   Number         4  ldr.o(.text.LDR_Control_Brightness)
    [Anonymous Symbol]                       0x0800082c   Section        0  ldr.o(.text.LDR_GPIO_Init)
    [Anonymous Symbol]                       0x08000844   Section        0  ldr.o(.text.LDR_Get_Calculated_Brightness)
    [Anonymous Symbol]                       0x0800084c   Section        0  ldr.o(.text.LDR_Get_Current_Brightness)
    [Anonymous Symbol]                       0x08000854   Section        0  ldr.o(.text.LDR_Init)
    [Anonymous Symbol]                       0x08000870   Section        0  ldr.o(.text.LDR_Manual_Brightness_Set)
    [Anonymous Symbol]                       0x08000878   Section        0  ldr.o(.text.LDR_Read_Brightness)
    [Anonymous Symbol]                       0x0800088c   Section        0  ldr.o(.text.LDR_Reg_Init)
    [Anonymous Symbol]                       0x0800089c   Section        0  ldr.o(.text.LDR_Struct_Init)
    __arm_cp.0_0                             0x080008b8   Number         4  ldr.o(.text.LDR_Struct_Init)
    __arm_cp.0_1                             0x080008bc   Number         4  ldr.o(.text.LDR_Struct_Init)
    __arm_cp.0_2                             0x080008c0   Number         4  ldr.o(.text.LDR_Struct_Init)
    __arm_cp.0_3                             0x080008c4   Number         4  ldr.o(.text.LDR_Struct_Init)
    __arm_cp.0_4                             0x080008c8   Number         4  ldr.o(.text.LDR_Struct_Init)
    [Anonymous Symbol]                       0x080008cc   Section        0  lpf.o(.text.LPF_Get_Alpha)
    [Anonymous Symbol]                       0x080008d8   Section        0  lpf.o(.text.LPF_Get_Filtered_Value)
    [Anonymous Symbol]                       0x08000900   Section        0  lpf.o(.text.LPF_Init)
    [Anonymous Symbol]                       0x08000908   Section        0  lpf.o(.text.LPF_Set_Alpha)
    [Anonymous Symbol]                       0x08000914   Section        0  lpf.o(.text.LPF_Struct_Init)
    __arm_cp.0_0                             0x0800092c   Number         4  lpf.o(.text.LPF_Struct_Init)
    [Anonymous Symbol]                       0x08000930   Section        0  sevensegment.o(.text.SevenSegment_Activate_Digit)
    __arm_cp.9_1                             0x08000a04   Number         4  sevensegment.o(.text.SevenSegment_Activate_Digit)
    __arm_cp.9_2                             0x08000a08   Number         4  sevensegment.o(.text.SevenSegment_Activate_Digit)
    [Anonymous Symbol]                       0x08000a0c   Section        0  sevensegment.o(.text.SevenSegment_Assign_Digit_Value)
    [Anonymous Symbol]                       0x08000a1c   Section        0  sevensegment.o(.text.SevenSegment_Assign_Segment_Value)
    [Anonymous Symbol]                       0x08000a38   Section        0  sevensegment.o(.text.SevenSegment_Brightness_Handler)
    [Anonymous Symbol]                       0x08000a90   Section        0  sevensegment.o(.text.SevenSegment_GPIO_Init)
    __arm_cp.1_0                             0x08000be4   Number         4  sevensegment.o(.text.SevenSegment_GPIO_Init)
    __arm_cp.1_1                             0x08000be8   Number         4  sevensegment.o(.text.SevenSegment_GPIO_Init)
    __arm_cp.1_2                             0x08000bec   Number         4  sevensegment.o(.text.SevenSegment_GPIO_Init)
    __arm_cp.1_3                             0x08000bf0   Number         4  sevensegment.o(.text.SevenSegment_GPIO_Init)
    [Anonymous Symbol]                       0x08000bf4   Section        0  sevensegment.o(.text.SevenSegment_ISR_Executables)
    [Anonymous Symbol]                       0x08000bfc   Section        0  sevensegment.o(.text.SevenSegment_Init)
    __arm_cp.17_0                            0x08000c10   Number         4  sevensegment.o(.text.SevenSegment_Init)
    [Anonymous Symbol]                       0x08000c14   Section        0  sevensegment.o(.text.SevenSegment_Set_Brightness)
    [Anonymous Symbol]                       0x08000c38   Section        0  sevensegment.o(.text.SevenSegment_Set_Dp)
    [Anonymous Symbol]                       0x08000c60   Section        0  sevensegment.o(.text.SevenSegment_Set_Segment_Pins)
    __arm_cp.7_0                             0x08000c70   Number         4  sevensegment.o(.text.SevenSegment_Set_Segment_Pins)
    [Anonymous Symbol]                       0x08000c74   Section        0  sevensegment.o(.text.SevenSegment_Set_Value)
    segment_val                              0x08000c94   Number         0  sevensegment.o(.text.SevenSegment_Set_Value)
    [Anonymous Symbol]                       0x08000cac   Section        0  sevensegment.o(.text.SevenSegment_Struct_Init)
    __arm_cp.0_0                             0x08000cd8   Number         4  sevensegment.o(.text.SevenSegment_Struct_Init)
    [Anonymous Symbol]                       0x08000cdc   Section        0  sevensegment.o(.text.SevenSegment_Timer_Init)
    __arm_cp.2_0                             0x08000d10   Number         4  sevensegment.o(.text.SevenSegment_Timer_Init)
    __arm_cp.2_1                             0x08000d14   Number         4  sevensegment.o(.text.SevenSegment_Timer_Init)
    __arm_cp.2_2                             0x08000d18   Number         4  sevensegment.o(.text.SevenSegment_Timer_Init)
    [Anonymous Symbol]                       0x08000d1c   Section        0  system_stm32g0xx.o(.text.SystemInit)
    [Anonymous Symbol]                       0x08000d20   Section        0  sevensegment.o(.text.TIM14_IRQHandler)
    __arm_cp.5_0                             0x08000d34   Number         4  sevensegment.o(.text.TIM14_IRQHandler)
    [Anonymous Symbol]                       0x08000d38   Section        0  dispcom.o(.text.TIM16_IRQHandler)
    [Anonymous Symbol]                       0x08000d40   Section        0  dispcom.o(.text.USART1_IRQHandler)
    [Anonymous Symbol]                       0x08000d48   Section        0  wdt.o(.text.WDT_Init)
    __arm_cp.0_0                             0x08000d88   Number         4  wdt.o(.text.WDT_Init)
    __arm_cp.0_2                             0x08000d8c   Number         4  wdt.o(.text.WDT_Init)
    __arm_cp.0_3                             0x08000d90   Number         4  wdt.o(.text.WDT_Init)
    [Anonymous Symbol]                       0x08000d94   Section        0  wdt.o(.text.WDT_Reload)
    __arm_cp.1_0                             0x08000da4   Number         4  wdt.o(.text.WDT_Reload)
    __arm_cp.1_1                             0x08000da8   Number         4  wdt.o(.text.WDT_Reload)
    __NVIC_EnableIRQ                         0x08000dad   Thumb Code    16  dispcom.o(.text.__NVIC_EnableIRQ)
    [Anonymous Symbol]                       0x08000dac   Section        0  dispcom.o(.text.__NVIC_EnableIRQ)
    __NVIC_EnableIRQ                         0x08000dbd   Thumb Code    12  sevensegment.o(.text.__NVIC_EnableIRQ)
    [Anonymous Symbol]                       0x08000dbc   Section        0  sevensegment.o(.text.__NVIC_EnableIRQ)
    __arm_cp.3_0                             0x08000dc8   Number         4  sevensegment.o(.text.__NVIC_EnableIRQ)
    __NVIC_SetPriority                       0x08000dcd   Thumb Code    36  dispcom.o(.text.__NVIC_SetPriority)
    [Anonymous Symbol]                       0x08000dcc   Section        0  dispcom.o(.text.__NVIC_SetPriority)
    __arm_cp.9_0                             0x08000df0   Number         4  dispcom.o(.text.__NVIC_SetPriority)
    __NVIC_SetPriority                       0x08000df5   Thumb Code    16  sevensegment.o(.text.__NVIC_SetPriority)
    [Anonymous Symbol]                       0x08000df4   Section        0  sevensegment.o(.text.__NVIC_SetPriority)
    __arm_cp.4_0                             0x08000e04   Number         4  sevensegment.o(.text.__NVIC_SetPriority)
    [Anonymous Symbol]                       0x08000e08   Section        0  main.o(.text.main)
    __arm_cp.0_0                             0x08000e24   Number         4  main.o(.text.main)
    __arm_cp.0_1                             0x08000e28   Number         4  main.o(.text.main)
    .text_divfast                            0x08000e2c   Section      502  aeabi_sdivfast.o(.text_divfast)
    .bss                                     0x20000000   Section       96  libspace.o(.bss)
    DispCom                                  0x20000060   Data          92  dispcom.o(.bss.DispCom)
    [Anonymous Symbol]                       0x20000060   Section        0  dispcom.o(.bss.DispCom)
    LDR.0                                    0x200000bc   Data           2  ldr.o(.bss.LDR.0)
    [Anonymous Symbol]                       0x200000bc   Section        0  ldr.o(.bss.LDR.0)
    LDR.1                                    0x200000be   Data           2  ldr.o(.bss.LDR.1)
    [Anonymous Symbol]                       0x200000be   Section        0  ldr.o(.bss.LDR.1)
    LDR.2                                    0x200000c0   Data           2  ldr.o(.bss.LDR.2)
    [Anonymous Symbol]                       0x200000c0   Section        0  ldr.o(.bss.LDR.2)
    LDR.4                                    0x200000c2   Data           1  ldr.o(.bss.LDR.4)
    [Anonymous Symbol]                       0x200000c2   Section        0  ldr.o(.bss.LDR.4)
    LDR.5                                    0x200000c4   Data           1  ldr.o(.bss.LDR.5)
    [Anonymous Symbol]                       0x200000c4   Section        0  ldr.o(.bss.LDR.5)
    LPF                                      0x200000c8   Data          24  lpf.o(.bss.LPF)
    [Anonymous Symbol]                       0x200000c8   Section        0  lpf.o(.bss.LPF)
    SevenSegment                             0x200000e0   Data          24  sevensegment.o(.bss.SevenSegment)
    [Anonymous Symbol]                       0x200000e0   Section        0  sevensegment.o(.bss.SevenSegment)
    Heap_Mem                                 0x200000f8   Data         512  startup_stm32g030xx.o(HEAP)
    HEAP                                     0x200000f8   Section      512  startup_stm32g030xx.o(HEAP)
    Stack_Mem                                0x200002f8   Data        1024  startup_stm32g030xx.o(STACK)
    STACK                                    0x200002f8   Section     1024  startup_stm32g030xx.o(STACK)
    __initial_sp                             0x200006f8   Data           0  startup_stm32g030xx.o(STACK)

    Global Symbols

    Symbol Name                              Value     Ov Type        Size  Object(Section)

    BuildAttributes$$THM_ISAv3M$S$PE$A:L22$X:L11$S22$IEEE1$IW$~IW$USESV6$~STKCKD$USESV7$~SHL$OTIME$ROPI$EBA8$UX$STANDARDLIB$REQ8$PRES8$EABIv2 0x00000000   Number         0  anon$$obj.o ABSOLUTE
    __ARM_exceptions_init                     - Undefined Weak Reference
    __alloca_initialize                       - Undefined Weak Reference
    __arm_preinit_                            - Undefined Weak Reference
    __cpp_initialize__aeabi_                  - Undefined Weak Reference
    __cxa_finalize                            - Undefined Weak Reference
    __rt_locale                               - Undefined Weak Reference
    __sigvec_lookup                           - Undefined Weak Reference
    _atexit_init                              - Undefined Weak Reference
    _call_atexit_fns                          - Undefined Weak Reference
    _clock_init                               - Undefined Weak Reference
    _fp_trap_init                             - Undefined Weak Reference
    _fp_trap_shutdown                         - Undefined Weak Reference
    _get_lc_collate                           - Undefined Weak Reference
    _get_lc_ctype                             - Undefined Weak Reference
    _get_lc_monetary                          - Undefined Weak Reference
    _get_lc_numeric                           - Undefined Weak Reference
    _get_lc_time                              - Undefined Weak Reference
    _getenv_init                              - Undefined Weak Reference
    _handle_redirection                       - Undefined Weak Reference
    _init_alloc                               - Undefined Weak Reference
    _init_user_alloc                          - Undefined Weak Reference
    _initio                                   - Undefined Weak Reference
    _rand_init                                - Undefined Weak Reference
    _signal_finish                            - Undefined Weak Reference
    _signal_init                              - Undefined Weak Reference
    _terminate_alloc                          - Undefined Weak Reference
    _terminate_user_alloc                     - Undefined Weak Reference
    _terminateio                              - Undefined Weak Reference
    __Vectors_Size                           0x000000c0   Number         0  startup_stm32g030xx.o ABSOLUTE
    __Vectors                                0x08000000   Data           4  startup_stm32g030xx.o(RESET)
    __Vectors_End                            0x080000c0   Data           0  startup_stm32g030xx.o(RESET)
    __main                                   0x080000c1   Thumb Code     8  __main.o(!!!main)
    __scatterload                            0x080000c9   Thumb Code     0  __scatter.o(!!!scatter)
    __scatterload_rt2                        0x080000c9   Thumb Code    52  __scatter.o(!!!scatter)
    __scatterload_rt2_thumb_only             0x080000c9   Thumb Code     0  __scatter.o(!!!scatter)
    __scatterload_null                       0x080000d9   Thumb Code     0  __scatter.o(!!!scatter)
    __scatterload_zeroinit                   0x08000105   Thumb Code    28  __scatter_zi.o(!!handler_zi)
    __rt_lib_init                            0x08000121   Thumb Code     0  libinit.o(.ARM.Collect$$libinit$$00000000)
    __rt_lib_init_alloca_1                   0x08000123   Thumb Code     0  libinit2.o(.ARM.Collect$$libinit$$0000002E)
    __rt_lib_init_argv_1                     0x08000123   Thumb Code     0  libinit2.o(.ARM.Collect$$libinit$$0000002C)
    __rt_lib_init_atexit_1                   0x08000123   Thumb Code     0  libinit2.o(.ARM.Collect$$libinit$$0000001B)
    __rt_lib_init_clock_1                    0x08000123   Thumb Code     0  libinit2.o(.ARM.Collect$$libinit$$00000021)
    __rt_lib_init_cpp_1                      0x08000123   Thumb Code     0  libinit2.o(.ARM.Collect$$libinit$$00000032)
    __rt_lib_init_exceptions_1               0x08000123   Thumb Code     0  libinit2.o(.ARM.Collect$$libinit$$00000030)
    __rt_lib_init_fp_1                       0x08000123   Thumb Code     0  libinit2.o(.ARM.Collect$$libinit$$00000002)
    __rt_lib_init_fp_trap_1                  0x08000123   Thumb Code     0  libinit2.o(.ARM.Collect$$libinit$$0000001F)
    __rt_lib_init_getenv_1                   0x08000123   Thumb Code     0  libinit2.o(.ARM.Collect$$libinit$$00000023)
    __rt_lib_init_heap_1                     0x08000123   Thumb Code     0  libinit2.o(.ARM.Collect$$libinit$$0000000A)
    __rt_lib_init_lc_collate_1               0x08000123   Thumb Code     0  libinit2.o(.ARM.Collect$$libinit$$00000011)
    __rt_lib_init_lc_ctype_1                 0x08000123   Thumb Code     0  libinit2.o(.ARM.Collect$$libinit$$00000013)
    __rt_lib_init_lc_monetary_1              0x08000123   Thumb Code     0  libinit2.o(.ARM.Collect$$libinit$$00000015)
    __rt_lib_init_lc_numeric_1               0x08000123   Thumb Code     0  libinit2.o(.ARM.Collect$$libinit$$00000017)
    __rt_lib_init_lc_time_1                  0x08000123   Thumb Code     0  libinit2.o(.ARM.Collect$$libinit$$00000019)
    __rt_lib_init_preinit_1                  0x08000123   Thumb Code     0  libinit2.o(.ARM.Collect$$libinit$$00000004)
    __rt_lib_init_rand_1                     0x08000123   Thumb Code     0  libinit2.o(.ARM.Collect$$libinit$$0000000E)
    __rt_lib_init_return                     0x08000123   Thumb Code     0  libinit2.o(.ARM.Collect$$libinit$$00000033)
    __rt_lib_init_signal_1                   0x08000123   Thumb Code     0  libinit2.o(.ARM.Collect$$libinit$$0000001D)
    __rt_lib_init_stdio_1                    0x08000123   Thumb Code     0  libinit2.o(.ARM.Collect$$libinit$$00000025)
    __rt_lib_init_user_alloc_1               0x08000123   Thumb Code     0  libinit2.o(.ARM.Collect$$libinit$$0000000C)
    __rt_lib_shutdown                        0x08000125   Thumb Code     0  libshutdown.o(.ARM.Collect$$libshutdown$$00000000)
    __rt_lib_shutdown_cpp_1                  0x08000127   Thumb Code     0  libshutdown2.o(.ARM.Collect$$libshutdown$$00000002)
    __rt_lib_shutdown_fp_trap_1              0x08000127   Thumb Code     0  libshutdown2.o(.ARM.Collect$$libshutdown$$00000007)
    __rt_lib_shutdown_heap_1                 0x08000127   Thumb Code     0  libshutdown2.o(.ARM.Collect$$libshutdown$$0000000F)
    __rt_lib_shutdown_return                 0x08000127   Thumb Code     0  libshutdown2.o(.ARM.Collect$$libshutdown$$00000010)
    __rt_lib_shutdown_signal_1               0x08000127   Thumb Code     0  libshutdown2.o(.ARM.Collect$$libshutdown$$0000000A)
    __rt_lib_shutdown_stdio_1                0x08000127   Thumb Code     0  libshutdown2.o(.ARM.Collect$$libshutdown$$00000004)
    __rt_lib_shutdown_user_alloc_1           0x08000127   Thumb Code     0  libshutdown2.o(.ARM.Collect$$libshutdown$$0000000C)
    __rt_entry                               0x08000129   Thumb Code     0  __rtentry.o(.ARM.Collect$$rtentry$$00000000)
    __rt_entry_presh_1                       0x08000129   Thumb Code     0  __rtentry2.o(.ARM.Collect$$rtentry$$00000002)
    __rt_entry_sh                            0x08000129   Thumb Code     0  __rtentry4.o(.ARM.Collect$$rtentry$$00000004)
    __rt_entry_li                            0x0800012f   Thumb Code     0  __rtentry2.o(.ARM.Collect$$rtentry$$0000000A)
    __rt_entry_postsh_1                      0x0800012f   Thumb Code     0  __rtentry2.o(.ARM.Collect$$rtentry$$00000009)
    __rt_entry_main                          0x08000133   Thumb Code     0  __rtentry2.o(.ARM.Collect$$rtentry$$0000000D)
    __rt_entry_postli_1                      0x08000133   Thumb Code     0  __rtentry2.o(.ARM.Collect$$rtentry$$0000000C)
    __rt_exit                                0x0800013b   Thumb Code     0  rtexit.o(.ARM.Collect$$rtexit$$00000000)
    __rt_exit_ls                             0x0800013d   Thumb Code     0  rtexit2.o(.ARM.Collect$$rtexit$$00000003)
    __rt_exit_prels_1                        0x0800013d   Thumb Code     0  rtexit2.o(.ARM.Collect$$rtexit$$00000002)
    __rt_exit_exit                           0x08000141   Thumb Code     0  rtexit2.o(.ARM.Collect$$rtexit$$00000004)
    Reset_Handler                            0x08000149   Thumb Code     8  startup_stm32g030xx.o(.text)
    NMI_Handler                              0x08000151   Thumb Code     2  startup_stm32g030xx.o(.text)
    HardFault_Handler                        0x08000153   Thumb Code     2  startup_stm32g030xx.o(.text)
    SVC_Handler                              0x08000155   Thumb Code     2  startup_stm32g030xx.o(.text)
    PendSV_Handler                           0x08000157   Thumb Code     2  startup_stm32g030xx.o(.text)
    SysTick_Handler                          0x08000159   Thumb Code     2  startup_stm32g030xx.o(.text)
    ADC1_IRQHandler                          0x0800015b   Thumb Code     0  startup_stm32g030xx.o(.text)
    DMA1_Ch4_5_DMAMUX1_OVR_IRQHandler        0x0800015b   Thumb Code     0  startup_stm32g030xx.o(.text)
    DMA1_Channel1_IRQHandler                 0x0800015b   Thumb Code     0  startup_stm32g030xx.o(.text)
    DMA1_Channel2_3_IRQHandler               0x0800015b   Thumb Code     0  startup_stm32g030xx.o(.text)
    EXTI0_1_IRQHandler                       0x0800015b   Thumb Code     0  startup_stm32g030xx.o(.text)
    EXTI2_3_IRQHandler                       0x0800015b   Thumb Code     0  startup_stm32g030xx.o(.text)
    EXTI4_15_IRQHandler                      0x0800015b   Thumb Code     0  startup_stm32g030xx.o(.text)
    FLASH_IRQHandler                         0x0800015b   Thumb Code     0  startup_stm32g030xx.o(.text)
    I2C1_IRQHandler                          0x0800015b   Thumb Code     0  startup_stm32g030xx.o(.text)
    I2C2_IRQHandler                          0x0800015b   Thumb Code     0  startup_stm32g030xx.o(.text)
    RCC_IRQHandler                           0x0800015b   Thumb Code     0  startup_stm32g030xx.o(.text)
    RTC_TAMP_IRQHandler                      0x0800015b   Thumb Code     0  startup_stm32g030xx.o(.text)
    SPI1_IRQHandler                          0x0800015b   Thumb Code     0  startup_stm32g030xx.o(.text)
    SPI2_IRQHandler                          0x0800015b   Thumb Code     0  startup_stm32g030xx.o(.text)
    TIM17_IRQHandler                         0x0800015b   Thumb Code     0  startup_stm32g030xx.o(.text)
    TIM1_BRK_UP_TRG_COM_IRQHandler           0x0800015b   Thumb Code     0  startup_stm32g030xx.o(.text)
    TIM1_CC_IRQHandler                       0x0800015b   Thumb Code     0  startup_stm32g030xx.o(.text)
    TIM3_IRQHandler                          0x0800015b   Thumb Code     0  startup_stm32g030xx.o(.text)
    USART2_IRQHandler                        0x0800015b   Thumb Code     0  startup_stm32g030xx.o(.text)
    WWDG_IRQHandler                          0x0800015b   Thumb Code     0  startup_stm32g030xx.o(.text)
    __user_initial_stackheap                 0x0800015d   Thumb Code     0  startup_stm32g030xx.o(.text)
    __use_two_region_memory                  0x08000181   Thumb Code     2  heapauxi.o(.text)
    __rt_heap_escrow$2region                 0x08000183   Thumb Code     2  heapauxi.o(.text)
    __rt_heap_expand$2region                 0x08000185   Thumb Code     2  heapauxi.o(.text)
    __user_setup_stackheap                   0x08000187   Thumb Code    62  sys_stackheap_outer.o(.text)
    exit                                     0x080001c5   Thumb Code    16  exit.o(.text)
    __user_libspace                          0x080001d5   Thumb Code     8  libspace.o(.text)
    __user_perproc_libspace                  0x080001d5   Thumb Code     0  libspace.o(.text)
    __user_perthread_libspace                0x080001d5   Thumb Code     0  libspace.o(.text)
    _sys_exit                                0x080001dd   Thumb Code     8  sys_exit.o(.text)
    __I$use$semihosting                      0x080001e9   Thumb Code     0  use_no_semi.o(.text)
    __use_no_semihosting_swi                 0x080001e9   Thumb Code     2  use_no_semi.o(.text)
    ADC_Init                                 0x080001eb   Thumb Code     8  adc.o(.text.ADC_Init)
    __semihosting_library_function           0x080001eb   Thumb Code     0  indicate_semi.o(.text)
    ADC_Read_Channel                         0x080001f5   Thumb Code    40  adc.o(.text.ADC_Read_Channel)
    ADC_Reg_Init                             0x08000221   Thumb Code   160  adc.o(.text.ADC_Reg_Init)
    App_Config                               0x080002d1   Thumb Code    84  app.o(.text.App_Config)
    App_Mainloop                             0x08000325   Thumb Code    32  app.o(.text.App_Mainloop)
    DispCom_Buf_Flush                        0x08000349   Thumb Code    24  dispcom.o(.text.DispCom_Buf_Flush)
    DispCom_Buf_Get                          0x08000361   Thumb Code     8  dispcom.o(.text.DispCom_Buf_Get)
    DispCom_Buf_Get_Index                    0x08000369   Thumb Code     8  dispcom.o(.text.DispCom_Buf_Get_Index)
    DispCom_CRC_Calculate_Block              0x08000371   Thumb Code    34  dispcom.o(.text.DispCom_CRC_Calculate_Block)
    DispCom_CRC_Calculate_Byte               0x08000395   Thumb Code    36  dispcom.o(.text.DispCom_CRC_Calculate_Byte)
    DispCom_Config_BAUD_Rate                 0x080003bd   Thumb Code    32  dispcom.o(.text.DispCom_Config_BAUD_Rate)
    DispCom_Config_Clock                     0x080003e1   Thumb Code    16  dispcom.o(.text.DispCom_Config_Clock)
    DispCom_Config_GPIO                      0x080003f1   Thumb Code    60  dispcom.o(.text.DispCom_Config_GPIO)
    DispCom_Config_Rx                        0x08000435   Thumb Code    28  dispcom.o(.text.DispCom_Config_Rx)
    DispCom_Config_Rx_Interrupt              0x08000451   Thumb Code    32  dispcom.o(.text.DispCom_Config_Rx_Interrupt)
    DispCom_Config_Tx                        0x08000471   Thumb Code    28  dispcom.o(.text.DispCom_Config_Tx)
    DispCom_Data_Len_Get                     0x08000491   Thumb Code     8  dispcom.o(.text.DispCom_Data_Len_Get)
    DispCom_Determine_Digit_Numbers          0x08000499   Thumb Code    60  dispcom.o(.text.DispCom_Determine_Digit_Numbers)
    DispCom_ISR_Handler                      0x080004d5   Thumb Code    76  dispcom.o(.text.DispCom_ISR_Handler)
    DispCom_Init                             0x08000521   Thumb Code    52  dispcom.o(.text.DispCom_Init)
    DispCom_RX_Packet_CRC_Check              0x08000555   Thumb Code    92  dispcom.o(.text.DispCom_RX_Packet_CRC_Check)
    DispCom_RX_Packet_Struct_Init            0x080005b1   Thumb Code    24  dispcom.o(.text.DispCom_RX_Packet_Struct_Init)
    DispCom_Rx_Byte                          0x080005c9   Thumb Code    20  dispcom.o(.text.DispCom_Rx_Byte)
    DispCom_Struct_Init                      0x080005e1   Thumb Code    64  dispcom.o(.text.DispCom_Struct_Init)
    DispCom_Timer_Clear_Interrupt_Flag       0x08000621   Thumb Code    20  dispcom.o(.text.DispCom_Timer_Clear_Interrupt_Flag)
    DispCom_Timer_Disable                    0x08000639   Thumb Code    12  dispcom.o(.text.DispCom_Timer_Disable)
    DispCom_Timer_Enable                     0x08000645   Thumb Code    12  dispcom.o(.text.DispCom_Timer_Enable)
    DispCom_Timer_ISR_Handler                0x08000655   Thumb Code    76  dispcom.o(.text.DispCom_Timer_ISR_Handler)
    DispCom_Timer_Init                       0x080006a1   Thumb Code    48  dispcom.o(.text.DispCom_Timer_Init)
    DispCom_Timer_Struct_Init                0x080006dd   Thumb Code    16  dispcom.o(.text.DispCom_Timer_Struct_Init)
    DispCom_Timer_Value_Reset                0x080006f1   Thumb Code     8  dispcom.o(.text.DispCom_Timer_Value_Reset)
    DispCom_Tx_Byte                          0x080006fd   Thumb Code    24  dispcom.o(.text.DispCom_Tx_Byte)
    DispCom_Tx_CM                            0x08000719   Thumb Code    10  dispcom.o(.text.DispCom_Tx_CM)
    DispCom_Tx_NL                            0x08000723   Thumb Code    16  dispcom.o(.text.DispCom_Tx_NL)
    DispCom_Tx_Number                        0x08000733   Thumb Code    28  dispcom.o(.text.DispCom_Tx_Number)
    DispCom_Tx_Number_CM                     0x0800074f   Thumb Code    12  dispcom.o(.text.DispCom_Tx_Number_CM)
    DispCom_Tx_Number_Digits                 0x0800075d   Thumb Code    28  dispcom.o(.text.DispCom_Tx_Number_Digits)
    DispCom_Tx_Number_NL                     0x0800077d   Thumb Code    12  dispcom.o(.text.DispCom_Tx_Number_NL)
    LDR_Automic_Brightness_Off               0x08000789   Thumb Code     8  ldr.o(.text.LDR_Automic_Brightness_Off)
    LDR_Control_Brightness                   0x08000791   Thumb Code   152  ldr.o(.text.LDR_Control_Brightness)
    LDR_GPIO_Init                            0x0800082d   Thumb Code    24  ldr.o(.text.LDR_GPIO_Init)
    LDR_Get_Calculated_Brightness            0x08000845   Thumb Code     8  ldr.o(.text.LDR_Get_Calculated_Brightness)
    LDR_Get_Current_Brightness               0x0800084d   Thumb Code     8  ldr.o(.text.LDR_Get_Current_Brightness)
    LDR_Init                                 0x08000855   Thumb Code    28  ldr.o(.text.LDR_Init)
    LDR_Manual_Brightness_Set                0x08000871   Thumb Code     8  ldr.o(.text.LDR_Manual_Brightness_Set)
    LDR_Read_Brightness                      0x08000879   Thumb Code    20  ldr.o(.text.LDR_Read_Brightness)
    LDR_Reg_Init                             0x0800088d   Thumb Code    14  ldr.o(.text.LDR_Reg_Init)
    LDR_Struct_Init                          0x0800089d   Thumb Code    28  ldr.o(.text.LDR_Struct_Init)
    LPF_Get_Alpha                            0x080008cd   Thumb Code    12  lpf.o(.text.LPF_Get_Alpha)
    LPF_Get_Filtered_Value                   0x080008d9   Thumb Code    40  lpf.o(.text.LPF_Get_Filtered_Value)
    LPF_Init                                 0x08000901   Thumb Code     8  lpf.o(.text.LPF_Init)
    LPF_Set_Alpha                            0x08000909   Thumb Code    12  lpf.o(.text.LPF_Set_Alpha)
    LPF_Struct_Init                          0x08000915   Thumb Code    24  lpf.o(.text.LPF_Struct_Init)
    SevenSegment_Activate_Digit              0x08000931   Thumb Code   212  sevensegment.o(.text.SevenSegment_Activate_Digit)
    SevenSegment_Assign_Digit_Value          0x08000a0d   Thumb Code    16  sevensegment.o(.text.SevenSegment_Assign_Digit_Value)
    SevenSegment_Assign_Segment_Value        0x08000a1d   Thumb Code    28  sevensegment.o(.text.SevenSegment_Assign_Segment_Value)
    SevenSegment_Brightness_Handler          0x08000a39   Thumb Code    88  sevensegment.o(.text.SevenSegment_Brightness_Handler)
    SevenSegment_GPIO_Init                   0x08000a91   Thumb Code   340  sevensegment.o(.text.SevenSegment_GPIO_Init)
    SevenSegment_ISR_Executables             0x08000bf5   Thumb Code     8  sevensegment.o(.text.SevenSegment_ISR_Executables)
    SevenSegment_Init                        0x08000bfd   Thumb Code    20  sevensegment.o(.text.SevenSegment_Init)
    SevenSegment_Set_Brightness              0x08000c15   Thumb Code    36  sevensegment.o(.text.SevenSegment_Set_Brightness)
    SevenSegment_Set_Dp                      0x08000c39   Thumb Code    40  sevensegment.o(.text.SevenSegment_Set_Dp)
    SevenSegment_Set_Segment_Pins            0x08000c61   Thumb Code    16  sevensegment.o(.text.SevenSegment_Set_Segment_Pins)
    SevenSegment_Set_Value                   0x08000c75   Thumb Code    32  sevensegment.o(.text.SevenSegment_Set_Value)
    SevenSegment_Struct_Init                 0x08000cad   Thumb Code    44  sevensegment.o(.text.SevenSegment_Struct_Init)
    SevenSegment_Timer_Init                  0x08000cdd   Thumb Code    52  sevensegment.o(.text.SevenSegment_Timer_Init)
    SystemInit                               0x08000d1d   Thumb Code     2  system_stm32g0xx.o(.text.SystemInit)
    TIM14_IRQHandler                         0x08000d21   Thumb Code    20  sevensegment.o(.text.TIM14_IRQHandler)
    TIM16_IRQHandler                         0x08000d39   Thumb Code     8  dispcom.o(.text.TIM16_IRQHandler)
    USART1_IRQHandler                        0x08000d41   Thumb Code     8  dispcom.o(.text.USART1_IRQHandler)
    WDT_Init                                 0x08000d49   Thumb Code    64  wdt.o(.text.WDT_Init)
    WDT_Reload                               0x08000d95   Thumb Code    16  wdt.o(.text.WDT_Reload)
    main                                     0x08000e09   Thumb Code    28  main.o(.text.main)
    __aeabi_uidiv                            0x08000e2d   Thumb Code    68  aeabi_sdivfast.o(.text_divfast)
    __aeabi_idiv                             0x08000e71   Thumb Code   434  aeabi_sdivfast.o(.text_divfast)
    Region$$Table$$Base                      0x08001024   Number         0  anon$$obj.o(Region$$Table)
    Region$$Table$$Limit                     0x08001034   Number         0  anon$$obj.o(Region$$Table)
    __libspace_start                         0x20000000   Data          96  libspace.o(.bss)
    __temporary_stack_top$libspace           0x20000060   Data           0  libspace.o(.bss)



==============================================================================

Memory Map of the image

  Image Entry point : 0x08000149

  Load Region LR_1 (Base: 0x08000000, Size: 0x00001034, Max: 0xffffffff, ABSOLUTE)

    Execution Region ER_RO (Exec base: 0x08000000, Load base: 0x08000000, Size: 0x00001034, Max: 0xffffffff, ABSOLUTE)

    Exec Addr    Load Addr    Size         Type   Attr      Idx    E Section Name        Object

    0x08000000   0x08000000   0x000000c0   Data   RO          328    RESET               startup_stm32g030xx.o
    0x080000c0   0x080000c0   0x00000008   Code   RO          362  * !!!main             c_p.l(__main.o)
    0x080000c8   0x080000c8   0x0000003c   Code   RO          537    !!!scatter          c_p.l(__scatter.o)
    0x08000104   0x08000104   0x0000001c   Code   RO          539    !!handler_zi        c_p.l(__scatter_zi.o)
    0x08000120   0x08000120   0x00000002   Code   RO          400    .ARM.Collect$$libinit$$00000000  c_p.l(libinit.o)
    0x08000122   0x08000122   0x00000000   Code   RO          414    .ARM.Collect$$libinit$$00000002  c_p.l(libinit2.o)
    0x08000122   0x08000122   0x00000000   Code   RO          416    .ARM.Collect$$libinit$$00000004  c_p.l(libinit2.o)
    0x08000122   0x08000122   0x00000000   Code   RO          419    .ARM.Collect$$libinit$$0000000A  c_p.l(libinit2.o)
    0x08000122   0x08000122   0x00000000   Code   RO          421    .ARM.Collect$$libinit$$0000000C  c_p.l(libinit2.o)
    0x08000122   0x08000122   0x00000000   Code   RO          423    .ARM.Collect$$libinit$$0000000E  c_p.l(libinit2.o)
    0x08000122   0x08000122   0x00000000   Code   RO          426    .ARM.Collect$$libinit$$00000011  c_p.l(libinit2.o)
    0x08000122   0x08000122   0x00000000   Code   RO          428    .ARM.Collect$$libinit$$00000013  c_p.l(libinit2.o)
    0x08000122   0x08000122   0x00000000   Code   RO          430    .ARM.Collect$$libinit$$00000015  c_p.l(libinit2.o)
    0x08000122   0x08000122   0x00000000   Code   RO          432    .ARM.Collect$$libinit$$00000017  c_p.l(libinit2.o)
    0x08000122   0x08000122   0x00000000   Code   RO          434    .ARM.Collect$$libinit$$00000019  c_p.l(libinit2.o)
    0x08000122   0x08000122   0x00000000   Code   RO          436    .ARM.Collect$$libinit$$0000001B  c_p.l(libinit2.o)
    0x08000122   0x08000122   0x00000000   Code   RO          438    .ARM.Collect$$libinit$$0000001D  c_p.l(libinit2.o)
    0x08000122   0x08000122   0x00000000   Code   RO          440    .ARM.Collect$$libinit$$0000001F  c_p.l(libinit2.o)
    0x08000122   0x08000122   0x00000000   Code   RO          442    .ARM.Collect$$libinit$$00000021  c_p.l(libinit2.o)
    0x08000122   0x08000122   0x00000000   Code   RO          444    .ARM.Collect$$libinit$$00000023  c_p.l(libinit2.o)
    0x08000122   0x08000122   0x00000000   Code   RO          446    .ARM.Collect$$libinit$$00000025  c_p.l(libinit2.o)
    0x08000122   0x08000122   0x00000000   Code   RO          450    .ARM.Collect$$libinit$$0000002C  c_p.l(libinit2.o)
    0x08000122   0x08000122   0x00000000   Code   RO          452    .ARM.Collect$$libinit$$0000002E  c_p.l(libinit2.o)
    0x08000122   0x08000122   0x00000000   Code   RO          454    .ARM.Collect$$libinit$$00000030  c_p.l(libinit2.o)
    0x08000122   0x08000122   0x00000000   Code   RO          456    .ARM.Collect$$libinit$$00000032  c_p.l(libinit2.o)
    0x08000122   0x08000122   0x00000002   Code   RO          457    .ARM.Collect$$libinit$$00000033  c_p.l(libinit2.o)
    0x08000124   0x08000124   0x00000002   Code   RO          492    .ARM.Collect$$libshutdown$$00000000  c_p.l(libshutdown.o)
    0x08000126   0x08000126   0x00000000   Code   RO          520    .ARM.Collect$$libshutdown$$00000002  c_p.l(libshutdown2.o)
    0x08000126   0x08000126   0x00000000   Code   RO          522    .ARM.Collect$$libshutdown$$00000004  c_p.l(libshutdown2.o)
    0x08000126   0x08000126   0x00000000   Code   RO          525    .ARM.Collect$$libshutdown$$00000007  c_p.l(libshutdown2.o)
    0x08000126   0x08000126   0x00000000   Code   RO          528    .ARM.Collect$$libshutdown$$0000000A  c_p.l(libshutdown2.o)
    0x08000126   0x08000126   0x00000000   Code   RO          530    .ARM.Collect$$libshutdown$$0000000C  c_p.l(libshutdown2.o)
    0x08000126   0x08000126   0x00000000   Code   RO          533    .ARM.Collect$$libshutdown$$0000000F  c_p.l(libshutdown2.o)
    0x08000126   0x08000126   0x00000002   Code   RO          534    .ARM.Collect$$libshutdown$$00000010  c_p.l(libshutdown2.o)
    0x08000128   0x08000128   0x00000000   Code   RO          364    .ARM.Collect$$rtentry$$00000000  c_p.l(__rtentry.o)
    0x08000128   0x08000128   0x00000000   Code   RO          370    .ARM.Collect$$rtentry$$00000002  c_p.l(__rtentry2.o)
    0x08000128   0x08000128   0x00000006   Code   RO          382    .ARM.Collect$$rtentry$$00000004  c_p.l(__rtentry4.o)
    0x0800012e   0x0800012e   0x00000000   Code   RO          372    .ARM.Collect$$rtentry$$00000009  c_p.l(__rtentry2.o)
    0x0800012e   0x0800012e   0x00000004   Code   RO          373    .ARM.Collect$$rtentry$$0000000A  c_p.l(__rtentry2.o)
    0x08000132   0x08000132   0x00000000   Code   RO          375    .ARM.Collect$$rtentry$$0000000C  c_p.l(__rtentry2.o)
    0x08000132   0x08000132   0x00000008   Code   RO          376    .ARM.Collect$$rtentry$$0000000D  c_p.l(__rtentry2.o)
    0x0800013a   0x0800013a   0x00000002   Code   RO          405    .ARM.Collect$$rtexit$$00000000  c_p.l(rtexit.o)
    0x0800013c   0x0800013c   0x00000000   Code   RO          463    .ARM.Collect$$rtexit$$00000002  c_p.l(rtexit2.o)
    0x0800013c   0x0800013c   0x00000004   Code   RO          464    .ARM.Collect$$rtexit$$00000003  c_p.l(rtexit2.o)
    0x08000140   0x08000140   0x00000006   Code   RO          465    .ARM.Collect$$rtexit$$00000004  c_p.l(rtexit2.o)
    0x08000146   0x08000146   0x00000002   PAD
    0x08000148   0x08000148   0x00000038   Code   RO          329  * .text               startup_stm32g030xx.o
    0x08000180   0x08000180   0x00000006   Code   RO          360    .text               c_p.l(heapauxi.o)
    0x08000186   0x08000186   0x0000003e   Code   RO          386    .text               c_p.l(sys_stackheap_outer.o)
    0x080001c4   0x080001c4   0x00000010   Code   RO          389    .text               c_p.l(exit.o)
    0x080001d4   0x080001d4   0x00000008   Code   RO          401    .text               c_p.l(libspace.o)
    0x080001dc   0x080001dc   0x0000000c   Code   RO          458    .text               c_p.l(sys_exit.o)
    0x080001e8   0x080001e8   0x00000002   Code   RO          481    .text               c_p.l(use_no_semi.o)
    0x080001ea   0x080001ea   0x00000000   Code   RO          483    .text               c_p.l(indicate_semi.o)
    0x080001ea   0x080001ea   0x00000008   Code   RO          250    .text.ADC_Init      adc.o
    0x080001f2   0x080001f2   0x00000002   PAD
    0x080001f4   0x080001f4   0x0000002c   Code   RO          248    .text.ADC_Read_Channel  adc.o
    0x08000220   0x08000220   0x000000b0   Code   RO          246    .text.ADC_Reg_Init  adc.o
    0x080002d0   0x080002d0   0x00000054   Code   RO           11    .text.App_Config    app.o
    0x08000324   0x08000324   0x00000024   Code   RO           13    .text.App_Mainloop  app.o
    0x08000348   0x08000348   0x00000018   Code   RO          146    .text.DispCom_Buf_Flush  dispcom.o
    0x08000360   0x08000360   0x00000008   Code   RO          150    .text.DispCom_Buf_Get  dispcom.o
    0x08000368   0x08000368   0x00000008   Code   RO          152    .text.DispCom_Buf_Get_Index  dispcom.o
    0x08000370   0x08000370   0x00000022   Code   RO          184    .text.DispCom_CRC_Calculate_Block  dispcom.o
    0x08000392   0x08000392   0x00000002   PAD
    0x08000394   0x08000394   0x00000028   Code   RO          182    .text.DispCom_CRC_Calculate_Byte  dispcom.o
    0x080003bc   0x080003bc   0x00000024   Code   RO           42    .text.DispCom_Config_BAUD_Rate  dispcom.o
    0x080003e0   0x080003e0   0x00000010   Code   RO           40    .text.DispCom_Config_Clock  dispcom.o
    0x080003f0   0x080003f0   0x00000044   Code   RO           38    .text.DispCom_Config_GPIO  dispcom.o
    0x08000434   0x08000434   0x0000001c   Code   RO           46    .text.DispCom_Config_Rx  dispcom.o
    0x08000450   0x08000450   0x00000020   Code   RO           48    .text.DispCom_Config_Rx_Interrupt  dispcom.o
    0x08000470   0x08000470   0x00000020   Code   RO           44    .text.DispCom_Config_Tx  dispcom.o
    0x08000490   0x08000490   0x00000008   Code   RO          156    .text.DispCom_Data_Len_Get  dispcom.o
    0x08000498   0x08000498   0x0000003c   Code   RO          100    .text.DispCom_Determine_Digit_Numbers  dispcom.o
    0x080004d4   0x080004d4   0x0000004c   Code   RO           62    .text.DispCom_ISR_Handler  dispcom.o
    0x08000520   0x08000520   0x00000034   Code   RO          188    .text.DispCom_Init  dispcom.o
    0x08000554   0x08000554   0x0000005c   Code   RO          178    .text.DispCom_RX_Packet_CRC_Check  dispcom.o
    0x080005b0   0x080005b0   0x00000018   Code   RO           36    .text.DispCom_RX_Packet_Struct_Init  dispcom.o
    0x080005c8   0x080005c8   0x00000018   Code   RO           58    .text.DispCom_Rx_Byte  dispcom.o
    0x080005e0   0x080005e0   0x00000040   Code   RO           34    .text.DispCom_Struct_Init  dispcom.o
    0x08000620   0x08000620   0x00000018   Code   RO           78    .text.DispCom_Timer_Clear_Interrupt_Flag  dispcom.o
    0x08000638   0x08000638   0x0000000c   Code   RO           70    .text.DispCom_Timer_Disable  dispcom.o
    0x08000644   0x08000644   0x00000010   Code   RO           68    .text.DispCom_Timer_Enable  dispcom.o
    0x08000654   0x08000654   0x0000004c   Code   RO           82    .text.DispCom_Timer_ISR_Handler  dispcom.o
    0x080006a0   0x080006a0   0x0000003c   Code   RO           66    .text.DispCom_Timer_Init  dispcom.o
    0x080006dc   0x080006dc   0x00000014   Code   RO           64    .text.DispCom_Timer_Struct_Init  dispcom.o
    0x080006f0   0x080006f0   0x0000000c   Code   RO           76    .text.DispCom_Timer_Value_Reset  dispcom.o
    0x080006fc   0x080006fc   0x0000001c   Code   RO           56    .text.DispCom_Tx_Byte  dispcom.o
    0x08000718   0x08000718   0x0000000a   Code   RO           90    .text.DispCom_Tx_CM  dispcom.o
    0x08000722   0x08000722   0x00000010   Code   RO           86    .text.DispCom_Tx_NL  dispcom.o
    0x08000732   0x08000732   0x0000001c   Code   RO          104    .text.DispCom_Tx_Number  dispcom.o
    0x0800074e   0x0800074e   0x0000000c   Code   RO          114    .text.DispCom_Tx_Number_CM  dispcom.o
    0x0800075a   0x0800075a   0x00000002   PAD
    0x0800075c   0x0800075c   0x00000020   Code   RO          102    .text.DispCom_Tx_Number_Digits  dispcom.o
    0x0800077c   0x0800077c   0x0000000c   Code   RO          110    .text.DispCom_Tx_Number_NL  dispcom.o
    0x08000788   0x08000788   0x00000008   Code   RO          276    .text.LDR_Automic_Brightness_Off  ldr.o
    0x08000790   0x08000790   0x0000009c   Code   RO          268    .text.LDR_Control_Brightness  ldr.o
    0x0800082c   0x0800082c   0x00000018   Code   RO          262    .text.LDR_GPIO_Init  ldr.o
    0x08000844   0x08000844   0x00000008   Code   RO          272    .text.LDR_Get_Calculated_Brightness  ldr.o
    0x0800084c   0x0800084c   0x00000008   Code   RO          270    .text.LDR_Get_Current_Brightness  ldr.o
    0x08000854   0x08000854   0x0000001c   Code   RO          280    .text.LDR_Init      ldr.o
    0x08000870   0x08000870   0x00000008   Code   RO          278    .text.LDR_Manual_Brightness_Set  ldr.o
    0x08000878   0x08000878   0x00000014   Code   RO          266    .text.LDR_Read_Brightness  ldr.o
    0x0800088c   0x0800088c   0x0000000e   Code   RO          264    .text.LDR_Reg_Init  ldr.o
    0x0800089a   0x0800089a   0x00000002   PAD
    0x0800089c   0x0800089c   0x00000030   Code   RO          260    .text.LDR_Struct_Init  ldr.o
    0x080008cc   0x080008cc   0x0000000c   Code   RO          299    .text.LPF_Get_Alpha  lpf.o
    0x080008d8   0x080008d8   0x00000028   Code   RO          301    .text.LPF_Get_Filtered_Value  lpf.o
    0x08000900   0x08000900   0x00000008   Code   RO          303    .text.LPF_Init      lpf.o
    0x08000908   0x08000908   0x0000000c   Code   RO          297    .text.LPF_Set_Alpha  lpf.o
    0x08000914   0x08000914   0x0000001c   Code   RO          295    .text.LPF_Struct_Init  lpf.o
    0x08000930   0x08000930   0x000000dc   Code   RO          217    .text.SevenSegment_Activate_Digit  sevensegment.o
    0x08000a0c   0x08000a0c   0x00000010   Code   RO          219    .text.SevenSegment_Assign_Digit_Value  sevensegment.o
    0x08000a1c   0x08000a1c   0x0000001c   Code   RO          215    .text.SevenSegment_Assign_Segment_Value  sevensegment.o
    0x08000a38   0x08000a38   0x00000058   Code   RO          221    .text.SevenSegment_Brightness_Handler  sevensegment.o
    0x08000a90   0x08000a90   0x00000164   Code   RO          201    .text.SevenSegment_GPIO_Init  sevensegment.o
    0x08000bf4   0x08000bf4   0x00000008   Code   RO          211    .text.SevenSegment_ISR_Executables  sevensegment.o
    0x08000bfc   0x08000bfc   0x00000018   Code   RO          233    .text.SevenSegment_Init  sevensegment.o
    0x08000c14   0x08000c14   0x00000024   Code   RO          227    .text.SevenSegment_Set_Brightness  sevensegment.o
    0x08000c38   0x08000c38   0x00000028   Code   RO          223    .text.SevenSegment_Set_Dp  sevensegment.o
    0x08000c60   0x08000c60   0x00000014   Code   RO          213    .text.SevenSegment_Set_Segment_Pins  sevensegment.o
    0x08000c74   0x08000c74   0x00000038   Code   RO          225    .text.SevenSegment_Set_Value  sevensegment.o
    0x08000cac   0x08000cac   0x00000030   Code   RO          199    .text.SevenSegment_Struct_Init  sevensegment.o
    0x08000cdc   0x08000cdc   0x00000040   Code   RO          203    .text.SevenSegment_Timer_Init  sevensegment.o
    0x08000d1c   0x08000d1c   0x00000002   Code   RO          336    .text.SystemInit    system_stm32g0xx.o
    0x08000d1e   0x08000d1e   0x00000002   PAD
    0x08000d20   0x08000d20   0x00000018   Code   RO          209    .text.TIM14_IRQHandler  sevensegment.o
    0x08000d38   0x08000d38   0x00000008   Code   RO           80    .text.TIM16_IRQHandler  dispcom.o
    0x08000d40   0x08000d40   0x00000008   Code   RO           60    .text.USART1_IRQHandler  dispcom.o
    0x08000d48   0x08000d48   0x0000004c   Code   RO           22    .text.WDT_Init      wdt.o
    0x08000d94   0x08000d94   0x00000018   Code   RO           24    .text.WDT_Reload    wdt.o
    0x08000dac   0x08000dac   0x00000010   Code   RO           50    .text.__NVIC_EnableIRQ  dispcom.o
    0x08000dbc   0x08000dbc   0x00000010   Code   RO          205    .text.__NVIC_EnableIRQ  sevensegment.o
    0x08000dcc   0x08000dcc   0x00000028   Code   RO           52    .text.__NVIC_SetPriority  dispcom.o
    0x08000df4   0x08000df4   0x00000014   Code   RO          207    .text.__NVIC_SetPriority  sevensegment.o
    0x08000e08   0x08000e08   0x00000024   Code   RO            2    .text.main          main.o
    0x08000e2c   0x08000e2c   0x000001f6   Code   RO          353    .text_divfast       c_p.l(aeabi_sdivfast.o)
    0x08001022   0x08001022   0x00000002   PAD
    0x08001024   0x08001024   0x00000010   Data   RO          536    Region$$Table       anon$$obj.o


    Execution Region ER_RW (Exec base: 0x20000000, Load base: 0x08001034, Size: 0x00000000, Max: 0xffffffff, ABSOLUTE)

    **** No section assigned to this execution region ****


    Execution Region ER_ZI (Exec base: 0x20000000, Load base: 0x08001034, Size: 0x000006f8, Max: 0xffffffff, ABSOLUTE)

    Exec Addr    Load Addr    Size         Type   Attr      Idx    E Section Name        Object

    0x20000000        -       0x00000060   Zero   RW          402    .bss                c_p.l(libspace.o)
    0x20000060        -       0x0000005c   Zero   RW          190    .bss.DispCom        dispcom.o
    0x200000bc        -       0x00000002   Zero   RW          282    .bss.LDR.0          ldr.o
    0x200000be        -       0x00000002   Zero   RW          283    .bss.LDR.1          ldr.o
    0x200000c0        -       0x00000002   Zero   RW          284    .bss.LDR.2          ldr.o
    0x200000c2        -       0x00000001   Zero   RW          285    .bss.LDR.4          ldr.o
    0x200000c3   0x08001034   0x00000001   PAD
    0x200000c4        -       0x00000001   Zero   RW          286    .bss.LDR.5          ldr.o
    0x200000c5   0x08001034   0x00000003   PAD
    0x200000c8        -       0x00000018   Zero   RW          305    .bss.LPF            lpf.o
    0x200000e0        -       0x00000018   Zero   RW          235    .bss.SevenSegment   sevensegment.o
    0x200000f8        -       0x00000200   Zero   RW          327    HEAP                startup_stm32g030xx.o
    0x200002f8        -       0x00000400   Zero   RW          326    STACK               startup_stm32g030xx.o


==============================================================================

Image component sizes


      Code (inc. data)   RO Data    RW Data    ZI Data      Debug   Object Name

       228         20          0          0          0       2459   adc.o
       120          4          0          0          0        703   app.o
      1156         64          0          0         92      17788   dispcom.o
       322         24          0          0          8       3192   ldr.o
       100          4          0          0         24       1700   lpf.o
        36          8          0          0          0        536   main.o
      1064        100          0          0         24       7275   sevensegment.o
        56         26        192          0       1536        676   startup_stm32g030xx.o
         2          0          0          0          0       2027   system_stm32g0xx.o
       100         20          0          0          0       1584   wdt.o

    ----------------------------------------------------------------------
      3194        270        208          0       1688      37940   Object Totals
         0          0         16          0          0          0   (incl. Generated)
        10          0          0          0          4          0   (incl. Padding)

    ----------------------------------------------------------------------

      Code (inc. data)   RO Data    RW Data    ZI Data      Debug   Library Member Name

         8          0          0          0          0         68   __main.o
         0          0          0          0          0          0   __rtentry.o
        12          0          0          0          0          0   __rtentry2.o
         6          0          0          0          0          0   __rtentry4.o
        60          8          0          0          0          0   __scatter.o
        28          0          0          0          0          0   __scatter_zi.o
       502          0          0          0          0         92   aeabi_sdivfast.o
        16          0          0          0          0         68   exit.o
         6          0          0          0          0        136   heapauxi.o
         0          0          0          0          0          0   indicate_semi.o
         2          0          0          0          0          0   libinit.o
         2          0          0          0          0          0   libinit2.o
         2          0          0          0          0          0   libshutdown.o
         2          0          0          0          0          0   libshutdown2.o
         8          4          0          0         96         68   libspace.o
         2          0          0          0          0          0   rtexit.o
        10          0          0          0          0          0   rtexit2.o
        12          4          0          0          0         60   sys_exit.o
        62          0          0          0          0         80   sys_stackheap_outer.o
         2          0          0          0          0         68   use_no_semi.o

    ----------------------------------------------------------------------
       746         16          0          0         96        640   Library Totals
         4          0          0          0          0          0   (incl. Padding)

    ----------------------------------------------------------------------

      Code (inc. data)   RO Data    RW Data    ZI Data      Debug   Library Name

       742         16          0          0         96        640   c_p.l

    ----------------------------------------------------------------------
       746         16          0          0         96        640   Library Totals

    ----------------------------------------------------------------------

==============================================================================


      Code (inc. data)   RO Data    RW Data    ZI Data      Debug   

      3940        286        208          0       1784      38208   Grand Totals
      3940        286        208          0       1784      38208   ELF Image Totals
      3940        286        208          0          0          0   ROM Totals

==============================================================================

    Total RO  Size (Code + RO Data)                 4148 (   4.05kB)
    Total RW  Size (RW Data + ZI Data)              1784 (   1.74kB)
    Total ROM Size (Code + RO Data + RW Data)       4148 (   4.05kB)

==============================================================================

