Component: ARM Compiler 6.16 Tool: armlink [5dfeaa00]

==============================================================================

Section Cross References

    main.o(.text.main) refers to app.o(.text.App_Config) for App_Config
    main.o(.text.main) refers to wdt.o(.text.WDT_Init) for WDT_Init
    main.o(.text.main) refers to wdt.o(.text.WDT_Reload) for WDT_Reload
    main.o(.text.main) refers to app.o(.text.App_Mainloop) for App_Mainloop
    main.o(.ARM.exidx.text.main) refers to main.o(.text.main) for [Anonymous Symbol]
    app.o(.text.App_Config) refers to ldr.o(.text.LDR_Init) for LDR_Init
    app.o(.text.App_Config) refers to sevensegment.o(.text.SevenSegment_Init) for SevenSegment_Init
    app.o(.text.App_Config) refers to dispcom.o(.text.DispCom_Init) for DispCom_Init
    app.o(.text.App_Config) refers to protocol.o(.text.Protocol_Init) for Protocol_Init
    app.o(.text.App_Config) refers to sevensegment.o(.text.SevenSegment_Set_Value) for SevenSegment_Set_Value
    app.o(.text.App_Config) refers to sevensegment.o(.text.SevenSegment_Set_Dp) for SevenSegment_Set_Dp
    app.o(.text.App_Config) refers to ldr.o(.text.LDR_Max_Brightness_Set) for LDR_Max_Brightness_Set
    app.o(.text.App_Config) refers to ldr.o(.text.LDR_Automic_Brightness_On) for LDR_Automic_Brightness_On
    app.o(.text.App_Config) refers to ldr.o(.text.LDR_Manual_Brightness_Set) for LDR_Manual_Brightness_Set
    app.o(.ARM.exidx.text.App_Config) refers to app.o(.text.App_Config) for [Anonymous Symbol]
    app.o(.text.App_Mainloop) refers to dispcom.o(.text.DispCom_Data_Available) for DispCom_Data_Available
    app.o(.text.App_Mainloop) refers to protocol.o(.text.Protocol_RxPacket_StsRead_Get) for Protocol_RxPacket_StsRead_Get
    app.o(.text.App_Mainloop) refers to protocol.o(.text.Protocol_Build_Status_Packet) for Protocol_Build_Status_Packet
    app.o(.text.App_Mainloop) refers to protocol.o(.text.Protocol_Transmit_Packet) for Protocol_Transmit_Packet
    app.o(.text.App_Mainloop) refers to protocol.o(.text.Protocol_RxPacket_StsRead_Clear) for Protocol_RxPacket_StsRead_Clear
    app.o(.text.App_Mainloop) refers to dispcom.o(.text.DispCom_RX_Packet_Read_Complete) for DispCom_RX_Packet_Read_Complete
    app.o(.text.App_Mainloop) refers to ldr.o(.text.LDR_Control_Brightness) for LDR_Control_Brightness
    app.o(.ARM.exidx.text.App_Mainloop) refers to app.o(.text.App_Mainloop) for [Anonymous Symbol]
    wdt.o(.ARM.exidx.text.WDT_Init) refers to wdt.o(.text.WDT_Init) for [Anonymous Symbol]
    wdt.o(.ARM.exidx.text.WDT_Reload) refers to wdt.o(.text.WDT_Reload) for [Anonymous Symbol]
    dispcom.o(.text.DispCom_Struct_Init) refers to dispcom.o(.bss.DispCom) for [Anonymous Symbol]
    dispcom.o(.ARM.exidx.text.DispCom_Struct_Init) refers to dispcom.o(.text.DispCom_Struct_Init) for [Anonymous Symbol]
    dispcom.o(.text.DispCom_RX_Packet_Struct_Init) refers to dispcom.o(.bss.DispCom) for [Anonymous Symbol]
    dispcom.o(.ARM.exidx.text.DispCom_RX_Packet_Struct_Init) refers to dispcom.o(.text.DispCom_RX_Packet_Struct_Init) for [Anonymous Symbol]
    dispcom.o(.ARM.exidx.text.DispCom_Config_GPIO) refers to dispcom.o(.text.DispCom_Config_GPIO) for [Anonymous Symbol]
    dispcom.o(.ARM.exidx.text.DispCom_Config_Clock) refers to dispcom.o(.text.DispCom_Config_Clock) for [Anonymous Symbol]
    dispcom.o(.text.DispCom_Config_BAUD_Rate) refers to aeabi_sdivfast.o(.text_divfast) for __aeabi_uidiv
    dispcom.o(.ARM.exidx.text.DispCom_Config_BAUD_Rate) refers to dispcom.o(.text.DispCom_Config_BAUD_Rate) for [Anonymous Symbol]
    dispcom.o(.ARM.exidx.text.DispCom_Config_Tx) refers to dispcom.o(.text.DispCom_Config_Tx) for [Anonymous Symbol]
    dispcom.o(.ARM.exidx.text.DispCom_Config_Rx) refers to dispcom.o(.text.DispCom_Config_Rx) for [Anonymous Symbol]
    dispcom.o(.text.DispCom_Config_Rx_Interrupt) refers to dispcom.o(.text.__NVIC_EnableIRQ) for __NVIC_EnableIRQ
    dispcom.o(.text.DispCom_Config_Rx_Interrupt) refers to dispcom.o(.text.__NVIC_SetPriority) for __NVIC_SetPriority
    dispcom.o(.ARM.exidx.text.DispCom_Config_Rx_Interrupt) refers to dispcom.o(.text.DispCom_Config_Rx_Interrupt) for [Anonymous Symbol]
    dispcom.o(.ARM.exidx.text.__NVIC_EnableIRQ) refers to dispcom.o(.text.__NVIC_EnableIRQ) for [Anonymous Symbol]
    dispcom.o(.ARM.exidx.text.__NVIC_SetPriority) refers to dispcom.o(.text.__NVIC_SetPriority) for [Anonymous Symbol]
    dispcom.o(.ARM.exidx.text.DispCom_Clear_Interrupt_Flag) refers to dispcom.o(.text.DispCom_Clear_Interrupt_Flag) for [Anonymous Symbol]
    dispcom.o(.ARM.exidx.text.DispCom_Tx_Byte) refers to dispcom.o(.text.DispCom_Tx_Byte) for [Anonymous Symbol]
    dispcom.o(.ARM.exidx.text.DispCom_Rx_Byte) refers to dispcom.o(.text.DispCom_Rx_Byte) for [Anonymous Symbol]
    dispcom.o(.text.USART1_IRQHandler) refers to dispcom.o(.text.DispCom_ISR_Handler) for DispCom_ISR_Handler
    dispcom.o(.ARM.exidx.text.USART1_IRQHandler) refers to dispcom.o(.text.USART1_IRQHandler) for [Anonymous Symbol]
[...]
    Removing dispcom.o(.ARM.exidx.text.DispCom_Config_Clock), (8 bytes).
    Removing dispcom.o(.ARM.exidx.text.DispCom_Config_BAUD_Rate), (8 bytes).
    Removing dispcom.o(.ARM.exidx.text.DispCom_Config_Tx), (8 bytes).
    Removing dispcom.o(.ARM.exidx.text.DispCom_Config_Rx), (8 bytes).
    Removing dispcom.o(.ARM.exidx.text.DispCom_Config_Rx_Interrupt), (8 bytes).
    Removing dispcom.o(.ARM.exidx.text.__NVIC_EnableIRQ), (8 bytes).
    Removing dispcom.o(.ARM.exidx.text.__NVIC_SetPriority), (8 bytes).
    Removing dispcom.o(.text.DispCom_Clear_Interrupt_Flag), (2 bytes).
    Removing dispcom.o(.ARM.exidx.text.DispCom_Clear_Interrupt_Flag), (8 bytes).
    Removing dispcom.o(.ARM.exidx.text.DispCom_Tx_Byte), (8 bytes).
    Removing dispcom.o(.ARM.exidx.text.DispCom_Rx_Byte), (8 bytes).
    Removing dispcom.o(.ARM.exidx.text.USART1_IRQHandler), (8 bytes).
    Removing dispcom.o(.ARM.exidx.text.DispCom_ISR_Handler), (8 bytes).
    Removing dispcom.o(.ARM.exidx.text.DispCom_Timer_Struct_Init), (8 bytes).
    Removing dispcom.o(.ARM.exidx.text.DispCom_Timer_Init), (8 bytes).
    Removing dispcom.o(.ARM.exidx.text.DispCom_Timer_Enable), (8 bytes).
    Removing dispcom.o(.ARM.exidx.text.DispCom_Timer_Disable), (8 bytes).
    Removing dispcom.o(.text.DispCom_Timer_Get_Status), (12 bytes).
    Removing dispcom.o(.ARM.exidx.text.DispCom_Timer_Get_Status), (8 bytes).
    Removing dispcom.o(.text.DispCom_Timer_Get_Val), (12 bytes).
    Removing dispcom.o(.ARM.exidx.text.DispCom_Timer_Get_Val), (8 bytes).
    Removing dispcom.o(.ARM.exidx.text.DispCom_Timer_Value_Reset), (8 bytes).
    Removing dispcom.o(.ARM.exidx.text.DispCom_Timer_Clear_Interrupt_Flag), (8 bytes).
    Removing dispcom.o(.ARM.exidx.text.TIM16_IRQHandler), (8 bytes).
    Removing dispcom.o(.ARM.exidx.text.DispCom_Timer_ISR_Handler), (8 bytes).
    Removing dispcom.o(.ARM.exidx.text.DispCom_Tx_Buf), (8 bytes).
    Removing dispcom.o(.text.DispCom_Tx_NL), (16 bytes).
    Removing dispcom.o(.ARM.exidx.text.DispCom_Tx_NL), (8 bytes).
    Removing dispcom.o(.text.DispCom_Tx_SP), (10 bytes).
    Removing dispcom.o(.ARM.exidx.text.DispCom_Tx_SP), (8 bytes).
    Removing dispcom.o(.text.DispCom_Tx_CM), (10 bytes).
    Removing dispcom.o(.ARM.exidx.text.DispCom_Tx_CM), (8 bytes).
    Removing dispcom.o(.text.DispCom_Tx_Text), (30 bytes).
    Removing dispcom.o(.ARM.exidx.text.DispCom_Tx_Text), (8 bytes).
    Removing dispcom.o(.text.DispCom_Tx_Text_NL), (12 bytes).
    Removing dispcom.o(.ARM.exidx.text.DispCom_Tx_Text_NL), (8 bytes).
    Removing dispcom.o(.text.DispCom_Tx_Text_SP), (12 bytes).
    Removing dispcom.o(.ARM.exidx.text.DispCom_Tx_Text_SP), (8 bytes).
    Removing dispcom.o(.text.DispCom_Tx_Text_CM), (12 bytes).
    Removing dispcom.o(.ARM.exidx.text.DispCom_Tx_Text_CM), (8 bytes).
    Removing dispcom.o(.text.DispCom_Determine_Digit_Numbers), (64 bytes).
    Removing dispcom.o(.ARM.exidx.text.DispCom_Determine_Digit_Numbers), (8 bytes).
    Removing dispcom.o(.text.DispCom_Tx_Number_Digits), (32 bytes).
    Removing dispcom.o(.ARM.exidx.text.DispCom_Tx_Number_Digits), (8 bytes).
    Removing dispcom.o(.text.DispCom_Tx_Number), (28 bytes).
    Removing dispcom.o(.ARM.exidx.text.DispCom_Tx_Number), (8 bytes).
    Removing dispcom.o(.text.DispCom_Tx_Number_Hex), (104 bytes).
    Removing dispcom.o(.ARM.exidx.text.DispCom_Tx_Number_Hex), (8 bytes).
    Removing dispcom.o(.text.DispCom_Tx_Number_Bin), (68 bytes).
    Removing dispcom.o(.ARM.exidx.text.DispCom_Tx_Number_Bin), (8 bytes).
    Removing dispcom.o(.text.DispCom_Tx_Number_NL), (12 bytes).
    Removing dispcom.o(.ARM.exidx.text.DispCom_Tx_Number_NL), (8 bytes).
    Removing dispcom.o(.text.DispCom_Tx_Number_SP), (12 bytes).
    Removing dispcom.o(.ARM.exidx.text.DispCom_Tx_Number_SP), (8 bytes).
    Removing dispcom.o(.text.DispCom_Tx_Number_CM), (12 bytes).
    Removing dispcom.o(.ARM.exidx.text.DispCom_Tx_Number_CM), (8 bytes).
    Removing dispcom.o(.text.DispCom_Tx_Number_Hex_NL), (12 bytes).
    Removing dispcom.o(.ARM.exidx.text.DispCom_Tx_Number_Hex_NL), (8 bytes).
    Removing dispcom.o(.text.DispCom_Tx_Number_Hex_SP), (12 bytes).
    Removing dispcom.o(.ARM.exidx.text.DispCom_Tx_Number_Hex_SP), (8 bytes).
    Removing dispcom.o(.text.DispCom_Tx_Number_Hex_CM), (12 bytes).
    Removing dispcom.o(.ARM.exidx.text.DispCom_Tx_Number_Hex_CM), (8 bytes).
    Removing dispcom.o(.text.DispCom_Tx_Number_Bin_NL), (12 bytes).
    Removing dispcom.o(.ARM.exidx.text.DispCom_Tx_Number_Bin_NL), (8 bytes).
    Removing dispcom.o(.text.DispCom_Tx_Number_Bin_SP), (12 bytes).
    Removing dispcom.o(.ARM.exidx.text.DispCom_Tx_Number_Bin_SP), (8 bytes).
    Removing dispcom.o(.text.DispCom_Tx_Number_Bin_CM), (12 bytes).
    Removing dispcom.o(.ARM.exidx.text.DispCom_Tx_Number_Bin_CM), (8 bytes).
    Removing dispcom.o(.text.DispCom_Tx_Parameter_NL), (20 bytes).
    Removing dispcom.o(.ARM.exidx.text.DispCom_Tx_Parameter_NL), (8 bytes).
    Removing dispcom.o(.text.DispCom_Tx_Parameter_SP), (20 bytes).
    Removing dispcom.o(.ARM.exidx.text.DispCom_Tx_Parameter_SP), (8 bytes).
    Removing dispcom.o(.text.DispCom_Tx_Parameter_CM), (20 bytes).
    Removing dispcom.o(.ARM.exidx.text.DispCom_Tx_Parameter_CM), (8 bytes).
    Removing dispcom.o(.text.DispCom_Tx_Parameter_Hex_NL), (20 bytes).
    Removing dispcom.o(.ARM.exidx.text.DispCom_Tx_Parameter_Hex_NL), (8 bytes).
    Removing dispcom.o(.text.DispCom_Tx_Parameter_Hex_SP), (20 bytes).
    Removing dispcom.o(.ARM.exidx.text.DispCom_Tx_Parameter_Hex_SP), (8 bytes).
    Removing dispcom.o(.text.DispCom_Tx_Parameter_Hex_CM), (20 bytes).
    Removing dispcom.o(.ARM.exidx.text.DispCom_Tx_Parameter_Hex_CM), (8 bytes).
    Removing dispcom.o(.text.DispCom_Tx_Parameter_Bin_NL), (20 bytes).
    Removing dispcom.o(.ARM.exidx.text.DispCom_Tx_Parameter_Bin_NL), (8 bytes).
    Removing dispcom.o(.text.DispCom_Tx_Parameter_Bin_SP), (20 bytes).
    Removing dispcom.o(.ARM.exidx.text.DispCom_Tx_Parameter_Bin_SP), (8 bytes).
    Removing dispcom.o(.text.DispCom_Tx_Parameter_Bin_CM), (20 bytes).
    Removing dispcom.o(.ARM.exidx.text.DispCom_Tx_Parameter_Bin_CM), (8 bytes).
    Removing dispcom.o(.ARM.exidx.text.DispCom_Buf_Flush), (8 bytes).
    Removing dispcom.o(.text.DispCom_Buf_Set), (12 bytes).
    Removing dispcom.o(.ARM.exidx.text.DispCom_Buf_Set), (8 bytes).
    Removing dispcom.o(.ARM.exidx.text.DispCom_Buf_Get), (8 bytes).
    Removing dispcom.o(.ARM.exidx.text.DispCom_Buf_Get_Index), (8 bytes).
    Removing dispcom.o(.ARM.exidx.text.DispCom_Data_Available), (8 bytes).
    Removing dispcom.o(.ARM.exidx.text.DispCom_Data_Len_Get), (8 bytes).
    Removing dispcom.o(.text.DispCom_Data_Calculated_CRC_Get), (12 bytes).
    Removing dispcom.o(.ARM.exidx.text.DispCom_Data_Calculated_CRC_Get), (8 bytes).
    Removing dispcom.o(.text.DispCom_Data_Received_CRC_Get), (12 bytes).
    Removing dispcom.o(.ARM.exidx.text.DispCom_Data_Received_CRC_Get), (8 bytes).
    Removing dispcom.o(.text.DispCom_Data_CRC_Status_Get), (12 bytes).
    Removing dispcom.o(.ARM.exidx.text.DispCom_Data_CRC_Status_Get), (8 bytes).
    Removing dispcom.o(.text.DispCom_Data_Read_Complete_Status), (12 bytes).
    Removing dispcom.o(.ARM.exidx.text.DispCom_Data_Read_Complete_Status), (8 bytes).
    Removing dispcom.o(.ARM.exidx.text.DispCom_Data_Clear_Available_Flag), (8 bytes).
    Removing dispcom.o(.ARM.exidx.text.DispCom_Data_Clear_Read_Complete_Flag), (8 bytes).
    Removing dispcom.o(.text.DispCom_Data_Copy_Buf), (34 bytes).
    Removing dispcom.o(.ARM.exidx.text.DispCom_Data_Copy_Buf), (8 bytes).
    Removing dispcom.o(.text.DispCom_Data_Print_Buf), (20 bytes).
    Removing dispcom.o(.ARM.exidx.text.DispCom_Data_Print_Buf), (8 bytes).
    Removing dispcom.o(.text.DispCom_Error_Code_Get), (12 bytes).
    Removing dispcom.o(.ARM.exidx.text.DispCom_Error_Code_Get), (8 bytes).
    Removing dispcom.o(.ARM.exidx.text.DispCom_Error_Code_Clear), (8 bytes).
    Removing dispcom.o(.ARM.exidx.text.DispCom_RX_Packet_CRC_Check), (8 bytes).
    Removing dispcom.o(.ARM.exidx.text.DispCom_RX_Packet_Disassemble), (8 bytes).
    Removing dispcom.o(.ARM.exidx.text.DispCom_CRC_Calculate_Byte), (8 bytes).
    Removing dispcom.o(.ARM.exidx.text.DispCom_CRC_Calculate_Block), (8 bytes).
    Removing dispcom.o(.ARM.exidx.text.DispCom_RX_Packet_Read_Complete), (8 bytes).
    Removing dispcom.o(.ARM.exidx.text.DispCom_Init), (8 bytes).
    Removing sevensegment.o(.text), (0 bytes).
    Removing sevensegment.o(.ARM.exidx.text.SevenSegment_Struct_Init), (8 bytes).
    Removing sevensegment.o(.ARM.exidx.text.SevenSegment_GPIO_Init), (8 bytes).
    Removing sevensegment.o(.ARM.exidx.text.SevenSegment_Timer_Init), (8 bytes).
    Removing sevensegment.o(.ARM.exidx.text.__NVIC_EnableIRQ), (8 bytes).
    Removing sevensegment.o(.ARM.exidx.text.__NVIC_SetPriority), (8 bytes).
    Removing sevensegment.o(.ARM.exidx.text.TIM14_IRQHandler), (8 bytes).
    Removing sevensegment.o(.ARM.exidx.text.SevenSegment_ISR_Executables), (8 bytes).
    Removing sevensegment.o(.ARM.exidx.text.SevenSegment_Set_Segment_Pins), (8 bytes).
    Removing sevensegment.o(.ARM.exidx.text.SevenSegment_Assign_Segment_Value), (8 bytes).
    Removing sevensegment.o(.ARM.exidx.text.SevenSegment_Activate_Digit), (8 bytes).
    Removing sevensegment.o(.ARM.exidx.text.SevenSegment_Assign_Digit_Value), (8 bytes).
    Removing sevensegment.o(.ARM.exidx.text.SevenSegment_Brightness_Handler), (8 bytes).
    Removing sevensegment.o(.ARM.exidx.text.SevenSegment_Set_Dp), (8 bytes).
    Removing sevensegment.o(.ARM.exidx.text.SevenSegment_Set_Value), (8 bytes).
    Removing sevensegment.o(.ARM.exidx.text.SevenSegment_Set_Brightness), (8 bytes).
    Removing sevensegment.o(.text.SevenSegment_Segment_Values_Get), (12 bytes).
    Removing sevensegment.o(.ARM.exidx.text.SevenSegment_Segment_Values_Get), (8 bytes).
    Removing sevensegment.o(.ARM.exidx.text.SevenSegment_Segment_Char_Values_Get), (8 bytes).
    Removing sevensegment.o(.ARM.exidx.text.SevenSegment_Dp_Values_Get), (8 bytes).
    Removing sevensegment.o(.ARM.exidx.text.SevenSegment_Dp_Byte_Get), (8 bytes).
    Removing sevensegment.o(.text.SevenSegment_Display_Enable_Internally), (32 bytes).
    Removing sevensegment.o(.ARM.exidx.text.SevenSegment_Display_Enable_Internally), (8 bytes).
    Removing sevensegment.o(.text.SevenSegment_Display_Disable_Internally), (40 bytes).
    Removing sevensegment.o(.ARM.exidx.text.SevenSegment_Display_Disable_Internally), (8 bytes).
    Removing sevensegment.o(.ARM.exidx.text.SevenSegment_Init), (8 bytes).
    Removing adc.o(.text), (0 bytes).
    Removing adc.o(.text.ADC_Struct_Init), (2 bytes).
    Removing adc.o(.ARM.exidx.text.ADC_Struct_Init), (8 bytes).
    Removing adc.o(.ARM.exidx.text.ADC_Reg_Init), (8 bytes).
    Removing adc.o(.ARM.exidx.text.ADC_Read_Channel), (8 bytes).
    Removing adc.o(.ARM.exidx.text.ADC_Init), (8 bytes).
    Removing ldr.o(.text), (0 bytes).
    Removing ldr.o(.ARM.exidx.text.LDR_Struct_Init), (8 bytes).
    Removing ldr.o(.ARM.exidx.text.LDR_GPIO_Init), (8 bytes).
    Removing ldr.o(.ARM.exidx.text.LDR_Reg_Init), (8 bytes).
    Removing ldr.o(.ARM.exidx.text.LDR_Read_Brightness), (8 bytes).
    Removing ldr.o(.ARM.exidx.text.LDR_Control_Brightness), (8 bytes).
    Removing ldr.o(.ARM.exidx.text.LDR_Get_ADC_Val), (8 bytes).
    Removing ldr.o(.ARM.exidx.text.LDR_Get_Current_Brightness), (8 bytes).
    Removing ldr.o(.text.LDR_Get_Calculated_Brightness), (12 bytes).
    Removing ldr.o(.ARM.exidx.text.LDR_Get_Calculated_Brightness), (8 bytes).
    Removing ldr.o(.ARM.exidx.text.LDR_Automic_Brightness_Sts_Get), (8 bytes).
    Removing ldr.o(.ARM.exidx.text.LDR_Automic_Brightness_On), (8 bytes).
    Removing ldr.o(.ARM.exidx.text.LDR_Automic_Brightness_Off), (8 bytes).
    Removing ldr.o(.ARM.exidx.text.LDR_Manual_Brightness_Set), (8 bytes).
    Removing ldr.o(.text.LDR_Manual_Brightness_Get), (12 bytes).
    Removing ldr.o(.ARM.exidx.text.LDR_Manual_Brightness_Get), (8 bytes).
    Removing ldr.o(.ARM.exidx.text.LDR_Max_Brightness_Set), (8 bytes).
    Removing ldr.o(.ARM.exidx.text.LDR_Init), (8 bytes).
    Removing lpf.o(.text), (0 bytes).
    Removing lpf.o(.ARM.exidx.text.LPF_Struct_Init), (8 bytes).
    Removing lpf.o(.ARM.exidx.text.LPF_Set_Alpha), (8 bytes).
    Removing lpf.o(.ARM.exidx.text.LPF_Get_Alpha), (8 bytes).
    Removing lpf.o(.ARM.exidx.text.LPF_Get_Filtered_Value), (8 bytes).
    Removing lpf.o(.ARM.exidx.text.LPF_Init), (8 bytes).
    Removing protocol.o(.text), (0 bytes).
    Removing protocol.o(.ARM.exidx.text.Protocol_Struct_Init), (8 bytes).
    Removing protocol.o(.ARM.exidx.text.Protocol_Disp_Sts_Get), (8 bytes).
    Removing protocol.o(.ARM.exidx.text.Protocol_RxPacket_StsRead_Get), (8 bytes).
    Removing protocol.o(.ARM.exidx.text.Protocol_RxPacket_StsRead_Set), (8 bytes).
    Removing protocol.o(.ARM.exidx.text.Protocol_RxPacket_StsRead_Clear), (8 bytes).
    Removing protocol.o(.ARM.exidx.text.Protocol_Build_Status_Packet), (8 bytes).
    Removing protocol.o(.text.Protocol_Build_Func_En_Packet), (56 bytes).
    Removing protocol.o(.ARM.exidx.text.Protocol_Build_Func_En_Packet), (8 bytes).
    Removing protocol.o(.text.Protocol_Build_Manual_Brightness_Val_Packet), (56 bytes).
    Removing protocol.o(.ARM.exidx.text.Protocol_Build_Manual_Brightness_Val_Packet), (8 bytes).
    Removing protocol.o(.text.Protocol_Build_Auto_Brightness_ADC_Val_Packet), (60 bytes).
    Removing protocol.o(.ARM.exidx.text.Protocol_Build_Auto_Brightness_ADC_Val_Packet), (8 bytes).
    Removing protocol.o(.text.Protocol_Build_Auto_Brightness_Slope_ADCH_Packet), (2 bytes).
    Removing protocol.o(.ARM.exidx.text.Protocol_Build_Auto_Brightness_Slope_ADCH_Packet), (8 bytes).
    Removing protocol.o(.text.Protocol_Build_Auto_Brightness_Slope_ADCL_Packet), (2 bytes).
    Removing protocol.o(.ARM.exidx.text.Protocol_Build_Auto_Brightness_Slope_ADCL_Packet), (8 bytes).
    Removing protocol.o(.text.Protocol_Build_Auto_Brightness_Slope_ValH_Packet), (2 bytes).
    Removing protocol.o(.ARM.exidx.text.Protocol_Build_Auto_Brightness_Slope_ValH_Packet), (8 bytes).
    Removing protocol.o(.text.Protocol_Build_Auto_Brightness_Slope_ValL_Packet), (2 bytes).
    Removing protocol.o(.ARM.exidx.text.Protocol_Build_Auto_Brightness_Slope_ValL_Packet), (8 bytes).
    Removing protocol.o(.ARM.exidx.text.Protocol_Transmit_Packet), (8 bytes).
    Removing protocol.o(.ARM.exidx.text.Protocol_Init), (8 bytes).
    Removing system_stm32g0xx.o(.text), (0 bytes).
    Removing system_stm32g0xx.o(.ARM.exidx.text.SystemInit), (8 bytes).
    Removing system_stm32g0xx.o(.text.SystemCoreClockUpdate), (144 bytes).
    Removing system_stm32g0xx.o(.ARM.exidx.text.SystemCoreClockUpdate), (8 bytes).
    Removing system_stm32g0xx.o(.data.SystemCoreClock), (4 bytes).
    Removing system_stm32g0xx.o(.rodata.AHBPrescTable), (64 bytes).
    Removing system_stm32g0xx.o(.rodata.APBPrescTable), (32 bytes).

215 unused section(s) (total 2544 bytes) removed from the image.

==============================================================================

Image Symbol Table

    Local Symbols

    Symbol Name                              Value     Ov Type        Size  Object(Section)

    ../clib/angel/boardlib.s                 0x00000000   Number         0  boardinit1.o ABSOLUTE
    ../clib/angel/boardlib.s                 0x00000000   Number         0  boardinit2.o ABSOLUTE
    ../clib/angel/boardlib.s                 0x00000000   Number         0  boardinit3.o ABSOLUTE
    ../clib/angel/boardlib.s                 0x00000000   Number         0  boardshut.o ABSOLUTE
    ../clib/angel/handlers.s                 0x00000000   Number         0  __scatter_zi.o ABSOLUTE
    ../clib/angel/kernel.s                   0x00000000   Number         0  __rtentry.o ABSOLUTE
    ../clib/angel/kernel.s                   0x00000000   Number         0  __rtentry2.o ABSOLUTE
    ../clib/angel/kernel.s                   0x00000000   Number         0  __rtentry4.o ABSOLUTE
    ../clib/angel/kernel.s                   0x00000000   Number         0  rtexit.o ABSOLUTE
    ../clib/angel/kernel.s                   0x00000000   Number         0  rtexit2.o ABSOLUTE
    ../clib/angel/rt.s                       0x00000000   Number         0  aeabi_idiv0.o ABSOLUTE
    ../clib/angel/rt.s                       0x00000000   Number         0  aeabi_idiv0_sigfpe.o ABSOLUTE
    ../clib/angel/rt.s                       0x00000000   Number         0  rt_div0.o ABSOLUTE
    ../clib/angel/rt.s                       0x00000000   Number         0  rt_raise.o ABSOLUTE
    ../clib/angel/scatterp.s                 0x00000000   Number         0  __scatter.o ABSOLUTE
    ../clib/angel/startup.s                  0x00000000   Number         0  __main.o ABSOLUTE
    ../clib/angel/sys.s                      0x00000000   Number         0  sys_stackheap_outer.o ABSOLUTE
    ../clib/angel/sys.s                      0x00000000   Number         0  libspace.o ABSOLUTE
    ../clib/angel/sys.s                      0x00000000   Number         0  tempstk.o ABSOLUTE
    ../clib/angel/sys.s                      0x00000000   Number         0  use_no_semi.o ABSOLUTE
    ../clib/angel/sys.s                      0x00000000   Number         0  indicate_semi.o ABSOLUTE
    ../clib/angel/sysapp.c                   0x00000000   Number         0  sys_exit.o ABSOLUTE
    ../clib/angel/sysapp.c                   0x00000000   Number         0  sys_exit_hlt.o ABSOLUTE
    ../clib/angel/sysapp.c                   0x00000000   Number         0  sys_wrch.o ABSOLUTE
    ../clib/angel/sysapp.c                   0x00000000   Number         0  sys_wrch_hlt.o ABSOLUTE
    ../clib/angel/sysapp.c                   0x00000000   Number         0  sys_command.o ABSOLUTE
    ../clib/angel/sysapp.c                   0x00000000   Number         0  sys_command_hlt.o ABSOLUTE
    ../clib/armsys.c                         0x00000000   Number         0  argv_veneer.o ABSOLUTE
    ../clib/armsys.c                         0x00000000   Number         0  _get_argv_nomalloc.o ABSOLUTE
    ../clib/armsys.c                         0x00000000   Number         0  no_argv.o ABSOLUTE
    ../clib/division.s                       0x00000000   Number         0  aeabi_sdivfast.o ABSOLUTE
    ../clib/division.s                       0x00000000   Number         0  aeabi_sdivfast_div0.o ABSOLUTE
    ../clib/heapalloc.c                      0x00000000   Number         0  hrguard.o ABSOLUTE
    ../clib/heapaux.c                        0x00000000   Number         0  heapauxi.o ABSOLUTE
    ../clib/libinit.s                        0x00000000   Number         0  libinit.o ABSOLUTE
    ../clib/libinit.s                        0x00000000   Number         0  libinit2.o ABSOLUTE
    ../clib/libinit.s                        0x00000000   Number         0  libshutdown.o ABSOLUTE
    ../clib/libinit.s                        0x00000000   Number         0  libshutdown2.o ABSOLUTE
    ../clib/signal.c                         0x00000000   Number         0  defsig_fpe_outer.o ABSOLUTE
    ../clib/signal.c                         0x00000000   Number         0  defsig_fpe_formal.o ABSOLUTE
    ../clib/signal.c                         0x00000000   Number         0  defsig_exit.o ABSOLUTE
    ../clib/signal.c                         0x00000000   Number         0  defsig_fpe_inner.o ABSOLUTE
    ../clib/signal.c                         0x00000000   Number         0  __raise.o ABSOLUTE
    ../clib/signal.c                         0x00000000   Number         0  defsig_general.o ABSOLUTE
    ../clib/signal.c                         0x00000000   Number         0  defsig_abrt_inner.o ABSOLUTE
    ../clib/signal.c                         0x00000000   Number         0  defsig_rtred_inner.o ABSOLUTE
    ../clib/signal.c                         0x00000000   Number         0  defsig_rtmem_inner.o ABSOLUTE
    ../clib/signal.c                         0x00000000   Number         0  defsig_rtmem_outer.o ABSOLUTE
    ../clib/signal.c                         0x00000000   Number         0  defsig_rtmem_formal.o ABSOLUTE
    ../clib/signal.c                         0x00000000   Number         0  defsig_stak_inner.o ABSOLUTE
    ../clib/signal.c                         0x00000000   Number         0  defsig_pvfn_inner.o ABSOLUTE
    ../clib/signal.c                         0x00000000   Number         0  defsig_cppl_inner.o ABSOLUTE
    ../clib/signal.c                         0x00000000   Number         0  defsig_segv_inner.o ABSOLUTE
    ../clib/signal.c                         0x00000000   Number         0  defsig_other.o ABSOLUTE
    ../clib/signal.s                         0x00000000   Number         0  defsig.o ABSOLUTE
    ../clib/stdlib.c                         0x00000000   Number         0  exit.o ABSOLUTE
    ../fplib/cfplib/fpinit.c                 0x00000000   Number         0  fpinit.o ABSOLUTE
    RTE/Device/STM32G030F6Px/startup_stm32g030xx.s 0x00000000   Number         0  startup_stm32g030xx.o ABSOLUTE
    adc.c                                    0x00000000   Number         0  adc.o ABSOLUTE
    app.c                                    0x00000000   Number         0  app.o ABSOLUTE
    dc.s                                     0x00000000   Number         0  dc.o ABSOLUTE
    dispcom.c                                0x00000000   Number         0  dispcom.o ABSOLUTE
    ldr.c                                    0x00000000   Number         0  ldr.o ABSOLUTE
    lpf.c                                    0x00000000   Number         0  lpf.o ABSOLUTE
    main.c                                   0x00000000   Number         0  main.o ABSOLUTE
    protocol.c                               0x00000000   Number         0  protocol.o ABSOLUTE
    sevensegment.c                           0x00000000   Number         0  sevensegment.o ABSOLUTE
    system_stm32g0xx.c                       0x00000000   Number         0  system_stm32g0xx.o ABSOLUTE
    wdt.c                                    0x00000000   Number         0  wdt.o ABSOLUTE
    RESET                                    0x08000000   Section      192  startup_stm32g030xx.o(RESET)
    !!!main                                  0x080000c0   Section        8  __main.o(!!!main)
    !!!scatter                               0x080000c8   Section       60  __scatter.o(!!!scatter)
    !!handler_zi                             0x08000104   Section       28  __scatter_zi.o(!!handler_zi)
    .ARM.Collect$$libinit$$00000000          0x08000120   Section        2  libinit.o(.ARM.Collect$$libinit$$00000000)
    .ARM.Collect$$libinit$$00000002          0x08000122   Section        0  libinit2.o(.ARM.Collect$$libinit$$00000002)
    .ARM.Collect$$libinit$$00000004          0x08000122   Section        0  libinit2.o(.ARM.Collect$$libinit$$00000004)
    .ARM.Collect$$libinit$$0000000A          0x08000122   Section        0  libinit2.o(.ARM.Collect$$libinit$$0000000A)
    .ARM.Collect$$libinit$$0000000C          0x08000122   Section        0  libinit2.o(.ARM.Collect$$libinit$$0000000C)
    .ARM.Collect$$libinit$$0000000E          0x08000122   Section        0  libinit2.o(.ARM.Collect$$libinit$$0000000E)
    .ARM.Collect$$libinit$$00000011          0x08000122   Section        0  libinit2.o(.ARM.Collect$$libinit$$00000011)
    .ARM.Collect$$libinit$$00000013          0x08000122   Section        0  libinit2.o(.ARM.Collect$$libinit$$00000013)
    .ARM.Collect$$libinit$$00000015          0x08000122   Section        0  libinit2.o(.ARM.Collect$$libinit$$00000015)
    .ARM.Collect$$libinit$$00000017          0x08000122   Section        0  libinit2.o(.ARM.Collect$$libinit$$00000017)
    .ARM.Collect$$libinit$$00000019          0x08000122   Section        0  libinit2.o(.ARM.Collect$$libinit$$00000019)
    .ARM.Collect$$libinit$$0000001B          0x08000122   Section        0  libinit2.o(.ARM.Collect$$libinit$$0000001B)
    .ARM.Collect$$libinit$$0000001D          0x08000122   Section        0  libinit2.o(.ARM.Collect$$libinit$$0000001D)
    .ARM.Collect$$libinit$$0000001F          0x08000122   Section        0  libinit2.o(.ARM.Collect$$libinit$$0000001F)
    .ARM.Collect$$libinit$$00000021          0x08000122   Section        0  libinit2.o(.ARM.Collect$$libinit$$00000021)
    .ARM.Collect$$libinit$$00000023          0x08000122   Section        0  libinit2.o(.ARM.Collect$$libinit$$00000023)
    .ARM.Collect$$libinit$$00000025          0x08000122   Section        0  libinit2.o(.ARM.Collect$$libinit$$00000025)
    .ARM.Collect$$libinit$$0000002C          0x08000122   Section        0  libinit2.o(.ARM.Collect$$libinit$$0000002C)
    .ARM.Collect$$libinit$$0000002E          0x08000122   Section        0  libinit2.o(.ARM.Collect$$libinit$$0000002E)
    .ARM.Collect$$libinit$$00000030          0x08000122   Section        0  libinit2.o(.ARM.Collect$$libinit$$00000030)
    .ARM.Collect$$libinit$$00000032          0x08000122   Section        0  libinit2.o(.ARM.Collect$$libinit$$00000032)
    .ARM.Collect$$libinit$$00000033          0x08000122   Section        2  libinit2.o(.ARM.Collect$$libinit$$00000033)
    .ARM.Collect$$libshutdown$$00000000      0x08000124   Section        2  libshutdown.o(.ARM.Collect$$libshutdown$$00000000)
    .ARM.Collect$$libshutdown$$00000002      0x08000126   Section        0  libshutdown2.o(.ARM.Collect$$libshutdown$$00000002)
    .ARM.Collect$$libshutdown$$00000004      0x08000126   Section        0  libshutdown2.o(.ARM.Collect$$libshutdown$$00000004)
    .ARM.Collect$$libshutdown$$00000007      0x08000126   Section        0  libshutdown2.o(.ARM.Collect$$libshutdown$$00000007)
    .ARM.Collect$$libshutdown$$0000000A      0x08000126   Section        0  libshutdown2.o(.ARM.Collect$$libshutdown$$0000000A)
    .ARM.Collect$$libshutdown$$0000000C      0x08000126   Section        0  libshutdown2.o(.ARM.Collect$$libshutdown$$0000000C)
    .ARM.Collect$$libshutdown$$0000000F      0x08000126   Section        0  libshutdown2.o(.ARM.Collect$$libshutdown$$0000000F)
    .ARM.Collect$$libshutdown$$00000010      0x08000126   Section        2  libshutdown2.o(.ARM.Collect$$libshutdown$$00000010)
    .ARM.Collect$$rtentry$$00000000          0x08000128   Section        0  __rtentry.o(.ARM.Collect$$rtentry$$00000000)
    .ARM.Collect$$rtentry$$00000002          0x08000128   Section        0  __rtentry2.o(.ARM.Collect$$rtentry$$00000002)
    .ARM.Collect$$rtentry$$00000004          0x08000128   Section        6  __rtentry4.o(.ARM.Collect$$rtentry$$00000004)
    .ARM.Collect$$rtentry$$00000009          0x0800012e   Section        0  __rtentry2.o(.ARM.Collect$$rtentry$$00000009)
    .ARM.Collect$$rtentry$$0000000A          0x0800012e   Section        4  __rtentry2.o(.ARM.Collect$$rtentry$$0000000A)
    .ARM.Collect$$rtentry$$0000000C          0x08000132   Section        0  __rtentry2.o(.ARM.Collect$$rtentry$$0000000C)
    .ARM.Collect$$rtentry$$0000000D          0x08000132   Section        8  __rtentry2.o(.ARM.Collect$$rtentry$$0000000D)
    .ARM.Collect$$rtexit$$00000000           0x0800013a   Section        2  rtexit.o(.ARM.Collect$$rtexit$$00000000)
    .ARM.Collect$$rtexit$$00000002           0x0800013c   Section        0  rtexit2.o(.ARM.Collect$$rtexit$$00000002)
    .ARM.Collect$$rtexit$$00000003           0x0800013c   Section        4  rtexit2.o(.ARM.Collect$$rtexit$$00000003)
    .ARM.Collect$$rtexit$$00000004           0x08000140   Section        6  rtexit2.o(.ARM.Collect$$rtexit$$00000004)
    .text                                    0x08000148   Section       56  startup_stm32g030xx.o(.text)
    .text                                    0x08000180   Section        0  heapauxi.o(.text)
    .text                                    0x08000186   Section       62  sys_stackheap_outer.o(.text)
    .text                                    0x080001c4   Section        0  exit.o(.text)
    .text                                    0x080001d4   Section        8  libspace.o(.text)
    .text                                    0x080001dc   Section        0  sys_exit.o(.text)
    .text                                    0x080001e8   Section        2  use_no_semi.o(.text)
    [Anonymous Symbol]                       0x080001ea   Section        0  adc.o(.text.ADC_Init)
    .text                                    0x080001ea   Section        0  indicate_semi.o(.text)
    [Anonymous Symbol]                       0x080001f4   Section        0  adc.o(.text.ADC_Read_Channel)
    __arm_cp.2_0                             0x0800021c   Number         4  adc.o(.text.ADC_Read_Channel)
    [Anonymous Symbol]                       0x08000220   Section        0  adc.o(.text.ADC_Reg_Init)
    __arm_cp.1_0                             0x080002c0   Number         4  adc.o(.text.ADC_Reg_Init)
    __arm_cp.1_1                             0x080002c4   Number         4  adc.o(.text.ADC_Reg_Init)
    __arm_cp.1_2                             0x080002c8   Number         4  adc.o(.text.ADC_Reg_Init)
    __arm_cp.1_3                             0x080002cc   Number         4  adc.o(.text.ADC_Reg_Init)
    [Anonymous Symbol]                       0x080002d0   Section        0  app.o(.text.App_Config)
    [Anonymous Symbol]                       0x08000330   Section        0  app.o(.text.App_Mainloop)
    __arm_cp.1_0                             0x08000360   Number         4  app.o(.text.App_Mainloop)
    [Anonymous Symbol]                       0x08000364   Section        0  dispcom.o(.text.DispCom_Buf_Flush)
    [Anonymous Symbol]                       0x0800037c   Section        0  dispcom.o(.text.DispCom_Buf_Get)
    [Anonymous Symbol]                       0x08000384   Section        0  dispcom.o(.text.DispCom_Buf_Get_Index)
    [Anonymous Symbol]                       0x0800038c   Section        0  dispcom.o(.text.DispCom_CRC_Calculate_Block)
    [Anonymous Symbol]                       0x080003b0   Section        0  dispcom.o(.text.DispCom_CRC_Calculate_Byte)
    __arm_cp.74_0                            0x080003d4   Number         4  dispcom.o(.text.DispCom_CRC_Calculate_Byte)
    [Anonymous Symbol]                       0x080003d8   Section        0  dispcom.o(.text.DispCom_Config_BAUD_Rate)
    __arm_cp.4_1                             0x080003f8   Number         4  dispcom.o(.text.DispCom_Config_BAUD_Rate)
    [Anonymous Symbol]                       0x080003fc   Section        0  dispcom.o(.text.DispCom_Config_Clock)
    [Anonymous Symbol]                       0x0800040c   Section        0  dispcom.o(.text.DispCom_Config_GPIO)
    __arm_cp.2_0                             0x08000448   Number         4  dispcom.o(.text.DispCom_Config_GPIO)
    __arm_cp.2_1                             0x0800044c   Number         4  dispcom.o(.text.DispCom_Config_GPIO)
    [Anonymous Symbol]                       0x08000450   Section        0  dispcom.o(.text.DispCom_Config_Rx)
    [Anonymous Symbol]                       0x0800046c   Section        0  dispcom.o(.text.DispCom_Config_Rx_Interrupt)
    [Anonymous Symbol]                       0x0800048c   Section        0  dispcom.o(.text.DispCom_Config_Tx)
    __arm_cp.5_0                             0x080004a8   Number         4  dispcom.o(.text.DispCom_Config_Tx)
    [Anonymous Symbol]                       0x080004ac   Section        0  dispcom.o(.text.DispCom_Data_Available)
    [Anonymous Symbol]                       0x080004b4   Section        0  dispcom.o(.text.DispCom_Data_Clear_Available_Flag)
    [Anonymous Symbol]                       0x080004c0   Section        0  dispcom.o(.text.DispCom_Data_Clear_Read_Complete_Flag)
    [Anonymous Symbol]                       0x080004d0   Section        0  dispcom.o(.text.DispCom_Data_Len_Get)
    [Anonymous Symbol]                       0x080004d8   Section        0  dispcom.o(.text.DispCom_Error_Code_Clear)
    [Anonymous Symbol]                       0x080004e0   Section        0  dispcom.o(.text.DispCom_ISR_Handler)
    [Anonymous Symbol]                       0x0800052c   Section        0  dispcom.o(.text.DispCom_Init)
    [Anonymous Symbol]                       0x08000560   Section        0  dispcom.o(.text.DispCom_RX_Packet_CRC_Check)
    [Anonymous Symbol]                       0x080005bc   Section        0  dispcom.o(.text.DispCom_RX_Packet_Disassemble)
    [Anonymous Symbol]                       0x08000670   Section        0  dispcom.o(.text.DispCom_RX_Packet_Read_Complete)
    [Anonymous Symbol]                       0x08000684   Section        0  dispcom.o(.text.DispCom_RX_Packet_Struct_Init)
    [Anonymous Symbol]                       0x0800069c   Section        0  dispcom.o(.text.DispCom_Rx_Byte)
    __arm_cp.12_0                            0x080006b0   Number         4  dispcom.o(.text.DispCom_Rx_Byte)
    [Anonymous Symbol]                       0x080006b4   Section        0  dispcom.o(.text.DispCom_Struct_Init)
    __arm_cp.0_0                             0x080006f4   Number         4  dispcom.o(.text.DispCom_Struct_Init)
    [Anonymous Symbol]                       0x080006f8   Section        0  dispcom.o(.text.DispCom_Timer_Clear_Interrupt_Flag)
    __arm_cp.22_0                            0x0800070c   Number         4  dispcom.o(.text.DispCom_Timer_Clear_Interrupt_Flag)
    [Anonymous Symbol]                       0x08000710   Section        0  dispcom.o(.text.DispCom_Timer_Disable)
    [Anonymous Symbol]                       0x0800071c   Section        0  dispcom.o(.text.DispCom_Timer_Enable)
    __arm_cp.17_0                            0x08000728   Number         4  dispcom.o(.text.DispCom_Timer_Enable)
    [Anonymous Symbol]                       0x0800072c   Section        0  dispcom.o(.text.DispCom_Timer_ISR_Handler)
    [Anonymous Symbol]                       0x0800077c   Section        0  dispcom.o(.text.DispCom_Timer_Init)
    __arm_cp.16_0                            0x080007ac   Number         4  dispcom.o(.text.DispCom_Timer_Init)
    __arm_cp.16_1                            0x080007b0   Number         4  dispcom.o(.text.DispCom_Timer_Init)
    __arm_cp.16_2                            0x080007b4   Number         4  dispcom.o(.text.DispCom_Timer_Init)
    [Anonymous Symbol]                       0x080007b8   Section        0  dispcom.o(.text.DispCom_Timer_Struct_Init)
    __arm_cp.15_0                            0x080007c8   Number         4  dispcom.o(.text.DispCom_Timer_Struct_Init)
    [Anonymous Symbol]                       0x080007cc   Section        0  dispcom.o(.text.DispCom_Timer_Value_Reset)
    __arm_cp.21_0                            0x080007d4   Number         4  dispcom.o(.text.DispCom_Timer_Value_Reset)
    [Anonymous Symbol]                       0x080007d8   Section        0  dispcom.o(.text.DispCom_Tx_Buf)
    [Anonymous Symbol]                       0x080007f4   Section        0  dispcom.o(.text.DispCom_Tx_Byte)
    __arm_cp.11_0                            0x0800080c   Number         4  dispcom.o(.text.DispCom_Tx_Byte)
    [Anonymous Symbol]                       0x08000810   Section        0  ldr.o(.text.LDR_Automic_Brightness_Off)
    [Anonymous Symbol]                       0x08000818   Section        0  ldr.o(.text.LDR_Automic_Brightness_On)
    [Anonymous Symbol]                       0x08000820   Section        0  ldr.o(.text.LDR_Automic_Brightness_Sts_Get)
    [Anonymous Symbol]                       0x08000828   Section        0  ldr.o(.text.LDR_Control_Brightness)
    [Anonymous Symbol]                       0x080008d8   Section        0  ldr.o(.text.LDR_GPIO_Init)
    __arm_cp.1_0                             0x080008f0   Number         4  ldr.o(.text.LDR_GPIO_Init)
    __arm_cp.1_1                             0x080008f4   Number         4  ldr.o(.text.LDR_GPIO_Init)
    [Anonymous Symbol]                       0x080008f8   Section        0  ldr.o(.text.LDR_Get_ADC_Val)
    [Anonymous Symbol]                       0x08000900   Section        0  ldr.o(.text.LDR_Get_Current_Brightness)
    [Anonymous Symbol]                       0x08000908   Section        0  ldr.o(.text.LDR_Init)
    [Anonymous Symbol]                       0x08000924   Section        0  ldr.o(.text.LDR_Manual_Brightness_Set)
    [Anonymous Symbol]                       0x0800092c   Section        0  ldr.o(.text.LDR_Max_Brightness_Set)
    [Anonymous Symbol]                       0x0800093c   Section        0  ldr.o(.text.LDR_Read_Brightness)
    [Anonymous Symbol]                       0x08000950   Section        0  ldr.o(.text.LDR_Reg_Init)
    [Anonymous Symbol]                       0x08000960   Section        0  ldr.o(.text.LDR_Struct_Init)
    __arm_cp.0_0                             0x08000984   Number         4  ldr.o(.text.LDR_Struct_Init)
    __arm_cp.0_1                             0x08000988   Number         4  ldr.o(.text.LDR_Struct_Init)
    __arm_cp.0_2                             0x0800098c   Number         4  ldr.o(.text.LDR_Struct_Init)
    __arm_cp.0_3                             0x08000990   Number         4  ldr.o(.text.LDR_Struct_Init)
    __arm_cp.0_4                             0x08000994   Number         4  ldr.o(.text.LDR_Struct_Init)
    __arm_cp.0_5                             0x08000998   Number         4  ldr.o(.text.LDR_Struct_Init)
    __arm_cp.0_6                             0x0800099c   Number         4  ldr.o(.text.LDR_Struct_Init)
    [Anonymous Symbol]                       0x080009a0   Section        0  lpf.o(.text.LPF_Get_Alpha)
    [Anonymous Symbol]                       0x080009ac   Section        0  lpf.o(.text.LPF_Get_Filtered_Value)
    [Anonymous Symbol]                       0x080009d4   Section        0  lpf.o(.text.LPF_Init)
    [Anonymous Symbol]                       0x080009dc   Section        0  lpf.o(.text.LPF_Set_Alpha)
    [Anonymous Symbol]                       0x080009e8   Section        0  lpf.o(.text.LPF_Struct_Init)
    __arm_cp.0_0                             0x08000a00   Number         4  lpf.o(.text.LPF_Struct_Init)
    [Anonymous Symbol]                       0x08000a04   Section        0  protocol.o(.text.Protocol_Build_Status_Packet)
    [Anonymous Symbol]                       0x08000a70   Section        0  protocol.o(.text.Protocol_Disp_Sts_Get)
    [Anonymous Symbol]                       0x08000a7c   Section        0  protocol.o(.text.Protocol_Init)
    [Anonymous Symbol]                       0x08000a84   Section        0  protocol.o(.text.Protocol_RxPacket_StsRead_Clear)
    [Anonymous Symbol]                       0x08000a8c   Section        0  protocol.o(.text.Protocol_RxPacket_StsRead_Get)
    [Anonymous Symbol]                       0x08000a94   Section        0  protocol.o(.text.Protocol_RxPacket_StsRead_Set)
    [Anonymous Symbol]                       0x08000a9c   Section        0  protocol.o(.text.Protocol_Struct_Init)
    [Anonymous Symbol]                       0x08000ac8   Section        0  protocol.o(.text.Protocol_Transmit_Packet)
    __arm_cp.13_0                            0x08000ad8   Number         4  protocol.o(.text.Protocol_Transmit_Packet)
    [Anonymous Symbol]                       0x08000adc   Section        0  sevensegment.o(.text.SevenSegment_Activate_Digit)
    __arm_cp.9_1                             0x08000bb0   Number         4  sevensegment.o(.text.SevenSegment_Activate_Digit)
    __arm_cp.9_2                             0x08000bb4   Number         4  sevensegment.o(.text.SevenSegment_Activate_Digit)
    [Anonymous Symbol]                       0x08000bb8   Section        0  sevensegment.o(.text.SevenSegment_Assign_Digit_Value)
    [Anonymous Symbol]                       0x08000bc8   Section        0  sevensegment.o(.text.SevenSegment_Assign_Segment_Value)
    [Anonymous Symbol]                       0x08000be4   Section        0  sevensegment.o(.text.SevenSegment_Brightness_Handler)
    [Anonymous Symbol]                       0x08000c3c   Section        0  sevensegment.o(.text.SevenSegment_Dp_Byte_Get)
    [Anonymous Symbol]                       0x08000c68   Section        0  sevensegment.o(.text.SevenSegment_Dp_Values_Get)
    [Anonymous Symbol]                       0x08000c70   Section        0  sevensegment.o(.text.SevenSegment_GPIO_Init)
    __arm_cp.1_0                             0x08000dc4   Number         4  sevensegment.o(.text.SevenSegment_GPIO_Init)
    __arm_cp.1_1                             0x08000dc8   Number         4  sevensegment.o(.text.SevenSegment_GPIO_Init)
    __arm_cp.1_2                             0x08000dcc   Number         4  sevensegment.o(.text.SevenSegment_GPIO_Init)
    __arm_cp.1_3                             0x08000dd0   Number         4  sevensegment.o(.text.SevenSegment_GPIO_Init)
    [Anonymous Symbol]                       0x08000dd4   Section        0  sevensegment.o(.text.SevenSegment_ISR_Executables)
    [Anonymous Symbol]                       0x08000ddc   Section        0  sevensegment.o(.text.SevenSegment_Init)
    __arm_cp.21_0                            0x08000df0   Number         4  sevensegment.o(.text.SevenSegment_Init)
    [Anonymous Symbol]                       0x08000df4   Section        0  sevensegment.o(.text.SevenSegment_Segment_Char_Values_Get)
    [Anonymous Symbol]                       0x08000dfc   Section        0  sevensegment.o(.text.SevenSegment_Set_Brightness)
    [Anonymous Symbol]                       0x08000e20   Section        0  sevensegment.o(.text.SevenSegment_Set_Dp)
    [Anonymous Symbol]                       0x08000e50   Section        0  sevensegment.o(.text.SevenSegment_Set_Segment_Pins)
    __arm_cp.7_0                             0x08000e60   Number         4  sevensegment.o(.text.SevenSegment_Set_Segment_Pins)
    [Anonymous Symbol]                       0x08000e64   Section        0  sevensegment.o(.text.SevenSegment_Set_Value)
    __arm_cp.13_0                            0x08000e88   Number         4  sevensegment.o(.text.SevenSegment_Set_Value)
    segment_val                              0x08000e8c   Number         0  sevensegment.o(.text.SevenSegment_Set_Value)
    [Anonymous Symbol]                       0x08000ea4   Section        0  sevensegment.o(.text.SevenSegment_Struct_Init)
    __arm_cp.0_0                             0x08000ef8   Number         4  sevensegment.o(.text.SevenSegment_Struct_Init)
    [Anonymous Symbol]                       0x08000efc   Section        0  sevensegment.o(.text.SevenSegment_Timer_Init)
    __arm_cp.2_0                             0x08000f30   Number         4  sevensegment.o(.text.SevenSegment_Timer_Init)
    __arm_cp.2_1                             0x08000f34   Number         4  sevensegment.o(.text.SevenSegment_Timer_Init)
    __arm_cp.2_2                             0x08000f38   Number         4  sevensegment.o(.text.SevenSegment_Timer_Init)
    [Anonymous Symbol]                       0x08000f3c   Section        0  system_stm32g0xx.o(.text.SystemInit)
    [Anonymous Symbol]                       0x08000f40   Section        0  sevensegment.o(.text.TIM14_IRQHandler)
    __arm_cp.5_0                             0x08000f54   Number         4  sevensegment.o(.text.TIM14_IRQHandler)
    [Anonymous Symbol]                       0x08000f58   Section        0  dispcom.o(.text.TIM16_IRQHandler)
    [Anonymous Symbol]                       0x08000f60   Section        0  dispcom.o(.text.USART1_IRQHandler)
    [Anonymous Symbol]                       0x08000f68   Section        0  wdt.o(.text.WDT_Init)
    __arm_cp.0_0                             0x08000fa8   Number         4  wdt.o(.text.WDT_Init)
    __arm_cp.0_2                             0x08000fac   Number         4  wdt.o(.text.WDT_Init)
    __arm_cp.0_3                             0x08000fb0   Number         4  wdt.o(.text.WDT_Init)
    [Anonymous Symbol]                       0x08000fb4   Section        0  wdt.o(.text.WDT_Reload)
    __arm_cp.1_0                             0x08000fc4   Number         4  wdt.o(.text.WDT_Reload)
    __arm_cp.1_1                             0x08000fc8   Number         4  wdt.o(.text.WDT_Reload)
    __NVIC_EnableIRQ                         0x08000fcd   Thumb Code    16  dispcom.o(.text.__NVIC_EnableIRQ)
    [Anonymous Symbol]                       0x08000fcc   Section        0  dispcom.o(.text.__NVIC_EnableIRQ)
    __NVIC_EnableIRQ                         0x08000fdd   Thumb Code    12  sevensegment.o(.text.__NVIC_EnableIRQ)
    [Anonymous Symbol]                       0x08000fdc   Section        0  sevensegment.o(.text.__NVIC_EnableIRQ)
    __arm_cp.3_0                             0x08000fe8   Number         4  sevensegment.o(.text.__NVIC_EnableIRQ)
    __NVIC_SetPriority                       0x08000fed   Thumb Code    36  dispcom.o(.text.__NVIC_SetPriority)
    [Anonymous Symbol]                       0x08000fec   Section        0  dispcom.o(.text.__NVIC_SetPriority)
    __arm_cp.9_0                             0x08001010   Number         4  dispcom.o(.text.__NVIC_SetPriority)
    __NVIC_SetPriority                       0x08001015   Thumb Code    16  sevensegment.o(.text.__NVIC_SetPriority)
    [Anonymous Symbol]                       0x08001014   Section        0  sevensegment.o(.text.__NVIC_SetPriority)
    __arm_cp.4_0                             0x08001024   Number         4  sevensegment.o(.text.__NVIC_SetPriority)
    [Anonymous Symbol]                       0x08001028   Section        0  main.o(.text.main)
    __arm_cp.0_0                             0x08001044   Number         4  main.o(.text.main)
    __arm_cp.0_1                             0x08001048   Number         4  main.o(.text.main)
    .text_divfast                            0x0800104c   Section      502  aeabi_sdivfast.o(.text_divfast)
    .bss                                     0x20000000   Section       96  libspace.o(.bss)
    DispCom                                  0x20000060   Data          92  dispcom.o(.bss.DispCom)
    [Anonymous Symbol]                       0x20000060   Section        0  dispcom.o(.bss.DispCom)
    LDR.0                                    0x200000bc   Data           2  ldr.o(.bss.LDR.0)
    [Anonymous Symbol]                       0x200000bc   Section        0  ldr.o(.bss.LDR.0)
    LDR.1                                    0x200000be   Data           2  ldr.o(.bss.LDR.1)
    [Anonymous Symbol]                       0x200000be   Section        0  ldr.o(.bss.LDR.1)
    LDR.2                                    0x200000c0   Data           2  ldr.o(.bss.LDR.2)
    [Anonymous Symbol]                       0x200000c0   Section        0  ldr.o(.bss.LDR.2)
    LDR.3                                    0x200000c2   Data           2  ldr.o(.bss.LDR.3)
    [Anonymous Symbol]                       0x200000c2   Section        0  ldr.o(.bss.LDR.3)
    LDR.5                                    0x200000c4   Data           1  ldr.o(.bss.LDR.5)
    [Anonymous Symbol]                       0x200000c4   Section        0  ldr.o(.bss.LDR.5)
    LDR.6                                    0x200000c6   Data           1  ldr.o(.bss.LDR.6)
    [Anonymous Symbol]                       0x200000c6   Section        0  ldr.o(.bss.LDR.6)
    LDR.7                                    0x200000c8   Data           2  ldr.o(.bss.LDR.7)
    [Anonymous Symbol]                       0x200000c8   Section        0  ldr.o(.bss.LDR.7)
    LPF                                      0x200000cc   Data          24  lpf.o(.bss.LPF)
    [Anonymous Symbol]                       0x200000cc   Section        0  lpf.o(.bss.LPF)
    Protocol                                 0x200000e4   Data          56  protocol.o(.bss.Protocol)
    [Anonymous Symbol]                       0x200000e4   Section        0  protocol.o(.bss.Protocol)
    SevenSegment                             0x2000011c   Data          38  sevensegment.o(.bss.SevenSegment)
    [Anonymous Symbol]                       0x2000011c   Section        0  sevensegment.o(.bss.SevenSegment)
    Heap_Mem                                 0x20000148   Data         512  startup_stm32g030xx.o(HEAP)
    HEAP                                     0x20000148   Section      512  startup_stm32g030xx.o(HEAP)
    Stack_Mem                                0x20000348   Data        1024  startup_stm32g030xx.o(STACK)
    STACK                                    0x20000348   Section     1024  startup_stm32g030xx.o(STACK)
    __initial_sp                             0x20000748   Data           0  startup_stm32g030xx.o(STACK)

    Global Symbols

    Symbol Name                              Value     Ov Type        Size  Object(Section)

    BuildAttributes$$THM_ISAv3M$S$PE$A:L22$X:L11$S22$IEEE1$IW$~IW$USESV6$~STKCKD$USESV7$~SHL$OTIME$ROPI$EBA8$UX$STANDARDLIB$REQ8$PRES8$EABIv2 0x00000000   Number         0  anon$$obj.o ABSOLUTE
    __ARM_exceptions_init                     - Undefined Weak Reference
    __alloca_initialize                       - Undefined Weak Reference
    __arm_preinit_                            - Undefined Weak Reference
    __cpp_initialize__aeabi_                  - Undefined Weak Reference
    __cxa_finalize                            - Undefined Weak Reference
    __rt_locale                               - Undefined Weak Reference
    __sigvec_lookup                           - Undefined Weak Reference
    _atexit_init                              - Undefined Weak Reference
    _call_atexit_fns                          - Undefined Weak Reference
    _clock_init                               - Undefined Weak Reference
    _fp_trap_init                             - Undefined Weak Reference
    _fp_trap_shutdown                         - Undefined Weak Reference
    _get_lc_collate                           - Undefined Weak Reference
    _get_lc_ctype                             - Undefined Weak Reference
    _get_lc_monetary                          - Undefined Weak Reference
    _get_lc_numeric                           - Undefined Weak Reference
    _get_lc_time                              - Undefined Weak Reference
    _getenv_init                              - Undefined Weak Reference
    _handle_redirection                       - Undefined Weak Reference
    _init_alloc                               - Undefined Weak Reference
    _init_user_alloc                          - Undefined Weak Reference
    _initio                                   - Undefined Weak Reference
    _rand_init                                - Undefined Weak Reference
    _signal_finish                            - Undefined Weak Reference
    _signal_init                              - Undefined Weak Reference
    _terminate_alloc                          - Undefined Weak Reference
    _terminate_user_alloc                     - Undefined Weak Reference
    _terminateio                              - Undefined Weak Reference
    __Vectors_Size                           0x000000c0   Number         0  startup_stm32g030xx.o ABSOLUTE
    __Vectors                                0x08000000   Data           4  startup_stm32g030xx.o(RESET)
    __Vectors_End                            0x080000c0   Data           0  startup_stm32g030xx.o(RESET)
    __main                                   0x080000c1   Thumb Code     8  __main.o(!!!main)
    __scatterload                            0x080000c9   Thumb Code     0  __scatter.o(!!!scatter)
    __scatterload_rt2                        0x080000c9   Thumb Code    52  __scatter.o(!!!scatter)
    __scatterload_rt2_thumb_only             0x080000c9   Thumb Code     0  __scatter.o(!!!scatter)
    __scatterload_null                       0x080000d9   Thumb Code     0  __scatter.o(!!!scatter)
    __scatterload_zeroinit                   0x08000105   Thumb Code    28  __scatter_zi.o(!!handler_zi)
    __rt_lib_init                            0x08000121   Thumb Code     0  libinit.o(.ARM.Collect$$libinit$$00000000)
    __rt_lib_init_alloca_1                   0x08000123   Thumb Code     0  libinit2.o(.ARM.Collect$$libinit$$0000002E)
    __rt_lib_init_argv_1                     0x08000123   Thumb Code     0  libinit2.o(.ARM.Collect$$libinit$$0000002C)
    __rt_lib_init_atexit_1                   0x08000123   Thumb Code     0  libinit2.o(.ARM.Collect$$libinit$$0000001B)
    __rt_lib_init_clock_1                    0x08000123   Thumb Code     0  libinit2.o(.ARM.Collect$$libinit$$00000021)
    __rt_lib_init_cpp_1                      0x08000123   Thumb Code     0  libinit2.o(.ARM.Collect$$libinit$$00000032)
    __rt_lib_init_exceptions_1               0x08000123   Thumb Code     0  libinit2.o(.ARM.Collect$$libinit$$00000030)
    __rt_lib_init_fp_1                       0x08000123   Thumb Code     0  libinit2.o(.ARM.Collect$$libinit$$00000002)
    __rt_lib_init_fp_trap_1                  0x08000123   Thumb Code     0  libinit2.o(.ARM.Collect$$libinit$$0000001F)
    __rt_lib_init_getenv_1                   0x08000123   Thumb Code     0  libinit2.o(.ARM.Collect$$libinit$$00000023)
    __rt_lib_init_heap_1                     0x08000123   Thumb Code     0  libinit2.o(.ARM.Collect$$libinit$$0000000A)
    __rt_lib_init_lc_collate_1               0x08000123   Thumb Code     0  libinit2.o(.ARM.Collect$$libinit$$00000011)
    __rt_lib_init_lc_ctype_1                 0x08000123   Thumb Code     0  libinit2.o(.ARM.Collect$$libinit$$00000013)
    __rt_lib_init_lc_monetary_1              0x08000123   Thumb Code     0  libinit2.o(.ARM.Collect$$libinit$$00000015)
    __rt_lib_init_lc_numeric_1               0x08000123   Thumb Code     0  libinit2.o(.ARM.Collect$$libinit$$00000017)
    __rt_lib_init_lc_time_1                  0x08000123   Thumb Code     0  libinit2.o(.ARM.Collect$$libinit$$00000019)
    __rt_lib_init_preinit_1                  0x08000123   Thumb Code     0  libinit2.o(.ARM.Collect$$libinit$$00000004)
    __rt_lib_init_rand_1                     0x08000123   Thumb Code     0  libinit2.o(.ARM.Collect$$libinit$$0000000E)
    __rt_lib_init_return                     0x08000123   Thumb Code     0  libinit2.o(.ARM.Collect$$libinit$$00000033)
    __rt_lib_init_signal_1                   0x08000123   Thumb Code     0  libinit2.o(.ARM.Collect$$libinit$$0000001D)
    __rt_lib_init_stdio_1                    0x08000123   Thumb Code     0  libinit2.o(.ARM.Collect$$libinit$$00000025)
    __rt_lib_init_user_alloc_1               0x08000123   Thumb Code     0  libinit2.o(.ARM.Collect$$libinit$$0000000C)
    __rt_lib_shutdown                        0x08000125   Thumb Code     0  libshutdown.o(.ARM.Collect$$libshutdown$$00000000)
    __rt_lib_shutdown_cpp_1                  0x08000127   Thumb Code     0  libshutdown2.o(.ARM.Collect$$libshutdown$$00000002)
    __rt_lib_shutdown_fp_trap_1              0x08000127   Thumb Code     0  libshutdown2.o(.ARM.Collect$$libshutdown$$00000007)
    __rt_lib_shutdown_heap_1                 0x08000127   Thumb Code     0  libshutdown2.o(.ARM.Collect$$libshutdown$$0000000F)
    __rt_lib_shutdown_return                 0x08000127   Thumb Code     0  libshutdown2.o(.ARM.Collect$$libshutdown$$00000010)
    __rt_lib_shutdown_signal_1               0x08000127   Thumb Code     0  libshutdown2.o(.ARM.Collect$$libshutdown$$0000000A)
    __rt_lib_shutdown_stdio_1                0x08000127   Thumb Code     0  libshutdown2.o(.ARM.Collect$$libshutdown$$00000004)
    __rt_lib_shutdown_user_alloc_1           0x08000127   Thumb Code     0  libshutdown2.o(.ARM.Collect$$libshutdown$$0000000C)
    __rt_entry                               0x08000129   Thumb Code     0  __rtentry.o(.ARM.Collect$$rtentry$$00000000)
    __rt_entry_presh_1                       0x08000129   Thumb Code     0  __rtentry2.o(.ARM.Collect$$rtentry$$00000002)
    __rt_entry_sh                            0x08000129   Thumb Code     0  __rtentry4.o(.ARM.Collect$$rtentry$$00000004)
    __rt_entry_li                            0x0800012f   Thumb Code     0  __rtentry2.o(.ARM.Collect$$rtentry$$0000000A)
    __rt_entry_postsh_1                      0x0800012f   Thumb Code     0  __rtentry2.o(.ARM.Collect$$rtentry$$00000009)
    __rt_entry_main                          0x08000133   Thumb Code     0  __rtentry2.o(.ARM.Collect$$rtentry$$0000000D)
    __rt_entry_postli_1                      0x08000133   Thumb Code     0  __rtentry2.o(.ARM.Collect$$rtentry$$0000000C)
    __rt_exit                                0x0800013b   Thumb Code     0  rtexit.o(.ARM.Collect$$rtexit$$00000000)
    __rt_exit_ls                             0x0800013d   Thumb Code     0  rtexit2.o(.ARM.Collect$$rtexit$$00000003)
    __rt_exit_prels_1                        0x0800013d   Thumb Code     0  rtexit2.o(.ARM.Collect$$rtexit$$00000002)
    __rt_exit_exit                           0x08000141   Thumb Code     0  rtexit2.o(.ARM.Collect$$rtexit$$00000004)
    Reset_Handler                            0x08000149   Thumb Code     8  startup_stm32g030xx.o(.text)
    NMI_Handler                              0x08000151   Thumb Code     2  startup_stm32g030xx.o(.text)
    HardFault_Handler                        0x08000153   Thumb Code     2  startup_stm32g030xx.o(.text)
    SVC_Handler                              0x08000155   Thumb Code     2  startup_stm32g030xx.o(.text)
    PendSV_Handler                           0x08000157   Thumb Code     2  startup_stm32g030xx.o(.text)
    SysTick_Handler                          0x08000159   Thumb Code     2  startup_stm32g030xx.o(.text)
    ADC1_IRQHandler                          0x0800015b   Thumb Code     0  startup_stm32g030xx.o(.text)
    DMA1_Ch4_5_DMAMUX1_OVR_IRQHandler        0x0800015b   Thumb Code     0  startup_stm32g030xx.o(.text)
    DMA1_Channel1_IRQHandler                 0x0800015b   Thumb Code     0  startup_stm32g030xx.o(.text)
    DMA1_Channel2_3_IRQHandler               0x0800015b   Thumb Code     0  startup_stm32g030xx.o(.text)
    EXTI0_1_IRQHandler                       0x0800015b   Thumb Code     0  startup_stm32g030xx.o(.text)
    EXTI2_3_IRQHandler                       0x0800015b   Thumb Code     0  startup_stm32g030xx.o(.text)
    EXTI4_15_IRQHandler                      0x0800015b   Thumb Code     0  startup_stm32g030xx.o(.text)
    FLASH_IRQHandler                         0x0800015b   Thumb Code     0  startup_stm32g030xx.o(.text)
    I2C1_IRQHandler                          0x0800015b   Thumb Code     0  startup_stm32g030xx.o(.text)
    I2C2_IRQHandler                          0x0800015b   Thumb Code     0  startup_stm32g030xx.o(.text)
    RCC_IRQHandler                           0x0800015b   Thumb Code     0  startup_stm32g030xx.o(.text)
    RTC_TAMP_IRQHandler                      0x0800015b   Thumb Code     0  startup_stm32g030xx.o(.text)
    SPI1_IRQHandler                          0x0800015b   Thumb Code     0  startup_stm32g030xx.o(.text)
    SPI2_IRQHandler                          0x0800015b   Thumb Code     0  startup_stm32g030xx.o(.text)
    TIM17_IRQHandler                         0x0800015b   Thumb Code     0  startup_stm32g030xx.o(.text)
    TIM1_BRK_UP_TRG_COM_IRQHandler           0x0800015b   Thumb Code     0  startup_stm32g030xx.o(.text)
    TIM1_CC_IRQHandler                       0x0800015b   Thumb Code     0  startup_stm32g030xx.o(.text)
    TIM3_IRQHandler                          0x0800015b   Thumb Code     0  startup_stm32g030xx.o(.text)
    USART2_IRQHandler                        0x0800015b   Thumb Code     0  startup_stm32g030xx.o(.text)
    WWDG_IRQHandler                          0x0800015b   Thumb Code     0  startup_stm32g030xx.o(.text)
    __user_initial_stackheap                 0x0800015d   Thumb Code     0  startup_stm32g030xx.o(.text)
    __use_two_region_memory                  0x08000181   Thumb Code     2  heapauxi.o(.text)
    __rt_heap_escrow$2region                 0x08000183   Thumb Code     2  heapauxi.o(.text)
    __rt_heap_expand$2region                 0x08000185   Thumb Code     2  heapauxi.o(.text)
    __user_setup_stackheap                   0x08000187   Thumb Code    62  sys_stackheap_outer.o(.text)
    exit                                     0x080001c5   Thumb Code    16  exit.o(.text)
    __user_libspace                          0x080001d5   Thumb Code     8  libspace.o(.text)
    __user_perproc_libspace                  0x080001d5   Thumb Code     0  libspace.o(.text)
    __user_perthread_libspace                0x080001d5   Thumb Code     0  libspace.o(.text)
    _sys_exit                                0x080001dd   Thumb Code     8  sys_exit.o(.text)
    __I$use$semihosting                      0x080001e9   Thumb Code     0  use_no_semi.o(.text)
    __use_no_semihosting_swi                 0x080001e9   Thumb Code     2  use_no_semi.o(.text)
    ADC_Init                                 0x080001eb   Thumb Code     8  adc.o(.text.ADC_Init)
    __semihosting_library_function           0x080001eb   Thumb Code     0  indicate_semi.o(.text)
    ADC_Read_Channel                         0x080001f5   Thumb Code    40  adc.o(.text.ADC_Read_Channel)
    ADC_Reg_Init                             0x08000221   Thumb Code   160  adc.o(.text.ADC_Reg_Init)
    App_Config                               0x080002d1   Thumb Code    94  app.o(.text.App_Config)
    App_Mainloop                             0x08000331   Thumb Code    48  app.o(.text.App_Mainloop)
    DispCom_Buf_Flush                        0x08000365   Thumb Code    24  dispcom.o(.text.DispCom_Buf_Flush)
    DispCom_Buf_Get                          0x0800037d   Thumb Code     8  dispcom.o(.text.DispCom_Buf_Get)
    DispCom_Buf_Get_Index                    0x08000385   Thumb Code     8  dispcom.o(.text.DispCom_Buf_Get_Index)
    DispCom_CRC_Calculate_Block              0x0800038d   Thumb Code    34  dispcom.o(.text.DispCom_CRC_Calculate_Block)
    DispCom_CRC_Calculate_Byte               0x080003b1   Thumb Code    36  dispcom.o(.text.DispCom_CRC_Calculate_Byte)
    DispCom_Config_BAUD_Rate                 0x080003d9   Thumb Code    32  dispcom.o(.text.DispCom_Config_BAUD_Rate)
    DispCom_Config_Clock                     0x080003fd   Thumb Code    16  dispcom.o(.text.DispCom_Config_Clock)
    DispCom_Config_GPIO                      0x0800040d   Thumb Code    60  dispcom.o(.text.DispCom_Config_GPIO)
    DispCom_Config_Rx                        0x08000451   Thumb Code    28  dispcom.o(.text.DispCom_Config_Rx)
    DispCom_Config_Rx_Interrupt              0x0800046d   Thumb Code    32  dispcom.o(.text.DispCom_Config_Rx_Interrupt)
    DispCom_Config_Tx                        0x0800048d   Thumb Code    28  dispcom.o(.text.DispCom_Config_Tx)
    DispCom_Data_Available                   0x080004ad   Thumb Code     8  dispcom.o(.text.DispCom_Data_Available)
    DispCom_Data_Clear_Available_Flag        0x080004b5   Thumb Code    12  dispcom.o(.text.DispCom_Data_Clear_Available_Flag)
    DispCom_Data_Clear_Read_Complete_Flag    0x080004c1   Thumb Code    16  dispcom.o(.text.DispCom_Data_Clear_Read_Complete_Flag)
    DispCom_Data_Len_Get                     0x080004d1   Thumb Code     8  dispcom.o(.text.DispCom_Data_Len_Get)
    DispCom_Error_Code_Clear                 0x080004d9   Thumb Code     8  dispcom.o(.text.DispCom_Error_Code_Clear)
    DispCom_ISR_Handler                      0x080004e1   Thumb Code    76  dispcom.o(.text.DispCom_ISR_Handler)
    DispCom_Init                             0x0800052d   Thumb Code    52  dispcom.o(.text.DispCom_Init)
    DispCom_RX_Packet_CRC_Check              0x08000561   Thumb Code    92  dispcom.o(.text.DispCom_RX_Packet_CRC_Check)
    DispCom_RX_Packet_Disassemble            0x080005bd   Thumb Code   180  dispcom.o(.text.DispCom_RX_Packet_Disassemble)
    DispCom_RX_Packet_Read_Complete          0x08000671   Thumb Code    20  dispcom.o(.text.DispCom_RX_Packet_Read_Complete)
    DispCom_RX_Packet_Struct_Init            0x08000685   Thumb Code    24  dispcom.o(.text.DispCom_RX_Packet_Struct_Init)
    DispCom_Rx_Byte                          0x0800069d   Thumb Code    20  dispcom.o(.text.DispCom_Rx_Byte)
    DispCom_Struct_Init                      0x080006b5   Thumb Code    64  dispcom.o(.text.DispCom_Struct_Init)
    DispCom_Timer_Clear_Interrupt_Flag       0x080006f9   Thumb Code    20  dispcom.o(.text.DispCom_Timer_Clear_Interrupt_Flag)
    DispCom_Timer_Disable                    0x08000711   Thumb Code    12  dispcom.o(.text.DispCom_Timer_Disable)
    DispCom_Timer_Enable                     0x0800071d   Thumb Code    12  dispcom.o(.text.DispCom_Timer_Enable)
    DispCom_Timer_ISR_Handler                0x0800072d   Thumb Code    80  dispcom.o(.text.DispCom_Timer_ISR_Handler)
    DispCom_Timer_Init                       0x0800077d   Thumb Code    48  dispcom.o(.text.DispCom_Timer_Init)
    DispCom_Timer_Struct_Init                0x080007b9   Thumb Code    16  dispcom.o(.text.DispCom_Timer_Struct_Init)
    DispCom_Timer_Value_Reset                0x080007cd   Thumb Code     8  dispcom.o(.text.DispCom_Timer_Value_Reset)
    DispCom_Tx_Buf                           0x080007d9   Thumb Code    26  dispcom.o(.text.DispCom_Tx_Buf)
    DispCom_Tx_Byte                          0x080007f5   Thumb Code    24  dispcom.o(.text.DispCom_Tx_Byte)
    LDR_Automic_Brightness_Off               0x08000811   Thumb Code     8  ldr.o(.text.LDR_Automic_Brightness_Off)
    LDR_Automic_Brightness_On                0x08000819   Thumb Code     8  ldr.o(.text.LDR_Automic_Brightness_On)
    LDR_Automic_Brightness_Sts_Get           0x08000821   Thumb Code     8  ldr.o(.text.LDR_Automic_Brightness_Sts_Get)
    LDR_Control_Brightness                   0x08000829   Thumb Code   176  ldr.o(.text.LDR_Control_Brightness)
    LDR_GPIO_Init                            0x080008d9   Thumb Code    24  ldr.o(.text.LDR_GPIO_Init)
    LDR_Get_ADC_Val                          0x080008f9   Thumb Code     8  ldr.o(.text.LDR_Get_ADC_Val)
    LDR_Get_Current_Brightness               0x08000901   Thumb Code     8  ldr.o(.text.LDR_Get_Current_Brightness)
    LDR_Init                                 0x08000909   Thumb Code    28  ldr.o(.text.LDR_Init)
    LDR_Manual_Brightness_Set                0x08000925   Thumb Code     8  ldr.o(.text.LDR_Manual_Brightness_Set)
    LDR_Max_Brightness_Set                   0x0800092d   Thumb Code    16  ldr.o(.text.LDR_Max_Brightness_Set)
    LDR_Read_Brightness                      0x0800093d   Thumb Code    20  ldr.o(.text.LDR_Read_Brightness)
    LDR_Reg_Init                             0x08000951   Thumb Code    14  ldr.o(.text.LDR_Reg_Init)
    LDR_Struct_Init                          0x08000961   Thumb Code    36  ldr.o(.text.LDR_Struct_Init)
    LPF_Get_Alpha                            0x080009a1   Thumb Code    12  lpf.o(.text.LPF_Get_Alpha)
    LPF_Get_Filtered_Value                   0x080009ad   Thumb Code    40  lpf.o(.text.LPF_Get_Filtered_Value)
    LPF_Init                                 0x080009d5   Thumb Code     8  lpf.o(.text.LPF_Init)
    LPF_Set_Alpha                            0x080009dd   Thumb Code    12  lpf.o(.text.LPF_Set_Alpha)
    LPF_Struct_Init                          0x080009e9   Thumb Code    24  lpf.o(.text.LPF_Struct_Init)
    Protocol_Build_Status_Packet             0x08000a05   Thumb Code   108  protocol.o(.text.Protocol_Build_Status_Packet)
    Protocol_Disp_Sts_Get                    0x08000a71   Thumb Code    12  protocol.o(.text.Protocol_Disp_Sts_Get)
    Protocol_Init                            0x08000a7d   Thumb Code     8  protocol.o(.text.Protocol_Init)
    Protocol_RxPacket_StsRead_Clear          0x08000a85   Thumb Code     8  protocol.o(.text.Protocol_RxPacket_StsRead_Clear)
    Protocol_RxPacket_StsRead_Get            0x08000a8d   Thumb Code     8  protocol.o(.text.Protocol_RxPacket_StsRead_Get)
    Protocol_RxPacket_StsRead_Set            0x08000a95   Thumb Code     8  protocol.o(.text.Protocol_RxPacket_StsRead_Set)
    Protocol_Struct_Init                     0x08000a9d   Thumb Code    44  protocol.o(.text.Protocol_Struct_Init)
    Protocol_Transmit_Packet                 0x08000ac9   Thumb Code    16  protocol.o(.text.Protocol_Transmit_Packet)
    SevenSegment_Activate_Digit              0x08000add   Thumb Code   212  sevensegment.o(.text.SevenSegment_Activate_Digit)
    SevenSegment_Assign_Digit_Value          0x08000bb9   Thumb Code    16  sevensegment.o(.text.SevenSegment_Assign_Digit_Value)
    SevenSegment_Assign_Segment_Value        0x08000bc9   Thumb Code    28  sevensegment.o(.text.SevenSegment_Assign_Segment_Value)
    SevenSegment_Brightness_Handler          0x08000be5   Thumb Code    88  sevensegment.o(.text.SevenSegment_Brightness_Handler)
    SevenSegment_Dp_Byte_Get                 0x08000c3d   Thumb Code    44  sevensegment.o(.text.SevenSegment_Dp_Byte_Get)
    SevenSegment_Dp_Values_Get               0x08000c69   Thumb Code     8  sevensegment.o(.text.SevenSegment_Dp_Values_Get)
    SevenSegment_GPIO_Init                   0x08000c71   Thumb Code   340  sevensegment.o(.text.SevenSegment_GPIO_Init)
    SevenSegment_ISR_Executables             0x08000dd5   Thumb Code     8  sevensegment.o(.text.SevenSegment_ISR_Executables)
    SevenSegment_Init                        0x08000ddd   Thumb Code    20  sevensegment.o(.text.SevenSegment_Init)
    SevenSegment_Segment_Char_Values_Get     0x08000df5   Thumb Code     8  sevensegment.o(.text.SevenSegment_Segment_Char_Values_Get)
    SevenSegment_Set_Brightness              0x08000dfd   Thumb Code    36  sevensegment.o(.text.SevenSegment_Set_Brightness)
    SevenSegment_Set_Dp                      0x08000e21   Thumb Code    48  sevensegment.o(.text.SevenSegment_Set_Dp)
    SevenSegment_Set_Segment_Pins            0x08000e51   Thumb Code    16  sevensegment.o(.text.SevenSegment_Set_Segment_Pins)
    SevenSegment_Set_Value                   0x08000e65   Thumb Code    36  sevensegment.o(.text.SevenSegment_Set_Value)
    SevenSegment_Struct_Init                 0x08000ea5   Thumb Code    84  sevensegment.o(.text.SevenSegment_Struct_Init)
    SevenSegment_Timer_Init                  0x08000efd   Thumb Code    52  sevensegment.o(.text.SevenSegment_Timer_Init)
    SystemInit                               0x08000f3d   Thumb Code     2  system_stm32g0xx.o(.text.SystemInit)
    TIM14_IRQHandler                         0x08000f41   Thumb Code    20  sevensegment.o(.text.TIM14_IRQHandler)
    TIM16_IRQHandler                         0x08000f59   Thumb Code     8  dispcom.o(.text.TIM16_IRQHandler)
    USART1_IRQHandler                        0x08000f61   Thumb Code     8  dispcom.o(.text.USART1_IRQHandler)
    WDT_Init                                 0x08000f69   Thumb Code    64  wdt.o(.text.WDT_Init)
    WDT_Reload                               0x08000fb5   Thumb Code    16  wdt.o(.text.WDT_Reload)
    main                                     0x08001029   Thumb Code    28  main.o(.text.main)
    __aeabi_uidiv                            0x0800104d   Thumb Code    68  aeabi_sdivfast.o(.text_divfast)
    __aeabi_idiv                             0x08001091   Thumb Code   434  aeabi_sdivfast.o(.text_divfast)
    Region$$Table$$Base                      0x08001244   Number         0  anon$$obj.o(Region$$Table)
    Region$$Table$$Limit                     0x08001254   Number         0  anon$$obj.o(Region$$Table)
    __libspace_start                         0x20000000   Data          96  libspace.o(.bss)
    __temporary_stack_top$libspace           0x20000060   Data           0  libspace.o(.bss)



==============================================================================

Memory Map of the image

  Image Entry point : 0x08000149

  Load Region LR_1 (Base: 0x08000000, Size: 0x00001254, Max: 0xffffffff, ABSOLUTE)

    Execution Region ER_RO (Exec base: 0x08000000, Load base: 0x08000000, Size: 0x00001254, Max: 0xffffffff, ABSOLUTE)

    Exec Addr    Load Addr    Size         Type   Attr      Idx    E Section Name        Object

    0x08000000   0x08000000   0x000000c0   Data   RO          372    RESET               startup_stm32g030xx.o
    0x080000c0   0x080000c0   0x00000008   Code   RO          406  * !!!main             c_p.l(__main.o)
    0x080000c8   0x080000c8   0x0000003c   Code   RO          581    !!!scatter          c_p.l(__scatter.o)
    0x08000104   0x08000104   0x0000001c   Code   RO          583    !!handler_zi        c_p.l(__scatter_zi.o)
    0x08000120   0x08000120   0x00000002   Code   RO          444    .ARM.Collect$$libinit$$00000000  c_p.l(libinit.o)
    0x08000122   0x08000122   0x00000000   Code   RO          458    .ARM.Collect$$libinit$$00000002  c_p.l(libinit2.o)
    0x08000122   0x08000122   0x00000000   Code   RO          460    .ARM.Collect$$libinit$$00000004  c_p.l(libinit2.o)
    0x08000122   0x08000122   0x00000000   Code   RO          463    .ARM.Collect$$libinit$$0000000A  c_p.l(libinit2.o)
    0x08000122   0x08000122   0x00000000   Code   RO          465    .ARM.Collect$$libinit$$0000000C  c_p.l(libinit2.o)
    0x08000122   0x08000122   0x00000000   Code   RO          467    .ARM.Collect$$libinit$$0000000E  c_p.l(libinit2.o)
    0x08000122   0x08000122   0x00000000   Code   RO          470    .ARM.Collect$$libinit$$00000011  c_p.l(libinit2.o)
    0x08000122   0x08000122   0x00000000   Code   RO          472    .ARM.Collect$$libinit$$00000013  c_p.l(libinit2.o)
    0x08000122   0x08000122   0x00000000   Code   RO          474    .ARM.Collect$$libinit$$00000015  c_p.l(libinit2.o)
    0x08000122   0x08000122   0x00000000   Code   RO          476    .ARM.Collect$$libinit$$00000017  c_p.l(libinit2.o)
    0x08000122   0x08000122   0x00000000   Code   RO          478    .ARM.Collect$$libinit$$00000019  c_p.l(libinit2.o)
    0x08000122   0x08000122   0x00000000   Code   RO          480    .ARM.Collect$$libinit$$0000001B  c_p.l(libinit2.o)
    0x08000122   0x08000122   0x00000000   Code   RO          482    .ARM.Collect$$libinit$$0000001D  c_p.l(libinit2.o)
    0x08000122   0x08000122   0x00000000   Code   RO          484    .ARM.Collect$$libinit$$0000001F  c_p.l(libinit2.o)
    0x08000122   0x08000122   0x00000000   Code   RO          486    .ARM.Collect$$libinit$$00000021  c_p.l(libinit2.o)
    0x08000122   0x08000122   0x00000000   Code   RO          488    .ARM.Collect$$libinit$$00000023  c_p.l(libinit2.o)
    0x08000122   0x08000122   0x00000000   Code   RO          490    .ARM.Collect$$libinit$$00000025  c_p.l(libinit2.o)
    0x08000122   0x08000122   0x00000000   Code   RO          494    .ARM.Collect$$libinit$$0000002C  c_p.l(libinit2.o)
    0x08000122   0x08000122   0x00000000   Code   RO          496    .ARM.Collect$$libinit$$0000002E  c_p.l(libinit2.o)
    0x08000122   0x08000122   0x00000000   Code   RO          498    .ARM.Collect$$libinit$$00000030  c_p.l(libinit2.o)
    0x08000122   0x08000122   0x00000000   Code   RO          500    .ARM.Collect$$libinit$$00000032  c_p.l(libinit2.o)
    0x08000122   0x08000122   0x00000002   Code   RO          501    .ARM.Collect$$libinit$$00000033  c_p.l(libinit2.o)
    0x08000124   0x08000124   0x00000002   Code   RO          536    .ARM.Collect$$libshutdown$$00000000  c_p.l(libshutdown.o)
    0x08000126   0x08000126   0x00000000   Code   RO          564    .ARM.Collect$$libshutdown$$00000002  c_p.l(libshutdown2.o)
    0x08000126   0x08000126   0x00000000   Code   RO          566    .ARM.Collect$$libshutdown$$00000004  c_p.l(libshutdown2.o)
    0x08000126   0x08000126   0x00000000   Code   RO          569    .ARM.Collect$$libshutdown$$00000007  c_p.l(libshutdown2.o)
    0x08000126   0x08000126   0x00000000   Code   RO          572    .ARM.Collect$$libshutdown$$0000000A  c_p.l(libshutdown2.o)
    0x08000126   0x08000126   0x00000000   Code   RO          574    .ARM.Collect$$libshutdown$$0000000C  c_p.l(libshutdown2.o)
    0x08000126   0x08000126   0x00000000   Code   RO          577    .ARM.Collect$$libshutdown$$0000000F  c_p.l(libshutdown2.o)
    0x08000126   0x08000126   0x00000002   Code   RO          578    .ARM.Collect$$libshutdown$$00000010  c_p.l(libshutdown2.o)
    0x08000128   0x08000128   0x00000000   Code   RO          408    .ARM.Collect$$rtentry$$00000000  c_p.l(__rtentry.o)
    0x08000128   0x08000128   0x00000000   Code   RO          414    .ARM.Collect$$rtentry$$00000002  c_p.l(__rtentry2.o)
    0x08000128   0x08000128   0x00000006   Code   RO          426    .ARM.Collect$$rtentry$$00000004  c_p.l(__rtentry4.o)
    0x0800012e   0x0800012e   0x00000000   Code   RO          416    .ARM.Collect$$rtentry$$00000009  c_p.l(__rtentry2.o)
    0x0800012e   0x0800012e   0x00000004   Code   RO          417    .ARM.Collect$$rtentry$$0000000A  c_p.l(__rtentry2.o)
    0x08000132   0x08000132   0x00000000   Code   RO          419    .ARM.Collect$$rtentry$$0000000C  c_p.l(__rtentry2.o)
    0x08000132   0x08000132   0x00000008   Code   RO          420    .ARM.Collect$$rtentry$$0000000D  c_p.l(__rtentry2.o)
    0x0800013a   0x0800013a   0x00000002   Code   RO          449    .ARM.Collect$$rtexit$$00000000  c_p.l(rtexit.o)
    0x0800013c   0x0800013c   0x00000000   Code   RO          507    .ARM.Collect$$rtexit$$00000002  c_p.l(rtexit2.o)
    0x0800013c   0x0800013c   0x00000004   Code   RO          508    .ARM.Collect$$rtexit$$00000003  c_p.l(rtexit2.o)
    0x08000140   0x08000140   0x00000006   Code   RO          509    .ARM.Collect$$rtexit$$00000004  c_p.l(rtexit2.o)
    0x08000146   0x08000146   0x00000002   PAD
    0x08000148   0x08000148   0x00000038   Code   RO          373  * .text               startup_stm32g030xx.o
    0x08000180   0x08000180   0x00000006   Code   RO          404    .text               c_p.l(heapauxi.o)
    0x08000186   0x08000186   0x0000003e   Code   RO          430    .text               c_p.l(sys_stackheap_outer.o)
    0x080001c4   0x080001c4   0x00000010   Code   RO          433    .text               c_p.l(exit.o)
    0x080001d4   0x080001d4   0x00000008   Code   RO          445    .text               c_p.l(libspace.o)
    0x080001dc   0x080001dc   0x0000000c   Code   RO          502    .text               c_p.l(sys_exit.o)
    0x080001e8   0x080001e8   0x00000002   Code   RO          525    .text               c_p.l(use_no_semi.o)
    0x080001ea   0x080001ea   0x00000000   Code   RO          527    .text               c_p.l(indicate_semi.o)
    0x080001ea   0x080001ea   0x00000008   Code   RO          258    .text.ADC_Init      adc.o
    0x080001f2   0x080001f2   0x00000002   PAD
    0x080001f4   0x080001f4   0x0000002c   Code   RO          256    .text.ADC_Read_Channel  adc.o
    0x08000220   0x08000220   0x000000b0   Code   RO          254    .text.ADC_Reg_Init  adc.o
    0x080002d0   0x080002d0   0x0000005e   Code   RO           11    .text.App_Config    app.o
    0x0800032e   0x0800032e   0x00000002   PAD
    0x08000330   0x08000330   0x00000034   Code   RO           13    .text.App_Mainloop  app.o
    0x08000364   0x08000364   0x00000018   Code   RO          146    .text.DispCom_Buf_Flush  dispcom.o
    0x0800037c   0x0800037c   0x00000008   Code   RO          150    .text.DispCom_Buf_Get  dispcom.o
    0x08000384   0x08000384   0x00000008   Code   RO          152    .text.DispCom_Buf_Get_Index  dispcom.o
    0x0800038c   0x0800038c   0x00000022   Code   RO          184    .text.DispCom_CRC_Calculate_Block  dispcom.o
    0x080003ae   0x080003ae   0x00000002   PAD
    0x080003b0   0x080003b0   0x00000028   Code   RO          182    .text.DispCom_CRC_Calculate_Byte  dispcom.o
    0x080003d8   0x080003d8   0x00000024   Code   RO           42    .text.DispCom_Config_BAUD_Rate  dispcom.o
    0x080003fc   0x080003fc   0x00000010   Code   RO           40    .text.DispCom_Config_Clock  dispcom.o
    0x0800040c   0x0800040c   0x00000044   Code   RO           38    .text.DispCom_Config_GPIO  dispcom.o
    0x08000450   0x08000450   0x0000001c   Code   RO           46    .text.DispCom_Config_Rx  dispcom.o
    0x0800046c   0x0800046c   0x00000020   Code   RO           48    .text.DispCom_Config_Rx_Interrupt  dispcom.o
    0x0800048c   0x0800048c   0x00000020   Code   RO           44    .text.DispCom_Config_Tx  dispcom.o
    0x080004ac   0x080004ac   0x00000008   Code   RO          154    .text.DispCom_Data_Available  dispcom.o
    0x080004b4   0x080004b4   0x0000000c   Code   RO          166    .text.DispCom_Data_Clear_Available_Flag  dispcom.o
    0x080004c0   0x080004c0   0x00000010   Code   RO          168    .text.DispCom_Data_Clear_Read_Complete_Flag  dispcom.o
    0x080004d0   0x080004d0   0x00000008   Code   RO          156    .text.DispCom_Data_Len_Get  dispcom.o
    0x080004d8   0x080004d8   0x00000008   Code   RO          176    .text.DispCom_Error_Code_Clear  dispcom.o
    0x080004e0   0x080004e0   0x0000004c   Code   RO           62    .text.DispCom_ISR_Handler  dispcom.o
    0x0800052c   0x0800052c   0x00000034   Code   RO          188    .text.DispCom_Init  dispcom.o
    0x08000560   0x08000560   0x0000005c   Code   RO          178    .text.DispCom_RX_Packet_CRC_Check  dispcom.o
    0x080005bc   0x080005bc   0x000000b4   Code   RO          180    .text.DispCom_RX_Packet_Disassemble  dispcom.o
    0x08000670   0x08000670   0x00000014   Code   RO          186    .text.DispCom_RX_Packet_Read_Complete  dispcom.o
    0x08000684   0x08000684   0x00000018   Code   RO           36    .text.DispCom_RX_Packet_Struct_Init  dispcom.o
    0x0800069c   0x0800069c   0x00000018   Code   RO           58    .text.DispCom_Rx_Byte  dispcom.o
    0x080006b4   0x080006b4   0x00000044   Code   RO           34    .text.DispCom_Struct_Init  dispcom.o
    0x080006f8   0x080006f8   0x00000018   Code   RO           78    .text.DispCom_Timer_Clear_Interrupt_Flag  dispcom.o
    0x08000710   0x08000710   0x0000000c   Code   RO           70    .text.DispCom_Timer_Disable  dispcom.o
    0x0800071c   0x0800071c   0x00000010   Code   RO           68    .text.DispCom_Timer_Enable  dispcom.o
    0x0800072c   0x0800072c   0x00000050   Code   RO           82    .text.DispCom_Timer_ISR_Handler  dispcom.o
    0x0800077c   0x0800077c   0x0000003c   Code   RO           66    .text.DispCom_Timer_Init  dispcom.o
    0x080007b8   0x080007b8   0x00000014   Code   RO           64    .text.DispCom_Timer_Struct_Init  dispcom.o
    0x080007cc   0x080007cc   0x0000000c   Code   RO           76    .text.DispCom_Timer_Value_Reset  dispcom.o
    0x080007d8   0x080007d8   0x0000001a   Code   RO           84    .text.DispCom_Tx_Buf  dispcom.o
    0x080007f2   0x080007f2   0x00000002   PAD
    0x080007f4   0x080007f4   0x0000001c   Code   RO           56    .text.DispCom_Tx_Byte  dispcom.o
    0x08000810   0x08000810   0x00000008   Code   RO          288    .text.LDR_Automic_Brightness_Off  ldr.o
    0x08000818   0x08000818   0x00000008   Code   RO          286    .text.LDR_Automic_Brightness_On  ldr.o
    0x08000820   0x08000820   0x00000008   Code   RO          284    .text.LDR_Automic_Brightness_Sts_Get  ldr.o
    0x08000828   0x08000828   0x000000b0   Code   RO          276    .text.LDR_Control_Brightness  ldr.o
    0x080008d8   0x080008d8   0x00000020   Code   RO          270    .text.LDR_GPIO_Init  ldr.o
    0x080008f8   0x080008f8   0x00000008   Code   RO          278    .text.LDR_Get_ADC_Val  ldr.o
    0x08000900   0x08000900   0x00000008   Code   RO          280    .text.LDR_Get_Current_Brightness  ldr.o
    0x08000908   0x08000908   0x0000001c   Code   RO          296    .text.LDR_Init      ldr.o
    0x08000924   0x08000924   0x00000008   Code   RO          290    .text.LDR_Manual_Brightness_Set  ldr.o
    0x0800092c   0x0800092c   0x00000010   Code   RO          294    .text.LDR_Max_Brightness_Set  ldr.o
    0x0800093c   0x0800093c   0x00000014   Code   RO          274    .text.LDR_Read_Brightness  ldr.o
    0x08000950   0x08000950   0x0000000e   Code   RO          272    .text.LDR_Reg_Init  ldr.o
    0x0800095e   0x0800095e   0x00000002   PAD
    0x08000960   0x08000960   0x00000040   Code   RO          268    .text.LDR_Struct_Init  ldr.o
    0x080009a0   0x080009a0   0x0000000c   Code   RO          317    .text.LPF_Get_Alpha  lpf.o
    0x080009ac   0x080009ac   0x00000028   Code   RO          319    .text.LPF_Get_Filtered_Value  lpf.o
    0x080009d4   0x080009d4   0x00000008   Code   RO          321    .text.LPF_Init      lpf.o
    0x080009dc   0x080009dc   0x0000000c   Code   RO          315    .text.LPF_Set_Alpha  lpf.o
    0x080009e8   0x080009e8   0x0000001c   Code   RO          313    .text.LPF_Struct_Init  lpf.o
    0x08000a04   0x08000a04   0x0000006c   Code   RO          342    .text.Protocol_Build_Status_Packet  protocol.o
    0x08000a70   0x08000a70   0x0000000c   Code   RO          334    .text.Protocol_Disp_Sts_Get  protocol.o
    0x08000a7c   0x08000a7c   0x00000008   Code   RO          360    .text.Protocol_Init  protocol.o
    0x08000a84   0x08000a84   0x00000008   Code   RO          340    .text.Protocol_RxPacket_StsRead_Clear  protocol.o
    0x08000a8c   0x08000a8c   0x00000008   Code   RO          336    .text.Protocol_RxPacket_StsRead_Get  protocol.o
    0x08000a94   0x08000a94   0x00000008   Code   RO          338    .text.Protocol_RxPacket_StsRead_Set  protocol.o
    0x08000a9c   0x08000a9c   0x0000002c   Code   RO          332    .text.Protocol_Struct_Init  protocol.o
    0x08000ac8   0x08000ac8   0x00000014   Code   RO          358    .text.Protocol_Transmit_Packet  protocol.o
    0x08000adc   0x08000adc   0x000000dc   Code   RO          217    .text.SevenSegment_Activate_Digit  sevensegment.o
    0x08000bb8   0x08000bb8   0x00000010   Code   RO          219    .text.SevenSegment_Assign_Digit_Value  sevensegment.o
    0x08000bc8   0x08000bc8   0x0000001c   Code   RO          215    .text.SevenSegment_Assign_Segment_Value  sevensegment.o
    0x08000be4   0x08000be4   0x00000058   Code   RO          221    .text.SevenSegment_Brightness_Handler  sevensegment.o
    0x08000c3c   0x08000c3c   0x0000002c   Code   RO          235    .text.SevenSegment_Dp_Byte_Get  sevensegment.o
    0x08000c68   0x08000c68   0x00000008   Code   RO          233    .text.SevenSegment_Dp_Values_Get  sevensegment.o
    0x08000c70   0x08000c70   0x00000164   Code   RO          201    .text.SevenSegment_GPIO_Init  sevensegment.o
    0x08000dd4   0x08000dd4   0x00000008   Code   RO          211    .text.SevenSegment_ISR_Executables  sevensegment.o
    0x08000ddc   0x08000ddc   0x00000018   Code   RO          241    .text.SevenSegment_Init  sevensegment.o
    0x08000df4   0x08000df4   0x00000008   Code   RO          231    .text.SevenSegment_Segment_Char_Values_Get  sevensegment.o
    0x08000dfc   0x08000dfc   0x00000024   Code   RO          227    .text.SevenSegment_Set_Brightness  sevensegment.o
    0x08000e20   0x08000e20   0x00000030   Code   RO          223    .text.SevenSegment_Set_Dp  sevensegment.o
    0x08000e50   0x08000e50   0x00000014   Code   RO          213    .text.SevenSegment_Set_Segment_Pins  sevensegment.o
    0x08000e64   0x08000e64   0x00000040   Code   RO          225    .text.SevenSegment_Set_Value  sevensegment.o
    0x08000ea4   0x08000ea4   0x00000058   Code   RO          199    .text.SevenSegment_Struct_Init  sevensegment.o
    0x08000efc   0x08000efc   0x00000040   Code   RO          203    .text.SevenSegment_Timer_Init  sevensegment.o
    0x08000f3c   0x08000f3c   0x00000002   Code   RO          380    .text.SystemInit    system_stm32g0xx.o
    0x08000f3e   0x08000f3e   0x00000002   PAD
    0x08000f40   0x08000f40   0x00000018   Code   RO          209    .text.TIM14_IRQHandler  sevensegment.o
    0x08000f58   0x08000f58   0x00000008   Code   RO           80    .text.TIM16_IRQHandler  dispcom.o
    0x08000f60   0x08000f60   0x00000008   Code   RO           60    .text.USART1_IRQHandler  dispcom.o
    0x08000f68   0x08000f68   0x0000004c   Code   RO           22    .text.WDT_Init      wdt.o
    0x08000fb4   0x08000fb4   0x00000018   Code   RO           24    .text.WDT_Reload    wdt.o
    0x08000fcc   0x08000fcc   0x00000010   Code   RO           50    .text.__NVIC_EnableIRQ  dispcom.o
    0x08000fdc   0x08000fdc   0x00000010   Code   RO          205    .text.__NVIC_EnableIRQ  sevensegment.o
    0x08000fec   0x08000fec   0x00000028   Code   RO           52    .text.__NVIC_SetPriority  dispcom.o
    0x08001014   0x08001014   0x00000014   Code   RO          207    .text.__NVIC_SetPriority  sevensegment.o
    0x08001028   0x08001028   0x00000024   Code   RO            2    .text.main          main.o
    0x0800104c   0x0800104c   0x000001f6   Code   RO          397    .text_divfast       c_p.l(aeabi_sdivfast.o)
    0x08001242   0x08001242   0x00000002   PAD
    0x08001244   0x08001244   0x00000010   Data   RO          580    Region$$Table       anon$$obj.o


    Execution Region ER_RW (Exec base: 0x20000000, Load base: 0x08001254, Size: 0x00000000, Max: 0xffffffff, ABSOLUTE)

    **** No section assigned to this execution region ****


    Execution Region ER_ZI (Exec base: 0x20000000, Load base: 0x08001254, Size: 0x00000748, Max: 0xffffffff, ABSOLUTE)

    Exec Addr    Load Addr    Size         Type   Attr      Idx    E Section Name        Object

    0x20000000        -       0x00000060   Zero   RW          446    .bss                c_p.l(libspace.o)
    0x20000060        -       0x0000005c   Zero   RW          190    .bss.DispCom        dispcom.o
    0x200000bc        -       0x00000002   Zero   RW          298    .bss.LDR.0          ldr.o
    0x200000be        -       0x00000002   Zero   RW          299    .bss.LDR.1          ldr.o
    0x200000c0        -       0x00000002   Zero   RW          300    .bss.LDR.2          ldr.o
    0x200000c2        -       0x00000002   Zero   RW          301    .bss.LDR.3          ldr.o
    0x200000c4        -       0x00000001   Zero   RW          302    .bss.LDR.5          ldr.o
    0x200000c5   0x08001254   0x00000001   PAD
    0x200000c6        -       0x00000001   Zero   RW          303    .bss.LDR.6          ldr.o
    0x200000c7   0x08001254   0x00000001   PAD
    0x200000c8        -       0x00000002   Zero   RW          304    .bss.LDR.7          ldr.o
    0x200000ca   0x08001254   0x00000002   PAD
    0x200000cc        -       0x00000018   Zero   RW          323    .bss.LPF            lpf.o
    0x200000e4        -       0x00000038   Zero   RW          362    .bss.Protocol       protocol.o
    0x2000011c        -       0x00000026   Zero   RW          243    .bss.SevenSegment   sevensegment.o
    0x20000142   0x08001254   0x00000006   PAD
    0x20000148        -       0x00000200   Zero   RW          371    HEAP                startup_stm32g030xx.o
    0x20000348        -       0x00000400   Zero   RW          370    STACK               startup_stm32g030xx.o


==============================================================================

Image component sizes


      Code (inc. data)   RO Data    RW Data    ZI Data      Debug   Object Name

       228         20          0          0          0       2459   adc.o
       146          4          0          0          0        716   app.o
      1264         64          0          0         92      18400   dispcom.o
       398         36          0          0         12       3814   ldr.o
       100          4          0          0         24       1700   lpf.o
        36          8          0          0          0        536   main.o
       216          4          0          0         56       2925   protocol.o
      1180        104          0          0         38       8290   sevensegment.o
        56         26        192          0       1536        676   startup_stm32g030xx.o
         2          0          0          0          0       2027   system_stm32g0xx.o
       100         20          0          0          0       1584   wdt.o

    ----------------------------------------------------------------------
      3738        290        208          0       1768      43127   Object Totals
         0          0         16          0          0          0   (incl. Generated)
        12          0          0          0         10          0   (incl. Padding)

    ----------------------------------------------------------------------

      Code (inc. data)   RO Data    RW Data    ZI Data      Debug   Library Member Name

         8          0          0          0          0         68   __main.o
         0          0          0          0          0          0   __rtentry.o
        12          0          0          0          0          0   __rtentry2.o
         6          0          0          0          0          0   __rtentry4.o
        60          8          0          0          0          0   __scatter.o
        28          0          0          0          0          0   __scatter_zi.o
       502          0          0          0          0         92   aeabi_sdivfast.o
        16          0          0          0          0         68   exit.o
         6          0          0          0          0        136   heapauxi.o
         0          0          0          0          0          0   indicate_semi.o
         2          0          0          0          0          0   libinit.o
         2          0          0          0          0          0   libinit2.o
         2          0          0          0          0          0   libshutdown.o
         2          0          0          0          0          0   libshutdown2.o
         8          4          0          0         96         68   libspace.o
         2          0          0          0          0          0   rtexit.o
        10          0          0          0          0          0   rtexit2.o
        12          4          0          0          0         60   sys_exit.o
        62          0          0          0          0         80   sys_stackheap_outer.o
         2          0          0          0          0         68   use_no_semi.o

    ----------------------------------------------------------------------
       746         16          0          0         96        640   Library Totals
         4          0          0          0          0          0   (incl. Padding)

    ----------------------------------------------------------------------

      Code (inc. data)   RO Data    RW Data    ZI Data      Debug   Library Name

       742         16          0          0         96        640   c_p.l

    ----------------------------------------------------------------------
       746         16          0          0         96        640   Library Totals

    ----------------------------------------------------------------------

==============================================================================


      Code (inc. data)   RO Data    RW Data    ZI Data      Debug   

      4484        306        208          0       1864      43375   Grand Totals
      4484        306        208          0       1864      43375   ELF Image Totals
      4484        306        208          0          0          0   ROM Totals

==============================================================================

    Total RO  Size (Code + RO Data)                 4692 (   4.58kB)
    Total RW  Size (RW Data + ZI Data)              1864 (   1.82kB)
    Total ROM Size (Code + RO Data + RW Data)       4692 (   4.58kB)

==============================================================================

